Component: ARM Compiler 5.06 update 6 (build 750) Tool: armlink [4d35ed]

==============================================================================

Section Cross References

    arm_startup_nrf52811.o(RESET) refers to arm_startup_nrf52811.o(STACK) for __initial_sp
    arm_startup_nrf52811.o(RESET) refers to arm_startup_nrf52811.o(.text) for Reset_Handler
    arm_startup_nrf52811.o(RESET) refers to nrfx_clock.o(i.POWER_CLOCK_IRQHandler) for POWER_CLOCK_IRQHandler
    arm_startup_nrf52811.o(RESET) refers to nrfx_prs.o(i.UARTE0_UART0_IRQHandler) for UARTE0_UART0_IRQHandler
    arm_startup_nrf52811.o(RESET) refers to nrfx_gpiote.o(i.GPIOTE_IRQHandler) for GPIOTE_IRQHandler
    arm_startup_nrf52811.o(RESET) refers to nrfx_saadc.o(i.SAADC_IRQHandler) for SAADC_IRQHandler
    arm_startup_nrf52811.o(RESET) refers to drv_rtc.o(i.RTC1_IRQHandler) for RTC1_IRQHandler
    arm_startup_nrf52811.o(RESET) refers to nrf_sdh.o(i.SWI2_IRQHandler) for SWI2_IRQHandler
    arm_startup_nrf52811.o(.text) refers to system_nrf52811.o(i.SystemInit) for SystemInit
    arm_startup_nrf52811.o(.text) refers to entry.o(.ARM.Collect$$$$00000000) for __main
    system_nrf52811.o(i.SystemCoreClockUpdate) refers to system_nrf52811.o(.data) for .data
    system_nrf52811.o(i.SystemInit) refers to system_nrf52811.o(.data) for .data
    main.o(i.assert_nrf_callback) refers to app_error_handler_keil.o(.emb_text) for app_error_handler
    main.o(i.log_init) refers to nrf_log_frontend.o(i.nrf_log_init) for nrf_log_init
    main.o(i.log_init) refers to app_error.o(i.app_error_handler_bare) for app_error_handler_bare
    main.o(i.log_init) refers to nrf_log_default_backends.o(i.nrf_log_default_backends_init) for nrf_log_default_backends_init
    main.o(i.main) refers to main.o(i.log_init) for log_init
    main.o(i.main) refers to app_timer2.o(i.app_timer_init) for app_timer_init
    main.o(i.main) refers to app_error.o(i.app_error_handler_bare) for app_error_handler_bare
    main.o(i.main) refers to app_adc.o(i.ADC_CreateTimer) for ADC_CreateTimer
    main.o(i.main) refers to app_sensor.o(i.SENSOR_CreateTimer) for SENSOR_CreateTimer
    main.o(i.main) refers to main.o(i.power_management_init) for power_management_init
    main.o(i.main) refers to app_sensor.o(i.SENSOR_InterruptInit) for SENSOR_InterruptInit
    main.o(i.main) refers to app_sensor.o(i.SENSOR_MagneticGetInitialValue) for SENSOR_MagneticGetInitialValue
    main.o(i.main) refers to app_adc.o(i.ADC_Init) for ADC_Init
    main.o(i.main) refers to ble_spec.o(i.BLE_StackInit) for BLE_StackInit
    main.o(i.main) refers to ble_spec.o(i.BLE_GapParamsInit) for BLE_GapParamsInit
    main.o(i.main) refers to ble_spec.o(i.BLE_GattInit) for BLE_GattInit
    main.o(i.main) refers to ble_spec.o(i.BLE_ServicesInit) for BLE_ServicesInit
    main.o(i.main) refers to ble_spec.o(i.BLE_AdvertisingInit) for BLE_AdvertisingInit
    main.o(i.main) refers to ble_spec.o(i.BLE_ConnParamsInit) for BLE_ConnParamsInit
    main.o(i.main) refers to ble_spec.o(i.BLE_AdvertisingStart) for BLE_AdvertisingStart
    main.o(i.main) refers to app_led.o(i.LED_Config) for LED_Config
    main.o(i.main) refers to nrfx_saadc.o(i.nrfx_saadc_sample) for nrfx_saadc_sample
    main.o(i.main) refers to app_sensor.o(i.SENSOR_MagneticTask) for SENSOR_MagneticTask
    main.o(i.main) refers to app_adc.o(i.ADC_Task) for ADC_Task
    main.o(i.main) refers to app_led.o(i.LED_Task) for LED_Task
    main.o(i.main) refers to nrf_log_frontend.o(i.nrf_log_frontend_dequeue) for nrf_log_frontend_dequeue
    main.o(i.main) refers to nrf_pwr_mgmt.o(i.nrf_pwr_mgmt_run) for nrf_pwr_mgmt_run
    main.o(i.main) refers to main.o(.bss) for .bss
    main.o(i.power_management_init) refers to nrf_pwr_mgmt.o(i.nrf_pwr_mgmt_init) for nrf_pwr_mgmt_init
    main.o(i.power_management_init) refers to app_error.o(i.app_error_handler_bare) for app_error_handler_bare
    main.o(sdh_ble_observers1) refers to nrf_ble_gatt.o(i.nrf_ble_gatt_on_ble_evt) for nrf_ble_gatt_on_ble_evt
    main.o(sdh_ble_observers1) refers to main.o(.bss) for m_gatt
    app_adc.o(i.ADC_CallBack) refers to nrfx_saadc.o(i.nrfx_saadc_buffer_convert) for nrfx_saadc_buffer_convert
    app_adc.o(i.ADC_CallBack) refers to app_error.o(i.app_error_handler_bare) for app_error_handler_bare
    app_adc.o(i.ADC_CallBack) refers to app_adc.o(.data) for .data
    app_adc.o(i.ADC_CreateTimer) refers to app_timer2.o(i.app_timer_create) for app_timer_create
    app_adc.o(i.ADC_CreateTimer) refers to app_error.o(i.app_error_handler_bare) for app_error_handler_bare
    app_adc.o(i.ADC_CreateTimer) refers to app_timer2.o(i.app_timer_start) for app_timer_start
    app_adc.o(i.ADC_CreateTimer) refers to app_adc.o(i.ADC_HandleTimer) for ADC_HandleTimer
    app_adc.o(i.ADC_CreateTimer) refers to app_adc.o(.constdata) for .constdata
    app_adc.o(i.ADC_DeinitDriver) refers to nrfx_saadc.o(i.nrfx_saadc_is_busy) for nrfx_saadc_is_busy
[...]
    m_string_buff                            0x20001f34   Data          64  nrf_log_backend_rtt.o(.bss)
    .bss                                     0x20001f74   Section       64  nrf_log_backend_uart.o(.bss)
    m_string_buff                            0x20001f74   Data          64  nrf_log_backend_uart.o(.bss)
    .bss                                     0x20001fb4   Section      192  nrf_log_frontend.o(.bss)
    log_mempool_nrf_balloc_pool_mem          0x20001fb4   Data         192  nrf_log_frontend.o(.bss)
    .bss                                     0x20002074   Section      128  nrf_log_frontend.o(.bss)
    m_log_push_ringbuf_buf                   0x20002074   Data         128  nrf_log_frontend.o(.bss)
    .bss                                     0x200020f4   Section       24  nrf_log_frontend.o(.bss)
    m_log_push_ringbuf_cb                    0x200020f4   Data          24  nrf_log_frontend.o(.bss)
    .bss                                     0x2000210c   Section     1060  nrf_log_frontend.o(.bss)
    m_log_data                               0x2000210c   Data        1060  nrf_log_frontend.o(.bss)
    .bss                                     0x20002530   Section      648  segger_rtt.o(.bss)
    _acUpBuffer                              0x200025a8   Data         512  segger_rtt.o(.bss)
    _acDownBuffer                            0x200027a8   Data          16  segger_rtt.o(.bss)
    STACK                                    0x200027b8   Section     2048  arm_startup_nrf52811.o(STACK)

    Global Symbols

    Symbol Name                              Value     Ov Type        Size  Object(Section)

    BuildAttributes$$THM_ISAv4$E$P$D$K$B$S$7EM$PE$A:L22UL41UL21$X:L11$S22US41US21$IEEE1$IW$USESV6$~STKCKD$USESV7$~SHL$OSPACE$EBA8$MICROLIB$REQ8$EABIv2 0x00000000   Number         0  anon$$obj.o ABSOLUTE
    __ARM_use_no_argv                        0x00000000   Number         0  main.o ABSOLUTE
    __use_no_errno                           0x00000000   Number         0  useno.o ABSOLUTE
    __use_no_exception_handling              0x00000000   Number         0  useno.o ABSOLUTE
    __use_no_fp                              0x00000000   Number         0  useno.o ABSOLUTE
    __use_no_heap                            0x00000000   Number         0  useno.o ABSOLUTE
    __use_no_heap_region                     0x00000000   Number         0  useno.o ABSOLUTE
    __use_no_semihosting                     0x00000000   Number         0  useno.o ABSOLUTE
    __use_no_semihosting_swi                 0x00000000   Number         0  useno.o ABSOLUTE
    __use_no_signal_handling                 0x00000000   Number         0  useno.o ABSOLUTE
    __cpp_initialize__aeabi_                  - Undefined Weak Reference
    __cxa_finalize                            - Undefined Weak Reference
    _clock_init                               - Undefined Weak Reference
    _microlib_exit                            - Undefined Weak Reference
    log_dynamic_data$$Base                    - Undefined Reference
    pwr_mgmt_data0$$Base                      - Undefined Reference
    pwr_mgmt_data0$$Limit                     - Undefined Reference
    pwr_mgmt_data1$$Base                      - Undefined Reference
    pwr_mgmt_data1$$Limit                     - Undefined Reference
    pwr_mgmt_data2$$Base                      - Undefined Reference
    pwr_mgmt_data2$$Limit                     - Undefined Reference
    sdh_ble_observers2$$Base                  - Undefined Reference
    sdh_ble_observers2$$Limit                 - Undefined Reference
    sdh_req_observers0$$Base                  - Undefined Reference
    sdh_req_observers0$$Limit                 - Undefined Reference
    sdh_req_observers1$$Base                  - Undefined Reference
    sdh_req_observers1$$Limit                 - Undefined Reference
    sdh_soc_observers1$$Base                  - Undefined Reference
    sdh_soc_observers1$$Limit                 - Undefined Reference
    sdh_stack_observers1$$Base                - Undefined Reference
    sdh_stack_observers1$$Limit               - Undefined Reference
    sdh_state_observers1$$Base                - Undefined Reference
    sdh_state_observers1$$Limit               - Undefined Reference
    __Vectors_Size                           0x00000200   Number         0  arm_startup_nrf52811.o ABSOLUTE
    __Vectors                                0x00019000   Data           4  arm_startup_nrf52811.o(RESET)
    __Vectors_End                            0x00019200   Data           0  arm_startup_nrf52811.o(RESET)
    __main                                   0x00019201   Thumb Code     0  entry.o(.ARM.Collect$$$$00000000)
    _main_stk                                0x00019201   Thumb Code     0  entry2.o(.ARM.Collect$$$$00000001)
    _main_scatterload                        0x00019205   Thumb Code     0  entry5.o(.ARM.Collect$$$$00000004)
    __main_after_scatterload                 0x00019209   Thumb Code     0  entry5.o(.ARM.Collect$$$$00000004)
    _main_clock                              0x00019209   Thumb Code     0  entry7b.o(.ARM.Collect$$$$00000008)
    _main_cpp_init                           0x00019209   Thumb Code     0  entry8b.o(.ARM.Collect$$$$0000000A)
    _main_init                               0x00019209   Thumb Code     0  entry9a.o(.ARM.Collect$$$$0000000B)
    __rt_final_cpp                           0x00019211   Thumb Code     0  entry10a.o(.ARM.Collect$$$$0000000D)
    __rt_final_exit                          0x00019211   Thumb Code     0  entry11a.o(.ARM.Collect$$$$0000000F)
    __asm___12_nrf_atfifo_c_51f461e1__nrf_atfifo_wspace_req 0x00019215   Thumb Code    56  nrf_atfifo.o(.emb_text)
    __asm___12_nrf_atfifo_c_51f461e1__nrf_atfifo_wspace_close 0x0001924d   Thumb Code    18  nrf_atfifo.o(.emb_text)
    __asm___12_nrf_atfifo_c_51f461e1__nrf_atfifo_rspace_req 0x0001925f   Thumb Code    58  nrf_atfifo.o(.emb_text)
    __asm___12_nrf_atfifo_c_51f461e1__nrf_atfifo_rspace_close 0x00019299   Thumb Code    18  nrf_atfifo.o(.emb_text)
    __asm___12_nrf_atfifo_c_51f461e1__nrf_atfifo_space_clear 0x000192ab   Thumb Code    50  nrf_atfifo.o(.emb_text)
    __asm___12_nrf_atomic_c_85ca2469__nrf_atomic_internal_mov 0x000192dd   Thumb Code    24  nrf_atomic.o(.emb_text)
    __asm___12_nrf_atomic_c_85ca2469__nrf_atomic_internal_orr 0x000192f5   Thumb Code    26  nrf_atomic.o(.emb_text)
    __asm___12_nrf_atomic_c_85ca2469__nrf_atomic_internal_and 0x0001930f   Thumb Code    26  nrf_atomic.o(.emb_text)
    __asm___12_nrf_atomic_c_85ca2469__nrf_atomic_internal_eor 0x00019329   Thumb Code    26  nrf_atomic.o(.emb_text)
    __asm___12_nrf_atomic_c_85ca2469__nrf_atomic_internal_add 0x00019343   Thumb Code    26  nrf_atomic.o(.emb_text)
    __asm___12_nrf_atomic_c_85ca2469__nrf_atomic_internal_sub 0x0001935d   Thumb Code    26  nrf_atomic.o(.emb_text)
    __asm___12_nrf_atomic_c_85ca2469__nrf_atomic_internal_cmp_exch 0x00019377   Thumb Code    42  nrf_atomic.o(.emb_text)
    __asm___12_nrf_atomic_c_85ca2469__nrf_atomic_internal_sub_hs 0x000193a1   Thumb Code    30  nrf_atomic.o(.emb_text)
    Reset_Handler                            0x000193c1   Thumb Code     8  arm_startup_nrf52811.o(.text)
    NMI_Handler                              0x000193c9   Thumb Code     2  arm_startup_nrf52811.o(.text)
    HardFault_Handler                        0x000193cb   Thumb Code     2  arm_startup_nrf52811.o(.text)
    MemoryManagement_Handler                 0x000193cd   Thumb Code     2  arm_startup_nrf52811.o(.text)
    BusFault_Handler                         0x000193cf   Thumb Code     2  arm_startup_nrf52811.o(.text)
    UsageFault_Handler                       0x000193d1   Thumb Code     2  arm_startup_nrf52811.o(.text)
    SVC_Handler                              0x000193d3   Thumb Code     2  arm_startup_nrf52811.o(.text)
    DebugMon_Handler                         0x000193d5   Thumb Code     2  arm_startup_nrf52811.o(.text)
    PendSV_Handler                           0x000193d7   Thumb Code     2  arm_startup_nrf52811.o(.text)
    SysTick_Handler                          0x000193d9   Thumb Code     2  arm_startup_nrf52811.o(.text)
    CCM_AAR_IRQHandler                       0x000193db   Thumb Code     0  arm_startup_nrf52811.o(.text)
    COMP_IRQHandler                          0x000193db   Thumb Code     0  arm_startup_nrf52811.o(.text)
    ECB_IRQHandler                           0x000193db   Thumb Code     0  arm_startup_nrf52811.o(.text)
    PDM_IRQHandler                           0x000193db   Thumb Code     0  arm_startup_nrf52811.o(.text)
    PWM0_IRQHandler                          0x000193db   Thumb Code     0  arm_startup_nrf52811.o(.text)
    QDEC_IRQHandler                          0x000193db   Thumb Code     0  arm_startup_nrf52811.o(.text)
    RADIO_IRQHandler                         0x000193db   Thumb Code     0  arm_startup_nrf52811.o(.text)
    RNG_IRQHandler                           0x000193db   Thumb Code     0  arm_startup_nrf52811.o(.text)
    RTC0_IRQHandler                          0x000193db   Thumb Code     0  arm_startup_nrf52811.o(.text)
    SPIM0_SPIS0_SPI0_IRQHandler              0x000193db   Thumb Code     0  arm_startup_nrf52811.o(.text)
    SWI0_EGU0_IRQHandler                     0x000193db   Thumb Code     0  arm_startup_nrf52811.o(.text)
    SWI1_EGU1_IRQHandler                     0x000193db   Thumb Code     0  arm_startup_nrf52811.o(.text)
    SWI3_IRQHandler                          0x000193db   Thumb Code     0  arm_startup_nrf52811.o(.text)
    SWI4_IRQHandler                          0x000193db   Thumb Code     0  arm_startup_nrf52811.o(.text)
    SWI5_IRQHandler                          0x000193db   Thumb Code     0  arm_startup_nrf52811.o(.text)
    TEMP_IRQHandler                          0x000193db   Thumb Code     0  arm_startup_nrf52811.o(.text)
    TIMER0_IRQHandler                        0x000193db   Thumb Code     0  arm_startup_nrf52811.o(.text)
    TIMER1_IRQHandler                        0x000193db   Thumb Code     0  arm_startup_nrf52811.o(.text)
    TIMER2_IRQHandler                        0x000193db   Thumb Code     0  arm_startup_nrf52811.o(.text)
    TWIM0_TWIS0_TWI0_SPIM1_SPIS1_SPI1_IRQHandler 0x000193db   Thumb Code     0  arm_startup_nrf52811.o(.text)
    WDT_IRQHandler                           0x000193db   Thumb Code     0  arm_startup_nrf52811.o(.text)
    __rt_ctype_table                         0x000193e5   Thumb Code     4  ctype_o.o(.text)
    __aeabi_memcpy                           0x000193ed   Thumb Code    36  memcpya.o(.text)
    __aeabi_memcpy4                          0x000193ed   Thumb Code     0  memcpya.o(.text)
    __aeabi_memcpy8                          0x000193ed   Thumb Code     0  memcpya.o(.text)
    __aeabi_memset                           0x00019411   Thumb Code    14  memseta.o(.text)
    __aeabi_memset4                          0x00019411   Thumb Code     0  memseta.o(.text)
    __aeabi_memset8                          0x00019411   Thumb Code     0  memseta.o(.text)
    __aeabi_memclr                           0x0001941f   Thumb Code     4  memseta.o(.text)
    __aeabi_memclr4                          0x0001941f   Thumb Code     0  memseta.o(.text)
    __aeabi_memclr8                          0x0001941f   Thumb Code     0  memseta.o(.text)
    _memset$wrapper                          0x00019423   Thumb Code    18  memseta.o(.text)
    strlen                                   0x00019435   Thumb Code    14  strlen.o(.text)
    strcpy                                   0x00019443   Thumb Code    18  strcpy.o(.text)
    __scatterload                            0x00019455   Thumb Code    28  init.o(.text)
    __scatterload_rt2                        0x00019455   Thumb Code     0  init.o(.text)
    __decompress                             0x00019479   Thumb Code     0  __dczerorl2.o(.text)
    __decompress1                            0x00019479   Thumb Code    86  __dczerorl2.o(.text)
    ADC_CallBack                             0x000194d1   Thumb Code    52  app_adc.o(i.ADC_CallBack)
    ADC_CreateTimer                          0x00019509   Thumb Code    46  app_adc.o(i.ADC_CreateTimer)
    ADC_DeinitDriver                         0x00019541   Thumb Code    36  app_adc.o(i.ADC_DeinitDriver)
    ADC_HandleTimer                          0x0001956d   Thumb Code    14  app_adc.o(i.ADC_HandleTimer)
    ADC_Init                                 0x00019581   Thumb Code    70  app_adc.o(i.ADC_Init)
    ADC_Task                                 0x000195d5   Thumb Code    40  app_adc.o(i.ADC_Task)
    BLECB_ADCChange                          0x00019609   Thumb Code    46  cambien_service.o(i.BLECB_ADCChange)
    BLECB_CheckError                         0x00019637   Thumb Code    30  cambien_service.o(i.BLECB_CheckError)
    BLECB_Init                               0x00019655   Thumb Code   252  cambien_service.o(i.BLECB_Init)
    BLECB_MagneticChange                     0x00019755   Thumb Code    46  cambien_service.o(i.BLECB_MagneticChange)
    BLECB_PIRChange                          0x00019783   Thumb Code    46  cambien_service.o(i.BLECB_PIRChange)
    BLE_AdvertisingInit                      0x000197b1   Thumb Code   148  ble_spec.o(i.BLE_AdvertisingInit)
    BLE_AdvertisingStart                     0x0001984d   Thumb Code    18  ble_spec.o(i.BLE_AdvertisingStart)
    BLE_ConnParamsErrorHandler               0x00019865   Thumb Code     4  ble_spec.o(i.BLE_ConnParamsErrorHandler)
    BLE_ConnParamsInit                       0x00019869   Thumb Code    66  ble_spec.o(i.BLE_ConnParamsInit)
    BLE_EvtHandler                           0x000198b5   Thumb Code   176  ble_spec.o(i.BLE_EvtHandler)
    BLE_GapParamsInit                        0x00019979   Thumb Code    82  ble_spec.o(i.BLE_GapParamsInit)
    BLE_GattInit                             0x000199d9   Thumb Code    22  ble_spec.o(i.BLE_GattInit)
    BLE_OnConnParamsEvt                      0x000199f1   Thumb Code    24  ble_spec.o(i.BLE_OnConnParamsEvt)
    BLE_ServicesInit                         0x00019a0d   Thumb Code    70  ble_spec.o(i.BLE_ServicesInit)
    BLE_StackInit                            0x00019a81   Thumb Code    46  ble_spec.o(i.BLE_StackInit)
    GPIOTE_IRQHandler                        0x00019ab1   Thumb Code   346  nrfx_gpiote.o(i.GPIOTE_IRQHandler)
    LED_Config                               0x00019c15   Thumb Code    12  app_led.o(i.LED_Config)
    LED_Task                                 0x00019c25   Thumb Code    60  app_led.o(i.LED_Task)
    LED_Turn_off                             0x00019c79   Thumb Code    14  app_led.o(i.LED_Turn_off)
    LED_Turn_on                              0x00019c87   Thumb Code    14  app_led.o(i.LED_Turn_on)
    POWER_CLOCK_IRQHandler                   0x00019c95   Thumb Code    74  nrfx_clock.o(i.POWER_CLOCK_IRQHandler)
    RTC1_IRQHandler                          0x00019ce5   Thumb Code    12  drv_rtc.o(i.RTC1_IRQHandler)
    SAADC_IRQHandler                         0x00019cf5   Thumb Code   320  nrfx_saadc.o(i.SAADC_IRQHandler)
    SEGGER_RTT_Init                          0x00019e3d   Thumb Code     4  segger_rtt.o(i.SEGGER_RTT_Init)
    SEGGER_RTT_WriteNoLock                   0x00019e41   Thumb Code    86  segger_rtt.o(i.SEGGER_RTT_WriteNoLock)
    SENSOR_CreateTimer                       0x00019e9d   Thumb Code    46  app_sensor.o(i.SENSOR_CreateTimer)
    SENSOR_InterruptInit                     0x00019ed5   Thumb Code    22  app_sensor.o(i.SENSOR_InterruptInit)
    SENSOR_MagneticGetInitialValue           0x00019eed   Thumb Code    22  app_sensor.o(i.SENSOR_MagneticGetInitialValue)
    SENSOR_MagneticHandle                    0x00019f09   Thumb Code    34  app_sensor.o(i.SENSOR_MagneticHandle)
    SENSOR_MagneticInit                      0x00019f35   Thumb Code    44  app_sensor.o(i.SENSOR_MagneticInit)
    SENSOR_MagneticTask                      0x00019f65   Thumb Code   136  app_sensor.o(i.SENSOR_MagneticTask)
    SENSOR_PIR_OUT1Init                      0x0001a011   Thumb Code    46  app_sensor.o(i.SENSOR_PIR_OUT1Init)
    SENSOR_PIR_OUT2Init                      0x0001a045   Thumb Code    46  app_sensor.o(i.SENSOR_PIR_OUT2Init)
    SENSOR_PIR_Out1Handle                    0x0001a079   Thumb Code    18  app_sensor.o(i.SENSOR_PIR_Out1Handle)
    SENSOR_PIR_Out2Handle                    0x0001a091   Thumb Code    18  app_sensor.o(i.SENSOR_PIR_Out2Handle)
    SENSOR_TickCount                         0x0001a0a9   Thumb Code    10  app_sensor.o(i.SENSOR_TickCount)
    SWI2_IRQHandler                          0x0001a0b9   Thumb Code     4  nrf_sdh.o(i.SWI2_IRQHandler)
    SystemInit                               0x0001a0bd   Thumb Code   376  system_nrf52811.o(i.SystemInit)
    UARTE0_UART0_IRQHandler                  0x0001a265   Thumb Code     6  nrfx_prs.o(i.UARTE0_UART0_IRQHandler)
    __scatterload_copy                       0x0001a38b   Thumb Code    14  handlers.o(i.__scatterload_copy)
    __scatterload_null                       0x0001a399   Thumb Code     2  handlers.o(i.__scatterload_null)
    __scatterload_zeroinit                   0x0001a39b   Thumb Code    14  handlers.o(i.__scatterload_zeroinit)
    app_error_fault_handler                  0x0001a3cd   Thumb Code    86  app_error_weak.o(i.app_error_fault_handler)
    app_error_handler_bare                   0x0001a451   Thumb Code    22  app_error.o(i.app_error_handler_bare)
    app_timer_cnt_get                        0x0001a469   Thumb Code     6  app_timer2.o(i.app_timer_cnt_get)
    app_timer_create                         0x0001a475   Thumb Code    22  app_timer2.o(i.app_timer_create)
    app_timer_init                           0x0001a48d   Thumb Code    70  app_timer2.o(i.app_timer_init)
    app_timer_start                          0x0001a4e9   Thumb Code    48  app_timer2.o(i.app_timer_start)
    app_timer_stop                           0x0001a519   Thumb Code    12  app_timer2.o(i.app_timer_stop)
    app_util_critical_region_enter           0x0001a525   Thumb Code    64  app_util_platform.o(i.app_util_critical_region_enter)
    app_util_critical_region_exit            0x0001a56d   Thumb Code    46  app_util_platform.o(i.app_util_critical_region_exit)
    ble_advdata_encode                       0x0001a6b1   Thumb Code   386  ble_advdata.o(i.ble_advdata_encode)
    ble_conn_params_init                     0x0001a835   Thumb Code    90  ble_conn_params.o(i.ble_conn_params_init)
    ble_dis_init                             0x0001a8fd   Thumb Code   310  ble_dis.o(i.ble_dis_init)
    ble_srv_ascii_to_utf8                    0x0001ac4d   Thumb Code    18  ble_srv_common.o(i.ble_srv_ascii_to_utf8)
    ble_srv_is_notification_enabled          0x0001ac5f   Thumb Code     8  ble_srv_common.o(i.ble_srv_is_notification_enabled)
    buffer_is_empty                          0x0001ad29   Thumb Code    16  nrf_log_frontend.o(i.buffer_is_empty)
    characteristic_add                       0x0001ae11   Thumb Code   400  ble_srv_common.o(i.characteristic_add)
    conn_handle_list_get                     0x0001affd   Thumb Code    62  ble_conn_state.o(i.conn_handle_list_get)
    drv_rtc_compare_disable                  0x0001b121   Thumb Code    20  drv_rtc.o(i.drv_rtc_compare_disable)
    drv_rtc_compare_pending                  0x0001b135   Thumb Code    14  drv_rtc.o(i.drv_rtc_compare_pending)
    drv_rtc_compare_set                      0x0001b143   Thumb Code    80  drv_rtc.o(i.drv_rtc_compare_set)
    drv_rtc_counter_get                      0x0001b193   Thumb Code     8  drv_rtc.o(i.drv_rtc_counter_get)
    drv_rtc_init                             0x0001b19d   Thumb Code   144  drv_rtc.o(i.drv_rtc_init)
    drv_rtc_irq_trigger                      0x0001b271   Thumb Code    26  drv_rtc.o(i.drv_rtc_irq_trigger)
    drv_rtc_overflow_enable                  0x0001b28b   Thumb Code     8  drv_rtc.o(i.drv_rtc_overflow_enable)
    drv_rtc_overflow_pending                 0x0001b293   Thumb Code     8  drv_rtc.o(i.drv_rtc_overflow_pending)
    drv_rtc_start                            0x0001b29b   Thumb Code     8  drv_rtc.o(i.drv_rtc_start)
    drv_rtc_stop                             0x0001b2a3   Thumb Code     8  drv_rtc.o(i.drv_rtc_stop)
    drv_rtc_windowed_compare_set             0x0001b2ab   Thumb Code   222  drv_rtc.o(i.drv_rtc_windowed_compare_set)
    log_init                                 0x0001b5b3   Thumb Code    26  main.o(i.log_init)
    main                                     0x0001b669   Thumb Code   110  main.o(i.main)
    nrf_atfifo_init                          0x0001b897   Thumb Code    38  nrf_atfifo.o(i.nrf_atfifo_init)
    nrf_atfifo_item_alloc                    0x0001b8bd   Thumb Code    22  nrf_atfifo.o(i.nrf_atfifo_item_alloc)
    nrf_atfifo_item_free                     0x0001b8d3   Thumb Code    22  nrf_atfifo.o(i.nrf_atfifo_item_free)
    nrf_atfifo_item_get                      0x0001b8e9   Thumb Code    22  nrf_atfifo.o(i.nrf_atfifo_item_get)
    nrf_atfifo_item_put                      0x0001b8ff   Thumb Code    22  nrf_atfifo.o(i.nrf_atfifo_item_put)
    nrf_atflags_clear                        0x0001b915   Thumb Code    22  nrf_atflags.o(i.nrf_atflags_clear)
    nrf_atflags_get                          0x0001b92b   Thumb Code    22  nrf_atflags.o(i.nrf_atflags_get)
    nrf_atflags_set                          0x0001b941   Thumb Code    20  nrf_atflags.o(i.nrf_atflags_set)
    nrf_atomic_flag_clear_fetch              0x0001b955   Thumb Code     6  nrf_atomic.o(i.nrf_atomic_flag_clear_fetch)
    nrf_atomic_flag_set                      0x0001b95b   Thumb Code     6  nrf_atomic.o(i.nrf_atomic_flag_set)
    nrf_atomic_u32_add                       0x0001b961   Thumb Code    12  nrf_atomic.o(i.nrf_atomic_u32_add)
    nrf_atomic_u32_and                       0x0001b96d   Thumb Code    12  nrf_atomic.o(i.nrf_atomic_u32_and)
    nrf_atomic_u32_fetch_and                 0x0001b979   Thumb Code    10  nrf_atomic.o(i.nrf_atomic_u32_fetch_and)
    nrf_atomic_u32_fetch_store               0x0001b983   Thumb Code    10  nrf_atomic.o(i.nrf_atomic_u32_fetch_store)
    nrf_atomic_u32_or                        0x0001b98d   Thumb Code    12  nrf_atomic.o(i.nrf_atomic_u32_or)
    nrf_atomic_u32_sub                       0x0001b999   Thumb Code    12  nrf_atomic.o(i.nrf_atomic_u32_sub)
    nrf_balloc_alloc                         0x0001b9a5   Thumb Code    68  nrf_balloc.o(i.nrf_balloc_alloc)
    nrf_balloc_free                          0x0001b9e9   Thumb Code    48  nrf_balloc.o(i.nrf_balloc_free)
    nrf_balloc_init                          0x0001ba19   Thumb Code    48  nrf_balloc.o(i.nrf_balloc_init)
    nrf_ble_gatt_init                        0x0001ba6d   Thumb Code    34  nrf_ble_gatt.o(i.nrf_ble_gatt_init)
    nrf_ble_gatt_on_ble_evt                  0x0001ba91   Thumb Code   180  nrf_ble_gatt.o(i.nrf_ble_gatt_on_ble_evt)
    nrf_drv_clock_init                       0x0001bba5   Thumb Code    48  nrf_drv_clock.o(i.nrf_drv_clock_init)
    nrf_drv_clock_lfclk_release              0x0001bbdd   Thumb Code    42  nrf_drv_clock.o(i.nrf_drv_clock_lfclk_release)
    nrf_drv_uart_init                        0x0001bc0d   Thumb Code    90  nrf_drv_uart.o(i.nrf_drv_uart_init)
    nrf_fprintf                              0x0001bc75   Thumb Code    26  nrf_fprintf.o(i.nrf_fprintf)
    nrf_fprintf_buffer_flush                 0x0001bc8f   Thumb Code    24  nrf_fprintf.o(i.nrf_fprintf_buffer_flush)
    nrf_fprintf_fmt                          0x0001bca7   Thumb Code   474  nrf_fprintf_format.o(i.nrf_fprintf_fmt)
    nrf_log_backend_add                      0x0001bfdd   Thumb Code    86  nrf_log_frontend.o(i.nrf_log_backend_add)
    nrf_log_backend_rtt_init                 0x0001c03b   Thumb Code     4  nrf_log_backend_rtt.o(i.nrf_log_backend_rtt_init)
    nrf_log_backend_serial_put               0x0001c059   Thumb Code   200  nrf_log_backend_serial.o(i.nrf_log_backend_serial_put)
    nrf_log_backend_uart_init                0x0001c123   Thumb Code     6  nrf_log_backend_uart.o(i.nrf_log_backend_uart_init)
    nrf_log_color_id_get                     0x0001c16d   Thumb Code    42  nrf_log_frontend.o(i.nrf_log_color_id_get)
    nrf_log_default_backends_init            0x0001c19d   Thumb Code    46  nrf_log_default_backends.o(i.nrf_log_default_backends_init)
    nrf_log_frontend_dequeue                 0x0001c1d1   Thumb Code   528  nrf_log_frontend.o(i.nrf_log_frontend_dequeue)
    nrf_log_frontend_std_0                   0x0001c405   Thumb Code     8  nrf_log_frontend.o(i.nrf_log_frontend_std_0)
    nrf_log_frontend_std_1                   0x0001c40d   Thumb Code    14  nrf_log_frontend.o(i.nrf_log_frontend_std_1)
    nrf_log_frontend_std_2                   0x0001c41b   Thumb Code    16  nrf_log_frontend.o(i.nrf_log_frontend_std_2)
    nrf_log_hexdump_entry_process            0x0001c42d   Thumb Code   150  nrf_log_str_formatter.o(i.nrf_log_hexdump_entry_process)
    nrf_log_init                             0x0001c4dd   Thumb Code    46  nrf_log_frontend.o(i.nrf_log_init)
    nrf_log_module_cnt_get                   0x0001c519   Thumb Code    10  nrf_log_frontend.o(i.nrf_log_module_cnt_get)
    nrf_log_module_name_get                  0x0001c52d   Thumb Code    24  nrf_log_frontend.o(i.nrf_log_module_name_get)
    nrf_log_panic                            0x0001c549   Thumb Code    38  nrf_log_frontend.o(i.nrf_log_panic)
    nrf_log_std_entry_process                0x0001c575   Thumb Code   182  nrf_log_str_formatter.o(i.nrf_log_std_entry_process)
    nrf_memobj_alloc                         0x0001c62b   Thumb Code    96  nrf_memobj.o(i.nrf_memobj_alloc)
    nrf_memobj_free                          0x0001c68b   Thumb Code    50  nrf_memobj.o(i.nrf_memobj_free)
    nrf_memobj_get                           0x0001c6bd   Thumb Code     8  nrf_memobj.o(i.nrf_memobj_get)
    nrf_memobj_pool_init                     0x0001c6c5   Thumb Code     4  nrf_memobj.o(i.nrf_memobj_pool_init)
    nrf_memobj_put                           0x0001c6c9   Thumb Code    30  nrf_memobj.o(i.nrf_memobj_put)
    nrf_memobj_read                          0x0001c6e7   Thumb Code    16  nrf_memobj.o(i.nrf_memobj_read)
    nrf_memobj_write                         0x0001c6f7   Thumb Code    16  nrf_memobj.o(i.nrf_memobj_write)
    nrf_pwr_mgmt_init                        0x0001c709   Thumb Code    28  nrf_pwr_mgmt.o(i.nrf_pwr_mgmt_init)
    nrf_pwr_mgmt_run                         0x0001c731   Thumb Code    20  nrf_pwr_mgmt.o(i.nrf_pwr_mgmt_run)
    nrf_ringbuf_init                         0x0001c745   Thumb Code    28  nrf_ringbuf.o(i.nrf_ringbuf_init)
    nrf_sdh_ble_app_ram_start_get            0x0001c7c5   Thumb Code    16  nrf_sdh_ble.o(i.nrf_sdh_ble_app_ram_start_get)
    nrf_sdh_ble_default_cfg_set              0x0001c7d9   Thumb Code   220  nrf_sdh_ble.o(i.nrf_sdh_ble_default_cfg_set)
    nrf_sdh_ble_enable                       0x0001c8d1   Thumb Code   116  nrf_sdh_ble.o(i.nrf_sdh_ble_enable)
    nrf_sdh_enable_request                   0x0001ca5d   Thumb Code   102  nrf_sdh.o(i.nrf_sdh_enable_request)
    nrf_sdh_evts_poll                        0x0001cad1   Thumb Code    32  nrf_sdh.o(i.nrf_sdh_evts_poll)
    nrf_sdh_is_enabled                       0x0001caf5   Thumb Code     6  nrf_sdh.o(i.nrf_sdh_is_enabled)
    nrf_section_iter_init                    0x0001cb3d   Thumb Code    10  nrf_section_iter.o(i.nrf_section_iter_init)
    nrf_section_iter_next                    0x0001cb6b   Thumb Code    32  nrf_section_iter.o(i.nrf_section_iter_next)
    nrf_sortlist_add                         0x0001cb8b   Thumb Code    34  nrf_sortlist.o(i.nrf_sortlist_add)
    nrf_sortlist_peek                        0x0001cbad   Thumb Code     6  nrf_sortlist.o(i.nrf_sortlist_peek)
    nrf_sortlist_pop                         0x0001cbb3   Thumb Code    14  nrf_sortlist.o(i.nrf_sortlist_pop)
    nrf_sortlist_remove                      0x0001cbc1   Thumb Code    30  nrf_sortlist.o(i.nrf_sortlist_remove)
    nrf_strerror_find                        0x0001cbe1   Thumb Code    52  nrf_strerror.o(i.nrf_strerror_find)
    nrf_strerror_get                         0x0001cc19   Thumb Code    14  nrf_strerror.o(i.nrf_strerror_get)
    nrfx_clock_enable                        0x0001cc65   Thumb Code    34  nrfx_clock.o(i.nrfx_clock_enable)
    nrfx_clock_init                          0x0001cc91   Thumb Code    22  nrfx_clock.o(i.nrfx_clock_init)
    nrfx_clock_lfclk_stop                    0x0001ccad   Thumb Code    20  nrfx_clock.o(i.nrfx_clock_lfclk_stop)
    nrfx_gpiote_in_event_enable              0x0001cce9   Thumb Code   156  nrfx_gpiote.o(i.nrfx_gpiote_in_event_enable)
    nrfx_gpiote_in_init                      0x0001cd8d   Thumb Code   194  nrfx_gpiote.o(i.nrfx_gpiote_in_init)
    nrfx_gpiote_init                         0x0001ce5d   Thumb Code    94  nrfx_gpiote.o(i.nrfx_gpiote_init)
    nrfx_prs_acquire                         0x0001ced9   Thumb Code    58  nrfx_prs.o(i.nrfx_prs_acquire)
    nrfx_prs_release                         0x0001cf13   Thumb Code    18  nrfx_prs.o(i.nrfx_prs_release)
    nrfx_saadc_buffer_convert                0x0001cf25   Thumb Code   154  nrfx_saadc.o(i.nrfx_saadc_buffer_convert)
    nrfx_saadc_channel_init                  0x0001cfc9   Thumb Code   132  nrfx_saadc.o(i.nrfx_saadc_channel_init)
    nrfx_saadc_channel_uninit                0x0001d055   Thumb Code    62  nrfx_saadc.o(i.nrfx_saadc_channel_uninit)
    nrfx_saadc_init                          0x0001d099   Thumb Code   130  nrfx_saadc.o(i.nrfx_saadc_init)
    nrfx_saadc_is_busy                       0x0001d12d   Thumb Code    12  nrfx_saadc.o(i.nrfx_saadc_is_busy)
    nrfx_saadc_limits_set                    0x0001d13d   Thumb Code   120  nrfx_saadc.o(i.nrfx_saadc_limits_set)
    nrfx_saadc_sample                        0x0001d1bd   Thumb Code    34  nrfx_saadc.o(i.nrfx_saadc_sample)
    nrfx_saadc_uninit                        0x0001d1e9   Thumb Code    94  nrfx_saadc.o(i.nrfx_saadc_uninit)
    nrfx_uart_0_irq_handler                  0x0001d255   Thumb Code     8  nrfx_uart.o(i.nrfx_uart_0_irq_handler)
    nrfx_uart_init                           0x0001d265   Thumb Code   196  nrfx_uart.o(i.nrfx_uart_init)
    nrfx_uart_tx                             0x0001d335   Thumb Code   162  nrfx_uart.o(i.nrfx_uart_tx)
    nrfx_uart_tx_in_progress                 0x0001d3dd   Thumb Code    26  nrfx_uart.o(i.nrfx_uart_tx_in_progress)
    nrfx_uart_uninit                         0x0001d3fd   Thumb Code   170  nrfx_uart.o(i.nrfx_uart_uninit)
    nrfx_uarte_0_irq_handler                 0x0001d4b1   Thumb Code     8  nrfx_uarte.o(i.nrfx_uarte_0_irq_handler)
    nrfx_uarte_init                          0x0001d4c1   Thumb Code   100  nrfx_uarte.o(i.nrfx_uarte_init)
    nrfx_uarte_tx                            0x0001d52d   Thumb Code   166  nrfx_uarte.o(i.nrfx_uarte_tx)
    nrfx_uarte_tx_in_progress                0x0001d5d9   Thumb Code    22  nrfx_uarte.o(i.nrfx_uarte_tx_in_progress)
    nrfx_uarte_uninit                        0x0001d5f5   Thumb Code   214  nrfx_uarte.o(i.nrfx_uarte_uninit)
    power_management_init                    0x0001d8b1   Thumb Code    20  main.o(i.power_management_init)
    nrf_log_backend_rtt_api                  0x0001e698   Data          12  nrf_log_backend_rtt.o(.constdata)
    nrf_log_backend_uart_api                 0x0001e6b8   Data          12  nrf_log_backend_uart.o(.constdata)
    m_ram_start                              0x0001e768   Data           4  nrf_sdh_ble.o(.constdata)
    __ctype_table                            0x0001e794   Data         129  ctype_o.o(.constdata)
    Region$$Table$$Base                      0x0001eeb4   Number         0  anon$$obj.o(Region$$Table)
    Region$$Table$$Limit                     0x0001eed4   Number         0  anon$$obj.o(Region$$Table)
    log_const_data$$Base                     0x0001eef4   Number         0  nrf_ble_gatt.o(log_const_data)
    m_nrf_log_nrf_ble_gatt_logs_data_const   0x0001eef4   Data           8  nrf_ble_gatt.o(log_const_data)
    m_nrf_log_clock_logs_data_const          0x0001eefc   Data           8  nrf_drv_clock.o(log_const_data)
    m_nrf_log_CLOCK_logs_data_const          0x0001ef04   Data           8  nrfx_clock.o(log_const_data)
    m_nrf_log_GPIOTE_logs_data_const         0x0001ef0c   Data           8  nrfx_gpiote.o(log_const_data)
    m_nrf_log_PRS_logs_data_const            0x0001ef14   Data           8  nrfx_prs.o(log_const_data)
    m_nrf_log_UART_logs_data_const           0x0001ef1c   Data           8  nrfx_uart.o(log_const_data)
    m_nrf_log_UARTE_logs_data_const          0x0001ef24   Data           8  nrfx_uarte.o(log_const_data)
    m_nrf_log_SAADC_logs_data_const          0x0001ef2c   Data           8  nrfx_saadc.o(log_const_data)
    m_nrf_log_app_button_logs_data_const     0x0001ef34   Data           8  app_button.o(log_const_data)
    m_nrf_log_app_timer_logs_data_const      0x0001ef3c   Data           8  app_timer2.o(log_const_data)
    m_nrf_log_pwr_mgmt_logs_data_const       0x0001ef44   Data           8  nrf_pwr_mgmt.o(log_const_data)
    m_nrf_log_sortlist_logs_data_const       0x0001ef4c   Data           8  nrf_sortlist.o(log_const_data)
    m_nrf_log_app_logs_data_const            0x0001ef54   Data           8  nrf_log_frontend.o(log_const_data)
    m_nrf_log_nrf_sdh_logs_data_const        0x0001ef5c   Data           8  nrf_sdh.o(log_const_data)
    m_nrf_log_nrf_sdh_ble_logs_data_const    0x0001ef64   Data           8  nrf_sdh_ble.o(log_const_data)
    m_nrf_log_nrf_sdh_soc_logs_data_const    0x0001ef6c   Data           8  nrf_sdh_soc.o(log_const_data)
    log_const_data$$Limit                    0x0001ef74   Number         0  nrf_sdh_soc.o(log_const_data)
    log_mempool                              0x0001ef74   Data          20  nrf_log_frontend.o(nrf_balloc)
    sdh_ble_observers0$$Base                 0x0001ef88   Number         0  ble_conn_state.o(sdh_ble_observers0)
    sdh_ble_observers0$$Limit                0x0001ef90   Number         0  ble_conn_state.o(sdh_ble_observers0)
    sdh_ble_observers1$$Base                 0x0001ef90   Number         0  main.o(sdh_ble_observers1)
    sdh_ble_observers1$$Limit                0x0001efa0   Number         0  ble_conn_params.o(sdh_ble_observers1)
    sdh_ble_observers3$$Base                 0x0001efa0   Number         0  ble_spec.o(sdh_ble_observers3)
    sdh_ble_observers3$$Limit                0x0001efa8   Number         0  ble_spec.o(sdh_ble_observers3)
    sdh_soc_observers0$$Base                 0x0001efa8   Number         0  nrf_drv_clock.o(sdh_soc_observers0)
    sdh_soc_observers0$$Limit                0x0001efb0   Number         0  nrf_drv_clock.o(sdh_soc_observers0)
    sdh_stack_observers0$$Base               0x0001efb0   Number         0  nrf_sdh_ble.o(sdh_stack_observers0)
    sdh_stack_observers0$$Limit              0x0001efc0   Number         0  nrf_sdh_soc.o(sdh_stack_observers0)
    sdh_state_observers0$$Base               0x0001efc0   Number         0  nrf_drv_clock.o(sdh_state_observers0)
    sdh_state_observers0$$Limit              0x0001efc8   Number         0  nrf_drv_clock.o(sdh_state_observers0)
    Image$$RW_IRAM1$$Base                    0x20001ae0   Number         0  anon$$obj.o ABSOLUTE
    SystemCoreClock                          0x20001ae0   Data           4  system_nrf52811.o(.data)
    is_ADC_initialized                       0x20001ae4   Data           1  app_adc.o(.data)
    u8pinvalue                               0x20001ae5   Data           1  app_adc.o(.data)
    m_adv_handle                             0x20001aec   Data           1  ble_spec.o(.data)
    m_conn_handle                            0x20001aee   Data           2  ble_spec.o(.data)
    m_adv_data                               0x20001af0   Data          16  ble_spec.o(.data)
    magnetic_flag                            0x20001b00   Data           1  app_sensor.o(.data)
    pir_task_state                           0x20001b01   Data           1  app_sensor.o(.data)
    magnetic_task_pre_state                  0x20001b02   Data           1  app_sensor.o(.data)
    pir_logic_level                          0x20001b03   Data           1  app_sensor.o(.data)
    pir_task_pre_state                       0x20001b04   Data           1  app_sensor.o(.data)
    magnetic_logic_level                     0x20001b05   Data           1  app_sensor.o(.data)
    numsof100ticks_pir                       0x20001b08   Data           4  app_sensor.o(.data)
    door_current_ticks                       0x20001b0c   Data           4  app_sensor.o(.data)
    door_previous_ticks                      0x20001b10   Data           4  app_sensor.o(.data)
    sensor_ticks                             0x20001b14   Data           4  app_sensor.o(.data)
    request_led_on                           0x20001b18   Data           1  app_led.o(.data)
    led_current_time                         0x20001b1c   Data           4  app_led.o(.data)
    nrf_drv_uart_use_easy_dma                0x20001b74   Data           1  nrf_drv_uart.o(.data)
    m_uart                                   0x20001bd0   Data          20  nrf_log_backend_uart.o(.data)
    m_cb                                     0x20001c58   Data          28  main.o(.bss)
    m_enc_advdata                            0x20001c98   Data          31  ble_spec.o(.bss)
    m_enc_scan_response_data                 0x20001cb7   Data          31  ble_spec.o(.bss)
    nrf_nvic_state                           0x20001f1c   Data          12  app_util_platform.o(.bss)
    _SEGGER_RTT                              0x20002530   Data         120  segger_rtt.o(.bss)
    __initial_sp                             0x20002fb8   Data           0  arm_startup_nrf52811.o(STACK)



==============================================================================

Memory Map of the image

  Image Entry point : 0x00019201

  Load Region LR_IROM1 (Base: 0x00019000, Size: 0x00006130, Max: 0x00017000, ABSOLUTE, COMPRESSED[0x0000601c])

    Execution Region ER_IROM1 (Exec base: 0x00019000, Load base: 0x00019000, Size: 0x00005fc8, Max: 0x00017000, ABSOLUTE)

    Exec Addr    Load Addr    Size         Type   Attr      Idx    E Section Name        Object

    0x00019000   0x00019000   0x00000200   Data   RO            3    RESET               arm_startup_nrf52811.o
    0x00019200   0x00019200   0x00000000   Code   RO         5461  * .ARM.Collect$$$$00000000  mc_w.l(entry.o)
    0x00019200   0x00019200   0x00000004   Code   RO         5513    .ARM.Collect$$$$00000001  mc_w.l(entry2.o)
    0x00019204   0x00019204   0x00000004   Code   RO         5516    .ARM.Collect$$$$00000004  mc_w.l(entry5.o)
    0x00019208   0x00019208   0x00000000   Code   RO         5518    .ARM.Collect$$$$00000008  mc_w.l(entry7b.o)
    0x00019208   0x00019208   0x00000000   Code   RO         5520    .ARM.Collect$$$$0000000A  mc_w.l(entry8b.o)
    0x00019208   0x00019208   0x00000008   Code   RO         5521    .ARM.Collect$$$$0000000B  mc_w.l(entry9a.o)
    0x00019210   0x00019210   0x00000000   Code   RO         5523    .ARM.Collect$$$$0000000D  mc_w.l(entry10a.o)
    0x00019210   0x00019210   0x00000000   Code   RO         5525    .ARM.Collect$$$$0000000F  mc_w.l(entry11a.o)
    0x00019210   0x00019210   0x00000004   Code   RO         5514    .ARM.Collect$$$$00002712  mc_w.l(entry2.o)
    0x00019214   0x00019214   0x000000c8   Code   RO         3722    .emb_text           nrf_atfifo.o
    0x000192dc   0x000192dc   0x000000e2   Code   RO         3858    .emb_text           nrf_atomic.o
    0x000193be   0x000193be   0x00000002   PAD
    0x000193c0   0x000193c0   0x00000024   Code   RO            4    .text               arm_startup_nrf52811.o
    0x000193e4   0x000193e4   0x00000008   Code   RO         5471    .text               mc_w.l(ctype_o.o)
    0x000193ec   0x000193ec   0x00000024   Code   RO         5499    .text               mc_w.l(memcpya.o)
    0x00019410   0x00019410   0x00000024   Code   RO         5501    .text               mc_w.l(memseta.o)
    0x00019434   0x00019434   0x0000000e   Code   RO         5503    .text               mc_w.l(strlen.o)
    0x00019442   0x00019442   0x00000012   Code   RO         5509    .text               mc_w.l(strcpy.o)
    0x00019454   0x00019454   0x00000024   Code   RO         5529    .text               mc_w.l(init.o)
    0x00019478   0x00019478   0x00000056   Code   RO         5539    .text               mc_w.l(__dczerorl2.o)
    0x000194ce   0x000194ce   0x00000002   PAD
    0x000194d0   0x000194d0   0x00000038   Code   RO          419    i.ADC_CallBack      app_adc.o
    0x00019508   0x00019508   0x00000038   Code   RO          420    i.ADC_CreateTimer   app_adc.o
    0x00019540   0x00019540   0x0000002c   Code   RO          421    i.ADC_DeinitDriver  app_adc.o
    0x0001956c   0x0001956c   0x00000014   Code   RO          422    i.ADC_HandleTimer   app_adc.o
    0x00019580   0x00019580   0x00000054   Code   RO          423    i.ADC_Init          app_adc.o
    0x000195d4   0x000195d4   0x00000034   Code   RO          424    i.ADC_Task          app_adc.o
    0x00019608   0x00019608   0x0000002e   Code   RO          677    i.BLECB_ADCChange   cambien_service.o
    0x00019636   0x00019636   0x0000001e   Code   RO          678    i.BLECB_CheckError  cambien_service.o
    0x00019654   0x00019654   0x00000100   Code   RO          679    i.BLECB_Init        cambien_service.o
    0x00019754   0x00019754   0x0000002e   Code   RO          680    i.BLECB_MagneticChange  cambien_service.o
    0x00019782   0x00019782   0x0000002e   Code   RO          681    i.BLECB_PIRChange   cambien_service.o
    0x000197b0   0x000197b0   0x0000009c   Code   RO          537    i.BLE_AdvertisingInit  ble_spec.o
    0x0001984c   0x0001984c   0x00000018   Code   RO          538    i.BLE_AdvertisingStart  ble_spec.o
    0x00019864   0x00019864   0x00000004   Code   RO          539    i.BLE_ConnParamsErrorHandler  ble_spec.o
    0x00019868   0x00019868   0x0000004c   Code   RO          540    i.BLE_ConnParamsInit  ble_spec.o
    0x000198b4   0x000198b4   0x000000c4   Code   RO          541    i.BLE_EvtHandler    ble_spec.o
    0x00019978   0x00019978   0x00000060   Code   RO          542    i.BLE_GapParamsInit  ble_spec.o
    0x000199d8   0x000199d8   0x00000016   Code   RO          543    i.BLE_GattInit      ble_spec.o
    0x000199ee   0x000199ee   0x00000002   PAD
    0x000199f0   0x000199f0   0x0000001c   Code   RO          544    i.BLE_OnConnParamsEvt  ble_spec.o
    0x00019a0c   0x00019a0c   0x00000074   Code   RO          545    i.BLE_ServicesInit  ble_spec.o
    0x00019a80   0x00019a80   0x0000002e   Code   RO          546    i.BLE_StackInit     ble_spec.o
    0x00019aae   0x00019aae   0x00000002   PAD
    0x00019ab0   0x00019ab0   0x00000164   Code   RO         2241    i.GPIOTE_IRQHandler  nrfx_gpiote.o
    0x00019c14   0x00019c14   0x00000010   Code   RO          901    i.LED_Config        app_led.o
    0x00019c24   0x00019c24   0x00000054   Code   RO          902    i.LED_Task          app_led.o
    0x00019c78   0x00019c78   0x0000000e   Code   RO          903    i.LED_Turn_off      app_led.o
    0x00019c86   0x00019c86   0x0000000e   Code   RO          904    i.LED_Turn_on       app_led.o
    0x00019c94   0x00019c94   0x00000050   Code   RO         2103    i.POWER_CLOCK_IRQHandler  nrfx_clock.o
    0x00019ce4   0x00019ce4   0x00000010   Code   RO         3514    i.RTC1_IRQHandler   drv_rtc.o
    0x00019cf4   0x00019cf4   0x00000148   Code   RO         2912    i.SAADC_IRQHandler  nrfx_saadc.o
    0x00019e3c   0x00019e3c   0x00000004   Code   RO         4906    i.SEGGER_RTT_Init   segger_rtt.o
    0x00019e40   0x00019e40   0x0000005c   Code   RO         4920    i.SEGGER_RTT_WriteNoLock  segger_rtt.o
    0x00019e9c   0x00019e9c   0x00000038   Code   RO          782    i.SENSOR_CreateTimer  app_sensor.o
    0x00019ed4   0x00019ed4   0x00000016   Code   RO          783    i.SENSOR_InterruptInit  app_sensor.o
    0x00019eea   0x00019eea   0x00000002   PAD
    0x00019eec   0x00019eec   0x0000001c   Code   RO          784    i.SENSOR_MagneticGetInitialValue  app_sensor.o
    0x00019f08   0x00019f08   0x0000002c   Code   RO          785    i.SENSOR_MagneticHandle  app_sensor.o
    0x00019f34   0x00019f34   0x00000030   Code   RO          786    i.SENSOR_MagneticInit  app_sensor.o
    0x00019f64   0x00019f64   0x000000ac   Code   RO          787    i.SENSOR_MagneticTask  app_sensor.o
    0x0001a010   0x0001a010   0x00000034   Code   RO          788    i.SENSOR_PIR_OUT1Init  app_sensor.o
    0x0001a044   0x0001a044   0x00000034   Code   RO          789    i.SENSOR_PIR_OUT2Init  app_sensor.o
    0x0001a078   0x0001a078   0x00000018   Code   RO          790    i.SENSOR_PIR_Out1Handle  app_sensor.o
    0x0001a090   0x0001a090   0x00000018   Code   RO          791    i.SENSOR_PIR_Out2Handle  app_sensor.o
    0x0001a0a8   0x0001a0a8   0x00000010   Code   RO          793    i.SENSOR_TickCount  app_sensor.o
    0x0001a0b8   0x0001a0b8   0x00000004   Code   RO         5254    i.SWI2_IRQHandler   nrf_sdh.o
    0x0001a0bc   0x0001a0bc   0x000001a8   Code   RO           14    i.SystemInit        system_nrf52811.o
    0x0001a264   0x0001a264   0x0000000c   Code   RO         2510    i.UARTE0_UART0_IRQHandler  nrfx_prs.o
    0x0001a270   0x0001a270   0x00000068   Code   RO         4924    i._DoInit           segger_rtt.o
    0x0001a2d8   0x0001a2d8   0x00000016   Code   RO         4925    i._GetAvailWriteSpace  segger_rtt.o
    0x0001a2ee   0x0001a2ee   0x0000005a   Code   RO         4927    i._WriteBlocking    segger_rtt.o
    0x0001a348   0x0001a348   0x00000042   Code   RO         4928    i._WriteNoCheck     segger_rtt.o
    0x0001a38a   0x0001a38a   0x0000000e   Code   RO         5533    i.__scatterload_copy  mc_w.l(handlers.o)
    0x0001a398   0x0001a398   0x00000002   Code   RO         5534    i.__scatterload_null  mc_w.l(handlers.o)
    0x0001a39a   0x0001a39a   0x0000000e   Code   RO         5535    i.__scatterload_zeroinit  mc_w.l(handlers.o)
    0x0001a3a8   0x0001a3a8   0x00000024   Code   RO         5255    i.__sd_nvic_app_accessible_irq  nrf_sdh.o
    0x0001a3cc   0x0001a3cc   0x00000084   Code   RO         3214    i.app_error_fault_handler  app_error_weak.o
    0x0001a450   0x0001a450   0x00000016   Code   RO         3154    i.app_error_handler_bare  app_error.o
    0x0001a466   0x0001a466   0x00000002   PAD
    0x0001a468   0x0001a468   0x0000000c   Code   RO         3305    i.app_timer_cnt_get  app_timer2.o
    0x0001a474   0x0001a474   0x00000016   Code   RO         3306    i.app_timer_create  app_timer2.o
    0x0001a48a   0x0001a48a   0x00000002   PAD
    0x0001a48c   0x0001a48c   0x0000005c   Code   RO         3307    i.app_timer_init    app_timer2.o
    0x0001a4e8   0x0001a4e8   0x00000030   Code   RO         3310    i.app_timer_start   app_timer2.o
    0x0001a518   0x0001a518   0x0000000c   Code   RO         3311    i.app_timer_stop    app_timer2.o
    0x0001a524   0x0001a524   0x00000048   Code   RO         3446    i.app_util_critical_region_enter  app_util_platform.o
    0x0001a56c   0x0001a56c   0x00000034   Code   RO         3447    i.app_util_critical_region_exit  app_util_platform.o
    0x0001a5a0   0x0001a5a0   0x00000088   Code   RO         2564    i.apply_config      nrfx_uart.o
    0x0001a628   0x0001a628   0x00000088   Code   RO         2752    i.apply_config      nrfx_uarte.o
    0x0001a6b0   0x0001a6b0   0x00000182   Code   RO         1139    i.ble_advdata_encode  ble_advdata.o
    0x0001a832   0x0001a832   0x00000002   PAD
    0x0001a834   0x0001a834   0x00000068   Code   RO         1246    i.ble_conn_params_init  ble_conn_params.o
    0x0001a89c   0x0001a89c   0x00000060   Code   RO         1145    i.ble_device_addr_encode  ble_advdata.o
    0x0001a8fc   0x0001a8fc   0x0000013c   Code   RO         1716    i.ble_dis_init      ble_dis.o
    0x0001aa38   0x0001aa38   0x000000fc   Code   RO         1248    i.ble_evt_handler   ble_conn_params.o
    0x0001ab34   0x0001ab34   0x00000118   Code   RO         1342    i.ble_evt_handler   ble_conn_state.o
    0x0001ac4c   0x0001ac4c   0x00000012   Code   RO         1495    i.ble_srv_ascii_to_utf8  ble_srv_common.o
    0x0001ac5e   0x0001ac5e   0x00000008   Code   RO         1497    i.ble_srv_is_notification_enabled  ble_srv_common.o
    0x0001ac66   0x0001ac66   0x00000002   PAD
    0x0001ac68   0x0001ac68   0x00000090   Code   RO         4661    i.buf_prealloc      nrf_log_frontend.o
    0x0001acf8   0x0001acf8   0x0000002e   Code   RO         4070    i.buffer_add        nrf_fprintf_format.o
    0x0001ad26   0x0001ad26   0x00000002   PAD
    0x0001ad28   0x0001ad28   0x00000014   Code   RO         4662    i.buffer_is_empty   nrf_log_frontend.o
    0x0001ad3c   0x0001ad3c   0x0000001c   Code   RO         2242    i.channel_free      nrfx_gpiote.o
    0x0001ad58   0x0001ad58   0x00000048   Code   RO         2243    i.channel_port_alloc  nrfx_gpiote.o
    0x0001ada0   0x0001ada0   0x00000010   Code   RO         2244    i.channel_port_get  nrfx_gpiote.o
    0x0001adb0   0x0001adb0   0x00000060   Code   RO         1717    i.char_add          ble_dis.o
    0x0001ae10   0x0001ae10   0x00000190   Code   RO         1499    i.characteristic_add  ble_srv_common.o
    0x0001afa0   0x0001afa0   0x00000028   Code   RO         1757    i.clock_clk_started_notify  nrf_drv_clock.o
    0x0001afc8   0x0001afc8   0x0000001c   Code   RO         1758    i.clock_irq_handler  nrf_drv_clock.o
    0x0001afe4   0x0001afe4   0x00000018   Code   RO         3313    i.compare_func      app_timer2.o
    0x0001affc   0x0001affc   0x0000003e   Code   RO         1343    i.conn_handle_list_get  ble_conn_state.o
    0x0001b03a   0x0001b03a   0x00000088   Code   RO         1146    i.conn_int_encode   ble_advdata.o
    0x0001b0c2   0x0001b0c2   0x00000002   PAD
    0x0001b0c4   0x0001b0c4   0x00000048   Code   RO         1249    i.conn_params_negotiation  ble_conn_params.o
    0x0001b10c   0x0001b10c   0x00000014   Code   RO         4663    i.dropped_sat16_get  nrf_log_frontend.o
    0x0001b120   0x0001b120   0x00000014   Code   RO         3515    i.drv_rtc_compare_disable  drv_rtc.o
    0x0001b134   0x0001b134   0x0000000e   Code   RO         3517    i.drv_rtc_compare_pending  drv_rtc.o
    0x0001b142   0x0001b142   0x00000050   Code   RO         3518    i.drv_rtc_compare_set  drv_rtc.o
    0x0001b192   0x0001b192   0x00000008   Code   RO         3519    i.drv_rtc_counter_get  drv_rtc.o
    0x0001b19a   0x0001b19a   0x00000002   PAD
    0x0001b19c   0x0001b19c   0x000000d4   Code   RO         3520    i.drv_rtc_init      drv_rtc.o
    0x0001b270   0x0001b270   0x0000001a   Code   RO         3521    i.drv_rtc_irq_trigger  drv_rtc.o
    0x0001b28a   0x0001b28a   0x00000008   Code   RO         3523    i.drv_rtc_overflow_enable  drv_rtc.o
    0x0001b292   0x0001b292   0x00000008   Code   RO         3524    i.drv_rtc_overflow_pending  drv_rtc.o
    0x0001b29a   0x0001b29a   0x00000008   Code   RO         3525    i.drv_rtc_start     drv_rtc.o
    0x0001b2a2   0x0001b2a2   0x00000008   Code   RO         3526    i.drv_rtc_stop      drv_rtc.o
    0x0001b2aa   0x0001b2aa   0x000000de   Code   RO         3531    i.drv_rtc_windowed_compare_set  drv_rtc.o
    0x0001b388   0x0001b388   0x00000012   Code   RO         3532    i.evt_enable        drv_rtc.o
    0x0001b39a   0x0001b39a   0x00000014   Code   RO         3533    i.evt_pending       drv_rtc.o
    0x0001b3ae   0x0001b3ae   0x0000000a   Code   RO         1344    i.flag_toggle       ble_conn_state.o
    0x0001b3b8   0x0001b3b8   0x00000034   Code   RO         3314    i.get_now           app_timer2.o
    0x0001b3ec   0x0001b3ec   0x00000014   Code   RO         1250    i.instance_get      ble_conn_params.o
    0x0001b400   0x0001b400   0x000000a6   Code   RO         4071    i.int_print         nrf_fprintf_format.o
    0x0001b4a6   0x0001b4a6   0x00000002   PAD
    0x0001b4a8   0x0001b4a8   0x00000084   Code   RO         2753    i.interrupts_enable  nrfx_uarte.o
    0x0001b52c   0x0001b52c   0x00000034   Code   RO         4664    i.invalid_packets_omit  nrf_log_frontend.o
    0x0001b560   0x0001b560   0x00000044   Code   RO         1251    i.is_conn_params_ok  ble_conn_params.o
    0x0001b5a4   0x0001b5a4   0x0000000e   Code   RO         1557    i.link_init         nrf_ble_gatt.o
    0x0001b5b2   0x0001b5b2   0x0000001a   Code   RO           97    i.log_init          main.o
    0x0001b5cc   0x0001b5cc   0x0000009c   Code   RO         4665    i.log_skip          nrf_log_frontend.o
    0x0001b668   0x0001b668   0x00000074   Code   RO           98    i.main              main.o
    0x0001b6dc   0x0001b6dc   0x00000064   Code   RO         1147    i.manuf_specific_data_encode  ble_advdata.o
    0x0001b740   0x0001b740   0x0000007e   Code   RO         4110    i.memobj_op         nrf_memobj.o
    0x0001b7be   0x0001b7be   0x00000002   PAD
    0x0001b7c0   0x0001b7c0   0x00000030   Code   RO         4666    i.module_idx_get    nrf_log_frontend.o
    0x0001b7f0   0x0001b7f0   0x000000a6   Code   RO         1148    i.name_encode       ble_advdata.o
    0x0001b896   0x0001b896   0x00000026   Code   RO         3726    i.nrf_atfifo_init   nrf_atfifo.o
    0x0001b8bc   0x0001b8bc   0x00000016   Code   RO         3727    i.nrf_atfifo_item_alloc  nrf_atfifo.o
    0x0001b8d2   0x0001b8d2   0x00000016   Code   RO         3728    i.nrf_atfifo_item_free  nrf_atfifo.o
    0x0001b8e8   0x0001b8e8   0x00000016   Code   RO         3729    i.nrf_atfifo_item_get  nrf_atfifo.o
    0x0001b8fe   0x0001b8fe   0x00000016   Code   RO         3730    i.nrf_atfifo_item_put  nrf_atfifo.o
    0x0001b914   0x0001b914   0x00000016   Code   RO         3792    i.nrf_atflags_clear  nrf_atflags.o
    0x0001b92a   0x0001b92a   0x00000016   Code   RO         3797    i.nrf_atflags_get   nrf_atflags.o
    0x0001b940   0x0001b940   0x00000014   Code   RO         3799    i.nrf_atflags_set   nrf_atflags.o
    0x0001b954   0x0001b954   0x00000006   Code   RO         3860    i.nrf_atomic_flag_clear_fetch  nrf_atomic.o
    0x0001b95a   0x0001b95a   0x00000006   Code   RO         3861    i.nrf_atomic_flag_set  nrf_atomic.o
    0x0001b960   0x0001b960   0x0000000c   Code   RO         3863    i.nrf_atomic_u32_add  nrf_atomic.o
    0x0001b96c   0x0001b96c   0x0000000c   Code   RO         3864    i.nrf_atomic_u32_and  nrf_atomic.o
    0x0001b978   0x0001b978   0x0000000a   Code   RO         3867    i.nrf_atomic_u32_fetch_and  nrf_atomic.o
    0x0001b982   0x0001b982   0x0000000a   Code   RO         3869    i.nrf_atomic_u32_fetch_store  nrf_atomic.o
    0x0001b98c   0x0001b98c   0x0000000c   Code   RO         3873    i.nrf_atomic_u32_or  nrf_atomic.o
    0x0001b998   0x0001b998   0x0000000c   Code   RO         3875    i.nrf_atomic_u32_sub  nrf_atomic.o
    0x0001b9a4   0x0001b9a4   0x00000044   Code   RO         3994    i.nrf_balloc_alloc  nrf_balloc.o
    0x0001b9e8   0x0001b9e8   0x00000030   Code   RO         3995    i.nrf_balloc_free   nrf_balloc.o
    0x0001ba18   0x0001ba18   0x00000030   Code   RO         3996    i.nrf_balloc_init   nrf_balloc.o
    0x0001ba48   0x0001ba48   0x00000010   Code   RO         2245    i.nrf_bitmask_bit_is_set  nrfx_gpiote.o
    0x0001ba58   0x0001ba58   0x00000014   Code   RO         2246    i.nrf_bitmask_bit_set  nrfx_gpiote.o
    0x0001ba6c   0x0001ba6c   0x00000022   Code   RO         1561    i.nrf_ble_gatt_init  nrf_ble_gatt.o
    0x0001ba8e   0x0001ba8e   0x00000002   PAD
    0x0001ba90   0x0001ba90   0x000000f4   Code   RO         1562    i.nrf_ble_gatt_on_ble_evt  nrf_ble_gatt.o
    0x0001bb84   0x0001bb84   0x0000000e   Code   RO         2104    i.nrf_clock_event_check  nrfx_clock.o
    0x0001bb92   0x0001bb92   0x00000010   Code   RO         2105    i.nrf_clock_event_clear  nrfx_clock.o
    0x0001bba2   0x0001bba2   0x00000002   PAD
    0x0001bba4   0x0001bba4   0x00000038   Code   RO         1765    i.nrf_drv_clock_init  nrf_drv_clock.o
    0x0001bbdc   0x0001bbdc   0x00000030   Code   RO         1769    i.nrf_drv_clock_lfclk_release  nrf_drv_clock.o
    0x0001bc0c   0x0001bc0c   0x00000068   Code   RO         1912    i.nrf_drv_uart_init  nrf_drv_uart.o
    0x0001bc74   0x0001bc74   0x0000001a   Code   RO         4031    i.nrf_fprintf       nrf_fprintf.o
    0x0001bc8e   0x0001bc8e   0x00000018   Code   RO         4032    i.nrf_fprintf_buffer_flush  nrf_fprintf.o
    0x0001bca6   0x0001bca6   0x000001da   Code   RO         4072    i.nrf_fprintf_fmt   nrf_fprintf_format.o
    0x0001be80   0x0001be80   0x00000024   Code   RO         2247    i.nrf_gpio_cfg      nrfx_gpiote.o
    0x0001bea4   0x0001bea4   0x00000024   Code   RO         2565    i.nrf_gpio_cfg      nrfx_uart.o
    0x0001bec8   0x0001bec8   0x00000024   Code   RO         2754    i.nrf_gpio_cfg      nrfx_uarte.o
    0x0001beec   0x0001beec   0x00000012   Code   RO         2566    i.nrf_gpio_cfg_default  nrfx_uart.o
    0x0001befe   0x0001befe   0x00000012   Code   RO         2755    i.nrf_gpio_cfg_default  nrfx_uarte.o
    0x0001bf10   0x0001bf10   0x00000012   Code   RO         2567    i.nrf_gpio_cfg_input  nrfx_uart.o
    0x0001bf22   0x0001bf22   0x00000012   Code   RO         2756    i.nrf_gpio_cfg_input  nrfx_uarte.o
    0x0001bf34   0x0001bf34   0x00000014   Code   RO         2568    i.nrf_gpio_cfg_output  nrfx_uart.o
    0x0001bf48   0x0001bf48   0x00000014   Code   RO         2757    i.nrf_gpio_cfg_output  nrfx_uarte.o
    0x0001bf5c   0x0001bf5c   0x00000022   Code   RO         2249    i.nrf_gpio_cfg_sense_set  nrfx_gpiote.o
    0x0001bf7e   0x0001bf7e   0x00000010   Code   RO          794    i.nrf_gpio_pin_read  app_sensor.o
    0x0001bf8e   0x0001bf8e   0x00000002   PAD
    0x0001bf90   0x0001bf90   0x00000028   Code   RO         2250    i.nrf_gpio_ports_read  nrfx_gpiote.o
    0x0001bfb8   0x0001bfb8   0x00000014   Code   RO         2251    i.nrf_gpiote_event_clear  nrfx_gpiote.o
    0x0001bfcc   0x0001bfcc   0x00000010   Code   RO         2252    i.nrf_gpiote_event_is_set  nrfx_gpiote.o
    0x0001bfdc   0x0001bfdc   0x0000005c   Code   RO         4667    i.nrf_log_backend_add  nrf_log_frontend.o
    0x0001c038   0x0001c038   0x00000002   Code   RO         4445    i.nrf_log_backend_rtt_flush  nrf_log_backend_rtt.o
    0x0001c03a   0x0001c03a   0x00000004   Code   RO         4446    i.nrf_log_backend_rtt_init  nrf_log_backend_rtt.o
    0x0001c03e   0x0001c03e   0x00000002   Code   RO         4447    i.nrf_log_backend_rtt_panic_set  nrf_log_backend_rtt.o
    0x0001c040   0x0001c040   0x00000018   Code   RO         4448    i.nrf_log_backend_rtt_put  nrf_log_backend_rtt.o
    0x0001c058   0x0001c058   0x000000c8   Code   RO         4507    i.nrf_log_backend_serial_put  nrf_log_backend_serial.o
    0x0001c120   0x0001c120   0x00000002   Code   RO         4541    i.nrf_log_backend_uart_flush  nrf_log_backend_uart.o
    0x0001c122   0x0001c122   0x00000006   Code   RO         4542    i.nrf_log_backend_uart_init  nrf_log_backend_uart.o
    0x0001c128   0x0001c128   0x0000002c   Code   RO         4543    i.nrf_log_backend_uart_panic_set  nrf_log_backend_uart.o
    0x0001c154   0x0001c154   0x00000018   Code   RO         4544    i.nrf_log_backend_uart_put  nrf_log_backend_uart.o
    0x0001c16c   0x0001c16c   0x00000030   Code   RO         4669    i.nrf_log_color_id_get  nrf_log_frontend.o
    0x0001c19c   0x0001c19c   0x00000034   Code   RO         4620    i.nrf_log_default_backends_init  nrf_log_default_backends.o
    0x0001c1d0   0x0001c1d0   0x00000234   Code   RO         4670    i.nrf_log_frontend_dequeue  nrf_log_frontend.o
    0x0001c404   0x0001c404   0x00000008   Code   RO         4672    i.nrf_log_frontend_std_0  nrf_log_frontend.o
    0x0001c40c   0x0001c40c   0x0000000e   Code   RO         4673    i.nrf_log_frontend_std_1  nrf_log_frontend.o
    0x0001c41a   0x0001c41a   0x00000010   Code   RO         4674    i.nrf_log_frontend_std_2  nrf_log_frontend.o
    0x0001c42a   0x0001c42a   0x00000002   PAD
    0x0001c42c   0x0001c42c   0x000000b0   Code   RO         4847    i.nrf_log_hexdump_entry_process  nrf_log_str_formatter.o
    0x0001c4dc   0x0001c4dc   0x0000003c   Code   RO         4679    i.nrf_log_init      nrf_log_frontend.o
    0x0001c518   0x0001c518   0x00000014   Code   RO         4680    i.nrf_log_module_cnt_get  nrf_log_frontend.o
    0x0001c52c   0x0001c52c   0x0000001c   Code   RO         4683    i.nrf_log_module_name_get  nrf_log_frontend.o
    0x0001c548   0x0001c548   0x0000002c   Code   RO         4684    i.nrf_log_panic     nrf_log_frontend.o
    0x0001c574   0x0001c574   0x000000b6   Code   RO         4848    i.nrf_log_std_entry_process  nrf_log_str_formatter.o
    0x0001c62a   0x0001c62a   0x00000060   Code   RO         4111    i.nrf_memobj_alloc  nrf_memobj.o
    0x0001c68a   0x0001c68a   0x00000032   Code   RO         4112    i.nrf_memobj_free   nrf_memobj.o
    0x0001c6bc   0x0001c6bc   0x00000008   Code   RO         4113    i.nrf_memobj_get    nrf_memobj.o
    0x0001c6c4   0x0001c6c4   0x00000004   Code   RO         4114    i.nrf_memobj_pool_init  nrf_memobj.o
    0x0001c6c8   0x0001c6c8   0x0000001e   Code   RO         4115    i.nrf_memobj_put    nrf_memobj.o
    0x0001c6e6   0x0001c6e6   0x00000010   Code   RO         4116    i.nrf_memobj_read   nrf_memobj.o
    0x0001c6f6   0x0001c6f6   0x00000010   Code   RO         4117    i.nrf_memobj_write  nrf_memobj.o
    0x0001c706   0x0001c706   0x00000002   PAD
    0x0001c708   0x0001c708   0x00000028   Code   RO         4189    i.nrf_pwr_mgmt_init  nrf_pwr_mgmt.o
    0x0001c730   0x0001c730   0x00000014   Code   RO         4190    i.nrf_pwr_mgmt_run  nrf_pwr_mgmt.o
    0x0001c744   0x0001c744   0x0000001c   Code   RO         4263    i.nrf_ringbuf_init  nrf_ringbuf.o
    0x0001c760   0x0001c760   0x0000000c   Code   RO         3534    i.nrf_rtc_event_clear  drv_rtc.o
    0x0001c76c   0x0001c76c   0x00000010   Code   RO         2913    i.nrf_saadc_buffer_init  nrfx_saadc.o
    0x0001c77c   0x0001c77c   0x00000014   Code   RO         2914    i.nrf_saadc_channel_input_set  nrfx_saadc.o
    0x0001c790   0x0001c790   0x00000010   Code   RO         2915    i.nrf_saadc_event_check  nrfx_saadc.o
    0x0001c7a0   0x0001c7a0   0x00000014   Code   RO         2916    i.nrf_saadc_event_clear  nrfx_saadc.o
    0x0001c7b4   0x0001c7b4   0x00000010   Code   RO         2917    i.nrf_saadc_limit_int_get  nrfx_saadc.o
    0x0001c7c4   0x0001c7c4   0x00000014   Code   RO         5375    i.nrf_sdh_ble_app_ram_start_get  nrf_sdh_ble.o
    0x0001c7d8   0x0001c7d8   0x000000f8   Code   RO         5376    i.nrf_sdh_ble_default_cfg_set  nrf_sdh_ble.o
    0x0001c8d0   0x0001c8d0   0x00000130   Code   RO         5377    i.nrf_sdh_ble_enable  nrf_sdh_ble.o
    0x0001ca00   0x0001ca00   0x0000005c   Code   RO         5378    i.nrf_sdh_ble_evts_poll  nrf_sdh_ble.o
    0x0001ca5c   0x0001ca5c   0x00000074   Code   RO         5257    i.nrf_sdh_enable_request  nrf_sdh.o
    0x0001cad0   0x0001cad0   0x00000024   Code   RO         5258    i.nrf_sdh_evts_poll  nrf_sdh.o
    0x0001caf4   0x0001caf4   0x0000000c   Code   RO         5259    i.nrf_sdh_is_enabled  nrf_sdh.o
    0x0001cb00   0x0001cb00   0x0000003c   Code   RO         5429    i.nrf_sdh_soc_evts_poll  nrf_sdh_soc.o
    0x0001cb3c   0x0001cb3c   0x0000000a   Code   RO         4321    i.nrf_section_iter_init  nrf_section_iter.o
    0x0001cb46   0x0001cb46   0x00000024   Code   RO         4322    i.nrf_section_iter_item_set  nrf_section_iter.o
    0x0001cb6a   0x0001cb6a   0x00000020   Code   RO         4323    i.nrf_section_iter_next  nrf_section_iter.o
    0x0001cb8a   0x0001cb8a   0x00000022   Code   RO         4356    i.nrf_sortlist_add  nrf_sortlist.o
    0x0001cbac   0x0001cbac   0x00000006   Code   RO         4358    i.nrf_sortlist_peek  nrf_sortlist.o
    0x0001cbb2   0x0001cbb2   0x0000000e   Code   RO         4359    i.nrf_sortlist_pop  nrf_sortlist.o
    0x0001cbc0   0x0001cbc0   0x0000001e   Code   RO         4360    i.nrf_sortlist_remove  nrf_sortlist.o
    0x0001cbde   0x0001cbde   0x00000002   PAD
    0x0001cbe0   0x0001cbe0   0x00000038   Code   RO         4412    i.nrf_strerror_find  nrf_strerror.o
    0x0001cc18   0x0001cc18   0x00000014   Code   RO         4413    i.nrf_strerror_get  nrf_strerror.o
    0x0001cc2c   0x0001cc2c   0x0000000a   Code   RO         2569    i.nrf_uart_event_check  nrfx_uart.o
    0x0001cc36   0x0001cc36   0x0000000c   Code   RO         2570    i.nrf_uart_event_clear  nrfx_uart.o
    0x0001cc42   0x0001cc42   0x0000000c   Code   RO         2571    i.nrf_uart_int_enable_check  nrfx_uart.o
    0x0001cc4e   0x0001cc4e   0x0000000a   Code   RO         2758    i.nrf_uarte_event_check  nrfx_uarte.o
    0x0001cc58   0x0001cc58   0x0000000c   Code   RO         2759    i.nrf_uarte_event_clear  nrfx_uarte.o
    0x0001cc64   0x0001cc64   0x0000002c   Code   RO         2110    i.nrfx_clock_enable  nrfx_clock.o
    0x0001cc90   0x0001cc90   0x0000001c   Code   RO         2113    i.nrfx_clock_init   nrfx_clock.o
    0x0001ccac   0x0001ccac   0x0000001c   Code   RO         2116    i.nrfx_clock_lfclk_stop  nrfx_clock.o
    0x0001ccc8   0x0001ccc8   0x00000010   Code   RO         2918    i.nrfx_coredep_delay_us  nrfx_saadc.o
    0x0001ccd8   0x0001ccd8   0x00000010   Code   RO         3535    i.nrfx_coredep_delay_us  drv_rtc.o
    0x0001cce8   0x0001cce8   0x000000a4   Code   RO         2257    i.nrfx_gpiote_in_event_enable  nrfx_gpiote.o
    0x0001cd8c   0x0001cd8c   0x000000d0   Code   RO         2258    i.nrfx_gpiote_in_init  nrfx_gpiote.o
    0x0001ce5c   0x0001ce5c   0x0000006c   Code   RO         2261    i.nrfx_gpiote_init  nrfx_gpiote.o
    0x0001cec8   0x0001cec8   0x00000010   Code   RO         2760    i.nrfx_is_in_ram    nrfx_uarte.o
    0x0001ced8   0x0001ced8   0x0000003a   Code   RO         2511    i.nrfx_prs_acquire  nrfx_prs.o
    0x0001cf12   0x0001cf12   0x00000012   Code   RO         2512    i.nrfx_prs_release  nrfx_prs.o
    0x0001cf24   0x0001cf24   0x000000a4   Code   RO         2920    i.nrfx_saadc_buffer_convert  nrfx_saadc.o
    0x0001cfc8   0x0001cfc8   0x0000008c   Code   RO         2922    i.nrfx_saadc_channel_init  nrfx_saadc.o
    0x0001d054   0x0001d054   0x00000044   Code   RO         2923    i.nrfx_saadc_channel_uninit  nrfx_saadc.o
    0x0001d098   0x0001d098   0x00000094   Code   RO         2924    i.nrfx_saadc_init   nrfx_saadc.o
    0x0001d12c   0x0001d12c   0x00000010   Code   RO         2925    i.nrfx_saadc_is_busy  nrfx_saadc.o
    0x0001d13c   0x0001d13c   0x00000080   Code   RO         2926    i.nrfx_saadc_limits_set  nrfx_saadc.o
    0x0001d1bc   0x0001d1bc   0x0000002c   Code   RO         2927    i.nrfx_saadc_sample  nrfx_saadc.o
    0x0001d1e8   0x0001d1e8   0x0000006c   Code   RO         2930    i.nrfx_saadc_uninit  nrfx_saadc.o
    0x0001d254   0x0001d254   0x00000010   Code   RO         2572    i.nrfx_uart_0_irq_handler  nrfx_uart.o
    0x0001d264   0x0001d264   0x000000d0   Code   RO         2574    i.nrfx_uart_init    nrfx_uart.o
    0x0001d334   0x0001d334   0x000000a8   Code   RO         2580    i.nrfx_uart_tx      nrfx_uart.o
    0x0001d3dc   0x0001d3dc   0x00000020   Code   RO         2582    i.nrfx_uart_tx_in_progress  nrfx_uart.o
    0x0001d3fc   0x0001d3fc   0x000000b4   Code   RO         2583    i.nrfx_uart_uninit  nrfx_uart.o
    0x0001d4b0   0x0001d4b0   0x00000010   Code   RO         2761    i.nrfx_uarte_0_irq_handler  nrfx_uarte.o
    0x0001d4c0   0x0001d4c0   0x0000006c   Code   RO         2763    i.nrfx_uarte_init   nrfx_uarte.o
    0x0001d52c   0x0001d52c   0x000000ac   Code   RO         2767    i.nrfx_uarte_tx     nrfx_uarte.o
    0x0001d5d8   0x0001d5d8   0x0000001c   Code   RO         2769    i.nrfx_uarte_tx_in_progress  nrfx_uarte.o
    0x0001d5f4   0x0001d5f4   0x000000e0   Code   RO         2770    i.nrfx_uarte_uninit  nrfx_uarte.o
    0x0001d6d4   0x0001d6d4   0x0000008c   Code   RO         1563    i.on_connected_evt  nrf_ble_gatt.o
    0x0001d760   0x0001d760   0x000000b0   Code   RO         1564    i.on_exchange_mtu_request_evt  nrf_ble_gatt.o
    0x0001d810   0x0001d810   0x00000018   Code   RO         2278    i.pin_in_use_by_port  nrfx_gpiote.o
    0x0001d828   0x0001d828   0x00000018   Code   RO         2279    i.pin_in_use_by_te  nrfx_gpiote.o
    0x0001d840   0x0001d840   0x00000034   Code   RO         1718    i.pnp_id_encode     ble_dis.o
    0x0001d874   0x0001d874   0x0000003c   Code   RO         4850    i.postfix_process   nrf_log_str_formatter.o
    0x0001d8b0   0x0001d8b0   0x00000014   Code   RO           99    i.power_management_init  main.o
    0x0001d8c4   0x0001d8c4   0x00000098   Code   RO         4851    i.prefix_process    nrf_log_str_formatter.o
    0x0001d95c   0x0001d95c   0x00000018   Code   RO         2513    i.prs_box_get       nrfx_prs.o
    0x0001d974   0x0001d974   0x0000005c   Code   RO         3315    i.rtc_irq           app_timer2.o
    0x0001d9d0   0x0001d9d0   0x00000064   Code   RO         3316    i.rtc_schedule      app_timer2.o
    0x0001da34   0x0001da34   0x00000074   Code   RO         3317    i.rtc_update        app_timer2.o
    0x0001daa8   0x0001daa8   0x00000032   Code   RO         2584    i.rx_byte           nrfx_uart.o
    0x0001dada   0x0001dada   0x00000016   Code   RO         2585    i.rx_done_event     nrfx_uart.o
    0x0001daf0   0x0001daf0   0x00000016   Code   RO         2771    i.rx_done_event     nrfx_uarte.o
    0x0001db06   0x0001db06   0x00000002   PAD
    0x0001db08   0x0001db08   0x00000050   Code   RO         1772    i.sd_state_evt_handler  nrf_drv_clock.o
    0x0001db58   0x0001db58   0x00000030   Code   RO         5264    i.sdh_request_observer_notify  nrf_sdh.o
    0x0001db88   0x0001db88   0x0000002c   Code   RO         5265    i.sdh_state_observer_notify  nrf_sdh.o
    0x0001dbb4   0x0001dbb4   0x00000010   Code   RO         1252    i.send_error_evt    ble_conn_params.o
    0x0001dbc4   0x0001dbc4   0x00000050   Code   RO         4449    i.serial_tx         nrf_log_backend_rtt.o
    0x0001dc14   0x0001dc14   0x00000040   Code   RO         4545    i.serial_tx         nrf_log_backend_uart.o
    0x0001dc54   0x0001dc54   0x00000088   Code   RO         1149    i.service_data_encode  ble_advdata.o
    0x0001dcdc   0x0001dcdc   0x00000030   Code   RO         1501    i.set_security_req  ble_srv_common.o
    0x0001dd0c   0x0001dd0c   0x00000018   Code   RO         1773    i.soc_evt_handler   nrf_drv_clock.o
    0x0001dd24   0x0001dd24   0x00000058   Code   RO         5267    i.softdevices_evt_irq_enable  nrf_sdh.o
    0x0001dd7c   0x0001dd7c   0x0000000c   Code   RO         3318    i.sortlist_pop      app_timer2.o
    0x0001dd88   0x0001dd88   0x0000008c   Code   RO         4686    i.std_n             nrf_log_frontend.o
    0x0001de14   0x0001de14   0x00000042   Code   RO         1719    i.sys_id_encode     ble_dis.o
    0x0001de56   0x0001de56   0x00000002   PAD
    0x0001de58   0x0001de58   0x00000058   Code   RO         3319    i.timer_expire      app_timer2.o
    0x0001deb0   0x0001deb0   0x00000078   Code   RO         3320    i.timer_req_process  app_timer2.o
    0x0001df28   0x0001df28   0x00000038   Code   RO         3321    i.timer_req_schedule  app_timer2.o
    0x0001df60   0x0001df60   0x00000020   Code   RO         2587    i.tx_byte           nrfx_uart.o
    0x0001df80   0x0001df80   0x0000001a   Code   RO         2588    i.tx_done_event     nrfx_uart.o
    0x0001df9a   0x0001df9a   0x0000001a   Code   RO         2772    i.tx_done_event     nrfx_uarte.o
    0x0001dfb4   0x0001dfb4   0x00000030   Code   RO         1913    i.uart_evt_handler  nrf_drv_uart.o
    0x0001dfe4   0x0001dfe4   0x0000000c   Code   RO         4546    i.uart_evt_handler  nrf_log_backend_uart.o
    0x0001dff0   0x0001dff0   0x00000050   Code   RO         4547    i.uart_init         nrf_log_backend_uart.o
    0x0001e040   0x0001e040   0x0000012a   Code   RO         2589    i.uart_irq_handler  nrfx_uart.o
    0x0001e16a   0x0001e16a   0x00000002   PAD
    0x0001e16c   0x0001e16c   0x00000030   Code   RO         1914    i.uarte_evt_handler  nrf_drv_uart.o
    0x0001e19c   0x0001e19c   0x00000112   Code   RO         2773    i.uarte_irq_handler  nrfx_uarte.o
    0x0001e2ae   0x0001e2ae   0x0000000a   Code   RO         1150    i.uint16_encode     ble_advdata.o
    0x0001e2b8   0x0001e2b8   0x000000b4   Code   RO         4073    i.unsigned_print    nrf_fprintf_format.o
    0x0001e36c   0x0001e36c   0x00000068   Code   RO         1253    i.update_timeout_handler  ble_conn_params.o
    0x0001e3d4   0x0001e3d4   0x00000030   Code   RO         1151    i.uuid_list_encode  ble_advdata.o
    0x0001e404   0x0001e404   0x0000009e   Code   RO         1152    i.uuid_list_sized_encode  ble_advdata.o
    0x0001e4a2   0x0001e4a2   0x00000002   PAD
    0x0001e4a4   0x0001e4a4   0x0000001d   Data   RO          426    .constdata          app_adc.o
    0x0001e4c1   0x0001e4c1   0x00000003   PAD
    0x0001e4c4   0x0001e4c4   0x00000004   Data   RO          549    .constdata          ble_spec.o
    0x0001e4c8   0x0001e4c8   0x00000010   Data   RO          682    .constdata          cambien_service.o
    0x0001e4d8   0x0001e4d8   0x00000004   Data   RO          796    .constdata          app_sensor.o
    0x0001e4dc   0x0001e4dc   0x0000000e   Data   RO         1565    .constdata          nrf_ble_gatt.o
    0x0001e4ea   0x0001e4ea   0x00000002   PAD
    0x0001e4ec   0x0001e4ec   0x00000004   Data   RO         2281    .constdata          nrfx_gpiote.o
    0x0001e4f0   0x0001e4f0   0x00000004   Data   RO         2592    .constdata          nrfx_uart.o
    0x0001e4f4   0x0001e4f4   0x00000004   Data   RO         2776    .constdata          nrfx_uarte.o
    0x0001e4f8   0x0001e4f8   0x00000008   PAD
    0x0001e500   0x0001e500   0x00000006   Data   RO         2932    .constdata          nrfx_saadc.o
    0x0001e506   0x0001e506   0x00000002   PAD
    0x0001e508   0x0001e508   0x00000014   Data   RO         3324    .constdata          app_timer2.o
    0x0001e51c   0x0001e51c   0x00000004   PAD
    0x0001e520   0x0001e520   0x00000006   Data   RO         3536    .constdata          drv_rtc.o
    0x0001e526   0x0001e526   0x00000010   Data   RO         4074    .constdata          nrf_fprintf_format.o
    0x0001e536   0x0001e536   0x00000002   PAD
    0x0001e538   0x0001e538   0x00000018   Data   RO         4194    .constdata          nrf_pwr_mgmt.o
    0x0001e550   0x0001e550   0x0000000c   Data   RO         4195    .constdata          nrf_pwr_mgmt.o
    0x0001e55c   0x0001e55c   0x0000013c   Data   RO         4414    .constdata          nrf_strerror.o
    0x0001e698   0x0001e698   0x0000000c   Data   RO         4451    .constdata          nrf_log_backend_rtt.o
    0x0001e6a4   0x0001e6a4   0x0000000c   PAD
    0x0001e6b0   0x0001e6b0   0x00000006   Data   RO         4452    .constdata          nrf_log_backend_rtt.o
    0x0001e6b6   0x0001e6b6   0x00000002   PAD
    0x0001e6b8   0x0001e6b8   0x0000000c   Data   RO         4549    .constdata          nrf_log_backend_uart.o
    0x0001e6c4   0x0001e6c4   0x00000020   Data   RO         4550    .constdata          nrf_log_backend_uart.o
    0x0001e6e4   0x0001e6e4   0x0000000c   Data   RO         4691    .constdata          nrf_log_frontend.o
    0x0001e6f0   0x0001e6f0   0x00000010   Data   RO         5268    .constdata          nrf_sdh.o
    0x0001e700   0x0001e700   0x00000028   Data   RO         5269    .constdata          nrf_sdh.o
    0x0001e728   0x0001e728   0x00000010   Data   RO         5270    .constdata          nrf_sdh.o
    0x0001e738   0x0001e738   0x00000010   Data   RO         5271    .constdata          nrf_sdh.o
    0x0001e748   0x0001e748   0x00000020   Data   RO         5379    .constdata          nrf_sdh_ble.o
    0x0001e768   0x0001e768   0x00000010   Data   RO         5380    .constdata          nrf_sdh_ble.o
    0x0001e778   0x0001e778   0x00000010   Data   RO         5430    .constdata          nrf_sdh_soc.o
    0x0001e788   0x0001e788   0x0000000c   Data   RO         5431    .constdata          nrf_sdh_soc.o
    0x0001e794   0x0001e794   0x00000081   Data   RO         5472    .constdata          mc_w.l(ctype_o.o)
    0x0001e815   0x0001e815   0x00000003   PAD
    0x0001e818   0x0001e818   0x00000004   Data   RO         5473    .constdata          mc_w.l(ctype_o.o)
    0x0001e81c   0x0001e81c   0x000003eb   Data   RO         4415    .conststring        nrf_strerror.o
    0x0001ec07   0x0001ec07   0x00000001   PAD
    0x0001ec08   0x0001ec08   0x00000066   Data   RO         4852    .conststring        nrf_log_str_formatter.o
    0x0001ec6e   0x0001ec6e   0x00000002   PAD
    0x0001ec70   0x0001ec70   0x00000188   Data   RO         5381    .conststring        nrf_sdh_ble.o
    0x0001edf8   0x0001edf8   0x0000000d   Data   RO         1566    .conststrlit        nrf_ble_gatt.o
    0x0001ee05   0x0001ee05   0x00000003   PAD
    0x0001ee08   0x0001ee08   0x00000006   Data   RO         1779    .conststrlit        nrf_drv_clock.o
    0x0001ee0e   0x0001ee0e   0x00000002   PAD
    0x0001ee10   0x0001ee10   0x00000006   Data   RO         2120    .conststrlit        nrfx_clock.o
    0x0001ee16   0x0001ee16   0x00000002   PAD
    0x0001ee18   0x0001ee18   0x00000007   Data   RO         2285    .conststrlit        nrfx_gpiote.o
    0x0001ee1f   0x0001ee1f   0x00000001   PAD
    0x0001ee20   0x0001ee20   0x00000004   Data   RO         2515    .conststrlit        nrfx_prs.o
    0x0001ee24   0x0001ee24   0x00000005   Data   RO         2595    .conststrlit        nrfx_uart.o
    0x0001ee29   0x0001ee29   0x00000003   PAD
    0x0001ee2c   0x0001ee2c   0x00000006   Data   RO         2779    .conststrlit        nrfx_uarte.o
    0x0001ee32   0x0001ee32   0x00000002   PAD
    0x0001ee34   0x0001ee34   0x00000006   Data   RO         2940    .conststrlit        nrfx_saadc.o
    0x0001ee3a   0x0001ee3a   0x00000002   PAD
    0x0001ee3c   0x0001ee3c   0x0000000b   Data   RO         3078    .conststrlit        app_button.o
    0x0001ee47   0x0001ee47   0x00000001   PAD
    0x0001ee48   0x0001ee48   0x0000000a   Data   RO         3325    .conststrlit        app_timer2.o
    0x0001ee52   0x0001ee52   0x00000002   PAD
    0x0001ee54   0x0001ee54   0x00000009   Data   RO         4196    .conststrlit        nrf_pwr_mgmt.o
    0x0001ee5d   0x0001ee5d   0x00000003   PAD
    0x0001ee60   0x0001ee60   0x00000009   Data   RO         4361    .conststrlit        nrf_sortlist.o
    0x0001ee69   0x0001ee69   0x00000003   PAD
    0x0001ee6c   0x0001ee6c   0x00000021   Data   RO         4621    .conststrlit        nrf_log_default_backends.o
    0x0001ee8d   0x0001ee8d   0x00000003   PAD
    0x0001ee90   0x0001ee90   0x00000004   Data   RO         4692    .conststrlit        nrf_log_frontend.o
    0x0001ee94   0x0001ee94   0x00000008   Data   RO         5272    .conststrlit        nrf_sdh.o
    0x0001ee9c   0x0001ee9c   0x0000000c   Data   RO         5382    .conststrlit        nrf_sdh_ble.o
    0x0001eea8   0x0001eea8   0x0000000c   Data   RO         5432    .conststrlit        nrf_sdh_soc.o
    0x0001eeb4   0x0001eeb4   0x00000020   Data   RO         5531    Region$$Table       anon$$obj.o
    0x0001eed4   0x0001eed4   0x00000020   Data   RO         4624    log_backends        nrf_log_default_backends.o
    0x0001eef4   0x0001eef4   0x00000008   Data   RO         1567    log_const_data      nrf_ble_gatt.o
    0x0001eefc   0x0001eefc   0x00000008   Data   RO         1780    log_const_data      nrf_drv_clock.o
    0x0001ef04   0x0001ef04   0x00000008   Data   RO         2122    log_const_data      nrfx_clock.o
    0x0001ef0c   0x0001ef0c   0x00000008   Data   RO         2286    log_const_data      nrfx_gpiote.o
    0x0001ef14   0x0001ef14   0x00000008   Data   RO         2517    log_const_data      nrfx_prs.o
    0x0001ef1c   0x0001ef1c   0x00000008   Data   RO         2596    log_const_data      nrfx_uart.o
    0x0001ef24   0x0001ef24   0x00000008   Data   RO         2780    log_const_data      nrfx_uarte.o
    0x0001ef2c   0x0001ef2c   0x00000008   Data   RO         2941    log_const_data      nrfx_saadc.o
    0x0001ef34   0x0001ef34   0x00000008   Data   RO         3080    log_const_data      app_button.o
    0x0001ef3c   0x0001ef3c   0x00000008   Data   RO         3328    log_const_data      app_timer2.o
    0x0001ef44   0x0001ef44   0x00000008   Data   RO         4198    log_const_data      nrf_pwr_mgmt.o
    0x0001ef4c   0x0001ef4c   0x00000008   Data   RO         4362    log_const_data      nrf_sortlist.o
    0x0001ef54   0x0001ef54   0x00000008   Data   RO         4695    log_const_data      nrf_log_frontend.o
    0x0001ef5c   0x0001ef5c   0x00000008   Data   RO         5274    log_const_data      nrf_sdh.o
    0x0001ef64   0x0001ef64   0x00000008   Data   RO         5384    log_const_data      nrf_sdh_ble.o
    0x0001ef6c   0x0001ef6c   0x00000008   Data   RO         5433    log_const_data      nrf_sdh_soc.o
    0x0001ef74   0x0001ef74   0x00000014   Data   RO         4696    nrf_balloc          nrf_log_frontend.o
    0x0001ef88   0x0001ef88   0x00000008   Data   RO         1348    sdh_ble_observers0  ble_conn_state.o
    0x0001ef90   0x0001ef90   0x00000008   Data   RO          101    sdh_ble_observers1  main.o
    0x0001ef98   0x0001ef98   0x00000008   Data   RO         1256    sdh_ble_observers1  ble_conn_params.o
    0x0001efa0   0x0001efa0   0x00000008   Data   RO          551    sdh_ble_observers3  ble_spec.o
    0x0001efa8   0x0001efa8   0x00000008   Data   RO         1781    sdh_soc_observers0  nrf_drv_clock.o
    0x0001efb0   0x0001efb0   0x00000008   Data   RO         5385    sdh_stack_observers0  nrf_sdh_ble.o
    0x0001efb8   0x0001efb8   0x00000008   Data   RO         5434    sdh_stack_observers0  nrf_sdh_soc.o
    0x0001efc0   0x0001efc0   0x00000008   Data   RO         1782    sdh_state_observers0  nrf_drv_clock.o


    Execution Region RW_IRAM1 (Exec base: 0x20001ae0, Load base: 0x0001efc8, Size: 0x000014d8, Max: 0x00004520, ABSOLUTE, COMPRESSED[0x00000054])

    Exec Addr    Load Addr    Size         Type   Attr      Idx    E Section Name        Object

    0x20001ae0   COMPRESSED   0x00000004   Data   RW           15    .data               system_nrf52811.o
    0x20001ae4   COMPRESSED   0x00000008   Data   RW          427    .data               app_adc.o
    0x20001aec   COMPRESSED   0x00000014   Data   RW          550    .data               ble_spec.o
    0x20001b00   COMPRESSED   0x00000018   Data   RW          797    .data               app_sensor.o
    0x20001b18   COMPRESSED   0x00000008   Data   RW          905    .data               app_led.o
    0x20001b20   COMPRESSED   0x00000008   Data   RW         1255    .data               ble_conn_params.o
    0x20001b28   COMPRESSED   0x0000004a   Data   RW         1720    .data               ble_dis.o
    0x20001b72   COMPRESSED   0x00000002   PAD
    0x20001b74   COMPRESSED   0x0000000c   Data   RW         1915    .data               nrf_drv_uart.o
    0x20001b80   COMPRESSED   0x00000008   Data   RW         2121    .data               nrfx_clock.o
    0x20001b88   COMPRESSED   0x00000008   Data   RW         2516    .data               nrfx_prs.o
    0x20001b90   COMPRESSED   0x00000020   Data   RW         3326    .data               app_timer2.o
    0x20001bb0   COMPRESSED   0x00000004   Data   RW         3327    .data               app_timer2.o
    0x20001bb4   COMPRESSED   0x0000000c   Data   RW         3537    .data               drv_rtc.o
    0x20001bc0   COMPRESSED   0x00000008   Data   RW         4197    .data               nrf_pwr_mgmt.o
    0x20001bc8   COMPRESSED   0x00000001   Data   RW         4453    .data               nrf_log_backend_rtt.o
    0x20001bc9   COMPRESSED   0x00000003   PAD
    0x20001bcc   COMPRESSED   0x00000018   Data   RW         4551    .data               nrf_log_backend_uart.o
    0x20001be4   COMPRESSED   0x00000008   Data   RW         4622    .data               nrf_log_default_backends.o
    0x20001bec   COMPRESSED   0x00000008   Data   RW         4623    .data               nrf_log_default_backends.o
    0x20001bf4   COMPRESSED   0x00000008   Data   RW         4693    .data               nrf_log_frontend.o
    0x20001bfc   COMPRESSED   0x00000008   Data   RW         4694    .data               nrf_log_frontend.o
    0x20001c04   COMPRESSED   0x00000040   Data   RW         4853    .data               nrf_log_str_formatter.o
    0x20001c44   COMPRESSED   0x00000003   Data   RW         5273    .data               nrf_sdh.o
    0x20001c47   COMPRESSED   0x00000001   Data   RW         5383    .data               nrf_sdh_ble.o
    0x20001c48        -       0x0000002c   Zero   RW          100    .bss                main.o
    0x20001c74   COMPRESSED   0x00000004   PAD
    0x20001c78        -       0x00000020   Zero   RW          425    .bss                app_adc.o
    0x20001c98        -       0x0000001f   Zero   RW          547    .bss                ble_spec.o
    0x20001cb7        -       0x0000001f   Zero   RW          548    .bss                ble_spec.o
    0x20001cd6   COMPRESSED   0x00000002   PAD
    0x20001cd8        -       0x00000020   Zero   RW          795    .bss                app_sensor.o
    0x20001cf8        -       0x00000050   Zero   RW         1254    .bss                ble_conn_params.o
    0x20001d48        -       0x0000007c   Zero   RW         1347    .bss                ble_conn_state.o
    0x20001dc4        -       0x00000014   Zero   RW         1774    .bss                nrf_drv_clock.o
    0x20001dd8        -       0x0000005c   Zero   RW         2280    .bss                nrfx_gpiote.o
    0x20001e34        -       0x0000002c   Zero   RW         2590    .bss                nrfx_uart.o
    0x20001e60        -       0x00000024   Zero   RW         2774    .bss                nrfx_uarte.o
    0x20001e84        -       0x00000030   Zero   RW         2931    .bss                nrfx_saadc.o
    0x20001eb4        -       0x00000010   Zero   RW         3322    .bss                app_timer2.o
    0x20001ec4        -       0x00000058   Zero   RW         3323    .bss                app_timer2.o
    0x20001f1c        -       0x0000000c   Zero   RW         3452    .bss                app_util_platform.o
    0x20001f28        -       0x0000000c   Zero   RW         4193    .bss                nrf_pwr_mgmt.o
    0x20001f34        -       0x00000040   Zero   RW         4450    .bss                nrf_log_backend_rtt.o
    0x20001f74        -       0x00000040   Zero   RW         4548    .bss                nrf_log_backend_uart.o
    0x20001fb4        -       0x000000c0   Zero   RW         4687    .bss                nrf_log_frontend.o
    0x20002074        -       0x00000080   Zero   RW         4688    .bss                nrf_log_frontend.o
    0x200020f4        -       0x00000018   Zero   RW         4689    .bss                nrf_log_frontend.o
    0x2000210c        -       0x00000424   Zero   RW         4690    .bss                nrf_log_frontend.o
    0x20002530        -       0x00000288   Zero   RW         4929    .bss                segger_rtt.o
    0x200027b8        -       0x00000800   Zero   RW            1    STACK               arm_startup_nrf52811.o


==============================================================================

Image component sizes


      Code (inc. data)   RO Data    RW Data    ZI Data      Debug   Object Name

       312         54         29          8         32      72388   app_adc.o
         0          0         19          0          0       1743   app_button.o
        22          0          0          0          0       2313   app_error.o
       132         46          0          0          0       3830   app_error_weak.o
       128         28          0          8          0       6370   app_led.o
       554         96          4         24         32      16318   app_sensor.o
       846         88         38         36        104      15113   app_timer2.o
       124         14          0          0         12       9306   app_util_platform.o
        36          8        512          0       2048        888   arm_startup_nrf52811.o
      1236          0          0          0          0      50519   ble_advdata.o
       636         44          8          8         80      10691   ble_conn_params.o
       352          6          8          0        124       5889   ble_conn_state.o
       530         12          0         74          0       5111   ble_dis.o
       764        108         12         20         62      54115   ble_spec.o
       474          6          0          0          0       3691   ble_srv_common.o
         0          0          0          0          0       5984   boards.o
       424          4         16          0          0      43331   cambien_service.o
       696         76          6         12          0      41773   drv_rtc.o
       162          6          8          0         44     109544   main.o
       326          0          0          0          0       5323   nrf_atfifo.o
        64          0          0          0          0       2632   nrf_atflags.o
       306          0          0          0          0       7123   nrf_atomic.o
       164          0          0          0          0       3304   nrf_balloc.o
       608        186         35          0          0       7019   nrf_ble_gatt.o
       276         34         30          0         20      36056   nrf_drv_clock.o
       200         26          0         12          0      17212   nrf_drv_uart.o
        50          0          0          0          0       3249   nrf_fprintf.o
       866          4         16          0          0       6126   nrf_fprintf_format.o
       112         18         18          1         64       5469   nrf_log_backend_rtt.o
       200          0          0          0          0      10625   nrf_log_backend_serial.o
       232         42         44         24         64      20042   nrf_log_backend_uart.o
        52          6         65         16          0       3269   nrf_log_default_backends.o
      1474        114         44         16       1404      27918   nrf_log_frontend.o
       570        108        102         64          0       5184   nrf_log_str_formatter.o
       346          0          0          0          0       8767   nrf_memobj.o
        60         12         53          8         12       4639   nrf_pwr_mgmt.o
        28          0          0          0          0       2183   nrf_ringbuf.o
       384         46        104          3          0      35914   nrf_sdh.o
       664        230        468          1          0       5385   nrf_sdh_ble.o
        60          4         56          0          0       2280   nrf_sdh_soc.o
        78          0          0          0          0       2452   nrf_section_iter.o
        84          0         17          0          0       3637   nrf_sortlist.o
        76         10       1319          0          0       2459   nrf_strerror.o
       210         30         14          8          0      39958   nrfx_clock.o
      1182         86         19          0         92      53861   nrfx_gpiote.o
       112         16         12          8          0       4024   nrfx_prs.o
      1248        108         20          0         48      22198   nrfx_saadc.o
      1294         42         17          0         44      28245   nrfx_uart.o
      1268         42         18          0         36      23967   nrfx_uarte.o
       378         34          0          0        648       8277   segger_rtt.o
       424         48          0          4          0      55258   system_nrf52811.o

    ----------------------------------------------------------------------
     20870       1842       3228        360       4976     922972   Object Totals
         0          0         32          0          0          0   (incl. Generated)
        46          0         65          5          6          0   (incl. Padding)

    ----------------------------------------------------------------------

      Code (inc. data)   RO Data    RW Data    ZI Data      Debug   Library Member Name

        86          0          0          0          0          0   __dczerorl2.o
         8          4        133          0          0         68   ctype_o.o
         0          0          0          0          0          0   entry.o
         0          0          0          0          0          0   entry10a.o
         0          0          0          0          0          0   entry11a.o
         8          4          0          0          0          0   entry2.o
         4          0          0          0          0          0   entry5.o
         0          0          0          0          0          0   entry7b.o
         0          0          0          0          0          0   entry8b.o
         8          4          0          0          0          0   entry9a.o
        30          0          0          0          0          0   handlers.o
        36          8          0          0          0         68   init.o
        36          0          0          0          0         68   memcpya.o
        36          0          0          0          0        108   memseta.o
        18          0          0          0          0         68   strcpy.o
        14          0          0          0          0         68   strlen.o

    ----------------------------------------------------------------------
       286         20        136          0          0        448   Library Totals
         2          0          3          0          0          0   (incl. Padding)

    ----------------------------------------------------------------------

      Code (inc. data)   RO Data    RW Data    ZI Data      Debug   Library Name

       284         20        133          0          0        448   mc_w.l

    ----------------------------------------------------------------------
       286         20        136          0          0        448   Library Totals

    ----------------------------------------------------------------------

==============================================================================


      Code (inc. data)   RO Data    RW Data    ZI Data      Debug   

     21156       1862       3364        360       4976     908468   Grand Totals
     21156       1862       3364         84       4976     908468   ELF Image Totals (compressed)
     21156       1862       3364         84          0          0   ROM Totals

==============================================================================

    Total RO  Size (Code + RO Data)                24520 (  23.95kB)
    Total RW  Size (RW Data + ZI Data)              5336 (   5.21kB)
    Total ROM Size (Code + RO Data + RW Data)      24604 (  24.03kB)

==============================================================================

