<html>
<body>
<pre>
<h1>µVision Build Log</h1>
<h2>Tool Versions:</h2>
IDE-Version: µVision V5.29.0.0
Copyright (C) 2019 ARM Ltd and ARM Germany GmbH. All rights reserved.
License Information: nguyen dao, mkp, LIC=JL2UH-WI03A-1PEZ5-GVNEE-8UHX0-Q64NL
 
Tool Versions:
Toolchain:       MDK-ARM Plus  Version: 5.29.0.0
Toolchain Path:  C:\Keil_v5\ARM\ARMCC\Bin
C Compiler:      Armcc.exe V5.06 update 6 (build 750)
Assembler:       Armasm.exe V5.06 update 6 (build 750)
Linker/Locator:  ArmLink.exe V5.06 update 6 (build 750)
Library Manager: ArmAr.exe V5.06 update 6 (build 750)
Hex Converter:   FromElf.exe V5.06 update 6 (build 750)
CPU DLL:         
Dialog DLL:      
Target DLL:      Segger\JL2CM3.dll V2.99.36.0
Dialog DLL:      TCM.DLL V1.36.5.0
 
<h2>Project:</h2>
D:\NRF_SDK\examples\ble_peripheral\ble_app_CBCD\pca10056e\s112\arm4\ble_app_blinky_pca10056e_s112.uvproj
Project File Date:  10/10/2020

<h2>Output:</h2>
*** Using Compiler 'V5.06 update 6 (build 750)', folder: 'C:\Keil_v5\ARM\ARMCC\Bin'
Build target 'nrf52811_xxaa'
compiling main.c...
compiling app_adc.c...
compiling BLE_spec.c...
..\..\..\BLE_spec.c(196): warning:  #177-D: variable "p_cb"  was declared but never referenced
      ble_cb_t *p_cb = (ble_cb_t *)p_context;
..\..\..\BLE_spec.c: 1 warning, 0 errors
compiling cambien_service.c...
compiling app_led.c...
compiling app_sensor.c...
compiling boards.c...
compiling app_ldr.c...
compiling user_timer.c...
compiling ble_advdata.c...
compiling ble_conn_params.c...
compiling ble_conn_state.c...
compiling ble_lbs.c...
compiling nrf_ble_qwr.c...
compiling nrf_ble_gatt.c...
compiling ble_dis.c...
compiling nrf_drv_uart.c...
compiling nrf_drv_clock.c...
compiling nrfx_atomic.c...
compiling nrfx_clock.c...
compiling nrfx_gpiote.c...
compiling nrfx_prs.c...
compiling nrfx_uart.c...
compiling nrfx_uarte.c...
compiling app_error_handler_keil.c...
compiling nrfx_saadc.c...
compiling app_button.c...
compiling app_error_weak.c...
compiling app_scheduler.c...
compiling app_timer2.c...
compiling hardfault_implementation.c...
compiling drv_rtc.c...
compiling nrf_atfifo.c...
compiling nrf_atflags.c...
compiling nrf_atomic.c...
compiling nrf_balloc.c...
compiling nrf_fprintf_format.c...
compiling nrf_fprintf.c...
compiling nrf_memobj.c...
compiling nrf_section_iter.c...
compiling nrf_ringbuf.c...
compiling nrf_pwr_mgmt.c...
compiling nrf_sortlist.c...
compiling nrf_strerror.c...
compiling nrf_log_backend_rtt.c...
compiling nrf_log_backend_uart.c...
compiling nrf_log_backend_serial.c...
compiling nrf_log_default_backends.c...
compiling nrf_log_frontend.c...
compiling nrf_log_str_formatter.c...
compiling SEGGER_RTT.c...
compiling SEGGER_RTT_Syscalls_KEIL.c...
compiling SEGGER_RTT_printf.c...
compiling nrf_sdh.c...
compiling nrf_sdh_soc.c...
compiling nrf_sdh_ble.c...
linking...
Program Size: Code=13476 RO-data=900 RW-data=284 ZI-data=2732  
FromELF: creating hex file...
".\_build\nrf52811_xxaa.axf" - 0 Error(s), 1 Warning(s).
Build Time Elapsed:  00:01:00
</pre>
</body>
</html>
