Component: ARM Compiler 5.06 update 6 (build 750) Tool: armlink [4d35ed]

==============================================================================

Section Cross References

    arm_startup_nrf52811.o(RESET) refers to arm_startup_nrf52811.o(STACK) for __initial_sp
    arm_startup_nrf52811.o(RESET) refers to arm_startup_nrf52811.o(.text) for Reset_Handler
    arm_startup_nrf52811.o(RESET) refers to nrfx_clock.o(i.POWER_CLOCK_IRQHandler) for POWER_CLOCK_IRQHandler
    arm_startup_nrf52811.o(RESET) refers to nrfx_prs.o(i.UARTE0_UART0_IRQHandler) for UARTE0_UART0_IRQHandler
    arm_startup_nrf52811.o(RESET) refers to nrfx_gpiote.o(i.GPIOTE_IRQHandler) for GPIOTE_IRQHandler
    arm_startup_nrf52811.o(RESET) refers to nrfx_saadc.o(i.SAADC_IRQHandler) for SAADC_IRQHandler
    arm_startup_nrf52811.o(RESET) refers to drv_rtc.o(i.RTC1_IRQHandler) for RTC1_IRQHandler
    arm_startup_nrf52811.o(RESET) refers to nrf_sdh.o(i.SWI2_IRQHandler) for SWI2_IRQHandler
    arm_startup_nrf52811.o(.text) refers to system_nrf52811.o(i.SystemInit) for SystemInit
    arm_startup_nrf52811.o(.text) refers to entry.o(.ARM.Collect$$$$00000000) for __main
    system_nrf52811.o(i.SystemCoreClockUpdate) refers to system_nrf52811.o(.data) for .data
    system_nrf52811.o(i.SystemInit) refers to system_nrf52811.o(.data) for .data
    main.o(i.assert_nrf_callback) refers to app_error_handler_keil.o(.emb_text) for app_error_handler
    main.o(i.log_init) refers to nrf_log_frontend.o(i.nrf_log_init) for nrf_log_init
    main.o(i.log_init) refers to app_error.o(i.app_error_handler_bare) for app_error_handler_bare
    main.o(i.log_init) refers to nrf_log_default_backends.o(i.nrf_log_default_backends_init) for nrf_log_default_backends_init
    main.o(i.main) refers to main.o(i.log_init) for log_init
    main.o(i.main) refers to app_timer2.o(i.app_timer_init) for app_timer_init
    main.o(i.main) refers to app_error.o(i.app_error_handler_bare) for app_error_handler_bare
    main.o(i.main) refers to app_adc.o(i.ADC_CreateTimer) for ADC_CreateTimer
    main.o(i.main) refers to app_sensor.o(i.SENSOR_CreateTimer) for SENSOR_CreateTimer
    main.o(i.main) refers to main.o(i.power_management_init) for power_management_init
    main.o(i.main) refers to app_sensor.o(i.SENSOR_InterruptInit) for SENSOR_InterruptInit
    main.o(i.main) refers to app_sensor.o(i.SENSOR_MagneticGetInitialValue) for SENSOR_MagneticGetInitialValue
    main.o(i.main) refers to app_adc.o(i.ADC_Init) for ADC_Init
    main.o(i.main) refers to ble_spec.o(i.BLE_StackInit) for BLE_StackInit
    main.o(i.main) refers to ble_spec.o(i.BLE_GapParamsInit) for BLE_GapParamsInit
    main.o(i.main) refers to ble_spec.o(i.BLE_GattInit) for BLE_GattInit
    main.o(i.main) refers to ble_spec.o(i.BLE_ServicesInit) for BLE_ServicesInit
    main.o(i.main) refers to ble_spec.o(i.BLE_AdvertisingInit) for BLE_AdvertisingInit
    main.o(i.main) refers to ble_spec.o(i.BLE_ConnParamsInit) for BLE_ConnParamsInit
    main.o(i.main) refers to ble_spec.o(i.BLE_AdvertisingStart) for BLE_AdvertisingStart
    main.o(i.main) refers to app_led.o(i.LED_Config) for LED_Config
    main.o(i.main) refers to app_sensor.o(i.SENSOR_PIR_Task) for SENSOR_PIR_Task
    main.o(i.main) refers to app_adc.o(i.ADC_Task) for ADC_Task
    main.o(i.main) refers to app_led.o(i.LED_Task) for LED_Task
    main.o(i.main) refers to nrf_log_frontend.o(i.nrf_log_frontend_dequeue) for nrf_log_frontend_dequeue
    main.o(i.main) refers to nrf_pwr_mgmt.o(i.nrf_pwr_mgmt_run) for nrf_pwr_mgmt_run
    main.o(i.main) refers to main.o(.bss) for .bss
    main.o(i.power_management_init) refers to nrf_pwr_mgmt.o(i.nrf_pwr_mgmt_init) for nrf_pwr_mgmt_init
    main.o(i.power_management_init) refers to app_error.o(i.app_error_handler_bare) for app_error_handler_bare
    main.o(sdh_ble_observers1) refers to nrf_ble_gatt.o(i.nrf_ble_gatt_on_ble_evt) for nrf_ble_gatt_on_ble_evt
    main.o(sdh_ble_observers1) refers to main.o(.bss) for m_gatt
    app_adc.o(i.ADC_CallBack) refers to nrfx_saadc.o(i.nrfx_saadc_buffer_convert) for nrfx_saadc_buffer_convert
    app_adc.o(i.ADC_CallBack) refers to app_error.o(i.app_error_handler_bare) for app_error_handler_bare
    app_adc.o(i.ADC_CallBack) refers to app_adc.o(.data) for .data
    app_adc.o(i.ADC_CreateTimer) refers to app_timer2.o(i.app_timer_create) for app_timer_create
    app_adc.o(i.ADC_CreateTimer) refers to app_error.o(i.app_error_handler_bare) for app_error_handler_bare
    app_adc.o(i.ADC_CreateTimer) refers to app_timer2.o(i.app_timer_start) for app_timer_start
    app_adc.o(i.ADC_CreateTimer) refers to app_adc.o(i.ADC_HandleTimer) for ADC_HandleTimer
    app_adc.o(i.ADC_CreateTimer) refers to app_adc.o(.constdata) for .constdata
    app_adc.o(i.ADC_DeinitDriver) refers to nrfx_saadc.o(i.nrfx_saadc_is_busy) for nrfx_saadc_is_busy
    app_adc.o(i.ADC_DeinitDriver) refers to nrfx_saadc.o(i.nrfx_saadc_uninit) for nrfx_saadc_uninit
    app_adc.o(i.ADC_DeinitDriver) refers to app_adc.o(.data) for .data
[...]
    m_log_push_ringbuf_buf                   0x20002094   Data         128  nrf_log_frontend.o(.bss)
    .bss                                     0x20002114   Section       24  nrf_log_frontend.o(.bss)
    m_log_push_ringbuf_cb                    0x20002114   Data          24  nrf_log_frontend.o(.bss)
    .bss                                     0x2000212c   Section     1060  nrf_log_frontend.o(.bss)
    m_log_data                               0x2000212c   Data        1060  nrf_log_frontend.o(.bss)
    .bss                                     0x20002550   Section      648  segger_rtt.o(.bss)
    _acUpBuffer                              0x200025c8   Data         512  segger_rtt.o(.bss)
    _acDownBuffer                            0x200027c8   Data          16  segger_rtt.o(.bss)
    STACK                                    0x200027d8   Section     2048  arm_startup_nrf52811.o(STACK)

    Global Symbols

    Symbol Name                              Value     Ov Type        Size  Object(Section)

    BuildAttributes$$THM_ISAv4$E$P$D$K$B$S$7EM$PE$A:L22UL41UL21$X:L11$S22US41US21$IEEE1$IW$USESV6$~STKCKD$USESV7$~SHL$OSPACE$EBA8$MICROLIB$REQ8$EABIv2 0x00000000   Number         0  anon$$obj.o ABSOLUTE
    __ARM_use_no_argv                        0x00000000   Number         0  main.o ABSOLUTE
    __use_no_errno                           0x00000000   Number         0  useno.o ABSOLUTE
    __use_no_exception_handling              0x00000000   Number         0  useno.o ABSOLUTE
    __use_no_fp                              0x00000000   Number         0  useno.o ABSOLUTE
    __use_no_heap                            0x00000000   Number         0  useno.o ABSOLUTE
    __use_no_heap_region                     0x00000000   Number         0  useno.o ABSOLUTE
    __use_no_semihosting                     0x00000000   Number         0  useno.o ABSOLUTE
    __use_no_semihosting_swi                 0x00000000   Number         0  useno.o ABSOLUTE
    __use_no_signal_handling                 0x00000000   Number         0  useno.o ABSOLUTE
    __cpp_initialize__aeabi_                  - Undefined Weak Reference
    __cxa_finalize                            - Undefined Weak Reference
    _clock_init                               - Undefined Weak Reference
    _microlib_exit                            - Undefined Weak Reference
    log_dynamic_data$$Base                    - Undefined Reference
    pwr_mgmt_data0$$Base                      - Undefined Reference
    pwr_mgmt_data0$$Limit                     - Undefined Reference
    pwr_mgmt_data1$$Base                      - Undefined Reference
    pwr_mgmt_data1$$Limit                     - Undefined Reference
    pwr_mgmt_data2$$Base                      - Undefined Reference
    pwr_mgmt_data2$$Limit                     - Undefined Reference
    sdh_ble_observers2$$Base                  - Undefined Reference
    sdh_ble_observers2$$Limit                 - Undefined Reference
    sdh_req_observers0$$Base                  - Undefined Reference
    sdh_req_observers0$$Limit                 - Undefined Reference
    sdh_req_observers1$$Base                  - Undefined Reference
    sdh_req_observers1$$Limit                 - Undefined Reference
    sdh_soc_observers1$$Base                  - Undefined Reference
    sdh_soc_observers1$$Limit                 - Undefined Reference
    sdh_stack_observers1$$Base                - Undefined Reference
    sdh_stack_observers1$$Limit               - Undefined Reference
    sdh_state_observers1$$Base                - Undefined Reference
    sdh_state_observers1$$Limit               - Undefined Reference
    __Vectors_Size                           0x00000200   Number         0  arm_startup_nrf52811.o ABSOLUTE
    __Vectors                                0x00019000   Data           4  arm_startup_nrf52811.o(RESET)
    __Vectors_End                            0x00019200   Data           0  arm_startup_nrf52811.o(RESET)
    __main                                   0x00019201   Thumb Code     0  entry.o(.ARM.Collect$$$$00000000)
    _main_stk                                0x00019201   Thumb Code     0  entry2.o(.ARM.Collect$$$$00000001)
    _main_scatterload                        0x00019205   Thumb Code     0  entry5.o(.ARM.Collect$$$$00000004)
    __main_after_scatterload                 0x00019209   Thumb Code     0  entry5.o(.ARM.Collect$$$$00000004)
    _main_clock                              0x00019209   Thumb Code     0  entry7b.o(.ARM.Collect$$$$00000008)
    _main_cpp_init                           0x00019209   Thumb Code     0  entry8b.o(.ARM.Collect$$$$0000000A)
    _main_init                               0x00019209   Thumb Code     0  entry9a.o(.ARM.Collect$$$$0000000B)
    __rt_final_cpp                           0x00019211   Thumb Code     0  entry10a.o(.ARM.Collect$$$$0000000D)
    __rt_final_exit                          0x00019211   Thumb Code     0  entry11a.o(.ARM.Collect$$$$0000000F)
    __asm___12_nrf_atfifo_c_51f461e1__nrf_atfifo_wspace_req 0x00019215   Thumb Code    56  nrf_atfifo.o(.emb_text)
    __asm___12_nrf_atfifo_c_51f461e1__nrf_atfifo_wspace_close 0x0001924d   Thumb Code    18  nrf_atfifo.o(.emb_text)
    __asm___12_nrf_atfifo_c_51f461e1__nrf_atfifo_rspace_req 0x0001925f   Thumb Code    58  nrf_atfifo.o(.emb_text)
    __asm___12_nrf_atfifo_c_51f461e1__nrf_atfifo_rspace_close 0x00019299   Thumb Code    18  nrf_atfifo.o(.emb_text)
    __asm___12_nrf_atfifo_c_51f461e1__nrf_atfifo_space_clear 0x000192ab   Thumb Code    50  nrf_atfifo.o(.emb_text)
    __asm___12_nrf_atomic_c_85ca2469__nrf_atomic_internal_mov 0x000192dd   Thumb Code    24  nrf_atomic.o(.emb_text)
    __asm___12_nrf_atomic_c_85ca2469__nrf_atomic_internal_orr 0x000192f5   Thumb Code    26  nrf_atomic.o(.emb_text)
    __asm___12_nrf_atomic_c_85ca2469__nrf_atomic_internal_and 0x0001930f   Thumb Code    26  nrf_atomic.o(.emb_text)
    __asm___12_nrf_atomic_c_85ca2469__nrf_atomic_internal_eor 0x00019329   Thumb Code    26  nrf_atomic.o(.emb_text)
    __asm___12_nrf_atomic_c_85ca2469__nrf_atomic_internal_add 0x00019343   Thumb Code    26  nrf_atomic.o(.emb_text)
    __asm___12_nrf_atomic_c_85ca2469__nrf_atomic_internal_sub 0x0001935d   Thumb Code    26  nrf_atomic.o(.emb_text)
    __asm___12_nrf_atomic_c_85ca2469__nrf_atomic_internal_cmp_exch 0x00019377   Thumb Code    42  nrf_atomic.o(.emb_text)
    __asm___12_nrf_atomic_c_85ca2469__nrf_atomic_internal_sub_hs 0x000193a1   Thumb Code    30  nrf_atomic.o(.emb_text)
    Reset_Handler                            0x000193c1   Thumb Code     8  arm_startup_nrf52811.o(.text)
    NMI_Handler                              0x000193c9   Thumb Code     2  arm_startup_nrf52811.o(.text)
    HardFault_Handler                        0x000193cb   Thumb Code     2  arm_startup_nrf52811.o(.text)
    MemoryManagement_Handler                 0x000193cd   Thumb Code     2  arm_startup_nrf52811.o(.text)
    BusFault_Handler                         0x000193cf   Thumb Code     2  arm_startup_nrf52811.o(.text)
    UsageFault_Handler                       0x000193d1   Thumb Code     2  arm_startup_nrf52811.o(.text)
    SVC_Handler                              0x000193d3   Thumb Code     2  arm_startup_nrf52811.o(.text)
    DebugMon_Handler                         0x000193d5   Thumb Code     2  arm_startup_nrf52811.o(.text)
    PendSV_Handler                           0x000193d7   Thumb Code     2  arm_startup_nrf52811.o(.text)
    SysTick_Handler                          0x000193d9   Thumb Code     2  arm_startup_nrf52811.o(.text)
    CCM_AAR_IRQHandler                       0x000193db   Thumb Code     0  arm_startup_nrf52811.o(.text)
    COMP_IRQHandler                          0x000193db   Thumb Code     0  arm_startup_nrf52811.o(.text)
    ECB_IRQHandler                           0x000193db   Thumb Code     0  arm_startup_nrf52811.o(.text)
    PDM_IRQHandler                           0x000193db   Thumb Code     0  arm_startup_nrf52811.o(.text)
    PWM0_IRQHandler                          0x000193db   Thumb Code     0  arm_startup_nrf52811.o(.text)
    QDEC_IRQHandler                          0x000193db   Thumb Code     0  arm_startup_nrf52811.o(.text)
    RADIO_IRQHandler                         0x000193db   Thumb Code     0  arm_startup_nrf52811.o(.text)
    RNG_IRQHandler                           0x000193db   Thumb Code     0  arm_startup_nrf52811.o(.text)
    RTC0_IRQHandler                          0x000193db   Thumb Code     0  arm_startup_nrf52811.o(.text)
    SPIM0_SPIS0_SPI0_IRQHandler              0x000193db   Thumb Code     0  arm_startup_nrf52811.o(.text)
    SWI0_EGU0_IRQHandler                     0x000193db   Thumb Code     0  arm_startup_nrf52811.o(.text)
    SWI1_EGU1_IRQHandler                     0x000193db   Thumb Code     0  arm_startup_nrf52811.o(.text)
    SWI3_IRQHandler                          0x000193db   Thumb Code     0  arm_startup_nrf52811.o(.text)
    SWI4_IRQHandler                          0x000193db   Thumb Code     0  arm_startup_nrf52811.o(.text)
    SWI5_IRQHandler                          0x000193db   Thumb Code     0  arm_startup_nrf52811.o(.text)
    TEMP_IRQHandler                          0x000193db   Thumb Code     0  arm_startup_nrf52811.o(.text)
    TIMER0_IRQHandler                        0x000193db   Thumb Code     0  arm_startup_nrf52811.o(.text)
    TIMER1_IRQHandler                        0x000193db   Thumb Code     0  arm_startup_nrf52811.o(.text)
    TIMER2_IRQHandler                        0x000193db   Thumb Code     0  arm_startup_nrf52811.o(.text)
    TWIM0_TWIS0_TWI0_SPIM1_SPIS1_SPI1_IRQHandler 0x000193db   Thumb Code     0  arm_startup_nrf52811.o(.text)
    WDT_IRQHandler                           0x000193db   Thumb Code     0  arm_startup_nrf52811.o(.text)
    __rt_ctype_table                         0x000193e5   Thumb Code     4  ctype_o.o(.text)
    __aeabi_memcpy                           0x000193ed   Thumb Code    36  memcpya.o(.text)
    __aeabi_memcpy4                          0x000193ed   Thumb Code     0  memcpya.o(.text)
    __aeabi_memcpy8                          0x000193ed   Thumb Code     0  memcpya.o(.text)
    __aeabi_memset                           0x00019411   Thumb Code    14  memseta.o(.text)
    __aeabi_memset4                          0x00019411   Thumb Code     0  memseta.o(.text)
    __aeabi_memset8                          0x00019411   Thumb Code     0  memseta.o(.text)
    __aeabi_memclr                           0x0001941f   Thumb Code     4  memseta.o(.text)
    __aeabi_memclr4                          0x0001941f   Thumb Code     0  memseta.o(.text)
    __aeabi_memclr8                          0x0001941f   Thumb Code     0  memseta.o(.text)
    _memset$wrapper                          0x00019423   Thumb Code    18  memseta.o(.text)
    strlen                                   0x00019435   Thumb Code    14  strlen.o(.text)
    strcpy                                   0x00019443   Thumb Code    18  strcpy.o(.text)
    __scatterload                            0x00019455   Thumb Code    28  init.o(.text)
    __scatterload_rt2                        0x00019455   Thumb Code     0  init.o(.text)
    __decompress                             0x00019479   Thumb Code     0  __dczerorl2.o(.text)
    __decompress1                            0x00019479   Thumb Code    86  __dczerorl2.o(.text)
    ADC_CallBack                             0x000194d1   Thumb Code    66  app_adc.o(i.ADC_CallBack)
    ADC_CreateTimer                          0x0001951d   Thumb Code    46  app_adc.o(i.ADC_CreateTimer)
    ADC_DeinitDriver                         0x00019555   Thumb Code    36  app_adc.o(i.ADC_DeinitDriver)
    ADC_HandleTimer                          0x00019581   Thumb Code    14  app_adc.o(i.ADC_HandleTimer)
    ADC_Init                                 0x00019595   Thumb Code   176  app_adc.o(i.ADC_Init)
    ADC_Task                                 0x0001964d   Thumb Code    72  app_adc.o(i.ADC_Task)
    BLECB_ADCChange                          0x000196b5   Thumb Code    46  cambien_service.o(i.BLECB_ADCChange)
    BLECB_CheckError                         0x000196e3   Thumb Code    30  cambien_service.o(i.BLECB_CheckError)
    BLECB_Init                               0x00019701   Thumb Code   332  cambien_service.o(i.BLECB_Init)
    BLECB_MagneticChange                     0x00019851   Thumb Code    46  cambien_service.o(i.BLECB_MagneticChange)
    BLECB_PIRChange                          0x0001987f   Thumb Code    46  cambien_service.o(i.BLECB_PIRChange)
    BLE_AdvertisingInit                      0x000198ad   Thumb Code   168  ble_spec.o(i.BLE_AdvertisingInit)
    BLE_AdvertisingStart                     0x0001995d   Thumb Code    18  ble_spec.o(i.BLE_AdvertisingStart)
    BLE_ConnParamsErrorHandler               0x00019975   Thumb Code     4  ble_spec.o(i.BLE_ConnParamsErrorHandler)
    BLE_ConnParamsInit                       0x00019979   Thumb Code    66  ble_spec.o(i.BLE_ConnParamsInit)
    BLE_EvtHandler                           0x000199c5   Thumb Code   226  ble_spec.o(i.BLE_EvtHandler)
    BLE_GapParamsInit                        0x00019ae1   Thumb Code    82  ble_spec.o(i.BLE_GapParamsInit)
    BLE_GattInit                             0x00019b45   Thumb Code    22  ble_spec.o(i.BLE_GattInit)
    BLE_OnConnParamsEvt                      0x00019b5d   Thumb Code    24  ble_spec.o(i.BLE_OnConnParamsEvt)
    BLE_ServicesInit                         0x00019b79   Thumb Code    76  ble_spec.o(i.BLE_ServicesInit)
    BLE_StackInit                            0x00019bf1   Thumb Code    46  ble_spec.o(i.BLE_StackInit)
    GPIOTE_IRQHandler                        0x00019c21   Thumb Code   346  nrfx_gpiote.o(i.GPIOTE_IRQHandler)
    LED_Config                               0x00019d85   Thumb Code    12  app_led.o(i.LED_Config)
    LED_Task                                 0x00019d95   Thumb Code    40  app_led.o(i.LED_Task)
    LED_Turn_off                             0x00019dc5   Thumb Code    14  app_led.o(i.LED_Turn_off)
    LED_Turn_on                              0x00019dd3   Thumb Code    14  app_led.o(i.LED_Turn_on)
    POWER_CLOCK_IRQHandler                   0x00019de1   Thumb Code    74  nrfx_clock.o(i.POWER_CLOCK_IRQHandler)
    RTC1_IRQHandler                          0x00019e31   Thumb Code    12  drv_rtc.o(i.RTC1_IRQHandler)
    SAADC_IRQHandler                         0x00019e41   Thumb Code   320  nrfx_saadc.o(i.SAADC_IRQHandler)
    SEGGER_RTT_Init                          0x00019f89   Thumb Code     4  segger_rtt.o(i.SEGGER_RTT_Init)
    SEGGER_RTT_WriteNoLock                   0x00019f8d   Thumb Code    86  segger_rtt.o(i.SEGGER_RTT_WriteNoLock)
    SENSOR_CreateTimer                       0x00019fe9   Thumb Code    46  app_sensor.o(i.SENSOR_CreateTimer)
    SENSOR_InterruptInit                     0x0001a021   Thumb Code    22  app_sensor.o(i.SENSOR_InterruptInit)
    SENSOR_MagneticGetInitialValue           0x0001a039   Thumb Code    22  app_sensor.o(i.SENSOR_MagneticGetInitialValue)
    SENSOR_MagneticHandle                    0x0001a055   Thumb Code    34  app_sensor.o(i.SENSOR_MagneticHandle)
    SENSOR_MagneticInit                      0x0001a081   Thumb Code    46  app_sensor.o(i.SENSOR_MagneticInit)
    SENSOR_PIR_OUT1Init                      0x0001a0b5   Thumb Code    46  app_sensor.o(i.SENSOR_PIR_OUT1Init)
    SENSOR_PIR_OUT2Init                      0x0001a0e9   Thumb Code    46  app_sensor.o(i.SENSOR_PIR_OUT2Init)
    SENSOR_PIR_Out1Handle                    0x0001a11d   Thumb Code    18  app_sensor.o(i.SENSOR_PIR_Out1Handle)
    SENSOR_PIR_Out2Handle                    0x0001a135   Thumb Code    18  app_sensor.o(i.SENSOR_PIR_Out2Handle)
    SENSOR_PIR_Task                          0x0001a14d   Thumb Code    98  app_sensor.o(i.SENSOR_PIR_Task)
    SENSOR_TickCount                         0x0001a1d5   Thumb Code    10  app_sensor.o(i.SENSOR_TickCount)
    SWI2_IRQHandler                          0x0001a1e5   Thumb Code     4  nrf_sdh.o(i.SWI2_IRQHandler)
    SystemInit                               0x0001a1e9   Thumb Code   376  system_nrf52811.o(i.SystemInit)
    UARTE0_UART0_IRQHandler                  0x0001a391   Thumb Code     6  nrfx_prs.o(i.UARTE0_UART0_IRQHandler)
    __scatterload_copy                       0x0001a4b7   Thumb Code    14  handlers.o(i.__scatterload_copy)
    __scatterload_null                       0x0001a4c5   Thumb Code     2  handlers.o(i.__scatterload_null)
    __scatterload_zeroinit                   0x0001a4c7   Thumb Code    14  handlers.o(i.__scatterload_zeroinit)
    app_error_fault_handler                  0x0001a4f9   Thumb Code    86  app_error_weak.o(i.app_error_fault_handler)
    app_error_handler_bare                   0x0001a57d   Thumb Code    22  app_error.o(i.app_error_handler_bare)
    app_timer_cnt_get                        0x0001a595   Thumb Code     6  app_timer2.o(i.app_timer_cnt_get)
    app_timer_create                         0x0001a5a1   Thumb Code    22  app_timer2.o(i.app_timer_create)
    app_timer_init                           0x0001a5b9   Thumb Code    70  app_timer2.o(i.app_timer_init)
    app_timer_start                          0x0001a615   Thumb Code    48  app_timer2.o(i.app_timer_start)
    app_timer_stop                           0x0001a645   Thumb Code    12  app_timer2.o(i.app_timer_stop)
    app_util_critical_region_enter           0x0001a651   Thumb Code    64  app_util_platform.o(i.app_util_critical_region_enter)
    app_util_critical_region_exit            0x0001a699   Thumb Code    46  app_util_platform.o(i.app_util_critical_region_exit)
    ble_advdata_encode                       0x0001a7dd   Thumb Code   386  ble_advdata.o(i.ble_advdata_encode)
    ble_conn_params_init                     0x0001a961   Thumb Code    90  ble_conn_params.o(i.ble_conn_params_init)
    ble_dis_init                             0x0001aa29   Thumb Code   310  ble_dis.o(i.ble_dis_init)
    ble_srv_ascii_to_utf8                    0x0001ad79   Thumb Code    18  ble_srv_common.o(i.ble_srv_ascii_to_utf8)
    ble_srv_is_notification_enabled          0x0001ad8b   Thumb Code     8  ble_srv_common.o(i.ble_srv_is_notification_enabled)
    buffer_is_empty                          0x0001ae55   Thumb Code    16  nrf_log_frontend.o(i.buffer_is_empty)
    characteristic_add                       0x0001af3d   Thumb Code   400  ble_srv_common.o(i.characteristic_add)
    conn_handle_list_get                     0x0001b129   Thumb Code    62  ble_conn_state.o(i.conn_handle_list_get)
    drv_rtc_compare_disable                  0x0001b24d   Thumb Code    20  drv_rtc.o(i.drv_rtc_compare_disable)
    drv_rtc_compare_pending                  0x0001b261   Thumb Code    14  drv_rtc.o(i.drv_rtc_compare_pending)
    drv_rtc_compare_set                      0x0001b26f   Thumb Code    80  drv_rtc.o(i.drv_rtc_compare_set)
    drv_rtc_counter_get                      0x0001b2bf   Thumb Code     8  drv_rtc.o(i.drv_rtc_counter_get)
    drv_rtc_init                             0x0001b2c9   Thumb Code   144  drv_rtc.o(i.drv_rtc_init)
    drv_rtc_irq_trigger                      0x0001b39d   Thumb Code    26  drv_rtc.o(i.drv_rtc_irq_trigger)
    drv_rtc_overflow_enable                  0x0001b3b7   Thumb Code     8  drv_rtc.o(i.drv_rtc_overflow_enable)
    drv_rtc_overflow_pending                 0x0001b3bf   Thumb Code     8  drv_rtc.o(i.drv_rtc_overflow_pending)
    drv_rtc_start                            0x0001b3c7   Thumb Code     8  drv_rtc.o(i.drv_rtc_start)
    drv_rtc_stop                             0x0001b3cf   Thumb Code     8  drv_rtc.o(i.drv_rtc_stop)
    drv_rtc_windowed_compare_set             0x0001b3d7   Thumb Code   222  drv_rtc.o(i.drv_rtc_windowed_compare_set)
    log_init                                 0x0001b6df   Thumb Code    26  main.o(i.log_init)
    main                                     0x0001b795   Thumb Code   122  main.o(i.main)
    nrf_atfifo_init                          0x0001b9cf   Thumb Code    38  nrf_atfifo.o(i.nrf_atfifo_init)
    nrf_atfifo_item_alloc                    0x0001b9f5   Thumb Code    22  nrf_atfifo.o(i.nrf_atfifo_item_alloc)
    nrf_atfifo_item_free                     0x0001ba0b   Thumb Code    22  nrf_atfifo.o(i.nrf_atfifo_item_free)
    nrf_atfifo_item_get                      0x0001ba21   Thumb Code    22  nrf_atfifo.o(i.nrf_atfifo_item_get)
    nrf_atfifo_item_put                      0x0001ba37   Thumb Code    22  nrf_atfifo.o(i.nrf_atfifo_item_put)
    nrf_atflags_clear                        0x0001ba4d   Thumb Code    22  nrf_atflags.o(i.nrf_atflags_clear)
    nrf_atflags_get                          0x0001ba63   Thumb Code    22  nrf_atflags.o(i.nrf_atflags_get)
    nrf_atflags_set                          0x0001ba79   Thumb Code    20  nrf_atflags.o(i.nrf_atflags_set)
    nrf_atomic_flag_clear_fetch              0x0001ba8d   Thumb Code     6  nrf_atomic.o(i.nrf_atomic_flag_clear_fetch)
    nrf_atomic_flag_set                      0x0001ba93   Thumb Code     6  nrf_atomic.o(i.nrf_atomic_flag_set)
    nrf_atomic_u32_add                       0x0001ba99   Thumb Code    12  nrf_atomic.o(i.nrf_atomic_u32_add)
    nrf_atomic_u32_and                       0x0001baa5   Thumb Code    12  nrf_atomic.o(i.nrf_atomic_u32_and)
    nrf_atomic_u32_fetch_and                 0x0001bab1   Thumb Code    10  nrf_atomic.o(i.nrf_atomic_u32_fetch_and)
    nrf_atomic_u32_fetch_store               0x0001babb   Thumb Code    10  nrf_atomic.o(i.nrf_atomic_u32_fetch_store)
    nrf_atomic_u32_or                        0x0001bac5   Thumb Code    12  nrf_atomic.o(i.nrf_atomic_u32_or)
    nrf_atomic_u32_sub                       0x0001bad1   Thumb Code    12  nrf_atomic.o(i.nrf_atomic_u32_sub)
    nrf_balloc_alloc                         0x0001badd   Thumb Code    68  nrf_balloc.o(i.nrf_balloc_alloc)
    nrf_balloc_free                          0x0001bb21   Thumb Code    48  nrf_balloc.o(i.nrf_balloc_free)
    nrf_balloc_init                          0x0001bb51   Thumb Code    48  nrf_balloc.o(i.nrf_balloc_init)
    nrf_ble_gatt_init                        0x0001bba5   Thumb Code    34  nrf_ble_gatt.o(i.nrf_ble_gatt_init)
    nrf_ble_gatt_on_ble_evt                  0x0001bbc9   Thumb Code   180  nrf_ble_gatt.o(i.nrf_ble_gatt_on_ble_evt)
    nrf_drv_clock_init                       0x0001bcdd   Thumb Code    48  nrf_drv_clock.o(i.nrf_drv_clock_init)
    nrf_drv_clock_lfclk_release              0x0001bd15   Thumb Code    42  nrf_drv_clock.o(i.nrf_drv_clock_lfclk_release)
    nrf_drv_uart_init                        0x0001bd45   Thumb Code    90  nrf_drv_uart.o(i.nrf_drv_uart_init)
    nrf_fprintf                              0x0001bdad   Thumb Code    26  nrf_fprintf.o(i.nrf_fprintf)
    nrf_fprintf_buffer_flush                 0x0001bdc7   Thumb Code    24  nrf_fprintf.o(i.nrf_fprintf_buffer_flush)
    nrf_fprintf_fmt                          0x0001bddf   Thumb Code   474  nrf_fprintf_format.o(i.nrf_fprintf_fmt)
    nrf_log_backend_add                      0x0001c115   Thumb Code    86  nrf_log_frontend.o(i.nrf_log_backend_add)
    nrf_log_backend_rtt_init                 0x0001c173   Thumb Code     4  nrf_log_backend_rtt.o(i.nrf_log_backend_rtt_init)
    nrf_log_backend_serial_put               0x0001c191   Thumb Code   200  nrf_log_backend_serial.o(i.nrf_log_backend_serial_put)
    nrf_log_backend_uart_init                0x0001c25b   Thumb Code     6  nrf_log_backend_uart.o(i.nrf_log_backend_uart_init)
    nrf_log_color_id_get                     0x0001c2a5   Thumb Code    42  nrf_log_frontend.o(i.nrf_log_color_id_get)
    nrf_log_default_backends_init            0x0001c2d5   Thumb Code    46  nrf_log_default_backends.o(i.nrf_log_default_backends_init)
    nrf_log_frontend_dequeue                 0x0001c309   Thumb Code   528  nrf_log_frontend.o(i.nrf_log_frontend_dequeue)
    nrf_log_frontend_std_0                   0x0001c53d   Thumb Code     8  nrf_log_frontend.o(i.nrf_log_frontend_std_0)
    nrf_log_frontend_std_1                   0x0001c545   Thumb Code    14  nrf_log_frontend.o(i.nrf_log_frontend_std_1)
    nrf_log_frontend_std_2                   0x0001c553   Thumb Code    16  nrf_log_frontend.o(i.nrf_log_frontend_std_2)
    nrf_log_hexdump_entry_process            0x0001c565   Thumb Code   150  nrf_log_str_formatter.o(i.nrf_log_hexdump_entry_process)
    nrf_log_init                             0x0001c615   Thumb Code    46  nrf_log_frontend.o(i.nrf_log_init)
    nrf_log_module_cnt_get                   0x0001c651   Thumb Code    10  nrf_log_frontend.o(i.nrf_log_module_cnt_get)
    nrf_log_module_name_get                  0x0001c665   Thumb Code    24  nrf_log_frontend.o(i.nrf_log_module_name_get)
    nrf_log_panic                            0x0001c681   Thumb Code    38  nrf_log_frontend.o(i.nrf_log_panic)
    nrf_log_std_entry_process                0x0001c6ad   Thumb Code   182  nrf_log_str_formatter.o(i.nrf_log_std_entry_process)
    nrf_memobj_alloc                         0x0001c763   Thumb Code    96  nrf_memobj.o(i.nrf_memobj_alloc)
    nrf_memobj_free                          0x0001c7c3   Thumb Code    50  nrf_memobj.o(i.nrf_memobj_free)
    nrf_memobj_get                           0x0001c7f5   Thumb Code     8  nrf_memobj.o(i.nrf_memobj_get)
    nrf_memobj_pool_init                     0x0001c7fd   Thumb Code     4  nrf_memobj.o(i.nrf_memobj_pool_init)
    nrf_memobj_put                           0x0001c801   Thumb Code    30  nrf_memobj.o(i.nrf_memobj_put)
    nrf_memobj_read                          0x0001c81f   Thumb Code    16  nrf_memobj.o(i.nrf_memobj_read)
    nrf_memobj_write                         0x0001c82f   Thumb Code    16  nrf_memobj.o(i.nrf_memobj_write)
    nrf_pwr_mgmt_init                        0x0001c841   Thumb Code    28  nrf_pwr_mgmt.o(i.nrf_pwr_mgmt_init)
    nrf_pwr_mgmt_run                         0x0001c869   Thumb Code    20  nrf_pwr_mgmt.o(i.nrf_pwr_mgmt_run)
    nrf_ringbuf_init                         0x0001c87d   Thumb Code    28  nrf_ringbuf.o(i.nrf_ringbuf_init)
    nrf_sdh_ble_app_ram_start_get            0x0001c8fd   Thumb Code    16  nrf_sdh_ble.o(i.nrf_sdh_ble_app_ram_start_get)
    nrf_sdh_ble_default_cfg_set              0x0001c911   Thumb Code   220  nrf_sdh_ble.o(i.nrf_sdh_ble_default_cfg_set)
    nrf_sdh_ble_enable                       0x0001ca09   Thumb Code   116  nrf_sdh_ble.o(i.nrf_sdh_ble_enable)
    nrf_sdh_enable_request                   0x0001cb95   Thumb Code   102  nrf_sdh.o(i.nrf_sdh_enable_request)
    nrf_sdh_evts_poll                        0x0001cc09   Thumb Code    32  nrf_sdh.o(i.nrf_sdh_evts_poll)
    nrf_sdh_is_enabled                       0x0001cc2d   Thumb Code     6  nrf_sdh.o(i.nrf_sdh_is_enabled)
    nrf_section_iter_init                    0x0001cc75   Thumb Code    10  nrf_section_iter.o(i.nrf_section_iter_init)
    nrf_section_iter_next                    0x0001cca3   Thumb Code    32  nrf_section_iter.o(i.nrf_section_iter_next)
    nrf_sortlist_add                         0x0001ccc3   Thumb Code    34  nrf_sortlist.o(i.nrf_sortlist_add)
    nrf_sortlist_peek                        0x0001cce5   Thumb Code     6  nrf_sortlist.o(i.nrf_sortlist_peek)
    nrf_sortlist_pop                         0x0001cceb   Thumb Code    14  nrf_sortlist.o(i.nrf_sortlist_pop)
    nrf_sortlist_remove                      0x0001ccf9   Thumb Code    30  nrf_sortlist.o(i.nrf_sortlist_remove)
    nrf_strerror_find                        0x0001cd19   Thumb Code    52  nrf_strerror.o(i.nrf_strerror_find)
    nrf_strerror_get                         0x0001cd51   Thumb Code    14  nrf_strerror.o(i.nrf_strerror_get)
    nrfx_clock_enable                        0x0001cd9d   Thumb Code    34  nrfx_clock.o(i.nrfx_clock_enable)
    nrfx_clock_init                          0x0001cdc9   Thumb Code    22  nrfx_clock.o(i.nrfx_clock_init)
    nrfx_clock_lfclk_stop                    0x0001cde5   Thumb Code    20  nrfx_clock.o(i.nrfx_clock_lfclk_stop)
    nrfx_gpiote_in_event_enable              0x0001ce21   Thumb Code   156  nrfx_gpiote.o(i.nrfx_gpiote_in_event_enable)
    nrfx_gpiote_in_init                      0x0001cec5   Thumb Code   194  nrfx_gpiote.o(i.nrfx_gpiote_in_init)
    nrfx_gpiote_init                         0x0001cf95   Thumb Code    94  nrfx_gpiote.o(i.nrfx_gpiote_init)
    nrfx_prs_acquire                         0x0001d011   Thumb Code    58  nrfx_prs.o(i.nrfx_prs_acquire)
    nrfx_prs_release                         0x0001d04b   Thumb Code    18  nrfx_prs.o(i.nrfx_prs_release)
    nrfx_saadc_buffer_convert                0x0001d05d   Thumb Code   154  nrfx_saadc.o(i.nrfx_saadc_buffer_convert)
    nrfx_saadc_channel_init                  0x0001d101   Thumb Code   132  nrfx_saadc.o(i.nrfx_saadc_channel_init)
    nrfx_saadc_channel_uninit                0x0001d18d   Thumb Code    62  nrfx_saadc.o(i.nrfx_saadc_channel_uninit)
    nrfx_saadc_init                          0x0001d1d1   Thumb Code   130  nrfx_saadc.o(i.nrfx_saadc_init)
    nrfx_saadc_is_busy                       0x0001d265   Thumb Code    12  nrfx_saadc.o(i.nrfx_saadc_is_busy)
    nrfx_saadc_limits_set                    0x0001d275   Thumb Code   120  nrfx_saadc.o(i.nrfx_saadc_limits_set)
    nrfx_saadc_sample                        0x0001d2f5   Thumb Code    34  nrfx_saadc.o(i.nrfx_saadc_sample)
    nrfx_saadc_uninit                        0x0001d321   Thumb Code    94  nrfx_saadc.o(i.nrfx_saadc_uninit)
    nrfx_uart_0_irq_handler                  0x0001d38d   Thumb Code     8  nrfx_uart.o(i.nrfx_uart_0_irq_handler)
    nrfx_uart_init                           0x0001d39d   Thumb Code   196  nrfx_uart.o(i.nrfx_uart_init)
    nrfx_uart_tx                             0x0001d46d   Thumb Code   162  nrfx_uart.o(i.nrfx_uart_tx)
    nrfx_uart_tx_in_progress                 0x0001d515   Thumb Code    26  nrfx_uart.o(i.nrfx_uart_tx_in_progress)
    nrfx_uart_uninit                         0x0001d535   Thumb Code   170  nrfx_uart.o(i.nrfx_uart_uninit)
    nrfx_uarte_0_irq_handler                 0x0001d5e9   Thumb Code     8  nrfx_uarte.o(i.nrfx_uarte_0_irq_handler)
    nrfx_uarte_init                          0x0001d5f9   Thumb Code   100  nrfx_uarte.o(i.nrfx_uarte_init)
    nrfx_uarte_tx                            0x0001d665   Thumb Code   166  nrfx_uarte.o(i.nrfx_uarte_tx)
    nrfx_uarte_tx_in_progress                0x0001d711   Thumb Code    22  nrfx_uarte.o(i.nrfx_uarte_tx_in_progress)
    nrfx_uarte_uninit                        0x0001d72d   Thumb Code   214  nrfx_uarte.o(i.nrfx_uarte_uninit)
    on_write                                 0x0001d949   Thumb Code    22  cambien_service.o(i.on_write)
    power_management_init                    0x0001da05   Thumb Code    20  main.o(i.power_management_init)
    nrf_log_backend_rtt_api                  0x0001e7d8   Data          12  nrf_log_backend_rtt.o(.constdata)
    nrf_log_backend_uart_api                 0x0001e7f8   Data          12  nrf_log_backend_uart.o(.constdata)
    m_ram_start                              0x0001e8a8   Data           4  nrf_sdh_ble.o(.constdata)
    __ctype_table                            0x0001e8d4   Data         129  ctype_o.o(.constdata)
    Region$$Table$$Base                      0x0001eff4   Number         0  anon$$obj.o(Region$$Table)
    Region$$Table$$Limit                     0x0001f014   Number         0  anon$$obj.o(Region$$Table)
    log_const_data$$Base                     0x0001f034   Number         0  nrf_ble_gatt.o(log_const_data)
    m_nrf_log_nrf_ble_gatt_logs_data_const   0x0001f034   Data           8  nrf_ble_gatt.o(log_const_data)
    m_nrf_log_clock_logs_data_const          0x0001f03c   Data           8  nrf_drv_clock.o(log_const_data)
    m_nrf_log_CLOCK_logs_data_const          0x0001f044   Data           8  nrfx_clock.o(log_const_data)
    m_nrf_log_GPIOTE_logs_data_const         0x0001f04c   Data           8  nrfx_gpiote.o(log_const_data)
    m_nrf_log_PRS_logs_data_const            0x0001f054   Data           8  nrfx_prs.o(log_const_data)
    m_nrf_log_UART_logs_data_const           0x0001f05c   Data           8  nrfx_uart.o(log_const_data)
    m_nrf_log_UARTE_logs_data_const          0x0001f064   Data           8  nrfx_uarte.o(log_const_data)
    m_nrf_log_SAADC_logs_data_const          0x0001f06c   Data           8  nrfx_saadc.o(log_const_data)
    m_nrf_log_app_button_logs_data_const     0x0001f074   Data           8  app_button.o(log_const_data)
    m_nrf_log_app_timer_logs_data_const      0x0001f07c   Data           8  app_timer2.o(log_const_data)
    m_nrf_log_pwr_mgmt_logs_data_const       0x0001f084   Data           8  nrf_pwr_mgmt.o(log_const_data)
    m_nrf_log_sortlist_logs_data_const       0x0001f08c   Data           8  nrf_sortlist.o(log_const_data)
    m_nrf_log_app_logs_data_const            0x0001f094   Data           8  nrf_log_frontend.o(log_const_data)
    m_nrf_log_nrf_sdh_logs_data_const        0x0001f09c   Data           8  nrf_sdh.o(log_const_data)
    m_nrf_log_nrf_sdh_ble_logs_data_const    0x0001f0a4   Data           8  nrf_sdh_ble.o(log_const_data)
    m_nrf_log_nrf_sdh_soc_logs_data_const    0x0001f0ac   Data           8  nrf_sdh_soc.o(log_const_data)
    log_const_data$$Limit                    0x0001f0b4   Number         0  nrf_sdh_soc.o(log_const_data)
    log_mempool                              0x0001f0b4   Data          20  nrf_log_frontend.o(nrf_balloc)
    sdh_ble_observers0$$Base                 0x0001f0c8   Number         0  ble_conn_state.o(sdh_ble_observers0)
    sdh_ble_observers0$$Limit                0x0001f0d0   Number         0  ble_conn_state.o(sdh_ble_observers0)
    sdh_ble_observers1$$Base                 0x0001f0d0   Number         0  main.o(sdh_ble_observers1)
    sdh_ble_observers1$$Limit                0x0001f0e0   Number         0  ble_conn_params.o(sdh_ble_observers1)
    sdh_ble_observers3$$Base                 0x0001f0e0   Number         0  ble_spec.o(sdh_ble_observers3)
    sdh_ble_observers3$$Limit                0x0001f0e8   Number         0  ble_spec.o(sdh_ble_observers3)
    sdh_soc_observers0$$Base                 0x0001f0e8   Number         0  nrf_drv_clock.o(sdh_soc_observers0)
    sdh_soc_observers0$$Limit                0x0001f0f0   Number         0  nrf_drv_clock.o(sdh_soc_observers0)
    sdh_stack_observers0$$Base               0x0001f0f0   Number         0  nrf_sdh_ble.o(sdh_stack_observers0)
    sdh_stack_observers0$$Limit              0x0001f100   Number         0  nrf_sdh_soc.o(sdh_stack_observers0)
    sdh_state_observers0$$Base               0x0001f100   Number         0  nrf_drv_clock.o(sdh_state_observers0)
    sdh_state_observers0$$Limit              0x0001f108   Number         0  nrf_drv_clock.o(sdh_state_observers0)
    Image$$RW_IRAM1$$Base                    0x20001ae0   Number         0  anon$$obj.o ABSOLUTE
    SystemCoreClock                          0x20001ae0   Data           4  system_nrf52811.o(.data)
    pir_sensitivity                          0x20001ae4   Data           1  main.o(.data)
    is_ADC_initialized                       0x20001ae8   Data           1  app_adc.o(.data)
    u8pinvalue                               0x20001ae9   Data           1  app_adc.o(.data)
    adc_time_send                            0x20001aea   Data           2  app_adc.o(.data)
    pir_adc_value                            0x20001aec   Data           2  app_adc.o(.data)
    m_adv_handle                             0x20001af8   Data           1  ble_spec.o(.data)
    m_conn_handle                            0x20001afa   Data           2  ble_spec.o(.data)
    m_adv_data                               0x20001afc   Data          16  ble_spec.o(.data)
    magnetic_flag                            0x20001b0c   Data           1  app_sensor.o(.data)
    pir_task_state                           0x20001b0d   Data           1  app_sensor.o(.data)
    magnetic_task_pre_state                  0x20001b0e   Data           1  app_sensor.o(.data)
    pir_logic_level                          0x20001b0f   Data           1  app_sensor.o(.data)
    pir_task_pre_state                       0x20001b10   Data           1  app_sensor.o(.data)
    magnetic_logic_level                     0x20001b11   Data           1  app_sensor.o(.data)
    numsof100ticks_pir                       0x20001b14   Data           4  app_sensor.o(.data)
    door_current_ticks                       0x20001b18   Data           4  app_sensor.o(.data)
    door_previous_ticks                      0x20001b1c   Data           4  app_sensor.o(.data)
    sensor_ticks                             0x20001b20   Data           4  app_sensor.o(.data)
    request_led_on                           0x20001b24   Data           1  app_led.o(.data)
    led_current_time                         0x20001b28   Data           4  app_led.o(.data)
    nrf_drv_uart_use_easy_dma                0x20001b80   Data           1  nrf_drv_uart.o(.data)
    m_uart                                   0x20001be0   Data          20  nrf_log_backend_uart.o(.data)
    m_cb                                     0x20001c68   Data          44  main.o(.bss)
    m_enc_advdata                            0x20001cb8   Data          31  ble_spec.o(.bss)
    m_enc_scan_response_data                 0x20001cd7   Data          31  ble_spec.o(.bss)
    nrf_nvic_state                           0x20001f3c   Data          12  app_util_platform.o(.bss)
    _SEGGER_RTT                              0x20002550   Data         120  segger_rtt.o(.bss)
    __initial_sp                             0x20002fd8   Data           0  arm_startup_nrf52811.o(STACK)



==============================================================================

Memory Map of the image

  Image Entry point : 0x00019201

  Load Region LR_IROM1 (Base: 0x00019000, Size: 0x00006280, Max: 0x00017000, ABSOLUTE, COMPRESSED[0x00006160])

    Execution Region ER_IROM1 (Exec base: 0x00019000, Load base: 0x00019000, Size: 0x00006108, Max: 0x00017000, ABSOLUTE)

    Exec Addr    Load Addr    Size         Type   Attr      Idx    E Section Name        Object

    0x00019000   0x00019000   0x00000200   Data   RO            3    RESET               arm_startup_nrf52811.o
    0x00019200   0x00019200   0x00000000   Code   RO         5482  * .ARM.Collect$$$$00000000  mc_w.l(entry.o)
    0x00019200   0x00019200   0x00000004   Code   RO         5534    .ARM.Collect$$$$00000001  mc_w.l(entry2.o)
    0x00019204   0x00019204   0x00000004   Code   RO         5537    .ARM.Collect$$$$00000004  mc_w.l(entry5.o)
    0x00019208   0x00019208   0x00000000   Code   RO         5539    .ARM.Collect$$$$00000008  mc_w.l(entry7b.o)
    0x00019208   0x00019208   0x00000000   Code   RO         5541    .ARM.Collect$$$$0000000A  mc_w.l(entry8b.o)
    0x00019208   0x00019208   0x00000008   Code   RO         5542    .ARM.Collect$$$$0000000B  mc_w.l(entry9a.o)
    0x00019210   0x00019210   0x00000000   Code   RO         5544    .ARM.Collect$$$$0000000D  mc_w.l(entry10a.o)
    0x00019210   0x00019210   0x00000000   Code   RO         5546    .ARM.Collect$$$$0000000F  mc_w.l(entry11a.o)
    0x00019210   0x00019210   0x00000004   Code   RO         5535    .ARM.Collect$$$$00002712  mc_w.l(entry2.o)
    0x00019214   0x00019214   0x000000c8   Code   RO         3743    .emb_text           nrf_atfifo.o
    0x000192dc   0x000192dc   0x000000e2   Code   RO         3879    .emb_text           nrf_atomic.o
    0x000193be   0x000193be   0x00000002   PAD
    0x000193c0   0x000193c0   0x00000024   Code   RO            4    .text               arm_startup_nrf52811.o
    0x000193e4   0x000193e4   0x00000008   Code   RO         5492    .text               mc_w.l(ctype_o.o)
    0x000193ec   0x000193ec   0x00000024   Code   RO         5520    .text               mc_w.l(memcpya.o)
    0x00019410   0x00019410   0x00000024   Code   RO         5522    .text               mc_w.l(memseta.o)
    0x00019434   0x00019434   0x0000000e   Code   RO         5524    .text               mc_w.l(strlen.o)
    0x00019442   0x00019442   0x00000012   Code   RO         5530    .text               mc_w.l(strcpy.o)
    0x00019454   0x00019454   0x00000024   Code   RO         5550    .text               mc_w.l(init.o)
    0x00019478   0x00019478   0x00000056   Code   RO         5560    .text               mc_w.l(__dczerorl2.o)
    0x000194ce   0x000194ce   0x00000002   PAD
    0x000194d0   0x000194d0   0x0000004c   Code   RO          420    i.ADC_CallBack      app_adc.o
    0x0001951c   0x0001951c   0x00000038   Code   RO          421    i.ADC_CreateTimer   app_adc.o
    0x00019554   0x00019554   0x0000002c   Code   RO          422    i.ADC_DeinitDriver  app_adc.o
    0x00019580   0x00019580   0x00000014   Code   RO          423    i.ADC_HandleTimer   app_adc.o
    0x00019594   0x00019594   0x000000b8   Code   RO          424    i.ADC_Init          app_adc.o
    0x0001964c   0x0001964c   0x00000068   Code   RO          425    i.ADC_Task          app_adc.o
    0x000196b4   0x000196b4   0x0000002e   Code   RO          857    i.BLECB_ADCChange   cambien_service.o
    0x000196e2   0x000196e2   0x0000001e   Code   RO          858    i.BLECB_CheckError  cambien_service.o
    0x00019700   0x00019700   0x00000150   Code   RO          859    i.BLECB_Init        cambien_service.o
    0x00019850   0x00019850   0x0000002e   Code   RO          860    i.BLECB_MagneticChange  cambien_service.o
    0x0001987e   0x0001987e   0x0000002e   Code   RO          861    i.BLECB_PIRChange   cambien_service.o
    0x000198ac   0x000198ac   0x000000b0   Code   RO          538    i.BLE_AdvertisingInit  ble_spec.o
    0x0001995c   0x0001995c   0x00000018   Code   RO          539    i.BLE_AdvertisingStart  ble_spec.o
    0x00019974   0x00019974   0x00000004   Code   RO          540    i.BLE_ConnParamsErrorHandler  ble_spec.o
    0x00019978   0x00019978   0x0000004c   Code   RO          541    i.BLE_ConnParamsInit  ble_spec.o
    0x000199c4   0x000199c4   0x0000011c   Code   RO          542    i.BLE_EvtHandler    ble_spec.o
    0x00019ae0   0x00019ae0   0x00000064   Code   RO          543    i.BLE_GapParamsInit  ble_spec.o
    0x00019b44   0x00019b44   0x00000016   Code   RO          544    i.BLE_GattInit      ble_spec.o
    0x00019b5a   0x00019b5a   0x00000002   PAD
    0x00019b5c   0x00019b5c   0x0000001c   Code   RO          545    i.BLE_OnConnParamsEvt  ble_spec.o
    0x00019b78   0x00019b78   0x00000078   Code   RO          546    i.BLE_ServicesInit  ble_spec.o
    0x00019bf0   0x00019bf0   0x0000002e   Code   RO          547    i.BLE_StackInit     ble_spec.o
    0x00019c1e   0x00019c1e   0x00000002   PAD
    0x00019c20   0x00019c20   0x00000164   Code   RO         2262    i.GPIOTE_IRQHandler  nrfx_gpiote.o
    0x00019d84   0x00019d84   0x00000010   Code   RO          810    i.LED_Config        app_led.o
    0x00019d94   0x00019d94   0x00000030   Code   RO          811    i.LED_Task          app_led.o
    0x00019dc4   0x00019dc4   0x0000000e   Code   RO          812    i.LED_Turn_off      app_led.o
    0x00019dd2   0x00019dd2   0x0000000e   Code   RO          813    i.LED_Turn_on       app_led.o
    0x00019de0   0x00019de0   0x00000050   Code   RO         2124    i.POWER_CLOCK_IRQHandler  nrfx_clock.o
    0x00019e30   0x00019e30   0x00000010   Code   RO         3535    i.RTC1_IRQHandler   drv_rtc.o
    0x00019e40   0x00019e40   0x00000148   Code   RO         2933    i.SAADC_IRQHandler  nrfx_saadc.o
    0x00019f88   0x00019f88   0x00000004   Code   RO         4927    i.SEGGER_RTT_Init   segger_rtt.o
    0x00019f8c   0x00019f8c   0x0000005c   Code   RO         4941    i.SEGGER_RTT_WriteNoLock  segger_rtt.o
    0x00019fe8   0x00019fe8   0x00000038   Code   RO          690    i.SENSOR_CreateTimer  app_sensor.o
    0x0001a020   0x0001a020   0x00000016   Code   RO          691    i.SENSOR_InterruptInit  app_sensor.o
    0x0001a036   0x0001a036   0x00000002   PAD
    0x0001a038   0x0001a038   0x0000001c   Code   RO          692    i.SENSOR_MagneticGetInitialValue  app_sensor.o
    0x0001a054   0x0001a054   0x0000002c   Code   RO          693    i.SENSOR_MagneticHandle  app_sensor.o
    0x0001a080   0x0001a080   0x00000034   Code   RO          694    i.SENSOR_MagneticInit  app_sensor.o
    0x0001a0b4   0x0001a0b4   0x00000034   Code   RO          696    i.SENSOR_PIR_OUT1Init  app_sensor.o
    0x0001a0e8   0x0001a0e8   0x00000034   Code   RO          697    i.SENSOR_PIR_OUT2Init  app_sensor.o
    0x0001a11c   0x0001a11c   0x00000018   Code   RO          698    i.SENSOR_PIR_Out1Handle  app_sensor.o
    0x0001a134   0x0001a134   0x00000018   Code   RO          699    i.SENSOR_PIR_Out2Handle  app_sensor.o
    0x0001a14c   0x0001a14c   0x00000088   Code   RO          700    i.SENSOR_PIR_Task   app_sensor.o
    0x0001a1d4   0x0001a1d4   0x00000010   Code   RO          701    i.SENSOR_TickCount  app_sensor.o
    0x0001a1e4   0x0001a1e4   0x00000004   Code   RO         5275    i.SWI2_IRQHandler   nrf_sdh.o
    0x0001a1e8   0x0001a1e8   0x000001a8   Code   RO           14    i.SystemInit        system_nrf52811.o
    0x0001a390   0x0001a390   0x0000000c   Code   RO         2531    i.UARTE0_UART0_IRQHandler  nrfx_prs.o
    0x0001a39c   0x0001a39c   0x00000068   Code   RO         4945    i._DoInit           segger_rtt.o
    0x0001a404   0x0001a404   0x00000016   Code   RO         4946    i._GetAvailWriteSpace  segger_rtt.o
    0x0001a41a   0x0001a41a   0x0000005a   Code   RO         4948    i._WriteBlocking    segger_rtt.o
    0x0001a474   0x0001a474   0x00000042   Code   RO         4949    i._WriteNoCheck     segger_rtt.o
    0x0001a4b6   0x0001a4b6   0x0000000e   Code   RO         5554    i.__scatterload_copy  mc_w.l(handlers.o)
    0x0001a4c4   0x0001a4c4   0x00000002   Code   RO         5555    i.__scatterload_null  mc_w.l(handlers.o)
    0x0001a4c6   0x0001a4c6   0x0000000e   Code   RO         5556    i.__scatterload_zeroinit  mc_w.l(handlers.o)
    0x0001a4d4   0x0001a4d4   0x00000024   Code   RO         5276    i.__sd_nvic_app_accessible_irq  nrf_sdh.o
    0x0001a4f8   0x0001a4f8   0x00000084   Code   RO         3235    i.app_error_fault_handler  app_error_weak.o
    0x0001a57c   0x0001a57c   0x00000016   Code   RO         3175    i.app_error_handler_bare  app_error.o
    0x0001a592   0x0001a592   0x00000002   PAD
    0x0001a594   0x0001a594   0x0000000c   Code   RO         3326    i.app_timer_cnt_get  app_timer2.o
    0x0001a5a0   0x0001a5a0   0x00000016   Code   RO         3327    i.app_timer_create  app_timer2.o
    0x0001a5b6   0x0001a5b6   0x00000002   PAD
    0x0001a5b8   0x0001a5b8   0x0000005c   Code   RO         3328    i.app_timer_init    app_timer2.o
    0x0001a614   0x0001a614   0x00000030   Code   RO         3331    i.app_timer_start   app_timer2.o
    0x0001a644   0x0001a644   0x0000000c   Code   RO         3332    i.app_timer_stop    app_timer2.o
    0x0001a650   0x0001a650   0x00000048   Code   RO         3467    i.app_util_critical_region_enter  app_util_platform.o
    0x0001a698   0x0001a698   0x00000034   Code   RO         3468    i.app_util_critical_region_exit  app_util_platform.o
    0x0001a6cc   0x0001a6cc   0x00000088   Code   RO         2585    i.apply_config      nrfx_uart.o
    0x0001a754   0x0001a754   0x00000088   Code   RO         2773    i.apply_config      nrfx_uarte.o
    0x0001a7dc   0x0001a7dc   0x00000182   Code   RO         1160    i.ble_advdata_encode  ble_advdata.o
    0x0001a95e   0x0001a95e   0x00000002   PAD
    0x0001a960   0x0001a960   0x00000068   Code   RO         1267    i.ble_conn_params_init  ble_conn_params.o
    0x0001a9c8   0x0001a9c8   0x00000060   Code   RO         1166    i.ble_device_addr_encode  ble_advdata.o
    0x0001aa28   0x0001aa28   0x0000013c   Code   RO         1737    i.ble_dis_init      ble_dis.o
    0x0001ab64   0x0001ab64   0x000000fc   Code   RO         1269    i.ble_evt_handler   ble_conn_params.o
    0x0001ac60   0x0001ac60   0x00000118   Code   RO         1363    i.ble_evt_handler   ble_conn_state.o
    0x0001ad78   0x0001ad78   0x00000012   Code   RO         1516    i.ble_srv_ascii_to_utf8  ble_srv_common.o
    0x0001ad8a   0x0001ad8a   0x00000008   Code   RO         1518    i.ble_srv_is_notification_enabled  ble_srv_common.o
    0x0001ad92   0x0001ad92   0x00000002   PAD
    0x0001ad94   0x0001ad94   0x00000090   Code   RO         4682    i.buf_prealloc      nrf_log_frontend.o
    0x0001ae24   0x0001ae24   0x0000002e   Code   RO         4091    i.buffer_add        nrf_fprintf_format.o
    0x0001ae52   0x0001ae52   0x00000002   PAD
    0x0001ae54   0x0001ae54   0x00000014   Code   RO         4683    i.buffer_is_empty   nrf_log_frontend.o
    0x0001ae68   0x0001ae68   0x0000001c   Code   RO         2263    i.channel_free      nrfx_gpiote.o
    0x0001ae84   0x0001ae84   0x00000048   Code   RO         2264    i.channel_port_alloc  nrfx_gpiote.o
    0x0001aecc   0x0001aecc   0x00000010   Code   RO         2265    i.channel_port_get  nrfx_gpiote.o
    0x0001aedc   0x0001aedc   0x00000060   Code   RO         1738    i.char_add          ble_dis.o
    0x0001af3c   0x0001af3c   0x00000190   Code   RO         1520    i.characteristic_add  ble_srv_common.o
    0x0001b0cc   0x0001b0cc   0x00000028   Code   RO         1778    i.clock_clk_started_notify  nrf_drv_clock.o
    0x0001b0f4   0x0001b0f4   0x0000001c   Code   RO         1779    i.clock_irq_handler  nrf_drv_clock.o
    0x0001b110   0x0001b110   0x00000018   Code   RO         3334    i.compare_func      app_timer2.o
    0x0001b128   0x0001b128   0x0000003e   Code   RO         1364    i.conn_handle_list_get  ble_conn_state.o
    0x0001b166   0x0001b166   0x00000088   Code   RO         1167    i.conn_int_encode   ble_advdata.o
    0x0001b1ee   0x0001b1ee   0x00000002   PAD
    0x0001b1f0   0x0001b1f0   0x00000048   Code   RO         1270    i.conn_params_negotiation  ble_conn_params.o
    0x0001b238   0x0001b238   0x00000014   Code   RO         4684    i.dropped_sat16_get  nrf_log_frontend.o
    0x0001b24c   0x0001b24c   0x00000014   Code   RO         3536    i.drv_rtc_compare_disable  drv_rtc.o
    0x0001b260   0x0001b260   0x0000000e   Code   RO         3538    i.drv_rtc_compare_pending  drv_rtc.o
    0x0001b26e   0x0001b26e   0x00000050   Code   RO         3539    i.drv_rtc_compare_set  drv_rtc.o
    0x0001b2be   0x0001b2be   0x00000008   Code   RO         3540    i.drv_rtc_counter_get  drv_rtc.o
    0x0001b2c6   0x0001b2c6   0x00000002   PAD
    0x0001b2c8   0x0001b2c8   0x000000d4   Code   RO         3541    i.drv_rtc_init      drv_rtc.o
    0x0001b39c   0x0001b39c   0x0000001a   Code   RO         3542    i.drv_rtc_irq_trigger  drv_rtc.o
    0x0001b3b6   0x0001b3b6   0x00000008   Code   RO         3544    i.drv_rtc_overflow_enable  drv_rtc.o
    0x0001b3be   0x0001b3be   0x00000008   Code   RO         3545    i.drv_rtc_overflow_pending  drv_rtc.o
    0x0001b3c6   0x0001b3c6   0x00000008   Code   RO         3546    i.drv_rtc_start     drv_rtc.o
    0x0001b3ce   0x0001b3ce   0x00000008   Code   RO         3547    i.drv_rtc_stop      drv_rtc.o
    0x0001b3d6   0x0001b3d6   0x000000de   Code   RO         3552    i.drv_rtc_windowed_compare_set  drv_rtc.o
    0x0001b4b4   0x0001b4b4   0x00000012   Code   RO         3553    i.evt_enable        drv_rtc.o
    0x0001b4c6   0x0001b4c6   0x00000014   Code   RO         3554    i.evt_pending       drv_rtc.o
    0x0001b4da   0x0001b4da   0x0000000a   Code   RO         1365    i.flag_toggle       ble_conn_state.o
    0x0001b4e4   0x0001b4e4   0x00000034   Code   RO         3335    i.get_now           app_timer2.o
    0x0001b518   0x0001b518   0x00000014   Code   RO         1271    i.instance_get      ble_conn_params.o
    0x0001b52c   0x0001b52c   0x000000a6   Code   RO         4092    i.int_print         nrf_fprintf_format.o
    0x0001b5d2   0x0001b5d2   0x00000002   PAD
    0x0001b5d4   0x0001b5d4   0x00000084   Code   RO         2774    i.interrupts_enable  nrfx_uarte.o
    0x0001b658   0x0001b658   0x00000034   Code   RO         4685    i.invalid_packets_omit  nrf_log_frontend.o
    0x0001b68c   0x0001b68c   0x00000044   Code   RO         1272    i.is_conn_params_ok  ble_conn_params.o
    0x0001b6d0   0x0001b6d0   0x0000000e   Code   RO         1578    i.link_init         nrf_ble_gatt.o
    0x0001b6de   0x0001b6de   0x0000001a   Code   RO           97    i.log_init          main.o
    0x0001b6f8   0x0001b6f8   0x0000009c   Code   RO         4686    i.log_skip          nrf_log_frontend.o
    0x0001b794   0x0001b794   0x00000080   Code   RO           98    i.main              main.o
    0x0001b814   0x0001b814   0x00000064   Code   RO         1168    i.manuf_specific_data_encode  ble_advdata.o
    0x0001b878   0x0001b878   0x0000007e   Code   RO         4131    i.memobj_op         nrf_memobj.o
    0x0001b8f6   0x0001b8f6   0x00000002   PAD
    0x0001b8f8   0x0001b8f8   0x00000030   Code   RO         4687    i.module_idx_get    nrf_log_frontend.o
    0x0001b928   0x0001b928   0x000000a6   Code   RO         1169    i.name_encode       ble_advdata.o
    0x0001b9ce   0x0001b9ce   0x00000026   Code   RO         3747    i.nrf_atfifo_init   nrf_atfifo.o
    0x0001b9f4   0x0001b9f4   0x00000016   Code   RO         3748    i.nrf_atfifo_item_alloc  nrf_atfifo.o
    0x0001ba0a   0x0001ba0a   0x00000016   Code   RO         3749    i.nrf_atfifo_item_free  nrf_atfifo.o
    0x0001ba20   0x0001ba20   0x00000016   Code   RO         3750    i.nrf_atfifo_item_get  nrf_atfifo.o
    0x0001ba36   0x0001ba36   0x00000016   Code   RO         3751    i.nrf_atfifo_item_put  nrf_atfifo.o
    0x0001ba4c   0x0001ba4c   0x00000016   Code   RO         3813    i.nrf_atflags_clear  nrf_atflags.o
    0x0001ba62   0x0001ba62   0x00000016   Code   RO         3818    i.nrf_atflags_get   nrf_atflags.o
    0x0001ba78   0x0001ba78   0x00000014   Code   RO         3820    i.nrf_atflags_set   nrf_atflags.o
    0x0001ba8c   0x0001ba8c   0x00000006   Code   RO         3881    i.nrf_atomic_flag_clear_fetch  nrf_atomic.o
    0x0001ba92   0x0001ba92   0x00000006   Code   RO         3882    i.nrf_atomic_flag_set  nrf_atomic.o
    0x0001ba98   0x0001ba98   0x0000000c   Code   RO         3884    i.nrf_atomic_u32_add  nrf_atomic.o
    0x0001baa4   0x0001baa4   0x0000000c   Code   RO         3885    i.nrf_atomic_u32_and  nrf_atomic.o
    0x0001bab0   0x0001bab0   0x0000000a   Code   RO         3888    i.nrf_atomic_u32_fetch_and  nrf_atomic.o
    0x0001baba   0x0001baba   0x0000000a   Code   RO         3890    i.nrf_atomic_u32_fetch_store  nrf_atomic.o
    0x0001bac4   0x0001bac4   0x0000000c   Code   RO         3894    i.nrf_atomic_u32_or  nrf_atomic.o
    0x0001bad0   0x0001bad0   0x0000000c   Code   RO         3896    i.nrf_atomic_u32_sub  nrf_atomic.o
    0x0001badc   0x0001badc   0x00000044   Code   RO         4015    i.nrf_balloc_alloc  nrf_balloc.o
    0x0001bb20   0x0001bb20   0x00000030   Code   RO         4016    i.nrf_balloc_free   nrf_balloc.o
    0x0001bb50   0x0001bb50   0x00000030   Code   RO         4017    i.nrf_balloc_init   nrf_balloc.o
    0x0001bb80   0x0001bb80   0x00000010   Code   RO         2266    i.nrf_bitmask_bit_is_set  nrfx_gpiote.o
    0x0001bb90   0x0001bb90   0x00000014   Code   RO         2267    i.nrf_bitmask_bit_set  nrfx_gpiote.o
    0x0001bba4   0x0001bba4   0x00000022   Code   RO         1582    i.nrf_ble_gatt_init  nrf_ble_gatt.o
    0x0001bbc6   0x0001bbc6   0x00000002   PAD
    0x0001bbc8   0x0001bbc8   0x000000f4   Code   RO         1583    i.nrf_ble_gatt_on_ble_evt  nrf_ble_gatt.o
    0x0001bcbc   0x0001bcbc   0x0000000e   Code   RO         2125    i.nrf_clock_event_check  nrfx_clock.o
    0x0001bcca   0x0001bcca   0x00000010   Code   RO         2126    i.nrf_clock_event_clear  nrfx_clock.o
    0x0001bcda   0x0001bcda   0x00000002   PAD
    0x0001bcdc   0x0001bcdc   0x00000038   Code   RO         1786    i.nrf_drv_clock_init  nrf_drv_clock.o
    0x0001bd14   0x0001bd14   0x00000030   Code   RO         1790    i.nrf_drv_clock_lfclk_release  nrf_drv_clock.o
    0x0001bd44   0x0001bd44   0x00000068   Code   RO         1933    i.nrf_drv_uart_init  nrf_drv_uart.o
    0x0001bdac   0x0001bdac   0x0000001a   Code   RO         4052    i.nrf_fprintf       nrf_fprintf.o
    0x0001bdc6   0x0001bdc6   0x00000018   Code   RO         4053    i.nrf_fprintf_buffer_flush  nrf_fprintf.o
    0x0001bdde   0x0001bdde   0x000001da   Code   RO         4093    i.nrf_fprintf_fmt   nrf_fprintf_format.o
    0x0001bfb8   0x0001bfb8   0x00000024   Code   RO         2268    i.nrf_gpio_cfg      nrfx_gpiote.o
    0x0001bfdc   0x0001bfdc   0x00000024   Code   RO         2586    i.nrf_gpio_cfg      nrfx_uart.o
    0x0001c000   0x0001c000   0x00000024   Code   RO         2775    i.nrf_gpio_cfg      nrfx_uarte.o
    0x0001c024   0x0001c024   0x00000012   Code   RO         2587    i.nrf_gpio_cfg_default  nrfx_uart.o
    0x0001c036   0x0001c036   0x00000012   Code   RO         2776    i.nrf_gpio_cfg_default  nrfx_uarte.o
    0x0001c048   0x0001c048   0x00000012   Code   RO         2588    i.nrf_gpio_cfg_input  nrfx_uart.o
    0x0001c05a   0x0001c05a   0x00000012   Code   RO         2777    i.nrf_gpio_cfg_input  nrfx_uarte.o
    0x0001c06c   0x0001c06c   0x00000014   Code   RO         2589    i.nrf_gpio_cfg_output  nrfx_uart.o
    0x0001c080   0x0001c080   0x00000014   Code   RO         2778    i.nrf_gpio_cfg_output  nrfx_uarte.o
    0x0001c094   0x0001c094   0x00000022   Code   RO         2270    i.nrf_gpio_cfg_sense_set  nrfx_gpiote.o
    0x0001c0b6   0x0001c0b6   0x00000010   Code   RO          702    i.nrf_gpio_pin_read  app_sensor.o
    0x0001c0c6   0x0001c0c6   0x00000002   PAD
    0x0001c0c8   0x0001c0c8   0x00000028   Code   RO         2271    i.nrf_gpio_ports_read  nrfx_gpiote.o
    0x0001c0f0   0x0001c0f0   0x00000014   Code   RO         2272    i.nrf_gpiote_event_clear  nrfx_gpiote.o
    0x0001c104   0x0001c104   0x00000010   Code   RO         2273    i.nrf_gpiote_event_is_set  nrfx_gpiote.o
    0x0001c114   0x0001c114   0x0000005c   Code   RO         4688    i.nrf_log_backend_add  nrf_log_frontend.o
    0x0001c170   0x0001c170   0x00000002   Code   RO         4466    i.nrf_log_backend_rtt_flush  nrf_log_backend_rtt.o
    0x0001c172   0x0001c172   0x00000004   Code   RO         4467    i.nrf_log_backend_rtt_init  nrf_log_backend_rtt.o
    0x0001c176   0x0001c176   0x00000002   Code   RO         4468    i.nrf_log_backend_rtt_panic_set  nrf_log_backend_rtt.o
    0x0001c178   0x0001c178   0x00000018   Code   RO         4469    i.nrf_log_backend_rtt_put  nrf_log_backend_rtt.o
    0x0001c190   0x0001c190   0x000000c8   Code   RO         4528    i.nrf_log_backend_serial_put  nrf_log_backend_serial.o
    0x0001c258   0x0001c258   0x00000002   Code   RO         4562    i.nrf_log_backend_uart_flush  nrf_log_backend_uart.o
    0x0001c25a   0x0001c25a   0x00000006   Code   RO         4563    i.nrf_log_backend_uart_init  nrf_log_backend_uart.o
    0x0001c260   0x0001c260   0x0000002c   Code   RO         4564    i.nrf_log_backend_uart_panic_set  nrf_log_backend_uart.o
    0x0001c28c   0x0001c28c   0x00000018   Code   RO         4565    i.nrf_log_backend_uart_put  nrf_log_backend_uart.o
    0x0001c2a4   0x0001c2a4   0x00000030   Code   RO         4690    i.nrf_log_color_id_get  nrf_log_frontend.o
    0x0001c2d4   0x0001c2d4   0x00000034   Code   RO         4641    i.nrf_log_default_backends_init  nrf_log_default_backends.o
    0x0001c308   0x0001c308   0x00000234   Code   RO         4691    i.nrf_log_frontend_dequeue  nrf_log_frontend.o
    0x0001c53c   0x0001c53c   0x00000008   Code   RO         4693    i.nrf_log_frontend_std_0  nrf_log_frontend.o
    0x0001c544   0x0001c544   0x0000000e   Code   RO         4694    i.nrf_log_frontend_std_1  nrf_log_frontend.o
    0x0001c552   0x0001c552   0x00000010   Code   RO         4695    i.nrf_log_frontend_std_2  nrf_log_frontend.o
    0x0001c562   0x0001c562   0x00000002   PAD
    0x0001c564   0x0001c564   0x000000b0   Code   RO         4868    i.nrf_log_hexdump_entry_process  nrf_log_str_formatter.o
    0x0001c614   0x0001c614   0x0000003c   Code   RO         4700    i.nrf_log_init      nrf_log_frontend.o
    0x0001c650   0x0001c650   0x00000014   Code   RO         4701    i.nrf_log_module_cnt_get  nrf_log_frontend.o
    0x0001c664   0x0001c664   0x0000001c   Code   RO         4704    i.nrf_log_module_name_get  nrf_log_frontend.o
    0x0001c680   0x0001c680   0x0000002c   Code   RO         4705    i.nrf_log_panic     nrf_log_frontend.o
    0x0001c6ac   0x0001c6ac   0x000000b6   Code   RO         4869    i.nrf_log_std_entry_process  nrf_log_str_formatter.o
    0x0001c762   0x0001c762   0x00000060   Code   RO         4132    i.nrf_memobj_alloc  nrf_memobj.o
    0x0001c7c2   0x0001c7c2   0x00000032   Code   RO         4133    i.nrf_memobj_free   nrf_memobj.o
    0x0001c7f4   0x0001c7f4   0x00000008   Code   RO         4134    i.nrf_memobj_get    nrf_memobj.o
    0x0001c7fc   0x0001c7fc   0x00000004   Code   RO         4135    i.nrf_memobj_pool_init  nrf_memobj.o
    0x0001c800   0x0001c800   0x0000001e   Code   RO         4136    i.nrf_memobj_put    nrf_memobj.o
    0x0001c81e   0x0001c81e   0x00000010   Code   RO         4137    i.nrf_memobj_read   nrf_memobj.o
    0x0001c82e   0x0001c82e   0x00000010   Code   RO         4138    i.nrf_memobj_write  nrf_memobj.o
    0x0001c83e   0x0001c83e   0x00000002   PAD
    0x0001c840   0x0001c840   0x00000028   Code   RO         4210    i.nrf_pwr_mgmt_init  nrf_pwr_mgmt.o
    0x0001c868   0x0001c868   0x00000014   Code   RO         4211    i.nrf_pwr_mgmt_run  nrf_pwr_mgmt.o
    0x0001c87c   0x0001c87c   0x0000001c   Code   RO         4284    i.nrf_ringbuf_init  nrf_ringbuf.o
    0x0001c898   0x0001c898   0x0000000c   Code   RO         3555    i.nrf_rtc_event_clear  drv_rtc.o
    0x0001c8a4   0x0001c8a4   0x00000010   Code   RO         2934    i.nrf_saadc_buffer_init  nrfx_saadc.o
    0x0001c8b4   0x0001c8b4   0x00000014   Code   RO         2935    i.nrf_saadc_channel_input_set  nrfx_saadc.o
    0x0001c8c8   0x0001c8c8   0x00000010   Code   RO         2936    i.nrf_saadc_event_check  nrfx_saadc.o
    0x0001c8d8   0x0001c8d8   0x00000014   Code   RO         2937    i.nrf_saadc_event_clear  nrfx_saadc.o
    0x0001c8ec   0x0001c8ec   0x00000010   Code   RO         2938    i.nrf_saadc_limit_int_get  nrfx_saadc.o
    0x0001c8fc   0x0001c8fc   0x00000014   Code   RO         5396    i.nrf_sdh_ble_app_ram_start_get  nrf_sdh_ble.o
    0x0001c910   0x0001c910   0x000000f8   Code   RO         5397    i.nrf_sdh_ble_default_cfg_set  nrf_sdh_ble.o
    0x0001ca08   0x0001ca08   0x00000130   Code   RO         5398    i.nrf_sdh_ble_enable  nrf_sdh_ble.o
    0x0001cb38   0x0001cb38   0x0000005c   Code   RO         5399    i.nrf_sdh_ble_evts_poll  nrf_sdh_ble.o
    0x0001cb94   0x0001cb94   0x00000074   Code   RO         5278    i.nrf_sdh_enable_request  nrf_sdh.o
    0x0001cc08   0x0001cc08   0x00000024   Code   RO         5279    i.nrf_sdh_evts_poll  nrf_sdh.o
    0x0001cc2c   0x0001cc2c   0x0000000c   Code   RO         5280    i.nrf_sdh_is_enabled  nrf_sdh.o
    0x0001cc38   0x0001cc38   0x0000003c   Code   RO         5450    i.nrf_sdh_soc_evts_poll  nrf_sdh_soc.o
    0x0001cc74   0x0001cc74   0x0000000a   Code   RO         4342    i.nrf_section_iter_init  nrf_section_iter.o
    0x0001cc7e   0x0001cc7e   0x00000024   Code   RO         4343    i.nrf_section_iter_item_set  nrf_section_iter.o
    0x0001cca2   0x0001cca2   0x00000020   Code   RO         4344    i.nrf_section_iter_next  nrf_section_iter.o
    0x0001ccc2   0x0001ccc2   0x00000022   Code   RO         4377    i.nrf_sortlist_add  nrf_sortlist.o
    0x0001cce4   0x0001cce4   0x00000006   Code   RO         4379    i.nrf_sortlist_peek  nrf_sortlist.o
    0x0001ccea   0x0001ccea   0x0000000e   Code   RO         4380    i.nrf_sortlist_pop  nrf_sortlist.o
    0x0001ccf8   0x0001ccf8   0x0000001e   Code   RO         4381    i.nrf_sortlist_remove  nrf_sortlist.o
    0x0001cd16   0x0001cd16   0x00000002   PAD
    0x0001cd18   0x0001cd18   0x00000038   Code   RO         4433    i.nrf_strerror_find  nrf_strerror.o
    0x0001cd50   0x0001cd50   0x00000014   Code   RO         4434    i.nrf_strerror_get  nrf_strerror.o
    0x0001cd64   0x0001cd64   0x0000000a   Code   RO         2590    i.nrf_uart_event_check  nrfx_uart.o
    0x0001cd6e   0x0001cd6e   0x0000000c   Code   RO         2591    i.nrf_uart_event_clear  nrfx_uart.o
    0x0001cd7a   0x0001cd7a   0x0000000c   Code   RO         2592    i.nrf_uart_int_enable_check  nrfx_uart.o
    0x0001cd86   0x0001cd86   0x0000000a   Code   RO         2779    i.nrf_uarte_event_check  nrfx_uarte.o
    0x0001cd90   0x0001cd90   0x0000000c   Code   RO         2780    i.nrf_uarte_event_clear  nrfx_uarte.o
    0x0001cd9c   0x0001cd9c   0x0000002c   Code   RO         2131    i.nrfx_clock_enable  nrfx_clock.o
    0x0001cdc8   0x0001cdc8   0x0000001c   Code   RO         2134    i.nrfx_clock_init   nrfx_clock.o
    0x0001cde4   0x0001cde4   0x0000001c   Code   RO         2137    i.nrfx_clock_lfclk_stop  nrfx_clock.o
    0x0001ce00   0x0001ce00   0x00000010   Code   RO         2939    i.nrfx_coredep_delay_us  nrfx_saadc.o
    0x0001ce10   0x0001ce10   0x00000010   Code   RO         3556    i.nrfx_coredep_delay_us  drv_rtc.o
    0x0001ce20   0x0001ce20   0x000000a4   Code   RO         2278    i.nrfx_gpiote_in_event_enable  nrfx_gpiote.o
    0x0001cec4   0x0001cec4   0x000000d0   Code   RO         2279    i.nrfx_gpiote_in_init  nrfx_gpiote.o
    0x0001cf94   0x0001cf94   0x0000006c   Code   RO         2282    i.nrfx_gpiote_init  nrfx_gpiote.o
    0x0001d000   0x0001d000   0x00000010   Code   RO         2781    i.nrfx_is_in_ram    nrfx_uarte.o
    0x0001d010   0x0001d010   0x0000003a   Code   RO         2532    i.nrfx_prs_acquire  nrfx_prs.o
    0x0001d04a   0x0001d04a   0x00000012   Code   RO         2533    i.nrfx_prs_release  nrfx_prs.o
    0x0001d05c   0x0001d05c   0x000000a4   Code   RO         2941    i.nrfx_saadc_buffer_convert  nrfx_saadc.o
    0x0001d100   0x0001d100   0x0000008c   Code   RO         2943    i.nrfx_saadc_channel_init  nrfx_saadc.o
    0x0001d18c   0x0001d18c   0x00000044   Code   RO         2944    i.nrfx_saadc_channel_uninit  nrfx_saadc.o
    0x0001d1d0   0x0001d1d0   0x00000094   Code   RO         2945    i.nrfx_saadc_init   nrfx_saadc.o
    0x0001d264   0x0001d264   0x00000010   Code   RO         2946    i.nrfx_saadc_is_busy  nrfx_saadc.o
    0x0001d274   0x0001d274   0x00000080   Code   RO         2947    i.nrfx_saadc_limits_set  nrfx_saadc.o
    0x0001d2f4   0x0001d2f4   0x0000002c   Code   RO         2948    i.nrfx_saadc_sample  nrfx_saadc.o
    0x0001d320   0x0001d320   0x0000006c   Code   RO         2951    i.nrfx_saadc_uninit  nrfx_saadc.o
    0x0001d38c   0x0001d38c   0x00000010   Code   RO         2593    i.nrfx_uart_0_irq_handler  nrfx_uart.o
    0x0001d39c   0x0001d39c   0x000000d0   Code   RO         2595    i.nrfx_uart_init    nrfx_uart.o
    0x0001d46c   0x0001d46c   0x000000a8   Code   RO         2601    i.nrfx_uart_tx      nrfx_uart.o
    0x0001d514   0x0001d514   0x00000020   Code   RO         2603    i.nrfx_uart_tx_in_progress  nrfx_uart.o
    0x0001d534   0x0001d534   0x000000b4   Code   RO         2604    i.nrfx_uart_uninit  nrfx_uart.o
    0x0001d5e8   0x0001d5e8   0x00000010   Code   RO         2782    i.nrfx_uarte_0_irq_handler  nrfx_uarte.o
    0x0001d5f8   0x0001d5f8   0x0000006c   Code   RO         2784    i.nrfx_uarte_init   nrfx_uarte.o
    0x0001d664   0x0001d664   0x000000ac   Code   RO         2788    i.nrfx_uarte_tx     nrfx_uarte.o
    0x0001d710   0x0001d710   0x0000001c   Code   RO         2790    i.nrfx_uarte_tx_in_progress  nrfx_uarte.o
    0x0001d72c   0x0001d72c   0x000000e0   Code   RO         2791    i.nrfx_uarte_uninit  nrfx_uarte.o
    0x0001d80c   0x0001d80c   0x0000008c   Code   RO         1584    i.on_connected_evt  nrf_ble_gatt.o
    0x0001d898   0x0001d898   0x000000b0   Code   RO         1585    i.on_exchange_mtu_request_evt  nrf_ble_gatt.o
    0x0001d948   0x0001d948   0x0000001c   Code   RO          862    i.on_write          cambien_service.o
    0x0001d964   0x0001d964   0x00000018   Code   RO         2299    i.pin_in_use_by_port  nrfx_gpiote.o
    0x0001d97c   0x0001d97c   0x00000018   Code   RO         2300    i.pin_in_use_by_te  nrfx_gpiote.o
    0x0001d994   0x0001d994   0x00000034   Code   RO         1739    i.pnp_id_encode     ble_dis.o
    0x0001d9c8   0x0001d9c8   0x0000003c   Code   RO         4871    i.postfix_process   nrf_log_str_formatter.o
    0x0001da04   0x0001da04   0x00000014   Code   RO           99    i.power_management_init  main.o
    0x0001da18   0x0001da18   0x00000098   Code   RO         4872    i.prefix_process    nrf_log_str_formatter.o
    0x0001dab0   0x0001dab0   0x00000018   Code   RO         2534    i.prs_box_get       nrfx_prs.o
    0x0001dac8   0x0001dac8   0x0000005c   Code   RO         3336    i.rtc_irq           app_timer2.o
    0x0001db24   0x0001db24   0x00000064   Code   RO         3337    i.rtc_schedule      app_timer2.o
    0x0001db88   0x0001db88   0x00000074   Code   RO         3338    i.rtc_update        app_timer2.o
    0x0001dbfc   0x0001dbfc   0x00000032   Code   RO         2605    i.rx_byte           nrfx_uart.o
    0x0001dc2e   0x0001dc2e   0x00000016   Code   RO         2606    i.rx_done_event     nrfx_uart.o
    0x0001dc44   0x0001dc44   0x00000016   Code   RO         2792    i.rx_done_event     nrfx_uarte.o
    0x0001dc5a   0x0001dc5a   0x00000002   PAD
    0x0001dc5c   0x0001dc5c   0x00000050   Code   RO         1793    i.sd_state_evt_handler  nrf_drv_clock.o
    0x0001dcac   0x0001dcac   0x00000030   Code   RO         5285    i.sdh_request_observer_notify  nrf_sdh.o
    0x0001dcdc   0x0001dcdc   0x0000002c   Code   RO         5286    i.sdh_state_observer_notify  nrf_sdh.o
    0x0001dd08   0x0001dd08   0x00000010   Code   RO         1273    i.send_error_evt    ble_conn_params.o
    0x0001dd18   0x0001dd18   0x00000050   Code   RO         4470    i.serial_tx         nrf_log_backend_rtt.o
    0x0001dd68   0x0001dd68   0x00000040   Code   RO         4566    i.serial_tx         nrf_log_backend_uart.o
    0x0001dda8   0x0001dda8   0x00000088   Code   RO         1170    i.service_data_encode  ble_advdata.o
    0x0001de30   0x0001de30   0x00000030   Code   RO         1522    i.set_security_req  ble_srv_common.o
    0x0001de60   0x0001de60   0x00000018   Code   RO         1794    i.soc_evt_handler   nrf_drv_clock.o
    0x0001de78   0x0001de78   0x00000058   Code   RO         5288    i.softdevices_evt_irq_enable  nrf_sdh.o
    0x0001ded0   0x0001ded0   0x0000000c   Code   RO         3339    i.sortlist_pop      app_timer2.o
    0x0001dedc   0x0001dedc   0x0000008c   Code   RO         4707    i.std_n             nrf_log_frontend.o
    0x0001df68   0x0001df68   0x00000042   Code   RO         1740    i.sys_id_encode     ble_dis.o
    0x0001dfaa   0x0001dfaa   0x00000002   PAD
    0x0001dfac   0x0001dfac   0x00000058   Code   RO         3340    i.timer_expire      app_timer2.o
    0x0001e004   0x0001e004   0x00000078   Code   RO         3341    i.timer_req_process  app_timer2.o
    0x0001e07c   0x0001e07c   0x00000038   Code   RO         3342    i.timer_req_schedule  app_timer2.o
    0x0001e0b4   0x0001e0b4   0x00000020   Code   RO         2608    i.tx_byte           nrfx_uart.o
    0x0001e0d4   0x0001e0d4   0x0000001a   Code   RO         2609    i.tx_done_event     nrfx_uart.o
    0x0001e0ee   0x0001e0ee   0x0000001a   Code   RO         2793    i.tx_done_event     nrfx_uarte.o
    0x0001e108   0x0001e108   0x00000030   Code   RO         1934    i.uart_evt_handler  nrf_drv_uart.o
    0x0001e138   0x0001e138   0x0000000c   Code   RO         4567    i.uart_evt_handler  nrf_log_backend_uart.o
    0x0001e144   0x0001e144   0x00000050   Code   RO         4568    i.uart_init         nrf_log_backend_uart.o
    0x0001e194   0x0001e194   0x0000012a   Code   RO         2610    i.uart_irq_handler  nrfx_uart.o
    0x0001e2be   0x0001e2be   0x00000002   PAD
    0x0001e2c0   0x0001e2c0   0x00000030   Code   RO         1935    i.uarte_evt_handler  nrf_drv_uart.o
    0x0001e2f0   0x0001e2f0   0x00000112   Code   RO         2794    i.uarte_irq_handler  nrfx_uarte.o
    0x0001e402   0x0001e402   0x0000000a   Code   RO         1171    i.uint16_encode     ble_advdata.o
    0x0001e40c   0x0001e40c   0x000000b4   Code   RO         4094    i.unsigned_print    nrf_fprintf_format.o
    0x0001e4c0   0x0001e4c0   0x00000068   Code   RO         1274    i.update_timeout_handler  ble_conn_params.o
    0x0001e528   0x0001e528   0x00000030   Code   RO         1172    i.uuid_list_encode  ble_advdata.o
    0x0001e558   0x0001e558   0x0000009e   Code   RO         1173    i.uuid_list_sized_encode  ble_advdata.o
    0x0001e5f6   0x0001e5f6   0x00000002   PAD
    0x0001e5f8   0x0001e5f8   0x00000008   Data   RO          427    .constdata          app_adc.o
    0x0001e600   0x0001e600   0x00000004   Data   RO          550    .constdata          ble_spec.o
    0x0001e604   0x0001e604   0x00000004   Data   RO          704    .constdata          app_sensor.o
    0x0001e608   0x0001e608   0x00000010   Data   RO          863    .constdata          cambien_service.o
    0x0001e618   0x0001e618   0x0000000e   Data   RO         1586    .constdata          nrf_ble_gatt.o
    0x0001e626   0x0001e626   0x00000002   PAD
    0x0001e628   0x0001e628   0x00000004   Data   RO         2302    .constdata          nrfx_gpiote.o
    0x0001e62c   0x0001e62c   0x00000004   Data   RO         2613    .constdata          nrfx_uart.o
    0x0001e630   0x0001e630   0x00000004   Data   RO         2797    .constdata          nrfx_uarte.o
    0x0001e634   0x0001e634   0x0000000c   PAD
    0x0001e640   0x0001e640   0x00000006   Data   RO         2953    .constdata          nrfx_saadc.o
    0x0001e646   0x0001e646   0x00000002   PAD
    0x0001e648   0x0001e648   0x00000014   Data   RO         3345    .constdata          app_timer2.o
    0x0001e65c   0x0001e65c   0x00000004   PAD
    0x0001e660   0x0001e660   0x00000006   Data   RO         3557    .constdata          drv_rtc.o
    0x0001e666   0x0001e666   0x00000010   Data   RO         4095    .constdata          nrf_fprintf_format.o
    0x0001e676   0x0001e676   0x00000002   PAD
    0x0001e678   0x0001e678   0x00000018   Data   RO         4215    .constdata          nrf_pwr_mgmt.o
    0x0001e690   0x0001e690   0x0000000c   Data   RO         4216    .constdata          nrf_pwr_mgmt.o
    0x0001e69c   0x0001e69c   0x0000013c   Data   RO         4435    .constdata          nrf_strerror.o
    0x0001e7d8   0x0001e7d8   0x0000000c   Data   RO         4472    .constdata          nrf_log_backend_rtt.o
    0x0001e7e4   0x0001e7e4   0x0000000c   PAD
    0x0001e7f0   0x0001e7f0   0x00000006   Data   RO         4473    .constdata          nrf_log_backend_rtt.o
    0x0001e7f6   0x0001e7f6   0x00000002   PAD
    0x0001e7f8   0x0001e7f8   0x0000000c   Data   RO         4570    .constdata          nrf_log_backend_uart.o
    0x0001e804   0x0001e804   0x00000020   Data   RO         4571    .constdata          nrf_log_backend_uart.o
    0x0001e824   0x0001e824   0x0000000c   Data   RO         4712    .constdata          nrf_log_frontend.o
    0x0001e830   0x0001e830   0x00000010   Data   RO         5289    .constdata          nrf_sdh.o
    0x0001e840   0x0001e840   0x00000028   Data   RO         5290    .constdata          nrf_sdh.o
    0x0001e868   0x0001e868   0x00000010   Data   RO         5291    .constdata          nrf_sdh.o
    0x0001e878   0x0001e878   0x00000010   Data   RO         5292    .constdata          nrf_sdh.o
    0x0001e888   0x0001e888   0x00000020   Data   RO         5400    .constdata          nrf_sdh_ble.o
    0x0001e8a8   0x0001e8a8   0x00000010   Data   RO         5401    .constdata          nrf_sdh_ble.o
    0x0001e8b8   0x0001e8b8   0x00000010   Data   RO         5451    .constdata          nrf_sdh_soc.o
    0x0001e8c8   0x0001e8c8   0x0000000c   Data   RO         5452    .constdata          nrf_sdh_soc.o
    0x0001e8d4   0x0001e8d4   0x00000081   Data   RO         5493    .constdata          mc_w.l(ctype_o.o)
    0x0001e955   0x0001e955   0x00000003   PAD
    0x0001e958   0x0001e958   0x00000004   Data   RO         5494    .constdata          mc_w.l(ctype_o.o)
    0x0001e95c   0x0001e95c   0x000003eb   Data   RO         4436    .conststring        nrf_strerror.o
    0x0001ed47   0x0001ed47   0x00000001   PAD
    0x0001ed48   0x0001ed48   0x00000066   Data   RO         4873    .conststring        nrf_log_str_formatter.o
    0x0001edae   0x0001edae   0x00000002   PAD
    0x0001edb0   0x0001edb0   0x00000188   Data   RO         5402    .conststring        nrf_sdh_ble.o
    0x0001ef38   0x0001ef38   0x0000000d   Data   RO         1587    .conststrlit        nrf_ble_gatt.o
    0x0001ef45   0x0001ef45   0x00000003   PAD
    0x0001ef48   0x0001ef48   0x00000006   Data   RO         1800    .conststrlit        nrf_drv_clock.o
    0x0001ef4e   0x0001ef4e   0x00000002   PAD
    0x0001ef50   0x0001ef50   0x00000006   Data   RO         2141    .conststrlit        nrfx_clock.o
    0x0001ef56   0x0001ef56   0x00000002   PAD
    0x0001ef58   0x0001ef58   0x00000007   Data   RO         2306    .conststrlit        nrfx_gpiote.o
    0x0001ef5f   0x0001ef5f   0x00000001   PAD
    0x0001ef60   0x0001ef60   0x00000004   Data   RO         2536    .conststrlit        nrfx_prs.o
    0x0001ef64   0x0001ef64   0x00000005   Data   RO         2616    .conststrlit        nrfx_uart.o
    0x0001ef69   0x0001ef69   0x00000003   PAD
    0x0001ef6c   0x0001ef6c   0x00000006   Data   RO         2800    .conststrlit        nrfx_uarte.o
    0x0001ef72   0x0001ef72   0x00000002   PAD
    0x0001ef74   0x0001ef74   0x00000006   Data   RO         2961    .conststrlit        nrfx_saadc.o
    0x0001ef7a   0x0001ef7a   0x00000002   PAD
    0x0001ef7c   0x0001ef7c   0x0000000b   Data   RO         3099    .conststrlit        app_button.o
    0x0001ef87   0x0001ef87   0x00000001   PAD
    0x0001ef88   0x0001ef88   0x0000000a   Data   RO         3346    .conststrlit        app_timer2.o
    0x0001ef92   0x0001ef92   0x00000002   PAD
    0x0001ef94   0x0001ef94   0x00000009   Data   RO         4217    .conststrlit        nrf_pwr_mgmt.o
    0x0001ef9d   0x0001ef9d   0x00000003   PAD
    0x0001efa0   0x0001efa0   0x00000009   Data   RO         4382    .conststrlit        nrf_sortlist.o
    0x0001efa9   0x0001efa9   0x00000003   PAD
    0x0001efac   0x0001efac   0x00000021   Data   RO         4642    .conststrlit        nrf_log_default_backends.o
    0x0001efcd   0x0001efcd   0x00000003   PAD
    0x0001efd0   0x0001efd0   0x00000004   Data   RO         4713    .conststrlit        nrf_log_frontend.o
    0x0001efd4   0x0001efd4   0x00000008   Data   RO         5293    .conststrlit        nrf_sdh.o
    0x0001efdc   0x0001efdc   0x0000000c   Data   RO         5403    .conststrlit        nrf_sdh_ble.o
    0x0001efe8   0x0001efe8   0x0000000c   Data   RO         5453    .conststrlit        nrf_sdh_soc.o
    0x0001eff4   0x0001eff4   0x00000020   Data   RO         5552    Region$$Table       anon$$obj.o
    0x0001f014   0x0001f014   0x00000020   Data   RO         4645    log_backends        nrf_log_default_backends.o
    0x0001f034   0x0001f034   0x00000008   Data   RO         1588    log_const_data      nrf_ble_gatt.o
    0x0001f03c   0x0001f03c   0x00000008   Data   RO         1801    log_const_data      nrf_drv_clock.o
    0x0001f044   0x0001f044   0x00000008   Data   RO         2143    log_const_data      nrfx_clock.o
    0x0001f04c   0x0001f04c   0x00000008   Data   RO         2307    log_const_data      nrfx_gpiote.o
    0x0001f054   0x0001f054   0x00000008   Data   RO         2538    log_const_data      nrfx_prs.o
    0x0001f05c   0x0001f05c   0x00000008   Data   RO         2617    log_const_data      nrfx_uart.o
    0x0001f064   0x0001f064   0x00000008   Data   RO         2801    log_const_data      nrfx_uarte.o
    0x0001f06c   0x0001f06c   0x00000008   Data   RO         2962    log_const_data      nrfx_saadc.o
    0x0001f074   0x0001f074   0x00000008   Data   RO         3101    log_const_data      app_button.o
    0x0001f07c   0x0001f07c   0x00000008   Data   RO         3349    log_const_data      app_timer2.o
    0x0001f084   0x0001f084   0x00000008   Data   RO         4219    log_const_data      nrf_pwr_mgmt.o
    0x0001f08c   0x0001f08c   0x00000008   Data   RO         4383    log_const_data      nrf_sortlist.o
    0x0001f094   0x0001f094   0x00000008   Data   RO         4716    log_const_data      nrf_log_frontend.o
    0x0001f09c   0x0001f09c   0x00000008   Data   RO         5295    log_const_data      nrf_sdh.o
    0x0001f0a4   0x0001f0a4   0x00000008   Data   RO         5405    log_const_data      nrf_sdh_ble.o
    0x0001f0ac   0x0001f0ac   0x00000008   Data   RO         5454    log_const_data      nrf_sdh_soc.o
    0x0001f0b4   0x0001f0b4   0x00000014   Data   RO         4717    nrf_balloc          nrf_log_frontend.o
    0x0001f0c8   0x0001f0c8   0x00000008   Data   RO         1369    sdh_ble_observers0  ble_conn_state.o
    0x0001f0d0   0x0001f0d0   0x00000008   Data   RO          102    sdh_ble_observers1  main.o
    0x0001f0d8   0x0001f0d8   0x00000008   Data   RO         1277    sdh_ble_observers1  ble_conn_params.o
    0x0001f0e0   0x0001f0e0   0x00000008   Data   RO          552    sdh_ble_observers3  ble_spec.o
    0x0001f0e8   0x0001f0e8   0x00000008   Data   RO         1802    sdh_soc_observers0  nrf_drv_clock.o
    0x0001f0f0   0x0001f0f0   0x00000008   Data   RO         5406    sdh_stack_observers0  nrf_sdh_ble.o
    0x0001f0f8   0x0001f0f8   0x00000008   Data   RO         5455    sdh_stack_observers0  nrf_sdh_soc.o
    0x0001f100   0x0001f100   0x00000008   Data   RO         1803    sdh_state_observers0  nrf_drv_clock.o


    Execution Region RW_IRAM1 (Exec base: 0x20001ae0, Load base: 0x0001f108, Size: 0x000014f8, Max: 0x00004520, ABSOLUTE, COMPRESSED[0x00000058])

    Exec Addr    Load Addr    Size         Type   Attr      Idx    E Section Name        Object

    0x20001ae0   COMPRESSED   0x00000004   Data   RW           15    .data               system_nrf52811.o
    0x20001ae4   COMPRESSED   0x00000001   Data   RW          101    .data               main.o
    0x20001ae5   COMPRESSED   0x00000003   PAD
    0x20001ae8   COMPRESSED   0x00000010   Data   RW          428    .data               app_adc.o
    0x20001af8   COMPRESSED   0x00000014   Data   RW          551    .data               ble_spec.o
    0x20001b0c   COMPRESSED   0x00000018   Data   RW          706    .data               app_sensor.o
    0x20001b24   COMPRESSED   0x00000008   Data   RW          814    .data               app_led.o
    0x20001b2c   COMPRESSED   0x00000008   Data   RW         1276    .data               ble_conn_params.o
    0x20001b34   COMPRESSED   0x0000004a   Data   RW         1741    .data               ble_dis.o
    0x20001b7e   COMPRESSED   0x00000002   PAD
    0x20001b80   COMPRESSED   0x0000000c   Data   RW         1936    .data               nrf_drv_uart.o
    0x20001b8c   COMPRESSED   0x00000008   Data   RW         2142    .data               nrfx_clock.o
    0x20001b94   COMPRESSED   0x00000008   Data   RW         2537    .data               nrfx_prs.o
    0x20001b9c   COMPRESSED   0x00000004   PAD
    0x20001ba0   COMPRESSED   0x00000020   Data   RW         3347    .data               app_timer2.o
    0x20001bc0   COMPRESSED   0x00000004   Data   RW         3348    .data               app_timer2.o
    0x20001bc4   COMPRESSED   0x0000000c   Data   RW         3558    .data               drv_rtc.o
    0x20001bd0   COMPRESSED   0x00000008   Data   RW         4218    .data               nrf_pwr_mgmt.o
    0x20001bd8   COMPRESSED   0x00000001   Data   RW         4474    .data               nrf_log_backend_rtt.o
    0x20001bd9   COMPRESSED   0x00000003   PAD
    0x20001bdc   COMPRESSED   0x00000018   Data   RW         4572    .data               nrf_log_backend_uart.o
    0x20001bf4   COMPRESSED   0x00000008   Data   RW         4643    .data               nrf_log_default_backends.o
    0x20001bfc   COMPRESSED   0x00000008   Data   RW         4644    .data               nrf_log_default_backends.o
    0x20001c04   COMPRESSED   0x00000008   Data   RW         4714    .data               nrf_log_frontend.o
    0x20001c0c   COMPRESSED   0x00000008   Data   RW         4715    .data               nrf_log_frontend.o
    0x20001c14   COMPRESSED   0x00000040   Data   RW         4874    .data               nrf_log_str_formatter.o
    0x20001c54   COMPRESSED   0x00000003   Data   RW         5294    .data               nrf_sdh.o
    0x20001c57   COMPRESSED   0x00000001   Data   RW         5404    .data               nrf_sdh_ble.o
    0x20001c58        -       0x0000003c   Zero   RW          100    .bss                main.o
    0x20001c94   COMPRESSED   0x00000004   PAD
    0x20001c98        -       0x00000020   Zero   RW          426    .bss                app_adc.o
    0x20001cb8        -       0x0000001f   Zero   RW          548    .bss                ble_spec.o
    0x20001cd7        -       0x0000001f   Zero   RW          549    .bss                ble_spec.o
    0x20001cf6   COMPRESSED   0x00000002   PAD
    0x20001cf8        -       0x00000020   Zero   RW          703    .bss                app_sensor.o
    0x20001d18        -       0x00000050   Zero   RW         1275    .bss                ble_conn_params.o
    0x20001d68        -       0x0000007c   Zero   RW         1368    .bss                ble_conn_state.o
    0x20001de4        -       0x00000014   Zero   RW         1795    .bss                nrf_drv_clock.o
    0x20001df8        -       0x0000005c   Zero   RW         2301    .bss                nrfx_gpiote.o
    0x20001e54        -       0x0000002c   Zero   RW         2611    .bss                nrfx_uart.o
    0x20001e80        -       0x00000024   Zero   RW         2795    .bss                nrfx_uarte.o
    0x20001ea4        -       0x00000030   Zero   RW         2952    .bss                nrfx_saadc.o
    0x20001ed4        -       0x00000010   Zero   RW         3343    .bss                app_timer2.o
    0x20001ee4        -       0x00000058   Zero   RW         3344    .bss                app_timer2.o
    0x20001f3c        -       0x0000000c   Zero   RW         3473    .bss                app_util_platform.o
    0x20001f48        -       0x0000000c   Zero   RW         4214    .bss                nrf_pwr_mgmt.o
    0x20001f54        -       0x00000040   Zero   RW         4471    .bss                nrf_log_backend_rtt.o
    0x20001f94        -       0x00000040   Zero   RW         4569    .bss                nrf_log_backend_uart.o
    0x20001fd4        -       0x000000c0   Zero   RW         4708    .bss                nrf_log_frontend.o
    0x20002094        -       0x00000080   Zero   RW         4709    .bss                nrf_log_frontend.o
    0x20002114        -       0x00000018   Zero   RW         4710    .bss                nrf_log_frontend.o
    0x2000212c        -       0x00000424   Zero   RW         4711    .bss                nrf_log_frontend.o
    0x20002550        -       0x00000288   Zero   RW         4950    .bss                segger_rtt.o
    0x200027d8        -       0x00000800   Zero   RW            1    STACK               arm_startup_nrf52811.o


==============================================================================

Image component sizes


      Code (inc. data)   RO Data    RW Data    ZI Data      Debug   Object Name

       484         74          8         16         32      72832   app_adc.o
         0          0         19          0          0       1743   app_button.o
        22          0          0          0          0       2313   app_error.o
       132         46          0          0          0       3830   app_error_weak.o
        92         12          0          8          0       6350   app_led.o
       522        100          4         24         32      16509   app_sensor.o
       846         88         38         36        104      15113   app_timer2.o
       124         14          0          0         12       9306   app_util_platform.o
        36          8        512          0       2048        888   arm_startup_nrf52811.o
      1236          0          0          0          0      50519   ble_advdata.o
       636         44          8          8         80      10691   ble_conn_params.o
       352          6          8          0        124       5889   ble_conn_state.o
       530         12          0         74          0       5111   ble_dis.o
       880        148         12         20         62      58863   ble_spec.o
       474          6          0          0          0       3691   ble_srv_common.o
         0          0          0          0          0       5984   boards.o
       532         10         16          0          0      51384   cambien_service.o
       696         76          6         12          0      41773   drv_rtc.o
       174          6          8          1         60     109136   main.o
       326          0          0          0          0       5323   nrf_atfifo.o
        64          0          0          0          0       2632   nrf_atflags.o
       306          0          0          0          0       7123   nrf_atomic.o
       164          0          0          0          0       3304   nrf_balloc.o
       608        186         35          0          0       7019   nrf_ble_gatt.o
       276         34         30          0         20      36056   nrf_drv_clock.o
       200         26          0         12          0      17212   nrf_drv_uart.o
        50          0          0          0          0       3249   nrf_fprintf.o
       866          4         16          0          0       6126   nrf_fprintf_format.o
       112         18         18          1         64       5469   nrf_log_backend_rtt.o
       200          0          0          0          0      10625   nrf_log_backend_serial.o
       232         42         44         24         64      20042   nrf_log_backend_uart.o
        52          6         65         16          0       3269   nrf_log_default_backends.o
      1474        114         44         16       1404      27918   nrf_log_frontend.o
       570        108        102         64          0       5184   nrf_log_str_formatter.o
       346          0          0          0          0       8767   nrf_memobj.o
        60         12         53          8         12       4639   nrf_pwr_mgmt.o
        28          0          0          0          0       2183   nrf_ringbuf.o
       384         46        104          3          0      35914   nrf_sdh.o
       664        230        468          1          0       5385   nrf_sdh_ble.o
        60          4         56          0          0       2280   nrf_sdh_soc.o
        78          0          0          0          0       2452   nrf_section_iter.o
        84          0         17          0          0       3637   nrf_sortlist.o
        76         10       1319          0          0       2459   nrf_strerror.o
       210         30         14          8          0      39958   nrfx_clock.o
      1182         86         19          0         92      53861   nrfx_gpiote.o
       112         16         12          8          0       4024   nrfx_prs.o
      1248        108         20          0         48      22198   nrfx_saadc.o
      1294         42         17          0         44      28245   nrfx_uart.o
      1268         42         18          0         36      23967   nrfx_uarte.o
       378         34          0          0        648       8277   segger_rtt.o
       424         48          0          4          0      55258   system_nrf52811.o

    ----------------------------------------------------------------------
     21210       1896       3208        376       4992     935980   Object Totals
         0          0         32          0          0          0   (incl. Generated)
        46          0         66         12          6          0   (incl. Padding)

    ----------------------------------------------------------------------

      Code (inc. data)   RO Data    RW Data    ZI Data      Debug   Library Member Name

        86          0          0          0          0          0   __dczerorl2.o
         8          4        133          0          0         68   ctype_o.o
         0          0          0          0          0          0   entry.o
         0          0          0          0          0          0   entry10a.o
         0          0          0          0          0          0   entry11a.o
         8          4          0          0          0          0   entry2.o
         4          0          0          0          0          0   entry5.o
         0          0          0          0          0          0   entry7b.o
         0          0          0          0          0          0   entry8b.o
         8          4          0          0          0          0   entry9a.o
        30          0          0          0          0          0   handlers.o
        36          8          0          0          0         68   init.o
        36          0          0          0          0         68   memcpya.o
        36          0          0          0          0        108   memseta.o
        18          0          0          0          0         68   strcpy.o
        14          0          0          0          0         68   strlen.o

    ----------------------------------------------------------------------
       286         20        136          0          0        448   Library Totals
         2          0          3          0          0          0   (incl. Padding)

    ----------------------------------------------------------------------

      Code (inc. data)   RO Data    RW Data    ZI Data      Debug   Library Name

       284         20        133          0          0        448   mc_w.l

    ----------------------------------------------------------------------
       286         20        136          0          0        448   Library Totals

    ----------------------------------------------------------------------

==============================================================================


      Code (inc. data)   RO Data    RW Data    ZI Data      Debug   

     21496       1916       3344        376       4992     921424   Grand Totals
     21496       1916       3344         88       4992     921424   ELF Image Totals (compressed)
     21496       1916       3344         88          0          0   ROM Totals

==============================================================================

    Total RO  Size (Code + RO Data)                24840 (  24.26kB)
    Total RW  Size (RW Data + ZI Data)              5368 (   5.24kB)
    Total ROM Size (Code + RO Data + RW Data)      24928 (  24.34kB)

==============================================================================

