Component: ARM Compiler 5.06 update 6 (build 750) Tool: armlink [4d35ed]

==============================================================================

Section Cross References

    arm_startup_nrf52.o(RESET) refers to arm_startup_nrf52.o(STACK) for __initial_sp
    arm_startup_nrf52.o(RESET) refers to arm_startup_nrf52.o(.text) for Reset_Handler
    arm_startup_nrf52.o(RESET) refers to nrfx_clock.o(i.POWER_CLOCK_IRQHandler) for POWER_CLOCK_IRQHandler
    arm_startup_nrf52.o(RESET) refers to nrfx_prs.o(i.UARTE0_UART0_IRQHandler) for UARTE0_UART0_IRQHandler
    arm_startup_nrf52.o(RESET) refers to nrfx_gpiote.o(i.GPIOTE_IRQHandler) for GPIOTE_IRQHandler
    arm_startup_nrf52.o(RESET) refers to nrfx_saadc.o(i.SAADC_IRQHandler) for SAADC_IRQHandler
    arm_startup_nrf52.o(RESET) refers to drv_rtc.o(i.RTC1_IRQHandler) for RTC1_IRQHandler
    arm_startup_nrf52.o(RESET) refers to nrf_sdh.o(i.SWI2_EGU2_IRQHandler) for SWI2_EGU2_IRQHandler
    arm_startup_nrf52.o(.text) refers to system_nrf52.o(i.SystemInit) for SystemInit
    arm_startup_nrf52.o(.text) refers to entry.o(.ARM.Collect$$$$00000000) for __main
    system_nrf52.o(i.SystemCoreClockUpdate) refers to system_nrf52.o(.data) for .data
    system_nrf52.o(i.SystemInit) refers to system_nrf52.o(.data) for .data
    main.o(i.adc_handle_timer) refers to main.o(i.saadc_init) for saadc_init
    main.o(i.adc_handle_timer) refers to main.o(.data) for .data
    main.o(i.in_out1_handler) refers to main.o(.data) for .data
    main.o(i.in_out2_handler) refers to main.o(.data) for .data
    main.o(i.in_tu_handler) refers to main.o(.data) for .data
    main.o(i.interrupt_init) refers to nrfx_gpiote.o(i.nrfx_gpiote_init) for nrfx_gpiote_init
    main.o(i.interrupt_init) refers to main.o(i.out1_interrupt_init) for out1_interrupt_init
    main.o(i.interrupt_init) refers to main.o(i.out2_interrupt_init) for out2_interrupt_init
    main.o(i.main) refers to ble_spec.o(i.set_BLE_para) for set_BLE_para
    main.o(i.main) refers to ble_spec.o(i.log_init) for log_init
    main.o(i.main) refers to app_timer2.o(i.app_timer_init) for app_timer_init
    main.o(i.main) refers to app_error.o(i.app_error_handler_bare) for app_error_handler_bare
    main.o(i.main) refers to app_timer2.o(i.app_timer_create) for app_timer_create
    main.o(i.main) refers to app_timer2.o(i.app_timer_start) for app_timer_start
    main.o(i.main) refers to nrf_pwr_mgmt.o(i.nrf_pwr_mgmt_init) for nrf_pwr_mgmt_init
    main.o(i.main) refers to main.o(i.interrupt_init) for interrupt_init
    main.o(i.main) refers to main.o(i.saadc_init) for saadc_init
    main.o(i.main) refers to ble_spec.o(i.ble_stack_init) for ble_stack_init
    main.o(i.main) refers to ble_spec.o(i.gap_params_init) for gap_params_init
    main.o(i.main) refers to ble_spec.o(i.gatt_init) for gatt_init
    main.o(i.main) refers to ble_spec.o(i.services_init) for services_init
    main.o(i.main) refers to ble_spec.o(i.advertising_init) for advertising_init
    main.o(i.main) refers to ble_spec.o(i.conn_params_init) for conn_params_init
    main.o(i.main) refers to nrfx_saadc.o(i.nrfx_saadc_sample) for nrfx_saadc_sample
    main.o(i.main) refers to nrf_log_frontend.o(i.nrf_log_frontend_std_0) for nrf_log_frontend_std_0
    main.o(i.main) refers to ble_spec.o(i.advertising_start) for advertising_start
    main.o(i.main) refers to main.o(i.task_chuyendong) for task_chuyendong
    main.o(i.main) refers to main.o(i.task_adc) for task_adc
    main.o(i.main) refers to nrf_log_frontend.o(i.nrf_log_frontend_dequeue) for nrf_log_frontend_dequeue
    main.o(i.main) refers to nrf_pwr_mgmt.o(i.nrf_pwr_mgmt_run) for nrf_pwr_mgmt_run
    main.o(i.main) refers to main.o(i.systick_handle) for systick_handle
    main.o(i.main) refers to main.o(.constdata) for .constdata
    main.o(i.main) refers to main.o(i.adc_handle_timer) for adc_handle_timer
    main.o(i.main) refers to main.o(.bss) for .bss
    main.o(i.main) refers to nrf_log_frontend.o(log_const_data) for m_nrf_log_app_logs_data_const
    main.o(i.out1_interrupt_init) refers to nrfx_gpiote.o(i.nrfx_gpiote_in_init) for nrfx_gpiote_in_init
    main.o(i.out1_interrupt_init) refers to nrfx_gpiote.o(i.nrfx_gpiote_in_event_enable) for nrfx_gpiote_in_event_enable
    main.o(i.out1_interrupt_init) refers to main.o(i.in_out1_handler) for in_out1_handler
    main.o(i.out2_interrupt_init) refers to nrfx_gpiote.o(i.nrfx_gpiote_in_init) for nrfx_gpiote_in_init
    main.o(i.out2_interrupt_init) refers to nrfx_gpiote.o(i.nrfx_gpiote_in_event_enable) for nrfx_gpiote_in_event_enable
    main.o(i.out2_interrupt_init) refers to main.o(i.in_out2_handler) for in_out2_handler
    main.o(i.saadc_callback) refers to nrfx_saadc.o(i.nrfx_saadc_buffer_convert) for nrfx_saadc_buffer_convert
    main.o(i.saadc_callback) refers to app_error.o(i.app_error_handler_bare) for app_error_handler_bare
    main.o(i.saadc_callback) refers to nrf_log_frontend.o(i.nrf_log_frontend_std_1) for nrf_log_frontend_std_1
[...]
    .data                                    0x2000230e   Section        8  ble_conn_params.o(.data)
    m_preferred_conn_params                  0x2000230e   Data           8  ble_conn_params.o(.data)
    .data                                    0x20002318   Section       12  nrf_drv_uart.o(.data)
    m_handlers                               0x2000231c   Data           4  nrf_drv_uart.o(.data)
    m_contexts                               0x20002320   Data           4  nrf_drv_uart.o(.data)
    .data                                    0x20002324   Section        8  nrfx_clock.o(.data)
    m_clock_cb                               0x20002324   Data           8  nrfx_clock.o(.data)
    .data                                    0x2000232c   Section        8  nrfx_prs.o(.data)
    m_prs_box_4                              0x2000232c   Data           8  nrfx_prs.o(.data)
    .data                                    0x20002338   Section       32  app_timer2.o(.data)
    m_global_active                          0x20002338   Data           1  app_timer2.o(.data)
    mp_active_timer                          0x2000233c   Data           4  app_timer2.o(.data)
    m_rtc_inst                               0x20002340   Data           8  app_timer2.o(.data)
    m_base_counter                           0x20002348   Data           8  app_timer2.o(.data)
    m_stamp64                                0x20002350   Data           8  app_timer2.o(.data)
    .data                                    0x20002358   Section        4  app_timer2.o(.data)
    m_app_timer_sortlist_sortlist_cb         0x20002358   Data           4  app_timer2.o(.data)
    .data                                    0x2000235c   Section       12  drv_rtc.o(.data)
    m_handlers                               0x2000235c   Data           4  drv_rtc.o(.data)
    m_cb                                     0x20002360   Data           8  drv_rtc.o(.data)
    .data                                    0x20002368   Section        8  nrf_pwr_mgmt.o(.data)
    m_pwr_mgmt_evt                           0x20002368   Data           1  nrf_pwr_mgmt.o(.data)
    m_shutdown_started                       0x20002369   Data           1  nrf_pwr_mgmt.o(.data)
    m_sysoff_mtx                             0x2000236c   Data           4  nrf_pwr_mgmt.o(.data)
    .data                                    0x20002370   Section       24  nrf_log_backend_uart.o(.data)
    m_xfer_done                              0x20002370   Data           1  nrf_log_backend_uart.o(.data)
    m_async_mode                             0x20002371   Data           1  nrf_log_backend_uart.o(.data)
    .data                                    0x20002388   Section        8  nrf_log_default_backends.o(.data)
    log_backend_cb_uart_log_backend          0x20002388   Data           8  nrf_log_default_backends.o(.data)
    .data                                    0x20002390   Section        8  nrf_log_frontend.o(.data)
    log_mempool_nrf_balloc_pool_stack        0x20002390   Data           8  nrf_log_frontend.o(.data)
    .data                                    0x20002398   Section        8  nrf_log_frontend.o(.data)
    log_mempool_nrf_balloc_cb                0x20002398   Data           8  nrf_log_frontend.o(.data)
    .data                                    0x200023a0   Section       64  nrf_log_str_formatter.o(.data)
    m_freq                                   0x200023a0   Data           4  nrf_log_str_formatter.o(.data)
    m_timestamp_div                          0x200023a4   Data           4  nrf_log_str_formatter.o(.data)
    severity_names                           0x200023a8   Data          20  nrf_log_str_formatter.o(.data)
    m_colors                                 0x200023bc   Data          36  nrf_log_str_formatter.o(.data)
    .data                                    0x200023e0   Section        3  nrf_sdh.o(.data)
    m_nrf_sdh_enabled                        0x200023e0   Data           1  nrf_sdh.o(.data)
    m_nrf_sdh_suspended                      0x200023e1   Data           1  nrf_sdh.o(.data)
    m_nrf_sdh_continue                       0x200023e2   Data           1  nrf_sdh.o(.data)
    .data                                    0x200023e3   Section        1  nrf_sdh_ble.o(.data)
    m_stack_is_enabled                       0x200023e3   Data           1  nrf_sdh_ble.o(.data)
    .bss                                     0x200023e8   Section       32  main.o(.bss)
    m_adc_id_data                            0x200023e8   Data          32  main.o(.bss)
    .bss                                     0x20002408   Section       32  main.o(.bss)
    timer_systick_id_data                    0x20002408   Data          32  main.o(.bss)
    .bss                                     0x20002428   Section       48  main.o(.bss)
    m_gatt                                   0x20002428   Data          20  main.o(.bss)
    .bss                                     0x20002458   Section       31  main.o(.bss)
    .bss                                     0x20002477   Section       31  main.o(.bss)
    .bss                                     0x20002498   Section       16  main.o(.bss)
    .bss                                     0x200024a8   Section       80  ble_conn_params.o(.bss)
    m_timer_data                             0x200024a8   Data          32  ble_conn_params.o(.bss)
    m_conn_params_instances                  0x200024c8   Data          20  ble_conn_params.o(.bss)
    m_conn_params_config                     0x200024dc   Data          28  ble_conn_params.o(.bss)
    .bss                                     0x200024f8   Section      124  ble_conn_state.o(.bss)
    m_bcs                                    0x200024f8   Data         124  ble_conn_state.o(.bss)
    .bss                                     0x20002574   Section       20  nrf_drv_clock.o(.bss)
    m_clock_cb                               0x20002574   Data          20  nrf_drv_clock.o(.bss)
    .bss                                     0x20002588   Section       92  nrfx_gpiote.o(.bss)
    m_cb                                     0x20002588   Data          92  nrfx_gpiote.o(.bss)
    .bss                                     0x200025e4   Section       44  nrfx_uart.o(.bss)
    m_cb                                     0x200025e4   Data          44  nrfx_uart.o(.bss)
    .bss                                     0x20002610   Section       36  nrfx_uarte.o(.bss)
    m_cb                                     0x20002610   Data          36  nrfx_uarte.o(.bss)
    .bss                                     0x20002634   Section       48  nrfx_saadc.o(.bss)
    m_cb                                     0x20002634   Data          48  nrfx_saadc.o(.bss)
    .bss                                     0x20002664   Section       16  app_timer2.o(.bss)
    m_req_fifo_inst                          0x20002664   Data          16  app_timer2.o(.bss)
    .bss                                     0x20002674   Section       88  app_timer2.o(.bss)
    m_req_fifo_data                          0x20002674   Data          88  app_timer2.o(.bss)
    .bss                                     0x200026cc   Section       12  app_util_platform.o(.bss)
    .bss                                     0x200026d8   Section       12  nrf_pwr_mgmt.o(.bss)
    m_handlers_iter                          0x200026d8   Data          12  nrf_pwr_mgmt.o(.bss)
    .bss                                     0x200026e4   Section       64  nrf_log_backend_uart.o(.bss)
    m_string_buff                            0x200026e4   Data          64  nrf_log_backend_uart.o(.bss)
    .bss                                     0x20002724   Section      192  nrf_log_frontend.o(.bss)
    log_mempool_nrf_balloc_pool_mem          0x20002724   Data         192  nrf_log_frontend.o(.bss)
    .bss                                     0x200027e4   Section      128  nrf_log_frontend.o(.bss)
    m_log_push_ringbuf_buf                   0x200027e4   Data         128  nrf_log_frontend.o(.bss)
    .bss                                     0x20002864   Section       24  nrf_log_frontend.o(.bss)
    m_log_push_ringbuf_cb                    0x20002864   Data          24  nrf_log_frontend.o(.bss)
    .bss                                     0x2000287c   Section     1060  nrf_log_frontend.o(.bss)
    m_log_data                               0x2000287c   Data        1060  nrf_log_frontend.o(.bss)
    STACK                                    0x20002ca0   Section     8192  arm_startup_nrf52.o(STACK)

    Global Symbols

    Symbol Name                              Value     Ov Type        Size  Object(Section)

    BuildAttributes$$THM_ISAv4$E$P$D$K$B$S$7EM$VFPi3$EXTD16$VFPS$VFMA$PE$A:L22UL41UL21$X:L11$S22US41US21$IEEE1$IW$USESV6$~STKCKD$USESV7$~SHL$OSPACE$EBA8$MICROLIB$REQ8$EABIv2 0x00000000   Number         0  anon$$obj.o ABSOLUTE
    __ARM_use_no_argv                        0x00000000   Number         0  main.o ABSOLUTE
    __use_no_errno                           0x00000000   Number         0  useno.o ABSOLUTE
    __use_no_exception_handling              0x00000000   Number         0  useno.o ABSOLUTE
    __use_no_fp                              0x00000000   Number         0  useno.o ABSOLUTE
    __use_no_heap                            0x00000000   Number         0  useno.o ABSOLUTE
    __use_no_heap_region                     0x00000000   Number         0  useno.o ABSOLUTE
    __use_no_semihosting                     0x00000000   Number         0  useno.o ABSOLUTE
    __use_no_semihosting_swi                 0x00000000   Number         0  useno.o ABSOLUTE
    __use_no_signal_handling                 0x00000000   Number         0  useno.o ABSOLUTE
    __cpp_initialize__aeabi_                  - Undefined Weak Reference
    __cxa_finalize                            - Undefined Weak Reference
    __decompress                              - Undefined Weak Reference
    _clock_init                               - Undefined Weak Reference
    _microlib_exit                            - Undefined Weak Reference
    log_dynamic_data$$Base                    - Undefined Reference
    pwr_mgmt_data0$$Base                      - Undefined Reference
    pwr_mgmt_data0$$Limit                     - Undefined Reference
    pwr_mgmt_data1$$Base                      - Undefined Reference
    pwr_mgmt_data1$$Limit                     - Undefined Reference
    pwr_mgmt_data2$$Base                      - Undefined Reference
    pwr_mgmt_data2$$Limit                     - Undefined Reference
    sdh_ble_observers2$$Base                  - Undefined Reference
    sdh_ble_observers2$$Limit                 - Undefined Reference
    sdh_req_observers0$$Base                  - Undefined Reference
    sdh_req_observers0$$Limit                 - Undefined Reference
    sdh_req_observers1$$Base                  - Undefined Reference
    sdh_req_observers1$$Limit                 - Undefined Reference
    sdh_soc_observers1$$Base                  - Undefined Reference
    sdh_soc_observers1$$Limit                 - Undefined Reference
    sdh_stack_observers1$$Base                - Undefined Reference
    sdh_stack_observers1$$Limit               - Undefined Reference
    sdh_state_observers1$$Base                - Undefined Reference
    sdh_state_observers1$$Limit               - Undefined Reference
    __Vectors_Size                           0x00000200   Number         0  arm_startup_nrf52.o ABSOLUTE
    __Vectors                                0x00026000   Data           4  arm_startup_nrf52.o(RESET)
    __Vectors_End                            0x00026200   Data           0  arm_startup_nrf52.o(RESET)
    __main                                   0x00026201   Thumb Code     0  entry.o(.ARM.Collect$$$$00000000)
    _main_stk                                0x00026201   Thumb Code     0  entry2.o(.ARM.Collect$$$$00000001)
    _main_scatterload                        0x00026205   Thumb Code     0  entry5.o(.ARM.Collect$$$$00000004)
    __main_after_scatterload                 0x00026209   Thumb Code     0  entry5.o(.ARM.Collect$$$$00000004)
    _main_clock                              0x00026209   Thumb Code     0  entry7b.o(.ARM.Collect$$$$00000008)
    _main_cpp_init                           0x00026209   Thumb Code     0  entry8b.o(.ARM.Collect$$$$0000000A)
    _main_init                               0x00026209   Thumb Code     0  entry9a.o(.ARM.Collect$$$$0000000B)
    __rt_final_cpp                           0x00026211   Thumb Code     0  entry10a.o(.ARM.Collect$$$$0000000D)
    __rt_final_exit                          0x00026211   Thumb Code     0  entry11a.o(.ARM.Collect$$$$0000000F)
    __asm___12_nrf_atfifo_c_51f461e1__nrf_atfifo_wspace_req 0x00026215   Thumb Code    56  nrf_atfifo.o(.emb_text)
    __asm___12_nrf_atfifo_c_51f461e1__nrf_atfifo_wspace_close 0x0002624d   Thumb Code    18  nrf_atfifo.o(.emb_text)
    __asm___12_nrf_atfifo_c_51f461e1__nrf_atfifo_rspace_req 0x0002625f   Thumb Code    58  nrf_atfifo.o(.emb_text)
    __asm___12_nrf_atfifo_c_51f461e1__nrf_atfifo_rspace_close 0x00026299   Thumb Code    18  nrf_atfifo.o(.emb_text)
    __asm___12_nrf_atfifo_c_51f461e1__nrf_atfifo_space_clear 0x000262ab   Thumb Code    50  nrf_atfifo.o(.emb_text)
    __asm___12_nrf_atomic_c_85ca2469__nrf_atomic_internal_mov 0x000262dd   Thumb Code    24  nrf_atomic.o(.emb_text)
    __asm___12_nrf_atomic_c_85ca2469__nrf_atomic_internal_orr 0x000262f5   Thumb Code    26  nrf_atomic.o(.emb_text)
    __asm___12_nrf_atomic_c_85ca2469__nrf_atomic_internal_and 0x0002630f   Thumb Code    26  nrf_atomic.o(.emb_text)
    __asm___12_nrf_atomic_c_85ca2469__nrf_atomic_internal_eor 0x00026329   Thumb Code    26  nrf_atomic.o(.emb_text)
    __asm___12_nrf_atomic_c_85ca2469__nrf_atomic_internal_add 0x00026343   Thumb Code    26  nrf_atomic.o(.emb_text)
    __asm___12_nrf_atomic_c_85ca2469__nrf_atomic_internal_sub 0x0002635d   Thumb Code    26  nrf_atomic.o(.emb_text)
    __asm___12_nrf_atomic_c_85ca2469__nrf_atomic_internal_cmp_exch 0x00026377   Thumb Code    42  nrf_atomic.o(.emb_text)
    __asm___12_nrf_atomic_c_85ca2469__nrf_atomic_internal_sub_hs 0x000263a1   Thumb Code    30  nrf_atomic.o(.emb_text)
    Reset_Handler                            0x000263c1   Thumb Code     8  arm_startup_nrf52.o(.text)
    NMI_Handler                              0x000263c9   Thumb Code     2  arm_startup_nrf52.o(.text)
    HardFault_Handler                        0x000263cb   Thumb Code     2  arm_startup_nrf52.o(.text)
    MemoryManagement_Handler                 0x000263cd   Thumb Code     2  arm_startup_nrf52.o(.text)
    BusFault_Handler                         0x000263cf   Thumb Code     2  arm_startup_nrf52.o(.text)
    UsageFault_Handler                       0x000263d1   Thumb Code     2  arm_startup_nrf52.o(.text)
    SVC_Handler                              0x000263d3   Thumb Code     2  arm_startup_nrf52.o(.text)
    DebugMon_Handler                         0x000263d5   Thumb Code     2  arm_startup_nrf52.o(.text)
    PendSV_Handler                           0x000263d7   Thumb Code     2  arm_startup_nrf52.o(.text)
    SysTick_Handler                          0x000263d9   Thumb Code     2  arm_startup_nrf52.o(.text)
    CCM_AAR_IRQHandler                       0x000263db   Thumb Code     0  arm_startup_nrf52.o(.text)
    COMP_LPCOMP_IRQHandler                   0x000263db   Thumb Code     0  arm_startup_nrf52.o(.text)
    ECB_IRQHandler                           0x000263db   Thumb Code     0  arm_startup_nrf52.o(.text)
    FPU_IRQHandler                           0x000263db   Thumb Code     0  arm_startup_nrf52.o(.text)
    I2S_IRQHandler                           0x000263db   Thumb Code     0  arm_startup_nrf52.o(.text)
    MWU_IRQHandler                           0x000263db   Thumb Code     0  arm_startup_nrf52.o(.text)
    NFCT_IRQHandler                          0x000263db   Thumb Code     0  arm_startup_nrf52.o(.text)
    PDM_IRQHandler                           0x000263db   Thumb Code     0  arm_startup_nrf52.o(.text)
    PWM0_IRQHandler                          0x000263db   Thumb Code     0  arm_startup_nrf52.o(.text)
    PWM1_IRQHandler                          0x000263db   Thumb Code     0  arm_startup_nrf52.o(.text)
    PWM2_IRQHandler                          0x000263db   Thumb Code     0  arm_startup_nrf52.o(.text)
    QDEC_IRQHandler                          0x000263db   Thumb Code     0  arm_startup_nrf52.o(.text)
    RADIO_IRQHandler                         0x000263db   Thumb Code     0  arm_startup_nrf52.o(.text)
    RNG_IRQHandler                           0x000263db   Thumb Code     0  arm_startup_nrf52.o(.text)
    RTC0_IRQHandler                          0x000263db   Thumb Code     0  arm_startup_nrf52.o(.text)
    RTC2_IRQHandler                          0x000263db   Thumb Code     0  arm_startup_nrf52.o(.text)
    SPIM0_SPIS0_TWIM0_TWIS0_SPI0_TWI0_IRQHandler 0x000263db   Thumb Code     0  arm_startup_nrf52.o(.text)
    SPIM1_SPIS1_TWIM1_TWIS1_SPI1_TWI1_IRQHandler 0x000263db   Thumb Code     0  arm_startup_nrf52.o(.text)
    SPIM2_SPIS2_SPI2_IRQHandler              0x000263db   Thumb Code     0  arm_startup_nrf52.o(.text)
    SWI0_EGU0_IRQHandler                     0x000263db   Thumb Code     0  arm_startup_nrf52.o(.text)
    SWI1_EGU1_IRQHandler                     0x000263db   Thumb Code     0  arm_startup_nrf52.o(.text)
    SWI3_EGU3_IRQHandler                     0x000263db   Thumb Code     0  arm_startup_nrf52.o(.text)
    SWI4_EGU4_IRQHandler                     0x000263db   Thumb Code     0  arm_startup_nrf52.o(.text)
    SWI5_EGU5_IRQHandler                     0x000263db   Thumb Code     0  arm_startup_nrf52.o(.text)
    TEMP_IRQHandler                          0x000263db   Thumb Code     0  arm_startup_nrf52.o(.text)
    TIMER0_IRQHandler                        0x000263db   Thumb Code     0  arm_startup_nrf52.o(.text)
    TIMER1_IRQHandler                        0x000263db   Thumb Code     0  arm_startup_nrf52.o(.text)
    TIMER2_IRQHandler                        0x000263db   Thumb Code     0  arm_startup_nrf52.o(.text)
    TIMER3_IRQHandler                        0x000263db   Thumb Code     0  arm_startup_nrf52.o(.text)
    TIMER4_IRQHandler                        0x000263db   Thumb Code     0  arm_startup_nrf52.o(.text)
    WDT_IRQHandler                           0x000263db   Thumb Code     0  arm_startup_nrf52.o(.text)
    __rt_ctype_table                         0x000263e5   Thumb Code     4  ctype_o.o(.text)
    __aeabi_memcpy                           0x000263ed   Thumb Code    36  memcpya.o(.text)
    __aeabi_memcpy4                          0x000263ed   Thumb Code     0  memcpya.o(.text)
    __aeabi_memcpy8                          0x000263ed   Thumb Code     0  memcpya.o(.text)
    __aeabi_memset                           0x00026411   Thumb Code    14  memseta.o(.text)
    __aeabi_memset4                          0x00026411   Thumb Code     0  memseta.o(.text)
    __aeabi_memset8                          0x00026411   Thumb Code     0  memseta.o(.text)
    __aeabi_memclr                           0x0002641f   Thumb Code     4  memseta.o(.text)
    __aeabi_memclr4                          0x0002641f   Thumb Code     0  memseta.o(.text)
    __aeabi_memclr8                          0x0002641f   Thumb Code     0  memseta.o(.text)
    _memset$wrapper                          0x00026423   Thumb Code    18  memseta.o(.text)
    strlen                                   0x00026435   Thumb Code    14  strlen.o(.text)
    __scatterload                            0x00026445   Thumb Code    28  init.o(.text)
    __scatterload_rt2                        0x00026445   Thumb Code     0  init.o(.text)
    GPIOTE_IRQHandler                        0x00026469   Thumb Code   346  nrfx_gpiote.o(i.GPIOTE_IRQHandler)
    POWER_CLOCK_IRQHandler                   0x000265cd   Thumb Code    82  nrfx_clock.o(i.POWER_CLOCK_IRQHandler)
    RTC1_IRQHandler                          0x00026625   Thumb Code    12  drv_rtc.o(i.RTC1_IRQHandler)
    SAADC_IRQHandler                         0x00026635   Thumb Code   320  nrfx_saadc.o(i.SAADC_IRQHandler)
    SWI2_EGU2_IRQHandler                     0x0002677d   Thumb Code     4  nrf_sdh.o(i.SWI2_EGU2_IRQHandler)
    SystemInit                               0x00026781   Thumb Code   726  system_nrf52.o(i.SystemInit)
    UARTE0_UART0_IRQHandler                  0x00026a9d   Thumb Code     6  nrfx_prs.o(i.UARTE0_UART0_IRQHandler)
    __scatterload_copy                       0x00026aa9   Thumb Code    14  handlers.o(i.__scatterload_copy)
    __scatterload_null                       0x00026ab7   Thumb Code     2  handlers.o(i.__scatterload_null)
    __scatterload_zeroinit                   0x00026ab9   Thumb Code    14  handlers.o(i.__scatterload_zeroinit)
    advertising_init                         0x00026b05   Thumb Code   148  ble_spec.o(i.advertising_init)
    advertising_start                        0x00026ba5   Thumb Code    18  ble_spec.o(i.advertising_start)
    app_error_fault_handler                  0x00026bbd   Thumb Code    86  app_error_weak.o(i.app_error_fault_handler)
    app_error_handler_bare                   0x00026c41   Thumb Code    22  app_error.o(i.app_error_handler_bare)
    app_timer_cnt_get                        0x00026c59   Thumb Code     6  app_timer2.o(i.app_timer_cnt_get)
    app_timer_create                         0x00026c65   Thumb Code    22  app_timer2.o(i.app_timer_create)
    app_timer_init                           0x00026c7d   Thumb Code    70  app_timer2.o(i.app_timer_init)
    app_timer_start                          0x00026cd9   Thumb Code    48  app_timer2.o(i.app_timer_start)
    app_timer_stop                           0x00026d09   Thumb Code    12  app_timer2.o(i.app_timer_stop)
    app_util_critical_region_enter           0x00026d15   Thumb Code    64  app_util_platform.o(i.app_util_critical_region_enter)
    app_util_critical_region_exit            0x00026d5d   Thumb Code    46  app_util_platform.o(i.app_util_critical_region_exit)
    ble_advdata_encode                       0x00026ea1   Thumb Code   386  ble_advdata.o(i.ble_advdata_encode)
    ble_cb_ADC_change                        0x00027023   Thumb Code    46  cambien_service.o(i.ble_cb_ADC_change)
    ble_cb_chuyendong_change                 0x00027051   Thumb Code    46  cambien_service.o(i.ble_cb_chuyendong_change)
    ble_cb_init                              0x00027081   Thumb Code   252  cambien_service.o(i.ble_cb_init)
    ble_conn_params_init                     0x00027181   Thumb Code    90  ble_conn_params.o(i.ble_conn_params_init)
    ble_evt_handler                          0x0002745d   Thumb Code   178  ble_spec.o(i.ble_evt_handler)
    ble_srv_is_notification_enabled          0x00027541   Thumb Code     8  ble_srv_common.o(i.ble_srv_is_notification_enabled)
    ble_stack_init                           0x00027549   Thumb Code    46  ble_spec.o(i.ble_stack_init)
    buffer_is_empty                          0x00027639   Thumb Code    16  nrf_log_frontend.o(i.buffer_is_empty)
    characteristic_add                       0x000276c1   Thumb Code   400  ble_srv_common.o(i.characteristic_add)
    check_error_ble                          0x00027851   Thumb Code    30  cambien_service.o(i.check_error_ble)
    conn_handle_list_get                     0x000278cd   Thumb Code    62  ble_conn_state.o(i.conn_handle_list_get)
    conn_params_error_handler                0x00027993   Thumb Code     4  ble_spec.o(i.conn_params_error_handler)
    conn_params_init                         0x00027999   Thumb Code    66  ble_spec.o(i.conn_params_init)
    drv_rtc_compare_disable                  0x00027b01   Thumb Code    20  drv_rtc.o(i.drv_rtc_compare_disable)
    drv_rtc_compare_pending                  0x00027b15   Thumb Code    14  drv_rtc.o(i.drv_rtc_compare_pending)
    drv_rtc_compare_set                      0x00027b23   Thumb Code    80  drv_rtc.o(i.drv_rtc_compare_set)
    drv_rtc_counter_get                      0x00027b73   Thumb Code     8  drv_rtc.o(i.drv_rtc_counter_get)
    drv_rtc_init                             0x00027b7d   Thumb Code   144  drv_rtc.o(i.drv_rtc_init)
    drv_rtc_irq_trigger                      0x00027c51   Thumb Code    26  drv_rtc.o(i.drv_rtc_irq_trigger)
    drv_rtc_overflow_enable                  0x00027c6b   Thumb Code     8  drv_rtc.o(i.drv_rtc_overflow_enable)
    drv_rtc_overflow_pending                 0x00027c73   Thumb Code     8  drv_rtc.o(i.drv_rtc_overflow_pending)
    drv_rtc_start                            0x00027c7b   Thumb Code     8  drv_rtc.o(i.drv_rtc_start)
    drv_rtc_stop                             0x00027c83   Thumb Code     8  drv_rtc.o(i.drv_rtc_stop)
    drv_rtc_windowed_compare_set             0x00027c8b   Thumb Code   222  drv_rtc.o(i.drv_rtc_windowed_compare_set)
    gap_params_init                          0x00027d99   Thumb Code    80  ble_spec.o(i.gap_params_init)
    gatt_init                                0x00027df1   Thumb Code    22  ble_spec.o(i.gatt_init)
    in_out1_handler                          0x00027e3d   Thumb Code    24  main.o(i.in_out1_handler)
    in_out2_handler                          0x00027e59   Thumb Code    24  main.o(i.in_out2_handler)
    interrupt_init                           0x00027f2f   Thumb Code    18  main.o(i.interrupt_init)
    log_init                                 0x00028051   Thumb Code    26  ble_spec.o(i.log_init)
    main                                     0x00028109   Thumb Code   194  main.o(i.main)
    nrf_atfifo_init                          0x000283af   Thumb Code    38  nrf_atfifo.o(i.nrf_atfifo_init)
    nrf_atfifo_item_alloc                    0x000283d5   Thumb Code    22  nrf_atfifo.o(i.nrf_atfifo_item_alloc)
    nrf_atfifo_item_free                     0x000283eb   Thumb Code    22  nrf_atfifo.o(i.nrf_atfifo_item_free)
    nrf_atfifo_item_get                      0x00028401   Thumb Code    22  nrf_atfifo.o(i.nrf_atfifo_item_get)
    nrf_atfifo_item_put                      0x00028417   Thumb Code    22  nrf_atfifo.o(i.nrf_atfifo_item_put)
    nrf_atflags_clear                        0x0002842d   Thumb Code    22  nrf_atflags.o(i.nrf_atflags_clear)
    nrf_atflags_get                          0x00028443   Thumb Code    22  nrf_atflags.o(i.nrf_atflags_get)
    nrf_atflags_set                          0x00028459   Thumb Code    20  nrf_atflags.o(i.nrf_atflags_set)
    nrf_atomic_flag_clear_fetch              0x0002846d   Thumb Code     6  nrf_atomic.o(i.nrf_atomic_flag_clear_fetch)
    nrf_atomic_flag_set                      0x00028473   Thumb Code     6  nrf_atomic.o(i.nrf_atomic_flag_set)
    nrf_atomic_u32_add                       0x00028479   Thumb Code    12  nrf_atomic.o(i.nrf_atomic_u32_add)
    nrf_atomic_u32_and                       0x00028485   Thumb Code    12  nrf_atomic.o(i.nrf_atomic_u32_and)
    nrf_atomic_u32_fetch_and                 0x00028491   Thumb Code    10  nrf_atomic.o(i.nrf_atomic_u32_fetch_and)
    nrf_atomic_u32_fetch_store               0x0002849b   Thumb Code    10  nrf_atomic.o(i.nrf_atomic_u32_fetch_store)
    nrf_atomic_u32_or                        0x000284a5   Thumb Code    12  nrf_atomic.o(i.nrf_atomic_u32_or)
    nrf_atomic_u32_sub                       0x000284b1   Thumb Code    12  nrf_atomic.o(i.nrf_atomic_u32_sub)
    nrf_balloc_alloc                         0x000284bd   Thumb Code    68  nrf_balloc.o(i.nrf_balloc_alloc)
    nrf_balloc_free                          0x00028501   Thumb Code    48  nrf_balloc.o(i.nrf_balloc_free)
    nrf_balloc_init                          0x00028531   Thumb Code    48  nrf_balloc.o(i.nrf_balloc_init)
    nrf_ble_gatt_init                        0x00028585   Thumb Code    34  nrf_ble_gatt.o(i.nrf_ble_gatt_init)
    nrf_ble_gatt_on_ble_evt                  0x000285a9   Thumb Code   270  nrf_ble_gatt.o(i.nrf_ble_gatt_on_ble_evt)
    nrf_drv_clock_init                       0x00028719   Thumb Code    48  nrf_drv_clock.o(i.nrf_drv_clock_init)
    nrf_drv_clock_lfclk_release              0x00028751   Thumb Code    42  nrf_drv_clock.o(i.nrf_drv_clock_lfclk_release)
    nrf_drv_uart_init                        0x00028781   Thumb Code    90  nrf_drv_uart.o(i.nrf_drv_uart_init)
    nrf_fprintf                              0x000287e9   Thumb Code    26  nrf_fprintf.o(i.nrf_fprintf)
    nrf_fprintf_buffer_flush                 0x00028803   Thumb Code    24  nrf_fprintf.o(i.nrf_fprintf_buffer_flush)
    nrf_fprintf_fmt                          0x0002881b   Thumb Code   474  nrf_fprintf_format.o(i.nrf_fprintf_fmt)
    nrf_log_backend_add                      0x00028b41   Thumb Code    86  nrf_log_frontend.o(i.nrf_log_backend_add)
    nrf_log_backend_serial_put               0x00028b9d   Thumb Code   200  nrf_log_backend_serial.o(i.nrf_log_backend_serial_put)
    nrf_log_backend_uart_init                0x00028c67   Thumb Code     6  nrf_log_backend_uart.o(i.nrf_log_backend_uart_init)
    nrf_log_color_id_get                     0x00028cb1   Thumb Code    42  nrf_log_frontend.o(i.nrf_log_color_id_get)
    nrf_log_default_backends_init            0x00028ce1   Thumb Code    24  nrf_log_default_backends.o(i.nrf_log_default_backends_init)
    nrf_log_frontend_dequeue                 0x00028cfd   Thumb Code   528  nrf_log_frontend.o(i.nrf_log_frontend_dequeue)
    nrf_log_frontend_std_0                   0x00028f31   Thumb Code     8  nrf_log_frontend.o(i.nrf_log_frontend_std_0)
    nrf_log_frontend_std_1                   0x00028f39   Thumb Code    14  nrf_log_frontend.o(i.nrf_log_frontend_std_1)
    nrf_log_frontend_std_2                   0x00028f47   Thumb Code    16  nrf_log_frontend.o(i.nrf_log_frontend_std_2)
    nrf_log_hexdump_entry_process            0x00028f59   Thumb Code   150  nrf_log_str_formatter.o(i.nrf_log_hexdump_entry_process)
    nrf_log_init                             0x00029009   Thumb Code    46  nrf_log_frontend.o(i.nrf_log_init)
    nrf_log_module_cnt_get                   0x00029045   Thumb Code    10  nrf_log_frontend.o(i.nrf_log_module_cnt_get)
    nrf_log_module_name_get                  0x00029059   Thumb Code    24  nrf_log_frontend.o(i.nrf_log_module_name_get)
    nrf_log_panic                            0x00029075   Thumb Code    38  nrf_log_frontend.o(i.nrf_log_panic)
    nrf_log_std_entry_process                0x000290a1   Thumb Code   182  nrf_log_str_formatter.o(i.nrf_log_std_entry_process)
    nrf_memobj_alloc                         0x00029157   Thumb Code    96  nrf_memobj.o(i.nrf_memobj_alloc)
    nrf_memobj_free                          0x000291b7   Thumb Code    50  nrf_memobj.o(i.nrf_memobj_free)
    nrf_memobj_get                           0x000291e9   Thumb Code     8  nrf_memobj.o(i.nrf_memobj_get)
    nrf_memobj_pool_init                     0x000291f1   Thumb Code     4  nrf_memobj.o(i.nrf_memobj_pool_init)
    nrf_memobj_put                           0x000291f5   Thumb Code    30  nrf_memobj.o(i.nrf_memobj_put)
    nrf_memobj_read                          0x00029213   Thumb Code    16  nrf_memobj.o(i.nrf_memobj_read)
    nrf_memobj_write                         0x00029223   Thumb Code    16  nrf_memobj.o(i.nrf_memobj_write)
    nrf_pwr_mgmt_init                        0x00029235   Thumb Code    28  nrf_pwr_mgmt.o(i.nrf_pwr_mgmt_init)
    nrf_pwr_mgmt_run                         0x0002925d   Thumb Code    64  nrf_pwr_mgmt.o(i.nrf_pwr_mgmt_run)
    nrf_ringbuf_init                         0x000292a1   Thumb Code    28  nrf_ringbuf.o(i.nrf_ringbuf_init)
    nrf_sdh_ble_app_ram_start_get            0x00029321   Thumb Code    16  nrf_sdh_ble.o(i.nrf_sdh_ble_app_ram_start_get)
    nrf_sdh_ble_default_cfg_set              0x00029335   Thumb Code   228  nrf_sdh_ble.o(i.nrf_sdh_ble_default_cfg_set)
    nrf_sdh_ble_enable                       0x00029435   Thumb Code   116  nrf_sdh_ble.o(i.nrf_sdh_ble_enable)
    nrf_sdh_enable_request                   0x000295c1   Thumb Code   102  nrf_sdh.o(i.nrf_sdh_enable_request)
    nrf_sdh_evts_poll                        0x00029635   Thumb Code    32  nrf_sdh.o(i.nrf_sdh_evts_poll)
    nrf_sdh_is_enabled                       0x00029659   Thumb Code     6  nrf_sdh.o(i.nrf_sdh_is_enabled)
    nrf_section_iter_init                    0x000296a1   Thumb Code    10  nrf_section_iter.o(i.nrf_section_iter_init)
    nrf_section_iter_next                    0x000296cf   Thumb Code    32  nrf_section_iter.o(i.nrf_section_iter_next)
    nrf_sortlist_add                         0x000296ef   Thumb Code    34  nrf_sortlist.o(i.nrf_sortlist_add)
    nrf_sortlist_peek                        0x00029711   Thumb Code     6  nrf_sortlist.o(i.nrf_sortlist_peek)
    nrf_sortlist_pop                         0x00029717   Thumb Code    14  nrf_sortlist.o(i.nrf_sortlist_pop)
    nrf_sortlist_remove                      0x00029725   Thumb Code    30  nrf_sortlist.o(i.nrf_sortlist_remove)
    nrf_strerror_find                        0x00029745   Thumb Code    52  nrf_strerror.o(i.nrf_strerror_find)
    nrf_strerror_get                         0x0002977d   Thumb Code    14  nrf_strerror.o(i.nrf_strerror_get)
    nrfx_clock_enable                        0x000297c9   Thumb Code    34  nrfx_clock.o(i.nrfx_clock_enable)
    nrfx_clock_init                          0x000297f5   Thumb Code    26  nrfx_clock.o(i.nrfx_clock_init)
    nrfx_clock_lfclk_stop                    0x00029815   Thumb Code    20  nrfx_clock.o(i.nrfx_clock_lfclk_stop)
    nrfx_gpiote_in_event_enable              0x00029851   Thumb Code   156  nrfx_gpiote.o(i.nrfx_gpiote_in_event_enable)
    nrfx_gpiote_in_init                      0x000298f5   Thumb Code   194  nrfx_gpiote.o(i.nrfx_gpiote_in_init)
    nrfx_gpiote_init                         0x000299c5   Thumb Code    94  nrfx_gpiote.o(i.nrfx_gpiote_init)
    nrfx_prs_acquire                         0x00029a41   Thumb Code    58  nrfx_prs.o(i.nrfx_prs_acquire)
    nrfx_prs_release                         0x00029a7b   Thumb Code    18  nrfx_prs.o(i.nrfx_prs_release)
    nrfx_saadc_buffer_convert                0x00029a8d   Thumb Code   154  nrfx_saadc.o(i.nrfx_saadc_buffer_convert)
    nrfx_saadc_channel_init                  0x00029b31   Thumb Code   160  nrfx_saadc.o(i.nrfx_saadc_channel_init)
    nrfx_saadc_channel_uninit                0x00029bdd   Thumb Code    62  nrfx_saadc.o(i.nrfx_saadc_channel_uninit)
    nrfx_saadc_init                          0x00029c21   Thumb Code   130  nrfx_saadc.o(i.nrfx_saadc_init)
    nrfx_saadc_limits_set                    0x00029cb5   Thumb Code   120  nrfx_saadc.o(i.nrfx_saadc_limits_set)
    nrfx_saadc_sample                        0x00029d35   Thumb Code    34  nrfx_saadc.o(i.nrfx_saadc_sample)
    nrfx_saadc_uninit                        0x00029d61   Thumb Code    94  nrfx_saadc.o(i.nrfx_saadc_uninit)
    nrfx_uart_0_irq_handler                  0x00029dcd   Thumb Code     8  nrfx_uart.o(i.nrfx_uart_0_irq_handler)
    nrfx_uart_init                           0x00029ddd   Thumb Code   196  nrfx_uart.o(i.nrfx_uart_init)
    nrfx_uart_tx                             0x00029ead   Thumb Code   162  nrfx_uart.o(i.nrfx_uart_tx)
    nrfx_uart_tx_in_progress                 0x00029f55   Thumb Code    26  nrfx_uart.o(i.nrfx_uart_tx_in_progress)
    nrfx_uart_uninit                         0x00029f75   Thumb Code   170  nrfx_uart.o(i.nrfx_uart_uninit)
    nrfx_uarte_0_irq_handler                 0x0002a029   Thumb Code     8  nrfx_uarte.o(i.nrfx_uarte_0_irq_handler)
    nrfx_uarte_init                          0x0002a039   Thumb Code   100  nrfx_uarte.o(i.nrfx_uarte_init)
    nrfx_uarte_tx                            0x0002a0a5   Thumb Code   166  nrfx_uarte.o(i.nrfx_uarte_tx)
    nrfx_uarte_tx_in_progress                0x0002a151   Thumb Code    22  nrfx_uarte.o(i.nrfx_uarte_tx_in_progress)
    nrfx_uarte_uninit                        0x0002a16d   Thumb Code   214  nrfx_uarte.o(i.nrfx_uarte_uninit)
    on_conn_params_evt                       0x0002a24d   Thumb Code    24  ble_spec.o(i.on_conn_params_evt)
    out1_interrupt_init                      0x0002a3bd   Thumb Code    46  main.o(i.out1_interrupt_init)
    out2_interrupt_init                      0x0002a3f1   Thumb Code    46  main.o(i.out2_interrupt_init)
    saadc_callback                           0x0002a6d5   Thumb Code   112  main.o(i.saadc_callback)
    saadc_init                               0x0002a75d   Thumb Code    72  main.o(i.saadc_init)
    services_init                            0x0002a935   Thumb Code    20  ble_spec.o(i.services_init)
    set_BLE_para                             0x0002a949   Thumb Code    32  ble_spec.o(i.set_BLE_para)
    systick_handle                           0x0002aab5   Thumb Code    10  main.o(i.systick_handle)
    task_adc                                 0x0002aac5   Thumb Code    34  main.o(i.task_adc)
    task_chuyendong                          0x0002aaf1   Thumb Code    60  main.o(i.task_chuyendong)
    nrf_log_backend_uart_api                 0x0002b368   Data          12  nrf_log_backend_uart.o(.constdata)
    m_ram_start                              0x0002b418   Data           4  nrf_sdh_ble.o(.constdata)
    __ctype_table                            0x0002b444   Data         129  ctype_o.o(.constdata)
    Region$$Table$$Base                      0x0002bbf8   Number         0  anon$$obj.o(Region$$Table)
    Region$$Table$$Limit                     0x0002bc18   Number         0  anon$$obj.o(Region$$Table)
    log_const_data$$Base                     0x0002bc28   Number         0  nrf_ble_gatt.o(log_const_data)
    m_nrf_log_nrf_ble_gatt_logs_data_const   0x0002bc28   Data           8  nrf_ble_gatt.o(log_const_data)
    m_nrf_log_clock_logs_data_const          0x0002bc30   Data           8  nrf_drv_clock.o(log_const_data)
    m_nrf_log_CLOCK_logs_data_const          0x0002bc38   Data           8  nrfx_clock.o(log_const_data)
    m_nrf_log_GPIOTE_logs_data_const         0x0002bc40   Data           8  nrfx_gpiote.o(log_const_data)
    m_nrf_log_PRS_logs_data_const            0x0002bc48   Data           8  nrfx_prs.o(log_const_data)
    m_nrf_log_UART_logs_data_const           0x0002bc50   Data           8  nrfx_uart.o(log_const_data)
    m_nrf_log_UARTE_logs_data_const          0x0002bc58   Data           8  nrfx_uarte.o(log_const_data)
    m_nrf_log_SAADC_logs_data_const          0x0002bc60   Data           8  nrfx_saadc.o(log_const_data)
    m_nrf_log_app_button_logs_data_const     0x0002bc68   Data           8  app_button.o(log_const_data)
    m_nrf_log_app_timer_logs_data_const      0x0002bc70   Data           8  app_timer2.o(log_const_data)
    m_nrf_log_pwr_mgmt_logs_data_const       0x0002bc78   Data           8  nrf_pwr_mgmt.o(log_const_data)
    m_nrf_log_sortlist_logs_data_const       0x0002bc80   Data           8  nrf_sortlist.o(log_const_data)
    m_nrf_log_app_logs_data_const            0x0002bc88   Data           8  nrf_log_frontend.o(log_const_data)
    m_nrf_log_nrf_sdh_logs_data_const        0x0002bc90   Data           8  nrf_sdh.o(log_const_data)
    m_nrf_log_nrf_sdh_ble_logs_data_const    0x0002bc98   Data           8  nrf_sdh_ble.o(log_const_data)
    m_nrf_log_nrf_sdh_soc_logs_data_const    0x0002bca0   Data           8  nrf_sdh_soc.o(log_const_data)
    log_const_data$$Limit                    0x0002bca8   Number         0  nrf_sdh_soc.o(log_const_data)
    log_mempool                              0x0002bca8   Data          20  nrf_log_frontend.o(nrf_balloc)
    sdh_ble_observers0$$Base                 0x0002bcbc   Number         0  ble_conn_state.o(sdh_ble_observers0)
    sdh_ble_observers0$$Limit                0x0002bcc4   Number         0  ble_conn_state.o(sdh_ble_observers0)
    sdh_ble_observers1$$Base                 0x0002bcc4   Number         0  main.o(sdh_ble_observers1)
    sdh_ble_observers1$$Limit                0x0002bcd4   Number         0  ble_conn_params.o(sdh_ble_observers1)
    sdh_ble_observers3$$Base                 0x0002bcd4   Number         0  ble_spec.o(sdh_ble_observers3)
    sdh_ble_observers3$$Limit                0x0002bcdc   Number         0  ble_spec.o(sdh_ble_observers3)
    sdh_soc_observers0$$Base                 0x0002bcdc   Number         0  nrf_drv_clock.o(sdh_soc_observers0)
    sdh_soc_observers0$$Limit                0x0002bce4   Number         0  nrf_drv_clock.o(sdh_soc_observers0)
    sdh_stack_observers0$$Base               0x0002bce4   Number         0  nrf_sdh_ble.o(sdh_stack_observers0)
    sdh_stack_observers0$$Limit              0x0002bcf4   Number         0  nrf_sdh_soc.o(sdh_stack_observers0)
    sdh_state_observers0$$Base               0x0002bcf4   Number         0  nrf_drv_clock.o(sdh_state_observers0)
    sdh_state_observers0$$Limit              0x0002bcfc   Number         0  nrf_drv_clock.o(sdh_state_observers0)
    Image$$RW_IRAM1$$Base                    0x200022f0   Number         0  anon$$obj.o ABSOLUTE
    SystemCoreClock                          0x200022f0   Data           4  system_nrf52.o(.data)
    adc_flag                                 0x200022f4   Data           1  main.o(.data)
    TU_FLAG                                  0x200022f6   Data           1  main.o(.data)
    pir_pre_state                            0x200022f7   Data           1  main.o(.data)
    task_state                               0x200022f8   Data           1  main.o(.data)
    task_pre_state                           0x200022f9   Data           1  main.o(.data)
    pir_state                                0x200022fb   Data           1  main.o(.data)
    tu_logic_level                           0x200022fc   Data           1  main.o(.data)
    m_conn_handle                            0x200022fe   Data           2  main.o(.data)
    sys_tick                                 0x20002304   Data           4  main.o(.data)
    pir_analog_value                         0x20002308   Data           4  main.o(.data)
    m_adv_handle                             0x2000230c   Data           1  main.o(.data)
    nrf_drv_uart_use_easy_dma                0x20002318   Data           1  nrf_drv_uart.o(.data)
    m_uart                                   0x20002374   Data          20  nrf_log_backend_uart.o(.data)
    m_cb                                     0x2000243c   Data          28  main.o(.bss)
    m_enc_advdata                            0x20002458   Data          31  main.o(.bss)
    m_enc_scan_response_data                 0x20002477   Data          31  main.o(.bss)
    m_adv_data                               0x20002498   Data          16  main.o(.bss)
    nrf_nvic_state                           0x200026cc   Data          12  app_util_platform.o(.bss)
    __initial_sp                             0x20004ca0   Data           0  arm_startup_nrf52.o(STACK)



==============================================================================

Memory Map of the image

  Image Entry point : 0x00026201

  Load Region LR_IROM1 (Base: 0x00026000, Size: 0x00005df0, Max: 0x0005a000, ABSOLUTE)

    Execution Region ER_IROM1 (Exec base: 0x00026000, Load base: 0x00026000, Size: 0x00005cfc, Max: 0x0005a000, ABSOLUTE)

    Exec Addr    Load Addr    Size         Type   Attr      Idx    E Section Name        Object

    0x00026000   0x00026000   0x00000200   Data   RO            3    RESET               arm_startup_nrf52.o
    0x00026200   0x00026200   0x00000000   Code   RO         5206  * .ARM.Collect$$$$00000000  mc_w.l(entry.o)
    0x00026200   0x00026200   0x00000004   Code   RO         5258    .ARM.Collect$$$$00000001  mc_w.l(entry2.o)
    0x00026204   0x00026204   0x00000004   Code   RO         5261    .ARM.Collect$$$$00000004  mc_w.l(entry5.o)
    0x00026208   0x00026208   0x00000000   Code   RO         5263    .ARM.Collect$$$$00000008  mc_w.l(entry7b.o)
    0x00026208   0x00026208   0x00000000   Code   RO         5265    .ARM.Collect$$$$0000000A  mc_w.l(entry8b.o)
    0x00026208   0x00026208   0x00000008   Code   RO         5266    .ARM.Collect$$$$0000000B  mc_w.l(entry9a.o)
    0x00026210   0x00026210   0x00000000   Code   RO         5268    .ARM.Collect$$$$0000000D  mc_w.l(entry10a.o)
    0x00026210   0x00026210   0x00000000   Code   RO         5270    .ARM.Collect$$$$0000000F  mc_w.l(entry11a.o)
    0x00026210   0x00026210   0x00000004   Code   RO         5259    .ARM.Collect$$$$00002712  mc_w.l(entry2.o)
    0x00026214   0x00026214   0x000000c8   Code   RO         3500    .emb_text           nrf_atfifo.o
    0x000262dc   0x000262dc   0x000000e2   Code   RO         3636    .emb_text           nrf_atomic.o
    0x000263be   0x000263be   0x00000002   PAD
    0x000263c0   0x000263c0   0x00000024   Code   RO            4    .text               arm_startup_nrf52.o
    0x000263e4   0x000263e4   0x00000008   Code   RO         5216    .text               mc_w.l(ctype_o.o)
    0x000263ec   0x000263ec   0x00000024   Code   RO         5244    .text               mc_w.l(memcpya.o)
    0x00026410   0x00026410   0x00000024   Code   RO         5246    .text               mc_w.l(memseta.o)
    0x00026434   0x00026434   0x0000000e   Code   RO         5248    .text               mc_w.l(strlen.o)
    0x00026442   0x00026442   0x00000002   PAD
    0x00026444   0x00026444   0x00000024   Code   RO         5274    .text               mc_w.l(init.o)
    0x00026468   0x00026468   0x00000164   Code   RO         2013    i.GPIOTE_IRQHandler  nrfx_gpiote.o
    0x000265cc   0x000265cc   0x00000058   Code   RO         1875    i.POWER_CLOCK_IRQHandler  nrfx_clock.o
    0x00026624   0x00026624   0x00000010   Code   RO         3292    i.RTC1_IRQHandler   drv_rtc.o
    0x00026634   0x00026634   0x00000148   Code   RO         2684    i.SAADC_IRQHandler  nrfx_saadc.o
    0x0002677c   0x0002677c   0x00000004   Code   RO         4999    i.SWI2_EGU2_IRQHandler  nrf_sdh.o
    0x00026780   0x00026780   0x0000031c   Code   RO           14    i.SystemInit        system_nrf52.o
    0x00026a9c   0x00026a9c   0x0000000c   Code   RO         2282    i.UARTE0_UART0_IRQHandler  nrfx_prs.o
    0x00026aa8   0x00026aa8   0x0000000e   Code   RO         5278    i.__scatterload_copy  mc_w.l(handlers.o)
    0x00026ab6   0x00026ab6   0x00000002   Code   RO         5279    i.__scatterload_null  mc_w.l(handlers.o)
    0x00026ab8   0x00026ab8   0x0000000e   Code   RO         5280    i.__scatterload_zeroinit  mc_w.l(handlers.o)
    0x00026ac6   0x00026ac6   0x00000002   PAD
    0x00026ac8   0x00026ac8   0x00000024   Code   RO         5000    i.__sd_nvic_app_accessible_irq  nrf_sdh.o
    0x00026aec   0x00026aec   0x00000018   Code   RO           93    i.adc_handle_timer  main.o
    0x00026b04   0x00026b04   0x000000a0   Code   RO         1366    i.advertising_init  ble_spec.o
    0x00026ba4   0x00026ba4   0x00000018   Code   RO         1367    i.advertising_start  ble_spec.o
    0x00026bbc   0x00026bbc   0x00000084   Code   RO         2992    i.app_error_fault_handler  app_error_weak.o
    0x00026c40   0x00026c40   0x00000016   Code   RO         2932    i.app_error_handler_bare  app_error.o
    0x00026c56   0x00026c56   0x00000002   PAD
    0x00026c58   0x00026c58   0x0000000c   Code   RO         3083    i.app_timer_cnt_get  app_timer2.o
    0x00026c64   0x00026c64   0x00000016   Code   RO         3084    i.app_timer_create  app_timer2.o
    0x00026c7a   0x00026c7a   0x00000002   PAD
    0x00026c7c   0x00026c7c   0x0000005c   Code   RO         3085    i.app_timer_init    app_timer2.o
    0x00026cd8   0x00026cd8   0x00000030   Code   RO         3088    i.app_timer_start   app_timer2.o
    0x00026d08   0x00026d08   0x0000000c   Code   RO         3089    i.app_timer_stop    app_timer2.o
    0x00026d14   0x00026d14   0x00000048   Code   RO         3224    i.app_util_critical_region_enter  app_util_platform.o
    0x00026d5c   0x00026d5c   0x00000034   Code   RO         3225    i.app_util_critical_region_exit  app_util_platform.o
    0x00026d90   0x00026d90   0x00000088   Code   RO         2336    i.apply_config      nrfx_uart.o
    0x00026e18   0x00026e18   0x00000088   Code   RO         2524    i.apply_config      nrfx_uarte.o
    0x00026ea0   0x00026ea0   0x00000182   Code   RO          679    i.ble_advdata_encode  ble_advdata.o
    0x00027022   0x00027022   0x0000002e   Code   RO         1255    i.ble_cb_ADC_change  cambien_service.o
    0x00027050   0x00027050   0x0000002e   Code   RO         1256    i.ble_cb_chuyendong_change  cambien_service.o
    0x0002707e   0x0002707e   0x00000002   PAD
    0x00027080   0x00027080   0x00000100   Code   RO         1257    i.ble_cb_init       cambien_service.o
    0x00027180   0x00027180   0x00000068   Code   RO          795    i.ble_conn_params_init  ble_conn_params.o
    0x000271e8   0x000271e8   0x00000060   Code   RO          685    i.ble_device_addr_encode  ble_advdata.o
    0x00027248   0x00027248   0x000000fc   Code   RO          797    i.ble_evt_handler   ble_conn_params.o
    0x00027344   0x00027344   0x00000118   Code   RO          894    i.ble_evt_handler   ble_conn_state.o
    0x0002745c   0x0002745c   0x000000e4   Code   RO         1369    i.ble_evt_handler   ble_spec.o
    0x00027540   0x00027540   0x00000008   Code   RO         1049    i.ble_srv_is_notification_enabled  ble_srv_common.o
    0x00027548   0x00027548   0x0000002e   Code   RO         1370    i.ble_stack_init    ble_spec.o
    0x00027576   0x00027576   0x00000002   PAD
    0x00027578   0x00027578   0x00000090   Code   RO         4399    i.buf_prealloc      nrf_log_frontend.o
    0x00027608   0x00027608   0x0000002e   Code   RO         3848    i.buffer_add        nrf_fprintf_format.o
    0x00027636   0x00027636   0x00000002   PAD
    0x00027638   0x00027638   0x00000014   Code   RO         4400    i.buffer_is_empty   nrf_log_frontend.o
    0x0002764c   0x0002764c   0x0000001c   Code   RO         2014    i.channel_free      nrfx_gpiote.o
    0x00027668   0x00027668   0x00000048   Code   RO         2015    i.channel_port_alloc  nrfx_gpiote.o
    0x000276b0   0x000276b0   0x00000010   Code   RO         2016    i.channel_port_get  nrfx_gpiote.o
    0x000276c0   0x000276c0   0x00000190   Code   RO         1051    i.characteristic_add  ble_srv_common.o
    0x00027850   0x00027850   0x0000001e   Code   RO         1260    i.check_error_ble   cambien_service.o
    0x0002786e   0x0002786e   0x00000002   PAD
    0x00027870   0x00027870   0x00000028   Code   RO         1529    i.clock_clk_started_notify  nrf_drv_clock.o
    0x00027898   0x00027898   0x0000001c   Code   RO         1530    i.clock_irq_handler  nrf_drv_clock.o
    0x000278b4   0x000278b4   0x00000018   Code   RO         3091    i.compare_func      app_timer2.o
    0x000278cc   0x000278cc   0x0000003e   Code   RO          895    i.conn_handle_list_get  ble_conn_state.o
    0x0002790a   0x0002790a   0x00000088   Code   RO          686    i.conn_int_encode   ble_advdata.o
    0x00027992   0x00027992   0x00000004   Code   RO         1371    i.conn_params_error_handler  ble_spec.o
    0x00027996   0x00027996   0x00000002   PAD
    0x00027998   0x00027998   0x0000004c   Code   RO         1372    i.conn_params_init  ble_spec.o
    0x000279e4   0x000279e4   0x00000048   Code   RO          798    i.conn_params_negotiation  ble_conn_params.o
    0x00027a2c   0x00027a2c   0x000000c0   Code   RO         1109    i.data_length_update  nrf_ble_gatt.o
    0x00027aec   0x00027aec   0x00000014   Code   RO         4401    i.dropped_sat16_get  nrf_log_frontend.o
    0x00027b00   0x00027b00   0x00000014   Code   RO         3293    i.drv_rtc_compare_disable  drv_rtc.o
    0x00027b14   0x00027b14   0x0000000e   Code   RO         3295    i.drv_rtc_compare_pending  drv_rtc.o
    0x00027b22   0x00027b22   0x00000050   Code   RO         3296    i.drv_rtc_compare_set  drv_rtc.o
    0x00027b72   0x00027b72   0x00000008   Code   RO         3297    i.drv_rtc_counter_get  drv_rtc.o
    0x00027b7a   0x00027b7a   0x00000002   PAD
    0x00027b7c   0x00027b7c   0x000000d4   Code   RO         3298    i.drv_rtc_init      drv_rtc.o
    0x00027c50   0x00027c50   0x0000001a   Code   RO         3299    i.drv_rtc_irq_trigger  drv_rtc.o
    0x00027c6a   0x00027c6a   0x00000008   Code   RO         3301    i.drv_rtc_overflow_enable  drv_rtc.o
    0x00027c72   0x00027c72   0x00000008   Code   RO         3302    i.drv_rtc_overflow_pending  drv_rtc.o
    0x00027c7a   0x00027c7a   0x00000008   Code   RO         3303    i.drv_rtc_start     drv_rtc.o
    0x00027c82   0x00027c82   0x00000008   Code   RO         3304    i.drv_rtc_stop      drv_rtc.o
    0x00027c8a   0x00027c8a   0x000000de   Code   RO         3309    i.drv_rtc_windowed_compare_set  drv_rtc.o
    0x00027d68   0x00027d68   0x00000012   Code   RO         3310    i.evt_enable        drv_rtc.o
    0x00027d7a   0x00027d7a   0x00000014   Code   RO         3311    i.evt_pending       drv_rtc.o
    0x00027d8e   0x00027d8e   0x0000000a   Code   RO          896    i.flag_toggle       ble_conn_state.o
    0x00027d98   0x00027d98   0x00000058   Code   RO         1373    i.gap_params_init   ble_spec.o
    0x00027df0   0x00027df0   0x00000016   Code   RO         1374    i.gatt_init         ble_spec.o
    0x00027e06   0x00027e06   0x00000002   PAD
    0x00027e08   0x00027e08   0x00000034   Code   RO         3092    i.get_now           app_timer2.o
    0x00027e3c   0x00027e3c   0x0000001c   Code   RO           94    i.in_out1_handler   main.o
    0x00027e58   0x00027e58   0x0000001c   Code   RO           95    i.in_out2_handler   main.o
    0x00027e74   0x00027e74   0x00000014   Code   RO          799    i.instance_get      ble_conn_params.o
    0x00027e88   0x00027e88   0x000000a6   Code   RO         3849    i.int_print         nrf_fprintf_format.o
    0x00027f2e   0x00027f2e   0x00000012   Code   RO           97    i.interrupt_init    main.o
    0x00027f40   0x00027f40   0x00000084   Code   RO         2525    i.interrupts_enable  nrfx_uarte.o
    0x00027fc4   0x00027fc4   0x00000034   Code   RO         4402    i.invalid_packets_omit  nrf_log_frontend.o
    0x00027ff8   0x00027ff8   0x00000044   Code   RO          800    i.is_conn_params_ok  ble_conn_params.o
    0x0002803c   0x0002803c   0x00000014   Code   RO         1110    i.link_init         nrf_ble_gatt.o
    0x00028050   0x00028050   0x0000001a   Code   RO         1376    i.log_init          ble_spec.o
    0x0002806a   0x0002806a   0x00000002   PAD
    0x0002806c   0x0002806c   0x0000009c   Code   RO         4403    i.log_skip          nrf_log_frontend.o
    0x00028108   0x00028108   0x000000ec   Code   RO           98    i.main              main.o
    0x000281f4   0x000281f4   0x00000064   Code   RO          687    i.manuf_specific_data_encode  ble_advdata.o
    0x00028258   0x00028258   0x0000007e   Code   RO         3888    i.memobj_op         nrf_memobj.o
    0x000282d6   0x000282d6   0x00000002   PAD
    0x000282d8   0x000282d8   0x00000030   Code   RO         4404    i.module_idx_get    nrf_log_frontend.o
    0x00028308   0x00028308   0x000000a6   Code   RO          688    i.name_encode       ble_advdata.o
    0x000283ae   0x000283ae   0x00000026   Code   RO         3504    i.nrf_atfifo_init   nrf_atfifo.o
    0x000283d4   0x000283d4   0x00000016   Code   RO         3505    i.nrf_atfifo_item_alloc  nrf_atfifo.o
    0x000283ea   0x000283ea   0x00000016   Code   RO         3506    i.nrf_atfifo_item_free  nrf_atfifo.o
    0x00028400   0x00028400   0x00000016   Code   RO         3507    i.nrf_atfifo_item_get  nrf_atfifo.o
    0x00028416   0x00028416   0x00000016   Code   RO         3508    i.nrf_atfifo_item_put  nrf_atfifo.o
    0x0002842c   0x0002842c   0x00000016   Code   RO         3570    i.nrf_atflags_clear  nrf_atflags.o
    0x00028442   0x00028442   0x00000016   Code   RO         3575    i.nrf_atflags_get   nrf_atflags.o
    0x00028458   0x00028458   0x00000014   Code   RO         3577    i.nrf_atflags_set   nrf_atflags.o
    0x0002846c   0x0002846c   0x00000006   Code   RO         3638    i.nrf_atomic_flag_clear_fetch  nrf_atomic.o
    0x00028472   0x00028472   0x00000006   Code   RO         3639    i.nrf_atomic_flag_set  nrf_atomic.o
    0x00028478   0x00028478   0x0000000c   Code   RO         3641    i.nrf_atomic_u32_add  nrf_atomic.o
    0x00028484   0x00028484   0x0000000c   Code   RO         3642    i.nrf_atomic_u32_and  nrf_atomic.o
    0x00028490   0x00028490   0x0000000a   Code   RO         3645    i.nrf_atomic_u32_fetch_and  nrf_atomic.o
    0x0002849a   0x0002849a   0x0000000a   Code   RO         3647    i.nrf_atomic_u32_fetch_store  nrf_atomic.o
    0x000284a4   0x000284a4   0x0000000c   Code   RO         3651    i.nrf_atomic_u32_or  nrf_atomic.o
    0x000284b0   0x000284b0   0x0000000c   Code   RO         3653    i.nrf_atomic_u32_sub  nrf_atomic.o
    0x000284bc   0x000284bc   0x00000044   Code   RO         3772    i.nrf_balloc_alloc  nrf_balloc.o
    0x00028500   0x00028500   0x00000030   Code   RO         3773    i.nrf_balloc_free   nrf_balloc.o
    0x00028530   0x00028530   0x00000030   Code   RO         3774    i.nrf_balloc_init   nrf_balloc.o
    0x00028560   0x00028560   0x00000010   Code   RO         2017    i.nrf_bitmask_bit_is_set  nrfx_gpiote.o
    0x00028570   0x00028570   0x00000014   Code   RO         2018    i.nrf_bitmask_bit_set  nrfx_gpiote.o
    0x00028584   0x00028584   0x00000022   Code   RO         1116    i.nrf_ble_gatt_init  nrf_ble_gatt.o
    0x000285a6   0x000285a6   0x00000002   PAD
    0x000285a8   0x000285a8   0x00000150   Code   RO         1117    i.nrf_ble_gatt_on_ble_evt  nrf_ble_gatt.o
    0x000286f8   0x000286f8   0x0000000e   Code   RO         1876    i.nrf_clock_event_check  nrfx_clock.o
    0x00028706   0x00028706   0x00000010   Code   RO         1877    i.nrf_clock_event_clear  nrfx_clock.o
    0x00028716   0x00028716   0x00000002   PAD
    0x00028718   0x00028718   0x00000038   Code   RO         1537    i.nrf_drv_clock_init  nrf_drv_clock.o
    0x00028750   0x00028750   0x00000030   Code   RO         1541    i.nrf_drv_clock_lfclk_release  nrf_drv_clock.o
    0x00028780   0x00028780   0x00000068   Code   RO         1684    i.nrf_drv_uart_init  nrf_drv_uart.o
    0x000287e8   0x000287e8   0x0000001a   Code   RO         3809    i.nrf_fprintf       nrf_fprintf.o
    0x00028802   0x00028802   0x00000018   Code   RO         3810    i.nrf_fprintf_buffer_flush  nrf_fprintf.o
    0x0002881a   0x0002881a   0x000001da   Code   RO         3850    i.nrf_fprintf_fmt   nrf_fprintf_format.o
    0x000289f4   0x000289f4   0x00000024   Code   RO         2019    i.nrf_gpio_cfg      nrfx_gpiote.o
    0x00028a18   0x00028a18   0x00000024   Code   RO         2337    i.nrf_gpio_cfg      nrfx_uart.o
    0x00028a3c   0x00028a3c   0x00000024   Code   RO         2526    i.nrf_gpio_cfg      nrfx_uarte.o
    0x00028a60   0x00028a60   0x00000012   Code   RO         2338    i.nrf_gpio_cfg_default  nrfx_uart.o
    0x00028a72   0x00028a72   0x00000012   Code   RO         2527    i.nrf_gpio_cfg_default  nrfx_uarte.o
    0x00028a84   0x00028a84   0x00000012   Code   RO         2339    i.nrf_gpio_cfg_input  nrfx_uart.o
    0x00028a96   0x00028a96   0x00000012   Code   RO         2528    i.nrf_gpio_cfg_input  nrfx_uarte.o
    0x00028aa8   0x00028aa8   0x00000014   Code   RO         2340    i.nrf_gpio_cfg_output  nrfx_uart.o
    0x00028abc   0x00028abc   0x00000014   Code   RO         2529    i.nrf_gpio_cfg_output  nrfx_uarte.o
    0x00028ad0   0x00028ad0   0x00000022   Code   RO         2021    i.nrf_gpio_cfg_sense_set  nrfx_gpiote.o
    0x00028af2   0x00028af2   0x00000002   PAD
    0x00028af4   0x00028af4   0x00000028   Code   RO         2022    i.nrf_gpio_ports_read  nrfx_gpiote.o
    0x00028b1c   0x00028b1c   0x00000014   Code   RO         2023    i.nrf_gpiote_event_clear  nrfx_gpiote.o
    0x00028b30   0x00028b30   0x00000010   Code   RO         2024    i.nrf_gpiote_event_is_set  nrfx_gpiote.o
    0x00028b40   0x00028b40   0x0000005c   Code   RO         4405    i.nrf_log_backend_add  nrf_log_frontend.o
    0x00028b9c   0x00028b9c   0x000000c8   Code   RO         4244    i.nrf_log_backend_serial_put  nrf_log_backend_serial.o
    0x00028c64   0x00028c64   0x00000002   Code   RO         4284    i.nrf_log_backend_uart_flush  nrf_log_backend_uart.o
    0x00028c66   0x00028c66   0x00000006   Code   RO         4285    i.nrf_log_backend_uart_init  nrf_log_backend_uart.o
    0x00028c6c   0x00028c6c   0x0000002c   Code   RO         4286    i.nrf_log_backend_uart_panic_set  nrf_log_backend_uart.o
    0x00028c98   0x00028c98   0x00000018   Code   RO         4287    i.nrf_log_backend_uart_put  nrf_log_backend_uart.o
    0x00028cb0   0x00028cb0   0x00000030   Code   RO         4407    i.nrf_log_color_id_get  nrf_log_frontend.o
    0x00028ce0   0x00028ce0   0x0000001c   Code   RO         4363    i.nrf_log_default_backends_init  nrf_log_default_backends.o
    0x00028cfc   0x00028cfc   0x00000234   Code   RO         4408    i.nrf_log_frontend_dequeue  nrf_log_frontend.o
    0x00028f30   0x00028f30   0x00000008   Code   RO         4410    i.nrf_log_frontend_std_0  nrf_log_frontend.o
    0x00028f38   0x00028f38   0x0000000e   Code   RO         4411    i.nrf_log_frontend_std_1  nrf_log_frontend.o
    0x00028f46   0x00028f46   0x00000010   Code   RO         4412    i.nrf_log_frontend_std_2  nrf_log_frontend.o
    0x00028f56   0x00028f56   0x00000002   PAD
    0x00028f58   0x00028f58   0x000000b0   Code   RO         4585    i.nrf_log_hexdump_entry_process  nrf_log_str_formatter.o
    0x00029008   0x00029008   0x0000003c   Code   RO         4417    i.nrf_log_init      nrf_log_frontend.o
    0x00029044   0x00029044   0x00000014   Code   RO         4418    i.nrf_log_module_cnt_get  nrf_log_frontend.o
    0x00029058   0x00029058   0x0000001c   Code   RO         4421    i.nrf_log_module_name_get  nrf_log_frontend.o
    0x00029074   0x00029074   0x0000002c   Code   RO         4422    i.nrf_log_panic     nrf_log_frontend.o
    0x000290a0   0x000290a0   0x000000b6   Code   RO         4586    i.nrf_log_std_entry_process  nrf_log_str_formatter.o
    0x00029156   0x00029156   0x00000060   Code   RO         3889    i.nrf_memobj_alloc  nrf_memobj.o
    0x000291b6   0x000291b6   0x00000032   Code   RO         3890    i.nrf_memobj_free   nrf_memobj.o
    0x000291e8   0x000291e8   0x00000008   Code   RO         3891    i.nrf_memobj_get    nrf_memobj.o
    0x000291f0   0x000291f0   0x00000004   Code   RO         3892    i.nrf_memobj_pool_init  nrf_memobj.o
    0x000291f4   0x000291f4   0x0000001e   Code   RO         3893    i.nrf_memobj_put    nrf_memobj.o
    0x00029212   0x00029212   0x00000010   Code   RO         3894    i.nrf_memobj_read   nrf_memobj.o
    0x00029222   0x00029222   0x00000010   Code   RO         3895    i.nrf_memobj_write  nrf_memobj.o
    0x00029232   0x00029232   0x00000002   PAD
    0x00029234   0x00029234   0x00000028   Code   RO         3967    i.nrf_pwr_mgmt_init  nrf_pwr_mgmt.o
    0x0002925c   0x0002925c   0x00000044   Code   RO         3968    i.nrf_pwr_mgmt_run  nrf_pwr_mgmt.o
    0x000292a0   0x000292a0   0x0000001c   Code   RO         4044    i.nrf_ringbuf_init  nrf_ringbuf.o
    0x000292bc   0x000292bc   0x0000000c   Code   RO         3312    i.nrf_rtc_event_clear  drv_rtc.o
    0x000292c8   0x000292c8   0x00000010   Code   RO         2685    i.nrf_saadc_buffer_init  nrfx_saadc.o
    0x000292d8   0x000292d8   0x00000014   Code   RO         2686    i.nrf_saadc_channel_input_set  nrfx_saadc.o
    0x000292ec   0x000292ec   0x00000010   Code   RO         2687    i.nrf_saadc_event_check  nrfx_saadc.o
    0x000292fc   0x000292fc   0x00000014   Code   RO         2688    i.nrf_saadc_event_clear  nrfx_saadc.o
    0x00029310   0x00029310   0x00000010   Code   RO         2689    i.nrf_saadc_limit_int_get  nrfx_saadc.o
    0x00029320   0x00029320   0x00000014   Code   RO         5120    i.nrf_sdh_ble_app_ram_start_get  nrf_sdh_ble.o
    0x00029334   0x00029334   0x00000100   Code   RO         5121    i.nrf_sdh_ble_default_cfg_set  nrf_sdh_ble.o
    0x00029434   0x00029434   0x00000130   Code   RO         5122    i.nrf_sdh_ble_enable  nrf_sdh_ble.o
    0x00029564   0x00029564   0x0000005c   Code   RO         5123    i.nrf_sdh_ble_evts_poll  nrf_sdh_ble.o
    0x000295c0   0x000295c0   0x00000074   Code   RO         5002    i.nrf_sdh_enable_request  nrf_sdh.o
    0x00029634   0x00029634   0x00000024   Code   RO         5003    i.nrf_sdh_evts_poll  nrf_sdh.o
    0x00029658   0x00029658   0x0000000c   Code   RO         5004    i.nrf_sdh_is_enabled  nrf_sdh.o
    0x00029664   0x00029664   0x0000003c   Code   RO         5174    i.nrf_sdh_soc_evts_poll  nrf_sdh_soc.o
    0x000296a0   0x000296a0   0x0000000a   Code   RO         4102    i.nrf_section_iter_init  nrf_section_iter.o
    0x000296aa   0x000296aa   0x00000024   Code   RO         4103    i.nrf_section_iter_item_set  nrf_section_iter.o
    0x000296ce   0x000296ce   0x00000020   Code   RO         4104    i.nrf_section_iter_next  nrf_section_iter.o
    0x000296ee   0x000296ee   0x00000022   Code   RO         4137    i.nrf_sortlist_add  nrf_sortlist.o
    0x00029710   0x00029710   0x00000006   Code   RO         4139    i.nrf_sortlist_peek  nrf_sortlist.o
    0x00029716   0x00029716   0x0000000e   Code   RO         4140    i.nrf_sortlist_pop  nrf_sortlist.o
    0x00029724   0x00029724   0x0000001e   Code   RO         4141    i.nrf_sortlist_remove  nrf_sortlist.o
    0x00029742   0x00029742   0x00000002   PAD
    0x00029744   0x00029744   0x00000038   Code   RO         4193    i.nrf_strerror_find  nrf_strerror.o
    0x0002977c   0x0002977c   0x00000014   Code   RO         4194    i.nrf_strerror_get  nrf_strerror.o
    0x00029790   0x00029790   0x0000000a   Code   RO         2341    i.nrf_uart_event_check  nrfx_uart.o
    0x0002979a   0x0002979a   0x0000000c   Code   RO         2342    i.nrf_uart_event_clear  nrfx_uart.o
    0x000297a6   0x000297a6   0x0000000c   Code   RO         2343    i.nrf_uart_int_enable_check  nrfx_uart.o
    0x000297b2   0x000297b2   0x0000000a   Code   RO         2530    i.nrf_uarte_event_check  nrfx_uarte.o
    0x000297bc   0x000297bc   0x0000000c   Code   RO         2531    i.nrf_uarte_event_clear  nrfx_uarte.o
    0x000297c8   0x000297c8   0x0000002c   Code   RO         1882    i.nrfx_clock_enable  nrfx_clock.o
    0x000297f4   0x000297f4   0x00000020   Code   RO         1885    i.nrfx_clock_init   nrfx_clock.o
    0x00029814   0x00029814   0x0000001c   Code   RO         1888    i.nrfx_clock_lfclk_stop  nrfx_clock.o
    0x00029830   0x00029830   0x00000010   Code   RO         2690    i.nrfx_coredep_delay_us  nrfx_saadc.o
    0x00029840   0x00029840   0x00000010   Code   RO         3313    i.nrfx_coredep_delay_us  drv_rtc.o
    0x00029850   0x00029850   0x000000a4   Code   RO         2029    i.nrfx_gpiote_in_event_enable  nrfx_gpiote.o
    0x000298f4   0x000298f4   0x000000d0   Code   RO         2030    i.nrfx_gpiote_in_init  nrfx_gpiote.o
    0x000299c4   0x000299c4   0x0000006c   Code   RO         2033    i.nrfx_gpiote_init  nrfx_gpiote.o
    0x00029a30   0x00029a30   0x00000010   Code   RO         2532    i.nrfx_is_in_ram    nrfx_uarte.o
    0x00029a40   0x00029a40   0x0000003a   Code   RO         2283    i.nrfx_prs_acquire  nrfx_prs.o
    0x00029a7a   0x00029a7a   0x00000012   Code   RO         2284    i.nrfx_prs_release  nrfx_prs.o
    0x00029a8c   0x00029a8c   0x000000a4   Code   RO         2692    i.nrfx_saadc_buffer_convert  nrfx_saadc.o
    0x00029b30   0x00029b30   0x000000ac   Code   RO         2694    i.nrfx_saadc_channel_init  nrfx_saadc.o
    0x00029bdc   0x00029bdc   0x00000044   Code   RO         2695    i.nrfx_saadc_channel_uninit  nrfx_saadc.o
    0x00029c20   0x00029c20   0x00000094   Code   RO         2696    i.nrfx_saadc_init   nrfx_saadc.o
    0x00029cb4   0x00029cb4   0x00000080   Code   RO         2698    i.nrfx_saadc_limits_set  nrfx_saadc.o
    0x00029d34   0x00029d34   0x0000002c   Code   RO         2699    i.nrfx_saadc_sample  nrfx_saadc.o
    0x00029d60   0x00029d60   0x0000006c   Code   RO         2702    i.nrfx_saadc_uninit  nrfx_saadc.o
    0x00029dcc   0x00029dcc   0x00000010   Code   RO         2344    i.nrfx_uart_0_irq_handler  nrfx_uart.o
    0x00029ddc   0x00029ddc   0x000000d0   Code   RO         2346    i.nrfx_uart_init    nrfx_uart.o
    0x00029eac   0x00029eac   0x000000a8   Code   RO         2352    i.nrfx_uart_tx      nrfx_uart.o
    0x00029f54   0x00029f54   0x00000020   Code   RO         2354    i.nrfx_uart_tx_in_progress  nrfx_uart.o
    0x00029f74   0x00029f74   0x000000b4   Code   RO         2355    i.nrfx_uart_uninit  nrfx_uart.o
    0x0002a028   0x0002a028   0x00000010   Code   RO         2533    i.nrfx_uarte_0_irq_handler  nrfx_uarte.o
    0x0002a038   0x0002a038   0x0000006c   Code   RO         2535    i.nrfx_uarte_init   nrfx_uarte.o
    0x0002a0a4   0x0002a0a4   0x000000ac   Code   RO         2539    i.nrfx_uarte_tx     nrfx_uarte.o
    0x0002a150   0x0002a150   0x0000001c   Code   RO         2541    i.nrfx_uarte_tx_in_progress  nrfx_uarte.o
    0x0002a16c   0x0002a16c   0x000000e0   Code   RO         2542    i.nrfx_uarte_uninit  nrfx_uarte.o
    0x0002a24c   0x0002a24c   0x0000001c   Code   RO         1377    i.on_conn_params_evt  ble_spec.o
    0x0002a268   0x0002a268   0x000000a8   Code   RO         1118    i.on_connected_evt  nrf_ble_gatt.o
    0x0002a310   0x0002a310   0x000000ac   Code   RO         1119    i.on_exchange_mtu_request_evt  nrf_ble_gatt.o
    0x0002a3bc   0x0002a3bc   0x00000034   Code   RO           99    i.out1_interrupt_init  main.o
    0x0002a3f0   0x0002a3f0   0x00000034   Code   RO          100    i.out2_interrupt_init  main.o
    0x0002a424   0x0002a424   0x00000018   Code   RO         2050    i.pin_in_use_by_port  nrfx_gpiote.o
    0x0002a43c   0x0002a43c   0x00000018   Code   RO         2051    i.pin_in_use_by_te  nrfx_gpiote.o
    0x0002a454   0x0002a454   0x0000003c   Code   RO         4588    i.postfix_process   nrf_log_str_formatter.o
    0x0002a490   0x0002a490   0x00000098   Code   RO         4589    i.prefix_process    nrf_log_str_formatter.o
    0x0002a528   0x0002a528   0x00000018   Code   RO         2285    i.prs_box_get       nrfx_prs.o
    0x0002a540   0x0002a540   0x0000005c   Code   RO         3093    i.rtc_irq           app_timer2.o
    0x0002a59c   0x0002a59c   0x00000064   Code   RO         3094    i.rtc_schedule      app_timer2.o
    0x0002a600   0x0002a600   0x00000074   Code   RO         3095    i.rtc_update        app_timer2.o
    0x0002a674   0x0002a674   0x00000032   Code   RO         2356    i.rx_byte           nrfx_uart.o
    0x0002a6a6   0x0002a6a6   0x00000016   Code   RO         2357    i.rx_done_event     nrfx_uart.o
    0x0002a6bc   0x0002a6bc   0x00000016   Code   RO         2543    i.rx_done_event     nrfx_uarte.o
    0x0002a6d2   0x0002a6d2   0x00000002   PAD
    0x0002a6d4   0x0002a6d4   0x00000088   Code   RO          101    i.saadc_callback    main.o
    0x0002a75c   0x0002a75c   0x00000054   Code   RO          102    i.saadc_init        main.o
    0x0002a7b0   0x0002a7b0   0x00000050   Code   RO         1544    i.sd_state_evt_handler  nrf_drv_clock.o
    0x0002a800   0x0002a800   0x00000030   Code   RO         5009    i.sdh_request_observer_notify  nrf_sdh.o
    0x0002a830   0x0002a830   0x0000002c   Code   RO         5010    i.sdh_state_observer_notify  nrf_sdh.o
    0x0002a85c   0x0002a85c   0x00000010   Code   RO          801    i.send_error_evt    ble_conn_params.o
    0x0002a86c   0x0002a86c   0x00000040   Code   RO         4288    i.serial_tx         nrf_log_backend_uart.o
    0x0002a8ac   0x0002a8ac   0x00000088   Code   RO          689    i.service_data_encode  ble_advdata.o
    0x0002a934   0x0002a934   0x00000014   Code   RO         1379    i.services_init     ble_spec.o
    0x0002a948   0x0002a948   0x00000034   Code   RO         1380    i.set_BLE_para      ble_spec.o
    0x0002a97c   0x0002a97c   0x00000030   Code   RO         1053    i.set_security_req  ble_srv_common.o
    0x0002a9ac   0x0002a9ac   0x00000018   Code   RO         1545    i.soc_evt_handler   nrf_drv_clock.o
    0x0002a9c4   0x0002a9c4   0x00000058   Code   RO         5012    i.softdevices_evt_irq_enable  nrf_sdh.o
    0x0002aa1c   0x0002aa1c   0x0000000c   Code   RO         3096    i.sortlist_pop      app_timer2.o
    0x0002aa28   0x0002aa28   0x0000008c   Code   RO         4424    i.std_n             nrf_log_frontend.o
    0x0002aab4   0x0002aab4   0x00000010   Code   RO          103    i.systick_handle    main.o
    0x0002aac4   0x0002aac4   0x0000002c   Code   RO          104    i.task_adc          main.o
    0x0002aaf0   0x0002aaf0   0x00000044   Code   RO          105    i.task_chuyendong   main.o
    0x0002ab34   0x0002ab34   0x00000058   Code   RO         3097    i.timer_expire      app_timer2.o
    0x0002ab8c   0x0002ab8c   0x00000078   Code   RO         3098    i.timer_req_process  app_timer2.o
    0x0002ac04   0x0002ac04   0x00000038   Code   RO         3099    i.timer_req_schedule  app_timer2.o
    0x0002ac3c   0x0002ac3c   0x00000020   Code   RO         2359    i.tx_byte           nrfx_uart.o
    0x0002ac5c   0x0002ac5c   0x0000001a   Code   RO         2360    i.tx_done_event     nrfx_uart.o
    0x0002ac76   0x0002ac76   0x0000001a   Code   RO         2544    i.tx_done_event     nrfx_uarte.o
    0x0002ac90   0x0002ac90   0x00000030   Code   RO         1685    i.uart_evt_handler  nrf_drv_uart.o
    0x0002acc0   0x0002acc0   0x0000000c   Code   RO         4289    i.uart_evt_handler  nrf_log_backend_uart.o
    0x0002accc   0x0002accc   0x00000050   Code   RO         4290    i.uart_init         nrf_log_backend_uart.o
    0x0002ad1c   0x0002ad1c   0x0000012a   Code   RO         2361    i.uart_irq_handler  nrfx_uart.o
    0x0002ae46   0x0002ae46   0x00000002   PAD
    0x0002ae48   0x0002ae48   0x00000030   Code   RO         1686    i.uarte_evt_handler  nrf_drv_uart.o
    0x0002ae78   0x0002ae78   0x00000112   Code   RO         2545    i.uarte_irq_handler  nrfx_uarte.o
    0x0002af8a   0x0002af8a   0x0000000a   Code   RO          690    i.uint16_encode     ble_advdata.o
    0x0002af94   0x0002af94   0x000000b4   Code   RO         3851    i.unsigned_print    nrf_fprintf_format.o
    0x0002b048   0x0002b048   0x00000068   Code   RO          802    i.update_timeout_handler  ble_conn_params.o
    0x0002b0b0   0x0002b0b0   0x00000030   Code   RO          691    i.uuid_list_encode  ble_advdata.o
    0x0002b0e0   0x0002b0e0   0x0000009e   Code   RO          692    i.uuid_list_sized_encode  ble_advdata.o
    0x0002b17e   0x0002b17e   0x00000002   PAD
    0x0002b180   0x0002b180   0x00000015   Data   RO          114    .constdata          main.o
    0x0002b195   0x0002b195   0x00000003   PAD
    0x0002b198   0x0002b198   0x00000016   Data   RO         1120    .constdata          nrf_ble_gatt.o
    0x0002b1ae   0x0002b1ae   0x00000002   PAD
    0x0002b1b0   0x0002b1b0   0x00000010   Data   RO         1261    .constdata          cambien_service.o
    0x0002b1c0   0x0002b1c0   0x00000004   Data   RO         1381    .constdata          ble_spec.o
    0x0002b1c4   0x0002b1c4   0x00000004   Data   RO         2053    .constdata          nrfx_gpiote.o
    0x0002b1c8   0x0002b1c8   0x00000004   Data   RO         2364    .constdata          nrfx_uart.o
    0x0002b1cc   0x0002b1cc   0x00000004   Data   RO         2548    .constdata          nrfx_uarte.o
    0x0002b1d0   0x0002b1d0   0x00000006   Data   RO         2704    .constdata          nrfx_saadc.o
    0x0002b1d6   0x0002b1d6   0x00000002   PAD
    0x0002b1d8   0x0002b1d8   0x00000014   Data   RO         3102    .constdata          app_timer2.o
    0x0002b1ec   0x0002b1ec   0x00000004   PAD
    0x0002b1f0   0x0002b1f0   0x00000006   Data   RO         3314    .constdata          drv_rtc.o
    0x0002b1f6   0x0002b1f6   0x00000010   Data   RO         3852    .constdata          nrf_fprintf_format.o
    0x0002b206   0x0002b206   0x00000002   PAD
    0x0002b208   0x0002b208   0x00000018   Data   RO         3972    .constdata          nrf_pwr_mgmt.o
    0x0002b220   0x0002b220   0x0000000c   Data   RO         3973    .constdata          nrf_pwr_mgmt.o
    0x0002b22c   0x0002b22c   0x0000013c   Data   RO         4195    .constdata          nrf_strerror.o
    0x0002b368   0x0002b368   0x0000000c   Data   RO         4292    .constdata          nrf_log_backend_uart.o
    0x0002b374   0x0002b374   0x00000020   Data   RO         4293    .constdata          nrf_log_backend_uart.o
    0x0002b394   0x0002b394   0x0000000c   Data   RO         4429    .constdata          nrf_log_frontend.o
    0x0002b3a0   0x0002b3a0   0x00000010   Data   RO         5013    .constdata          nrf_sdh.o
    0x0002b3b0   0x0002b3b0   0x00000028   Data   RO         5014    .constdata          nrf_sdh.o
    0x0002b3d8   0x0002b3d8   0x00000010   Data   RO         5015    .constdata          nrf_sdh.o
    0x0002b3e8   0x0002b3e8   0x00000010   Data   RO         5016    .constdata          nrf_sdh.o
    0x0002b3f8   0x0002b3f8   0x00000020   Data   RO         5124    .constdata          nrf_sdh_ble.o
    0x0002b418   0x0002b418   0x00000010   Data   RO         5125    .constdata          nrf_sdh_ble.o
    0x0002b428   0x0002b428   0x00000010   Data   RO         5175    .constdata          nrf_sdh_soc.o
    0x0002b438   0x0002b438   0x0000000c   Data   RO         5176    .constdata          nrf_sdh_soc.o
    0x0002b444   0x0002b444   0x00000081   Data   RO         5217    .constdata          mc_w.l(ctype_o.o)
    0x0002b4c5   0x0002b4c5   0x00000003   PAD
    0x0002b4c8   0x0002b4c8   0x00000004   Data   RO         5218    .constdata          mc_w.l(ctype_o.o)
    0x0002b4cc   0x0002b4cc   0x000000a2   Data   RO         1121    .conststring        nrf_ble_gatt.o
    0x0002b56e   0x0002b56e   0x00000002   PAD
    0x0002b570   0x0002b570   0x000003eb   Data   RO         4196    .conststring        nrf_strerror.o
    0x0002b95b   0x0002b95b   0x00000001   PAD
    0x0002b95c   0x0002b95c   0x00000066   Data   RO         4590    .conststring        nrf_log_str_formatter.o
    0x0002b9c2   0x0002b9c2   0x00000002   PAD
    0x0002b9c4   0x0002b9c4   0x00000188   Data   RO         5126    .conststring        nrf_sdh_ble.o
    0x0002bb4c   0x0002bb4c   0x0000000d   Data   RO         1122    .conststrlit        nrf_ble_gatt.o
    0x0002bb59   0x0002bb59   0x00000003   PAD
    0x0002bb5c   0x0002bb5c   0x00000006   Data   RO         1551    .conststrlit        nrf_drv_clock.o
    0x0002bb62   0x0002bb62   0x00000002   PAD
    0x0002bb64   0x0002bb64   0x00000006   Data   RO         1892    .conststrlit        nrfx_clock.o
    0x0002bb6a   0x0002bb6a   0x00000002   PAD
    0x0002bb6c   0x0002bb6c   0x00000007   Data   RO         2057    .conststrlit        nrfx_gpiote.o
    0x0002bb73   0x0002bb73   0x00000001   PAD
    0x0002bb74   0x0002bb74   0x00000004   Data   RO         2287    .conststrlit        nrfx_prs.o
    0x0002bb78   0x0002bb78   0x00000005   Data   RO         2367    .conststrlit        nrfx_uart.o
    0x0002bb7d   0x0002bb7d   0x00000003   PAD
    0x0002bb80   0x0002bb80   0x00000006   Data   RO         2551    .conststrlit        nrfx_uarte.o
    0x0002bb86   0x0002bb86   0x00000002   PAD
    0x0002bb88   0x0002bb88   0x00000006   Data   RO         2712    .conststrlit        nrfx_saadc.o
    0x0002bb8e   0x0002bb8e   0x00000002   PAD
    0x0002bb90   0x0002bb90   0x0000000b   Data   RO         2850    .conststrlit        app_button.o
    0x0002bb9b   0x0002bb9b   0x00000001   PAD
    0x0002bb9c   0x0002bb9c   0x0000000a   Data   RO         3103    .conststrlit        app_timer2.o
    0x0002bba6   0x0002bba6   0x00000002   PAD
    0x0002bba8   0x0002bba8   0x00000009   Data   RO         3974    .conststrlit        nrf_pwr_mgmt.o
    0x0002bbb1   0x0002bbb1   0x00000003   PAD
    0x0002bbb4   0x0002bbb4   0x00000009   Data   RO         4142    .conststrlit        nrf_sortlist.o
    0x0002bbbd   0x0002bbbd   0x00000003   PAD
    0x0002bbc0   0x0002bbc0   0x00000011   Data   RO         4364    .conststrlit        nrf_log_default_backends.o
    0x0002bbd1   0x0002bbd1   0x00000003   PAD
    0x0002bbd4   0x0002bbd4   0x00000004   Data   RO         4430    .conststrlit        nrf_log_frontend.o
    0x0002bbd8   0x0002bbd8   0x00000008   Data   RO         5017    .conststrlit        nrf_sdh.o
    0x0002bbe0   0x0002bbe0   0x0000000c   Data   RO         5127    .conststrlit        nrf_sdh_ble.o
    0x0002bbec   0x0002bbec   0x0000000c   Data   RO         5177    .conststrlit        nrf_sdh_soc.o
    0x0002bbf8   0x0002bbf8   0x00000020   Data   RO         5276    Region$$Table       anon$$obj.o
    0x0002bc18   0x0002bc18   0x00000010   Data   RO         4366    log_backends        nrf_log_default_backends.o
    0x0002bc28   0x0002bc28   0x00000008   Data   RO         1123    log_const_data      nrf_ble_gatt.o
    0x0002bc30   0x0002bc30   0x00000008   Data   RO         1552    log_const_data      nrf_drv_clock.o
    0x0002bc38   0x0002bc38   0x00000008   Data   RO         1894    log_const_data      nrfx_clock.o
    0x0002bc40   0x0002bc40   0x00000008   Data   RO         2058    log_const_data      nrfx_gpiote.o
    0x0002bc48   0x0002bc48   0x00000008   Data   RO         2289    log_const_data      nrfx_prs.o
    0x0002bc50   0x0002bc50   0x00000008   Data   RO         2368    log_const_data      nrfx_uart.o
    0x0002bc58   0x0002bc58   0x00000008   Data   RO         2552    log_const_data      nrfx_uarte.o
    0x0002bc60   0x0002bc60   0x00000008   Data   RO         2713    log_const_data      nrfx_saadc.o
    0x0002bc68   0x0002bc68   0x00000008   Data   RO         2852    log_const_data      app_button.o
    0x0002bc70   0x0002bc70   0x00000008   Data   RO         3106    log_const_data      app_timer2.o
    0x0002bc78   0x0002bc78   0x00000008   Data   RO         3976    log_const_data      nrf_pwr_mgmt.o
    0x0002bc80   0x0002bc80   0x00000008   Data   RO         4143    log_const_data      nrf_sortlist.o
    0x0002bc88   0x0002bc88   0x00000008   Data   RO         4433    log_const_data      nrf_log_frontend.o
    0x0002bc90   0x0002bc90   0x00000008   Data   RO         5019    log_const_data      nrf_sdh.o
    0x0002bc98   0x0002bc98   0x00000008   Data   RO         5129    log_const_data      nrf_sdh_ble.o
    0x0002bca0   0x0002bca0   0x00000008   Data   RO         5178    log_const_data      nrf_sdh_soc.o
    0x0002bca8   0x0002bca8   0x00000014   Data   RO         4434    nrf_balloc          nrf_log_frontend.o
    0x0002bcbc   0x0002bcbc   0x00000008   Data   RO          900    sdh_ble_observers0  ble_conn_state.o
    0x0002bcc4   0x0002bcc4   0x00000008   Data   RO          117    sdh_ble_observers1  main.o
    0x0002bccc   0x0002bccc   0x00000008   Data   RO          805    sdh_ble_observers1  ble_conn_params.o
    0x0002bcd4   0x0002bcd4   0x00000008   Data   RO         1382    sdh_ble_observers3  ble_spec.o
    0x0002bcdc   0x0002bcdc   0x00000008   Data   RO         1553    sdh_soc_observers0  nrf_drv_clock.o
    0x0002bce4   0x0002bce4   0x00000008   Data   RO         5130    sdh_stack_observers0  nrf_sdh_ble.o
    0x0002bcec   0x0002bcec   0x00000008   Data   RO         5179    sdh_stack_observers0  nrf_sdh_soc.o
    0x0002bcf4   0x0002bcf4   0x00000008   Data   RO         1554    sdh_state_observers0  nrf_drv_clock.o


    Execution Region RW_IRAM1 (Exec base: 0x200022f0, Load base: 0x0002bcfc, Size: 0x000029b0, Max: 0x0000dd10, ABSOLUTE)

    Exec Addr    Load Addr    Size         Type   Attr      Idx    E Section Name        Object

    0x200022f0   0x0002bcfc   0x00000004   Data   RW           15    .data               system_nrf52.o
    0x200022f4   0x0002bd00   0x00000018   Data   RW          115    .data               main.o
    0x2000230c   0x0002bd18   0x00000001   Data   RW          116    .data               main.o
    0x2000230d   0x0002bd19   0x00000001   PAD
    0x2000230e   0x0002bd1a   0x00000008   Data   RW          804    .data               ble_conn_params.o
    0x20002316   0x0002bd22   0x00000002   PAD
    0x20002318   0x0002bd24   0x0000000c   Data   RW         1687    .data               nrf_drv_uart.o
    0x20002324   0x0002bd30   0x00000008   Data   RW         1893    .data               nrfx_clock.o
    0x2000232c   0x0002bd38   0x00000008   Data   RW         2288    .data               nrfx_prs.o
    0x20002334   0x0002bd40   0x00000004   PAD
    0x20002338   0x0002bd44   0x00000020   Data   RW         3104    .data               app_timer2.o
    0x20002358   0x0002bd64   0x00000004   Data   RW         3105    .data               app_timer2.o
    0x2000235c   0x0002bd68   0x0000000c   Data   RW         3315    .data               drv_rtc.o
    0x20002368   0x0002bd74   0x00000008   Data   RW         3975    .data               nrf_pwr_mgmt.o
    0x20002370   0x0002bd7c   0x00000018   Data   RW         4294    .data               nrf_log_backend_uart.o
    0x20002388   0x0002bd94   0x00000008   Data   RW         4365    .data               nrf_log_default_backends.o
    0x20002390   0x0002bd9c   0x00000008   Data   RW         4431    .data               nrf_log_frontend.o
    0x20002398   0x0002bda4   0x00000008   Data   RW         4432    .data               nrf_log_frontend.o
    0x200023a0   0x0002bdac   0x00000040   Data   RW         4591    .data               nrf_log_str_formatter.o
    0x200023e0   0x0002bdec   0x00000003   Data   RW         5018    .data               nrf_sdh.o
    0x200023e3   0x0002bdef   0x00000001   Data   RW         5128    .data               nrf_sdh_ble.o
    0x200023e4   0x0002bdf0   0x00000004   PAD
    0x200023e8        -       0x00000020   Zero   RW          108    .bss                main.o
    0x20002408        -       0x00000020   Zero   RW          109    .bss                main.o
    0x20002428        -       0x00000030   Zero   RW          110    .bss                main.o
    0x20002458        -       0x0000001f   Zero   RW          111    .bss                main.o
    0x20002477        -       0x0000001f   Zero   RW          112    .bss                main.o
    0x20002496   0x0002bdf0   0x00000002   PAD
    0x20002498        -       0x00000010   Zero   RW          113    .bss                main.o
    0x200024a8        -       0x00000050   Zero   RW          803    .bss                ble_conn_params.o
    0x200024f8        -       0x0000007c   Zero   RW          899    .bss                ble_conn_state.o
    0x20002574        -       0x00000014   Zero   RW         1546    .bss                nrf_drv_clock.o
    0x20002588        -       0x0000005c   Zero   RW         2052    .bss                nrfx_gpiote.o
    0x200025e4        -       0x0000002c   Zero   RW         2362    .bss                nrfx_uart.o
    0x20002610        -       0x00000024   Zero   RW         2546    .bss                nrfx_uarte.o
    0x20002634        -       0x00000030   Zero   RW         2703    .bss                nrfx_saadc.o
    0x20002664        -       0x00000010   Zero   RW         3100    .bss                app_timer2.o
    0x20002674        -       0x00000058   Zero   RW         3101    .bss                app_timer2.o
    0x200026cc        -       0x0000000c   Zero   RW         3230    .bss                app_util_platform.o
    0x200026d8        -       0x0000000c   Zero   RW         3971    .bss                nrf_pwr_mgmt.o
    0x200026e4        -       0x00000040   Zero   RW         4291    .bss                nrf_log_backend_uart.o
    0x20002724        -       0x000000c0   Zero   RW         4425    .bss                nrf_log_frontend.o
    0x200027e4        -       0x00000080   Zero   RW         4426    .bss                nrf_log_frontend.o
    0x20002864        -       0x00000018   Zero   RW         4427    .bss                nrf_log_frontend.o
    0x2000287c        -       0x00000424   Zero   RW         4428    .bss                nrf_log_frontend.o
    0x20002ca0        -       0x00002000   Zero   RW            1    STACK               arm_startup_nrf52.o


==============================================================================

Image component sizes


      Code (inc. data)   RO Data    RW Data    ZI Data      Debug   Object Name

         0          0         19          0          0       1739   app_button.o
        22          0          0          0          0       2357   app_error.o
       132         46          0          0          0       3878   app_error_weak.o
       846         88         38         36        104      15761   app_timer2.o
       124         14          0          0         12       9434   app_util_platform.o
        36          8        512          0       8192        932   arm_startup_nrf52.o
      1236          0          0          0          0      50943   ble_advdata.o
       636         44          8          8         80      11011   ble_conn_params.o
       352          6          8          0        124       6025   ble_conn_state.o
       774        110         12          0          0      65238   ble_spec.o
       456          6          0          0          0       3179   ble_srv_common.o
         0          0          0          0          0      45250   boards.o
       378          4         16          0          0      57167   cambien_service.o
       696         76          6         12          0      44953   drv_rtc.o
       786        128         29         25        190     162576   main.o
       326          0          0          0          0       5607   nrf_atfifo.o
        64          0          0          0          0       2772   nrf_atflags.o
       306          0          0          0          0       7551   nrf_atomic.o
       164          0          0          0          0       3440   nrf_balloc.o
       922        272        205          0          0      36611   nrf_ble_gatt.o
       276         34         30          0         20      38772   nrf_drv_clock.o
       200         26          0         12          0      17348   nrf_drv_uart.o
        50          0          0          0          0       3337   nrf_fprintf.o
       866          4         16          0          0       6314   nrf_fprintf_format.o
       200          0          0          0          0      11305   nrf_log_backend_serial.o
       232         44         44         24         64      20366   nrf_log_backend_uart.o
        28          4         33          8          0       3201   nrf_log_default_backends.o
      1474        114         44         16       1404      28718   nrf_log_frontend.o
       570        108        102         64          0       5372   nrf_log_str_formatter.o
       346          0          0          0          0       9139   nrf_memobj.o
       108         16         53          8         12      36266   nrf_pwr_mgmt.o
        28          0          0          0          0       2219   nrf_ringbuf.o
       384         46        104          3          0      38735   nrf_sdh.o
       672        230        468          1          0       5581   nrf_sdh_ble.o
        60          4         56          0          0       2324   nrf_sdh_soc.o
        78          0          0          0          0       2592   nrf_section_iter.o
        84          0         17          0          0       3825   nrf_sortlist.o
        76         10       1319          0          0       2551   nrf_strerror.o
       222         30         14          8          0      42950   nrfx_clock.o
      1182         86         19          0         92      57045   nrfx_gpiote.o
       112         16         12          8          0       4200   nrfx_prs.o
      1264        108         20          0         48      22526   nrfx_saadc.o
      1294         42         17          0         44      29093   nrfx_uart.o
      1268         42         18          0         36      24747   nrfx_uarte.o
       796         70          0          4          0      63270   system_nrf52.o

    ----------------------------------------------------------------------
     20168       1836       3316        244      10428    1018220   Object Totals
         0          0         32          0          0          0   (incl. Generated)
        42          0         45          7          6          0   (incl. Padding)

    ----------------------------------------------------------------------

      Code (inc. data)   RO Data    RW Data    ZI Data      Debug   Library Member Name

         8          4        133          0          0         68   ctype_o.o
         0          0          0          0          0          0   entry.o
         0          0          0          0          0          0   entry10a.o
         0          0          0          0          0          0   entry11a.o
         8          4          0          0          0          0   entry2.o
         4          0          0          0          0          0   entry5.o
         0          0          0          0          0          0   entry7b.o
         0          0          0          0          0          0   entry8b.o
         8          4          0          0          0          0   entry9a.o
        30          0          0          0          0          0   handlers.o
        36          8          0          0          0         68   init.o
        36          0          0          0          0         68   memcpya.o
        36          0          0          0          0        108   memseta.o
        14          0          0          0          0         68   strlen.o

    ----------------------------------------------------------------------
       184         20        136          0          0        380   Library Totals
         4          0          3          0          0          0   (incl. Padding)

    ----------------------------------------------------------------------

      Code (inc. data)   RO Data    RW Data    ZI Data      Debug   Library Name

       180         20        133          0          0        380   mc_w.l

    ----------------------------------------------------------------------
       184         20        136          0          0        380   Library Totals

    ----------------------------------------------------------------------

==============================================================================


      Code (inc. data)   RO Data    RW Data    ZI Data      Debug   

     20352       1856       3452        244      10428     992852   Grand Totals
     20352       1856       3452        244      10428     992852   ELF Image Totals
     20352       1856       3452        244          0          0   ROM Totals

==============================================================================

    Total RO  Size (Code + RO Data)                23804 (  23.25kB)
    Total RW  Size (RW Data + ZI Data)             10672 (  10.42kB)
    Total ROM Size (Code + RO Data + RW Data)      24048 (  23.48kB)

==============================================================================

