Component: ARM Compiler 5.06 update 6 (build 750) Tool: armlink [4d35ed]

==============================================================================

Section Cross References

    arm_startup_nrf52.o(RESET) refers to arm_startup_nrf52.o(STACK) for __initial_sp
    arm_startup_nrf52.o(RESET) refers to arm_startup_nrf52.o(.text) for Reset_Handler
    arm_startup_nrf52.o(RESET) refers to nrfx_clock.o(i.POWER_CLOCK_IRQHandler) for POWER_CLOCK_IRQHandler
    arm_startup_nrf52.o(RESET) refers to nrfx_prs.o(i.UARTE0_UART0_IRQHandler) for UARTE0_UART0_IRQHandler
    arm_startup_nrf52.o(RESET) refers to nrfx_gpiote.o(i.GPIOTE_IRQHandler) for GPIOTE_IRQHandler
    arm_startup_nrf52.o(RESET) refers to nrfx_saadc.o(i.SAADC_IRQHandler) for SAADC_IRQHandler
    arm_startup_nrf52.o(RESET) refers to drv_rtc.o(i.RTC1_IRQHandler) for RTC1_IRQHandler
    arm_startup_nrf52.o(RESET) refers to nrf_sdh.o(i.SWI2_EGU2_IRQHandler) for SWI2_EGU2_IRQHandler
    arm_startup_nrf52.o(.text) refers to system_nrf52.o(i.SystemInit) for SystemInit
    arm_startup_nrf52.o(.text) refers to entry.o(.ARM.Collect$$$$00000000) for __main
    system_nrf52.o(i.SystemCoreClockUpdate) refers to system_nrf52.o(.data) for .data
    system_nrf52.o(i.SystemInit) refers to system_nrf52.o(.data) for .data
    main.o(i.assert_nrf_callback) refers to app_error_handler_keil.o(.emb_text) for app_error_handler
    main.o(i.log_init) refers to nrf_log_frontend.o(i.nrf_log_init) for nrf_log_init
    main.o(i.log_init) refers to app_error.o(i.app_error_handler_bare) for app_error_handler_bare
    main.o(i.log_init) refers to nrf_log_default_backends.o(i.nrf_log_default_backends_init) for nrf_log_default_backends_init
    main.o(i.main) refers to main.o(i.log_init) for log_init
    main.o(i.main) refers to app_timer2.o(i.app_timer_init) for app_timer_init
    main.o(i.main) refers to app_error.o(i.app_error_handler_bare) for app_error_handler_bare
    main.o(i.main) refers to app_adc.o(i.ADC_CreateTimer) for ADC_CreateTimer
    main.o(i.main) refers to app_sensor.o(i.SENSOR_CreateTimer) for SENSOR_CreateTimer
    main.o(i.main) refers to main.o(i.power_management_init) for power_management_init
    main.o(i.main) refers to app_sensor.o(i.SENSOR_InterruptInit) for SENSOR_InterruptInit
    main.o(i.main) refers to app_adc.o(i.ADC_Init) for ADC_Init
    main.o(i.main) refers to ble_spec.o(i.BLE_StackInit) for BLE_StackInit
    main.o(i.main) refers to ble_spec.o(i.BLE_GapParamsInit) for BLE_GapParamsInit
    main.o(i.main) refers to ble_spec.o(i.BLE_GattInit) for BLE_GattInit
    main.o(i.main) refers to ble_spec.o(i.BLE_ServicesInit) for BLE_ServicesInit
    main.o(i.main) refers to ble_spec.o(i.BLE_AdvertisingInit) for BLE_AdvertisingInit
    main.o(i.main) refers to ble_spec.o(i.BLE_ConnParamsInit) for BLE_ConnParamsInit
    main.o(i.main) refers to ble_spec.o(i.BLE_AdvertisingStart) for BLE_AdvertisingStart
    main.o(i.main) refers to nrfx_saadc.o(i.nrfx_saadc_sample) for nrfx_saadc_sample
    main.o(i.main) refers to nrf_log_frontend.o(i.nrf_log_frontend_std_0) for nrf_log_frontend_std_0
    main.o(i.main) refers to app_sensor.o(i.SENSOR_MagneticTask) for SENSOR_MagneticTask
    main.o(i.main) refers to app_sensor.o(i.SENSOR_PIR_Task) for SENSOR_PIR_Task
    main.o(i.main) refers to app_adc.o(i.ADC_Task) for ADC_Task
    main.o(i.main) refers to nrf_log_frontend.o(i.nrf_log_frontend_dequeue) for nrf_log_frontend_dequeue
    main.o(i.main) refers to nrf_pwr_mgmt.o(i.nrf_pwr_mgmt_run) for nrf_pwr_mgmt_run
    main.o(i.main) refers to main.o(.bss) for .bss
    main.o(i.main) refers to nrf_log_frontend.o(log_const_data) for m_nrf_log_app_logs_data_const
    main.o(i.power_management_init) refers to nrf_pwr_mgmt.o(i.nrf_pwr_mgmt_init) for nrf_pwr_mgmt_init
    main.o(i.power_management_init) refers to app_error.o(i.app_error_handler_bare) for app_error_handler_bare
    main.o(sdh_ble_observers1) refers to nrf_ble_gatt.o(i.nrf_ble_gatt_on_ble_evt) for nrf_ble_gatt_on_ble_evt
    main.o(sdh_ble_observers1) refers to main.o(.bss) for m_gatt
    boards.o(i.bsp_board_button_idx_to_pin) refers to boards.o(.constdata) for .constdata
    boards.o(i.bsp_board_button_state_get) refers to boards.o(.constdata) for .constdata
    boards.o(i.bsp_board_init) refers to boards.o(i.nrf_gpio_cfg) for nrf_gpio_cfg
    boards.o(i.bsp_board_init) refers to boards.o(i.bsp_board_leds_off) for bsp_board_leds_off
    boards.o(i.bsp_board_init) refers to boards.o(.constdata) for .constdata
    boards.o(i.bsp_board_led_idx_to_pin) refers to boards.o(.constdata) for .constdata
    boards.o(i.bsp_board_led_invert) refers to boards.o(.constdata) for .constdata
    boards.o(i.bsp_board_led_off) refers to boards.o(i.nrf_gpio_pin_write) for nrf_gpio_pin_write
    boards.o(i.bsp_board_led_off) refers to boards.o(.constdata) for .constdata
    boards.o(i.bsp_board_led_on) refers to boards.o(i.nrf_gpio_pin_write) for nrf_gpio_pin_write
[...]
    severity_names                           0x20002400   Data          20  nrf_log_str_formatter.o(.data)
    m_colors                                 0x20002414   Data          36  nrf_log_str_formatter.o(.data)
    .data                                    0x20002438   Section        3  nrf_sdh.o(.data)
    m_nrf_sdh_enabled                        0x20002438   Data           1  nrf_sdh.o(.data)
    m_nrf_sdh_suspended                      0x20002439   Data           1  nrf_sdh.o(.data)
    m_nrf_sdh_continue                       0x2000243a   Data           1  nrf_sdh.o(.data)
    .data                                    0x2000243b   Section        1  nrf_sdh_ble.o(.data)
    m_stack_is_enabled                       0x2000243b   Data           1  nrf_sdh_ble.o(.data)
    .bss                                     0x2000243c   Section       48  main.o(.bss)
    m_gatt                                   0x2000243c   Data          20  main.o(.bss)
    .bss                                     0x20002470   Section       80  ble_conn_params.o(.bss)
    m_timer_data                             0x20002470   Data          32  ble_conn_params.o(.bss)
    m_conn_params_instances                  0x20002490   Data          20  ble_conn_params.o(.bss)
    m_conn_params_config                     0x200024a4   Data          28  ble_conn_params.o(.bss)
    .bss                                     0x200024c0   Section      124  ble_conn_state.o(.bss)
    m_bcs                                    0x200024c0   Data         124  ble_conn_state.o(.bss)
    .bss                                     0x2000253c   Section       31  ble_spec.o(.bss)
    .bss                                     0x2000255b   Section       31  ble_spec.o(.bss)
    .bss                                     0x20002580   Section       32  app_adc.o(.bss)
    m_adc_id_data                            0x20002580   Data          32  app_adc.o(.bss)
    .bss                                     0x200025a0   Section       32  app_sensor.o(.bss)
    timer_systick_id_data                    0x200025a0   Data          32  app_sensor.o(.bss)
    .bss                                     0x200025c0   Section       20  nrf_drv_clock.o(.bss)
    m_clock_cb                               0x200025c0   Data          20  nrf_drv_clock.o(.bss)
    .bss                                     0x200025d4   Section       92  nrfx_gpiote.o(.bss)
    m_cb                                     0x200025d4   Data          92  nrfx_gpiote.o(.bss)
    .bss                                     0x20002630   Section       44  nrfx_uart.o(.bss)
    m_cb                                     0x20002630   Data          44  nrfx_uart.o(.bss)
    .bss                                     0x2000265c   Section       36  nrfx_uarte.o(.bss)
    m_cb                                     0x2000265c   Data          36  nrfx_uarte.o(.bss)
    .bss                                     0x20002680   Section       48  nrfx_saadc.o(.bss)
    m_cb                                     0x20002680   Data          48  nrfx_saadc.o(.bss)
    .bss                                     0x200026b0   Section       16  app_timer2.o(.bss)
    m_req_fifo_inst                          0x200026b0   Data          16  app_timer2.o(.bss)
    .bss                                     0x200026c0   Section       88  app_timer2.o(.bss)
    m_req_fifo_data                          0x200026c0   Data          88  app_timer2.o(.bss)
    .bss                                     0x20002718   Section       12  app_util_platform.o(.bss)
    .bss                                     0x20002724   Section       12  nrf_pwr_mgmt.o(.bss)
    m_handlers_iter                          0x20002724   Data          12  nrf_pwr_mgmt.o(.bss)
    .bss                                     0x20002730   Section       64  nrf_log_backend_uart.o(.bss)
    m_string_buff                            0x20002730   Data          64  nrf_log_backend_uart.o(.bss)
    .bss                                     0x20002770   Section      192  nrf_log_frontend.o(.bss)
    log_mempool_nrf_balloc_pool_mem          0x20002770   Data         192  nrf_log_frontend.o(.bss)
    .bss                                     0x20002830   Section      128  nrf_log_frontend.o(.bss)
    m_log_push_ringbuf_buf                   0x20002830   Data         128  nrf_log_frontend.o(.bss)
    .bss                                     0x200028b0   Section       24  nrf_log_frontend.o(.bss)
    m_log_push_ringbuf_cb                    0x200028b0   Data          24  nrf_log_frontend.o(.bss)
    .bss                                     0x200028c8   Section     1060  nrf_log_frontend.o(.bss)
    m_log_data                               0x200028c8   Data        1060  nrf_log_frontend.o(.bss)
    STACK                                    0x20002cf0   Section     8192  arm_startup_nrf52.o(STACK)

    Global Symbols

    Symbol Name                              Value     Ov Type        Size  Object(Section)

    BuildAttributes$$THM_ISAv4$E$P$D$K$B$S$7EM$VFPi3$EXTD16$VFPS$VFMA$PE$A:L22UL41UL21$X:L11$S22US41US21$IEEE1$IW$USESV6$~STKCKD$USESV7$~SHL$OSPACE$EBA8$MICROLIB$REQ8$EABIv2 0x00000000   Number         0  anon$$obj.o ABSOLUTE
    __ARM_use_no_argv                        0x00000000   Number         0  main.o ABSOLUTE
    __use_no_errno                           0x00000000   Number         0  useno.o ABSOLUTE
    __use_no_exception_handling              0x00000000   Number         0  useno.o ABSOLUTE
    __use_no_fp                              0x00000000   Number         0  useno.o ABSOLUTE
    __use_no_heap                            0x00000000   Number         0  useno.o ABSOLUTE
    __use_no_heap_region                     0x00000000   Number         0  useno.o ABSOLUTE
    __use_no_semihosting                     0x00000000   Number         0  useno.o ABSOLUTE
    __use_no_semihosting_swi                 0x00000000   Number         0  useno.o ABSOLUTE
    __use_no_signal_handling                 0x00000000   Number         0  useno.o ABSOLUTE
    __cpp_initialize__aeabi_                  - Undefined Weak Reference
    __cxa_finalize                            - Undefined Weak Reference
    _clock_init                               - Undefined Weak Reference
    _microlib_exit                            - Undefined Weak Reference
    log_dynamic_data$$Base                    - Undefined Reference
    pwr_mgmt_data0$$Base                      - Undefined Reference
    pwr_mgmt_data0$$Limit                     - Undefined Reference
    pwr_mgmt_data1$$Base                      - Undefined Reference
    pwr_mgmt_data1$$Limit                     - Undefined Reference
    pwr_mgmt_data2$$Base                      - Undefined Reference
    pwr_mgmt_data2$$Limit                     - Undefined Reference
    sdh_ble_observers2$$Base                  - Undefined Reference
    sdh_ble_observers2$$Limit                 - Undefined Reference
    sdh_req_observers0$$Base                  - Undefined Reference
    sdh_req_observers0$$Limit                 - Undefined Reference
    sdh_req_observers1$$Base                  - Undefined Reference
    sdh_req_observers1$$Limit                 - Undefined Reference
    sdh_soc_observers1$$Base                  - Undefined Reference
    sdh_soc_observers1$$Limit                 - Undefined Reference
    sdh_stack_observers1$$Base                - Undefined Reference
    sdh_stack_observers1$$Limit               - Undefined Reference
    sdh_state_observers1$$Base                - Undefined Reference
    sdh_state_observers1$$Limit               - Undefined Reference
    __Vectors_Size                           0x00000200   Number         0  arm_startup_nrf52.o ABSOLUTE
    __Vectors                                0x00026000   Data           4  arm_startup_nrf52.o(RESET)
    __Vectors_End                            0x00026200   Data           0  arm_startup_nrf52.o(RESET)
    __main                                   0x00026201   Thumb Code     0  entry.o(.ARM.Collect$$$$00000000)
    _main_stk                                0x00026201   Thumb Code     0  entry2.o(.ARM.Collect$$$$00000001)
    _main_scatterload                        0x00026205   Thumb Code     0  entry5.o(.ARM.Collect$$$$00000004)
    __main_after_scatterload                 0x00026209   Thumb Code     0  entry5.o(.ARM.Collect$$$$00000004)
    _main_clock                              0x00026209   Thumb Code     0  entry7b.o(.ARM.Collect$$$$00000008)
    _main_cpp_init                           0x00026209   Thumb Code     0  entry8b.o(.ARM.Collect$$$$0000000A)
    _main_init                               0x00026209   Thumb Code     0  entry9a.o(.ARM.Collect$$$$0000000B)
    __rt_final_cpp                           0x00026211   Thumb Code     0  entry10a.o(.ARM.Collect$$$$0000000D)
    __rt_final_exit                          0x00026211   Thumb Code     0  entry11a.o(.ARM.Collect$$$$0000000F)
    __asm___12_nrf_atfifo_c_51f461e1__nrf_atfifo_wspace_req 0x00026215   Thumb Code    56  nrf_atfifo.o(.emb_text)
    __asm___12_nrf_atfifo_c_51f461e1__nrf_atfifo_wspace_close 0x0002624d   Thumb Code    18  nrf_atfifo.o(.emb_text)
    __asm___12_nrf_atfifo_c_51f461e1__nrf_atfifo_rspace_req 0x0002625f   Thumb Code    58  nrf_atfifo.o(.emb_text)
    __asm___12_nrf_atfifo_c_51f461e1__nrf_atfifo_rspace_close 0x00026299   Thumb Code    18  nrf_atfifo.o(.emb_text)
    __asm___12_nrf_atfifo_c_51f461e1__nrf_atfifo_space_clear 0x000262ab   Thumb Code    50  nrf_atfifo.o(.emb_text)
    __asm___12_nrf_atomic_c_85ca2469__nrf_atomic_internal_mov 0x000262dd   Thumb Code    24  nrf_atomic.o(.emb_text)
    __asm___12_nrf_atomic_c_85ca2469__nrf_atomic_internal_orr 0x000262f5   Thumb Code    26  nrf_atomic.o(.emb_text)
    __asm___12_nrf_atomic_c_85ca2469__nrf_atomic_internal_and 0x0002630f   Thumb Code    26  nrf_atomic.o(.emb_text)
    __asm___12_nrf_atomic_c_85ca2469__nrf_atomic_internal_eor 0x00026329   Thumb Code    26  nrf_atomic.o(.emb_text)
    __asm___12_nrf_atomic_c_85ca2469__nrf_atomic_internal_add 0x00026343   Thumb Code    26  nrf_atomic.o(.emb_text)
    __asm___12_nrf_atomic_c_85ca2469__nrf_atomic_internal_sub 0x0002635d   Thumb Code    26  nrf_atomic.o(.emb_text)
    __asm___12_nrf_atomic_c_85ca2469__nrf_atomic_internal_cmp_exch 0x00026377   Thumb Code    42  nrf_atomic.o(.emb_text)
    __asm___12_nrf_atomic_c_85ca2469__nrf_atomic_internal_sub_hs 0x000263a1   Thumb Code    30  nrf_atomic.o(.emb_text)
    Reset_Handler                            0x000263c1   Thumb Code     8  arm_startup_nrf52.o(.text)
    NMI_Handler                              0x000263c9   Thumb Code     2  arm_startup_nrf52.o(.text)
    HardFault_Handler                        0x000263cb   Thumb Code     2  arm_startup_nrf52.o(.text)
    MemoryManagement_Handler                 0x000263cd   Thumb Code     2  arm_startup_nrf52.o(.text)
    BusFault_Handler                         0x000263cf   Thumb Code     2  arm_startup_nrf52.o(.text)
    UsageFault_Handler                       0x000263d1   Thumb Code     2  arm_startup_nrf52.o(.text)
    SVC_Handler                              0x000263d3   Thumb Code     2  arm_startup_nrf52.o(.text)
    DebugMon_Handler                         0x000263d5   Thumb Code     2  arm_startup_nrf52.o(.text)
    PendSV_Handler                           0x000263d7   Thumb Code     2  arm_startup_nrf52.o(.text)
    SysTick_Handler                          0x000263d9   Thumb Code     2  arm_startup_nrf52.o(.text)
    CCM_AAR_IRQHandler                       0x000263db   Thumb Code     0  arm_startup_nrf52.o(.text)
    COMP_LPCOMP_IRQHandler                   0x000263db   Thumb Code     0  arm_startup_nrf52.o(.text)
    ECB_IRQHandler                           0x000263db   Thumb Code     0  arm_startup_nrf52.o(.text)
    FPU_IRQHandler                           0x000263db   Thumb Code     0  arm_startup_nrf52.o(.text)
    I2S_IRQHandler                           0x000263db   Thumb Code     0  arm_startup_nrf52.o(.text)
    MWU_IRQHandler                           0x000263db   Thumb Code     0  arm_startup_nrf52.o(.text)
    NFCT_IRQHandler                          0x000263db   Thumb Code     0  arm_startup_nrf52.o(.text)
    PDM_IRQHandler                           0x000263db   Thumb Code     0  arm_startup_nrf52.o(.text)
    PWM0_IRQHandler                          0x000263db   Thumb Code     0  arm_startup_nrf52.o(.text)
    PWM1_IRQHandler                          0x000263db   Thumb Code     0  arm_startup_nrf52.o(.text)
    PWM2_IRQHandler                          0x000263db   Thumb Code     0  arm_startup_nrf52.o(.text)
    QDEC_IRQHandler                          0x000263db   Thumb Code     0  arm_startup_nrf52.o(.text)
    RADIO_IRQHandler                         0x000263db   Thumb Code     0  arm_startup_nrf52.o(.text)
    RNG_IRQHandler                           0x000263db   Thumb Code     0  arm_startup_nrf52.o(.text)
    RTC0_IRQHandler                          0x000263db   Thumb Code     0  arm_startup_nrf52.o(.text)
    RTC2_IRQHandler                          0x000263db   Thumb Code     0  arm_startup_nrf52.o(.text)
    SPIM0_SPIS0_TWIM0_TWIS0_SPI0_TWI0_IRQHandler 0x000263db   Thumb Code     0  arm_startup_nrf52.o(.text)
    SPIM1_SPIS1_TWIM1_TWIS1_SPI1_TWI1_IRQHandler 0x000263db   Thumb Code     0  arm_startup_nrf52.o(.text)
    SPIM2_SPIS2_SPI2_IRQHandler              0x000263db   Thumb Code     0  arm_startup_nrf52.o(.text)
    SWI0_EGU0_IRQHandler                     0x000263db   Thumb Code     0  arm_startup_nrf52.o(.text)
    SWI1_EGU1_IRQHandler                     0x000263db   Thumb Code     0  arm_startup_nrf52.o(.text)
    SWI3_EGU3_IRQHandler                     0x000263db   Thumb Code     0  arm_startup_nrf52.o(.text)
    SWI4_EGU4_IRQHandler                     0x000263db   Thumb Code     0  arm_startup_nrf52.o(.text)
    SWI5_EGU5_IRQHandler                     0x000263db   Thumb Code     0  arm_startup_nrf52.o(.text)
    TEMP_IRQHandler                          0x000263db   Thumb Code     0  arm_startup_nrf52.o(.text)
    TIMER0_IRQHandler                        0x000263db   Thumb Code     0  arm_startup_nrf52.o(.text)
    TIMER1_IRQHandler                        0x000263db   Thumb Code     0  arm_startup_nrf52.o(.text)
    TIMER2_IRQHandler                        0x000263db   Thumb Code     0  arm_startup_nrf52.o(.text)
    TIMER3_IRQHandler                        0x000263db   Thumb Code     0  arm_startup_nrf52.o(.text)
    TIMER4_IRQHandler                        0x000263db   Thumb Code     0  arm_startup_nrf52.o(.text)
    WDT_IRQHandler                           0x000263db   Thumb Code     0  arm_startup_nrf52.o(.text)
    __rt_ctype_table                         0x000263e5   Thumb Code     4  ctype_o.o(.text)
    __aeabi_memcpy                           0x000263ed   Thumb Code    36  memcpya.o(.text)
    __aeabi_memcpy4                          0x000263ed   Thumb Code     0  memcpya.o(.text)
    __aeabi_memcpy8                          0x000263ed   Thumb Code     0  memcpya.o(.text)
    __aeabi_memset                           0x00026411   Thumb Code    14  memseta.o(.text)
    __aeabi_memset4                          0x00026411   Thumb Code     0  memseta.o(.text)
    __aeabi_memset8                          0x00026411   Thumb Code     0  memseta.o(.text)
    __aeabi_memclr                           0x0002641f   Thumb Code     4  memseta.o(.text)
    __aeabi_memclr4                          0x0002641f   Thumb Code     0  memseta.o(.text)
    __aeabi_memclr8                          0x0002641f   Thumb Code     0  memseta.o(.text)
    _memset$wrapper                          0x00026423   Thumb Code    18  memseta.o(.text)
    strlen                                   0x00026435   Thumb Code    14  strlen.o(.text)
    __scatterload                            0x00026445   Thumb Code    28  init.o(.text)
    __scatterload_rt2                        0x00026445   Thumb Code     0  init.o(.text)
    __decompress                             0x00026469   Thumb Code     0  __dczerorl2.o(.text)
    __decompress1                            0x00026469   Thumb Code    86  __dczerorl2.o(.text)
    ADC_CallBack                             0x000264c1   Thumb Code    86  app_adc.o(i.ADC_CallBack)
    ADC_CreateTimer                          0x0002652d   Thumb Code    46  app_adc.o(i.ADC_CreateTimer)
    ADC_DeinitDriver                         0x00026565   Thumb Code    32  app_adc.o(i.ADC_DeinitDriver)
    ADC_HandleTimer                          0x0002658d   Thumb Code    14  app_adc.o(i.ADC_HandleTimer)
    ADC_Init                                 0x000265a1   Thumb Code    78  app_adc.o(i.ADC_Init)
    ADC_Task                                 0x000265fd   Thumb Code    40  app_adc.o(i.ADC_Task)
    BLECB_ADCChange                          0x00026631   Thumb Code    46  cambien_service.o(i.BLECB_ADCChange)
    BLECB_CheckError                         0x0002665f   Thumb Code    30  cambien_service.o(i.BLECB_CheckError)
    BLECB_Init                               0x0002667d   Thumb Code   252  cambien_service.o(i.BLECB_Init)
    BLECB_MagneticChange                     0x0002677d   Thumb Code    46  cambien_service.o(i.BLECB_MagneticChange)
    BLECB_PIRChange                          0x000267ab   Thumb Code    46  cambien_service.o(i.BLECB_PIRChange)
    BLE_AdvertisingInit                      0x000267d9   Thumb Code   148  ble_spec.o(i.BLE_AdvertisingInit)
    BLE_AdvertisingStart                     0x00026875   Thumb Code    18  ble_spec.o(i.BLE_AdvertisingStart)
    BLE_ConnParamsErrorHandler               0x0002688d   Thumb Code     4  ble_spec.o(i.BLE_ConnParamsErrorHandler)
    BLE_ConnParamsInit                       0x00026891   Thumb Code    66  ble_spec.o(i.BLE_ConnParamsInit)
    BLE_EvtHandler                           0x000268dd   Thumb Code   210  ble_spec.o(i.BLE_EvtHandler)
    BLE_GapParamsInit                        0x000269e9   Thumb Code    80  ble_spec.o(i.BLE_GapParamsInit)
    BLE_GattInit                             0x00026a41   Thumb Code    22  ble_spec.o(i.BLE_GattInit)
    BLE_OnConnParamsEvt                      0x00026a59   Thumb Code    24  ble_spec.o(i.BLE_OnConnParamsEvt)
    BLE_ServicesInit                         0x00026a75   Thumb Code    62  ble_spec.o(i.BLE_ServicesInit)
    BLE_StackInit                            0x00026ad1   Thumb Code    46  ble_spec.o(i.BLE_StackInit)
    GPIOTE_IRQHandler                        0x00026b01   Thumb Code   346  nrfx_gpiote.o(i.GPIOTE_IRQHandler)
    POWER_CLOCK_IRQHandler                   0x00026c65   Thumb Code    82  nrfx_clock.o(i.POWER_CLOCK_IRQHandler)
    RTC1_IRQHandler                          0x00026cbd   Thumb Code    12  drv_rtc.o(i.RTC1_IRQHandler)
    SAADC_IRQHandler                         0x00026ccd   Thumb Code   320  nrfx_saadc.o(i.SAADC_IRQHandler)
    SENSOR_CreateTimer                       0x00026e15   Thumb Code    46  app_sensor.o(i.SENSOR_CreateTimer)
    SENSOR_InterruptInit                     0x00026e4d   Thumb Code    22  app_sensor.o(i.SENSOR_InterruptInit)
    SENSOR_MagneticHandle                    0x00026e65   Thumb Code    50  app_sensor.o(i.SENSOR_MagneticHandle)
    SENSOR_MagneticInit                      0x00026eb5   Thumb Code    44  app_sensor.o(i.SENSOR_MagneticInit)
    SENSOR_MagneticTask                      0x00026ee5   Thumb Code    32  app_sensor.o(i.SENSOR_MagneticTask)
    SENSOR_PIR_OUT1Init                      0x00026f11   Thumb Code    44  app_sensor.o(i.SENSOR_PIR_OUT1Init)
    SENSOR_PIR_OUT2Init                      0x00026f41   Thumb Code    44  app_sensor.o(i.SENSOR_PIR_OUT2Init)
    SENSOR_PIR_Out1Handle                    0x00026f71   Thumb Code    56  app_sensor.o(i.SENSOR_PIR_Out1Handle)
    SENSOR_PIR_Out2Handle                    0x00026fc5   Thumb Code    56  app_sensor.o(i.SENSOR_PIR_Out2Handle)
    SENSOR_PIR_Task                          0x00027019   Thumb Code   102  app_sensor.o(i.SENSOR_PIR_Task)
    SENSOR_TickCount                         0x000270a5   Thumb Code    10  app_sensor.o(i.SENSOR_TickCount)
    SWI2_EGU2_IRQHandler                     0x000270b5   Thumb Code     4  nrf_sdh.o(i.SWI2_EGU2_IRQHandler)
    SystemInit                               0x000270b9   Thumb Code   726  system_nrf52.o(i.SystemInit)
    UARTE0_UART0_IRQHandler                  0x000273d5   Thumb Code     6  nrfx_prs.o(i.UARTE0_UART0_IRQHandler)
    __scatterload_copy                       0x000273e1   Thumb Code    14  handlers.o(i.__scatterload_copy)
    __scatterload_null                       0x000273ef   Thumb Code     2  handlers.o(i.__scatterload_null)
    __scatterload_zeroinit                   0x000273f1   Thumb Code    14  handlers.o(i.__scatterload_zeroinit)
    app_error_fault_handler                  0x00027425   Thumb Code    86  app_error_weak.o(i.app_error_fault_handler)
    app_error_handler_bare                   0x000274a9   Thumb Code    22  app_error.o(i.app_error_handler_bare)
    app_timer_cnt_get                        0x000274c1   Thumb Code     6  app_timer2.o(i.app_timer_cnt_get)
    app_timer_create                         0x000274cd   Thumb Code    22  app_timer2.o(i.app_timer_create)
    app_timer_init                           0x000274e5   Thumb Code    70  app_timer2.o(i.app_timer_init)
    app_timer_start                          0x00027541   Thumb Code    48  app_timer2.o(i.app_timer_start)
    app_timer_stop                           0x00027571   Thumb Code    12  app_timer2.o(i.app_timer_stop)
    app_util_critical_region_enter           0x0002757d   Thumb Code    64  app_util_platform.o(i.app_util_critical_region_enter)
    app_util_critical_region_exit            0x000275c5   Thumb Code    46  app_util_platform.o(i.app_util_critical_region_exit)
    ble_advdata_encode                       0x00027709   Thumb Code   386  ble_advdata.o(i.ble_advdata_encode)
    ble_conn_params_init                     0x0002788d   Thumb Code    90  ble_conn_params.o(i.ble_conn_params_init)
    ble_dis_init                             0x00027955   Thumb Code   310  ble_dis.o(i.ble_dis_init)
    ble_srv_ascii_to_utf8                    0x00027ca5   Thumb Code    18  ble_srv_common.o(i.ble_srv_ascii_to_utf8)
    ble_srv_is_notification_enabled          0x00027cb7   Thumb Code     8  ble_srv_common.o(i.ble_srv_is_notification_enabled)
    buffer_is_empty                          0x00027d81   Thumb Code    16  nrf_log_frontend.o(i.buffer_is_empty)
    characteristic_add                       0x00027e69   Thumb Code   400  ble_srv_common.o(i.characteristic_add)
    conn_handle_list_get                     0x00028055   Thumb Code    62  ble_conn_state.o(i.conn_handle_list_get)
    drv_rtc_compare_disable                  0x00028239   Thumb Code    20  drv_rtc.o(i.drv_rtc_compare_disable)
    drv_rtc_compare_pending                  0x0002824d   Thumb Code    14  drv_rtc.o(i.drv_rtc_compare_pending)
    drv_rtc_compare_set                      0x0002825b   Thumb Code    80  drv_rtc.o(i.drv_rtc_compare_set)
    drv_rtc_counter_get                      0x000282ab   Thumb Code     8  drv_rtc.o(i.drv_rtc_counter_get)
    drv_rtc_init                             0x000282b5   Thumb Code   144  drv_rtc.o(i.drv_rtc_init)
    drv_rtc_irq_trigger                      0x00028389   Thumb Code    26  drv_rtc.o(i.drv_rtc_irq_trigger)
    drv_rtc_overflow_enable                  0x000283a3   Thumb Code     8  drv_rtc.o(i.drv_rtc_overflow_enable)
    drv_rtc_overflow_pending                 0x000283ab   Thumb Code     8  drv_rtc.o(i.drv_rtc_overflow_pending)
    drv_rtc_start                            0x000283b3   Thumb Code     8  drv_rtc.o(i.drv_rtc_start)
    drv_rtc_stop                             0x000283bb   Thumb Code     8  drv_rtc.o(i.drv_rtc_stop)
    drv_rtc_windowed_compare_set             0x000283c3   Thumb Code   222  drv_rtc.o(i.drv_rtc_windowed_compare_set)
    log_init                                 0x000286d1   Thumb Code    26  main.o(i.log_init)
    main                                     0x00028789   Thumb Code   122  main.o(i.main)
    nrf_atfifo_init                          0x000289db   Thumb Code    38  nrf_atfifo.o(i.nrf_atfifo_init)
    nrf_atfifo_item_alloc                    0x00028a01   Thumb Code    22  nrf_atfifo.o(i.nrf_atfifo_item_alloc)
    nrf_atfifo_item_free                     0x00028a17   Thumb Code    22  nrf_atfifo.o(i.nrf_atfifo_item_free)
    nrf_atfifo_item_get                      0x00028a2d   Thumb Code    22  nrf_atfifo.o(i.nrf_atfifo_item_get)
    nrf_atfifo_item_put                      0x00028a43   Thumb Code    22  nrf_atfifo.o(i.nrf_atfifo_item_put)
    nrf_atflags_clear                        0x00028a59   Thumb Code    22  nrf_atflags.o(i.nrf_atflags_clear)
    nrf_atflags_get                          0x00028a6f   Thumb Code    22  nrf_atflags.o(i.nrf_atflags_get)
    nrf_atflags_set                          0x00028a85   Thumb Code    20  nrf_atflags.o(i.nrf_atflags_set)
    nrf_atomic_flag_clear_fetch              0x00028a99   Thumb Code     6  nrf_atomic.o(i.nrf_atomic_flag_clear_fetch)
    nrf_atomic_flag_set                      0x00028a9f   Thumb Code     6  nrf_atomic.o(i.nrf_atomic_flag_set)
    nrf_atomic_u32_add                       0x00028aa5   Thumb Code    12  nrf_atomic.o(i.nrf_atomic_u32_add)
    nrf_atomic_u32_and                       0x00028ab1   Thumb Code    12  nrf_atomic.o(i.nrf_atomic_u32_and)
    nrf_atomic_u32_fetch_and                 0x00028abd   Thumb Code    10  nrf_atomic.o(i.nrf_atomic_u32_fetch_and)
    nrf_atomic_u32_fetch_store               0x00028ac7   Thumb Code    10  nrf_atomic.o(i.nrf_atomic_u32_fetch_store)
    nrf_atomic_u32_or                        0x00028ad1   Thumb Code    12  nrf_atomic.o(i.nrf_atomic_u32_or)
    nrf_atomic_u32_sub                       0x00028add   Thumb Code    12  nrf_atomic.o(i.nrf_atomic_u32_sub)
    nrf_balloc_alloc                         0x00028ae9   Thumb Code    68  nrf_balloc.o(i.nrf_balloc_alloc)
    nrf_balloc_free                          0x00028b2d   Thumb Code    48  nrf_balloc.o(i.nrf_balloc_free)
    nrf_balloc_init                          0x00028b5d   Thumb Code    48  nrf_balloc.o(i.nrf_balloc_init)
    nrf_ble_gatt_init                        0x00028bb1   Thumb Code    34  nrf_ble_gatt.o(i.nrf_ble_gatt_init)
    nrf_ble_gatt_on_ble_evt                  0x00028bd5   Thumb Code   270  nrf_ble_gatt.o(i.nrf_ble_gatt_on_ble_evt)
    nrf_drv_clock_init                       0x00028d45   Thumb Code    48  nrf_drv_clock.o(i.nrf_drv_clock_init)
    nrf_drv_clock_lfclk_release              0x00028d7d   Thumb Code    42  nrf_drv_clock.o(i.nrf_drv_clock_lfclk_release)
    nrf_drv_uart_init                        0x00028dad   Thumb Code    90  nrf_drv_uart.o(i.nrf_drv_uart_init)
    nrf_fprintf                              0x00028e15   Thumb Code    26  nrf_fprintf.o(i.nrf_fprintf)
    nrf_fprintf_buffer_flush                 0x00028e2f   Thumb Code    24  nrf_fprintf.o(i.nrf_fprintf_buffer_flush)
    nrf_fprintf_fmt                          0x00028e47   Thumb Code   474  nrf_fprintf_format.o(i.nrf_fprintf_fmt)
    nrf_log_backend_add                      0x0002916d   Thumb Code    86  nrf_log_frontend.o(i.nrf_log_backend_add)
    nrf_log_backend_serial_put               0x000291c9   Thumb Code   200  nrf_log_backend_serial.o(i.nrf_log_backend_serial_put)
    nrf_log_backend_uart_init                0x00029293   Thumb Code     6  nrf_log_backend_uart.o(i.nrf_log_backend_uart_init)
    nrf_log_color_id_get                     0x000292dd   Thumb Code    42  nrf_log_frontend.o(i.nrf_log_color_id_get)
    nrf_log_default_backends_init            0x0002930d   Thumb Code    24  nrf_log_default_backends.o(i.nrf_log_default_backends_init)
    nrf_log_frontend_dequeue                 0x00029329   Thumb Code   528  nrf_log_frontend.o(i.nrf_log_frontend_dequeue)
    nrf_log_frontend_std_0                   0x0002955d   Thumb Code     8  nrf_log_frontend.o(i.nrf_log_frontend_std_0)
    nrf_log_frontend_std_1                   0x00029565   Thumb Code    14  nrf_log_frontend.o(i.nrf_log_frontend_std_1)
    nrf_log_frontend_std_2                   0x00029573   Thumb Code    16  nrf_log_frontend.o(i.nrf_log_frontend_std_2)
    nrf_log_hexdump_entry_process            0x00029585   Thumb Code   150  nrf_log_str_formatter.o(i.nrf_log_hexdump_entry_process)
    nrf_log_init                             0x00029635   Thumb Code    46  nrf_log_frontend.o(i.nrf_log_init)
    nrf_log_module_cnt_get                   0x00029671   Thumb Code    10  nrf_log_frontend.o(i.nrf_log_module_cnt_get)
    nrf_log_module_name_get                  0x00029685   Thumb Code    24  nrf_log_frontend.o(i.nrf_log_module_name_get)
    nrf_log_panic                            0x000296a1   Thumb Code    38  nrf_log_frontend.o(i.nrf_log_panic)
    nrf_log_std_entry_process                0x000296cd   Thumb Code   182  nrf_log_str_formatter.o(i.nrf_log_std_entry_process)
    nrf_memobj_alloc                         0x00029783   Thumb Code    96  nrf_memobj.o(i.nrf_memobj_alloc)
    nrf_memobj_free                          0x000297e3   Thumb Code    50  nrf_memobj.o(i.nrf_memobj_free)
    nrf_memobj_get                           0x00029815   Thumb Code     8  nrf_memobj.o(i.nrf_memobj_get)
    nrf_memobj_pool_init                     0x0002981d   Thumb Code     4  nrf_memobj.o(i.nrf_memobj_pool_init)
    nrf_memobj_put                           0x00029821   Thumb Code    30  nrf_memobj.o(i.nrf_memobj_put)
    nrf_memobj_read                          0x0002983f   Thumb Code    16  nrf_memobj.o(i.nrf_memobj_read)
    nrf_memobj_write                         0x0002984f   Thumb Code    16  nrf_memobj.o(i.nrf_memobj_write)
    nrf_pwr_mgmt_init                        0x00029861   Thumb Code    28  nrf_pwr_mgmt.o(i.nrf_pwr_mgmt_init)
    nrf_pwr_mgmt_run                         0x00029889   Thumb Code    64  nrf_pwr_mgmt.o(i.nrf_pwr_mgmt_run)
    nrf_ringbuf_init                         0x000298cd   Thumb Code    28  nrf_ringbuf.o(i.nrf_ringbuf_init)
    nrf_sdh_ble_app_ram_start_get            0x0002994d   Thumb Code    16  nrf_sdh_ble.o(i.nrf_sdh_ble_app_ram_start_get)
    nrf_sdh_ble_default_cfg_set              0x00029961   Thumb Code   228  nrf_sdh_ble.o(i.nrf_sdh_ble_default_cfg_set)
    nrf_sdh_ble_enable                       0x00029a61   Thumb Code   116  nrf_sdh_ble.o(i.nrf_sdh_ble_enable)
    nrf_sdh_enable_request                   0x00029bed   Thumb Code   102  nrf_sdh.o(i.nrf_sdh_enable_request)
    nrf_sdh_evts_poll                        0x00029c61   Thumb Code    32  nrf_sdh.o(i.nrf_sdh_evts_poll)
    nrf_sdh_is_enabled                       0x00029c85   Thumb Code     6  nrf_sdh.o(i.nrf_sdh_is_enabled)
    nrf_section_iter_init                    0x00029ccd   Thumb Code    10  nrf_section_iter.o(i.nrf_section_iter_init)
    nrf_section_iter_next                    0x00029cfb   Thumb Code    32  nrf_section_iter.o(i.nrf_section_iter_next)
    nrf_sortlist_add                         0x00029d1b   Thumb Code    34  nrf_sortlist.o(i.nrf_sortlist_add)
    nrf_sortlist_peek                        0x00029d3d   Thumb Code     6  nrf_sortlist.o(i.nrf_sortlist_peek)
    nrf_sortlist_pop                         0x00029d43   Thumb Code    14  nrf_sortlist.o(i.nrf_sortlist_pop)
    nrf_sortlist_remove                      0x00029d51   Thumb Code    30  nrf_sortlist.o(i.nrf_sortlist_remove)
    nrf_strerror_find                        0x00029d71   Thumb Code    52  nrf_strerror.o(i.nrf_strerror_find)
    nrf_strerror_get                         0x00029da9   Thumb Code    14  nrf_strerror.o(i.nrf_strerror_get)
    nrfx_clock_enable                        0x00029df5   Thumb Code    34  nrfx_clock.o(i.nrfx_clock_enable)
    nrfx_clock_init                          0x00029e21   Thumb Code    26  nrfx_clock.o(i.nrfx_clock_init)
    nrfx_clock_lfclk_stop                    0x00029e41   Thumb Code    20  nrfx_clock.o(i.nrfx_clock_lfclk_stop)
    nrfx_gpiote_in_event_enable              0x00029e7d   Thumb Code   156  nrfx_gpiote.o(i.nrfx_gpiote_in_event_enable)
    nrfx_gpiote_in_init                      0x00029f21   Thumb Code   194  nrfx_gpiote.o(i.nrfx_gpiote_in_init)
    nrfx_gpiote_init                         0x00029ff1   Thumb Code    94  nrfx_gpiote.o(i.nrfx_gpiote_init)
    nrfx_prs_acquire                         0x0002a06d   Thumb Code    58  nrfx_prs.o(i.nrfx_prs_acquire)
    nrfx_prs_release                         0x0002a0a7   Thumb Code    18  nrfx_prs.o(i.nrfx_prs_release)
    nrfx_saadc_buffer_convert                0x0002a0b9   Thumb Code   154  nrfx_saadc.o(i.nrfx_saadc_buffer_convert)
    nrfx_saadc_channel_init                  0x0002a15d   Thumb Code   160  nrfx_saadc.o(i.nrfx_saadc_channel_init)
    nrfx_saadc_channel_uninit                0x0002a209   Thumb Code    62  nrfx_saadc.o(i.nrfx_saadc_channel_uninit)
    nrfx_saadc_init                          0x0002a24d   Thumb Code   130  nrfx_saadc.o(i.nrfx_saadc_init)
    nrfx_saadc_limits_set                    0x0002a2e1   Thumb Code   120  nrfx_saadc.o(i.nrfx_saadc_limits_set)
    nrfx_saadc_sample                        0x0002a361   Thumb Code    34  nrfx_saadc.o(i.nrfx_saadc_sample)
    nrfx_saadc_uninit                        0x0002a38d   Thumb Code    94  nrfx_saadc.o(i.nrfx_saadc_uninit)
    nrfx_uart_0_irq_handler                  0x0002a3f9   Thumb Code     8  nrfx_uart.o(i.nrfx_uart_0_irq_handler)
    nrfx_uart_init                           0x0002a409   Thumb Code   196  nrfx_uart.o(i.nrfx_uart_init)
    nrfx_uart_tx                             0x0002a4d9   Thumb Code   162  nrfx_uart.o(i.nrfx_uart_tx)
    nrfx_uart_tx_in_progress                 0x0002a581   Thumb Code    26  nrfx_uart.o(i.nrfx_uart_tx_in_progress)
    nrfx_uart_uninit                         0x0002a5a1   Thumb Code   170  nrfx_uart.o(i.nrfx_uart_uninit)
    nrfx_uarte_0_irq_handler                 0x0002a655   Thumb Code     8  nrfx_uarte.o(i.nrfx_uarte_0_irq_handler)
    nrfx_uarte_init                          0x0002a665   Thumb Code   100  nrfx_uarte.o(i.nrfx_uarte_init)
    nrfx_uarte_tx                            0x0002a6d1   Thumb Code   166  nrfx_uarte.o(i.nrfx_uarte_tx)
    nrfx_uarte_tx_in_progress                0x0002a77d   Thumb Code    22  nrfx_uarte.o(i.nrfx_uarte_tx_in_progress)
    nrfx_uarte_uninit                        0x0002a799   Thumb Code   214  nrfx_uarte.o(i.nrfx_uarte_uninit)
    power_management_init                    0x0002aa6d   Thumb Code    20  main.o(i.power_management_init)
    nrf_log_backend_uart_api                 0x0002b7f8   Data          12  nrf_log_backend_uart.o(.constdata)
    m_ram_start                              0x0002b8a8   Data           4  nrf_sdh_ble.o(.constdata)
    __ctype_table                            0x0002b8d4   Data         129  ctype_o.o(.constdata)
    Region$$Table$$Base                      0x0002c088   Number         0  anon$$obj.o(Region$$Table)
    Region$$Table$$Limit                     0x0002c0a8   Number         0  anon$$obj.o(Region$$Table)
    log_const_data$$Base                     0x0002c0b8   Number         0  nrf_ble_gatt.o(log_const_data)
    m_nrf_log_nrf_ble_gatt_logs_data_const   0x0002c0b8   Data           8  nrf_ble_gatt.o(log_const_data)
    m_nrf_log_clock_logs_data_const          0x0002c0c0   Data           8  nrf_drv_clock.o(log_const_data)
    m_nrf_log_CLOCK_logs_data_const          0x0002c0c8   Data           8  nrfx_clock.o(log_const_data)
    m_nrf_log_GPIOTE_logs_data_const         0x0002c0d0   Data           8  nrfx_gpiote.o(log_const_data)
    m_nrf_log_PRS_logs_data_const            0x0002c0d8   Data           8  nrfx_prs.o(log_const_data)
    m_nrf_log_UART_logs_data_const           0x0002c0e0   Data           8  nrfx_uart.o(log_const_data)
    m_nrf_log_UARTE_logs_data_const          0x0002c0e8   Data           8  nrfx_uarte.o(log_const_data)
    m_nrf_log_SAADC_logs_data_const          0x0002c0f0   Data           8  nrfx_saadc.o(log_const_data)
    m_nrf_log_app_button_logs_data_const     0x0002c0f8   Data           8  app_button.o(log_const_data)
    m_nrf_log_app_timer_logs_data_const      0x0002c100   Data           8  app_timer2.o(log_const_data)
    m_nrf_log_pwr_mgmt_logs_data_const       0x0002c108   Data           8  nrf_pwr_mgmt.o(log_const_data)
    m_nrf_log_sortlist_logs_data_const       0x0002c110   Data           8  nrf_sortlist.o(log_const_data)
    m_nrf_log_app_logs_data_const            0x0002c118   Data           8  nrf_log_frontend.o(log_const_data)
    m_nrf_log_nrf_sdh_logs_data_const        0x0002c120   Data           8  nrf_sdh.o(log_const_data)
    m_nrf_log_nrf_sdh_ble_logs_data_const    0x0002c128   Data           8  nrf_sdh_ble.o(log_const_data)
    m_nrf_log_nrf_sdh_soc_logs_data_const    0x0002c130   Data           8  nrf_sdh_soc.o(log_const_data)
    log_const_data$$Limit                    0x0002c138   Number         0  nrf_sdh_soc.o(log_const_data)
    log_mempool                              0x0002c138   Data          20  nrf_log_frontend.o(nrf_balloc)
    sdh_ble_observers0$$Base                 0x0002c14c   Number         0  ble_conn_state.o(sdh_ble_observers0)
    sdh_ble_observers0$$Limit                0x0002c154   Number         0  ble_conn_state.o(sdh_ble_observers0)
    sdh_ble_observers1$$Base                 0x0002c154   Number         0  main.o(sdh_ble_observers1)
    sdh_ble_observers1$$Limit                0x0002c164   Number         0  ble_conn_params.o(sdh_ble_observers1)
    sdh_ble_observers3$$Base                 0x0002c164   Number         0  ble_spec.o(sdh_ble_observers3)
    sdh_ble_observers3$$Limit                0x0002c16c   Number         0  ble_spec.o(sdh_ble_observers3)
    sdh_soc_observers0$$Base                 0x0002c16c   Number         0  nrf_drv_clock.o(sdh_soc_observers0)
    sdh_soc_observers0$$Limit                0x0002c174   Number         0  nrf_drv_clock.o(sdh_soc_observers0)
    sdh_stack_observers0$$Base               0x0002c174   Number         0  nrf_sdh_ble.o(sdh_stack_observers0)
    sdh_stack_observers0$$Limit              0x0002c184   Number         0  nrf_sdh_soc.o(sdh_stack_observers0)
    sdh_state_observers0$$Base               0x0002c184   Number         0  nrf_drv_clock.o(sdh_state_observers0)
    sdh_state_observers0$$Limit              0x0002c18c   Number         0  nrf_drv_clock.o(sdh_state_observers0)
    Image$$RW_IRAM1$$Base                    0x200022f0   Number         0  anon$$obj.o ABSOLUTE
    SystemCoreClock                          0x200022f0   Data           4  system_nrf52.o(.data)
    m_adv_handle                             0x200022fc   Data           1  ble_spec.o(.data)
    m_conn_handle                            0x200022fe   Data           2  ble_spec.o(.data)
    m_adv_data                               0x20002300   Data          16  ble_spec.o(.data)
    m_saadc_initialized                      0x20002310   Data           1  app_adc.o(.data)
    u8pinvalue                               0x20002311   Data           1  app_adc.o(.data)
    pir_pre_state                            0x20002364   Data           1  app_sensor.o(.data)
    task_state                               0x20002365   Data           1  app_sensor.o(.data)
    task_pre_state                           0x20002366   Data           1  app_sensor.o(.data)
    MAGNETIC_FLAG                            0x20002367   Data           1  app_sensor.o(.data)
    pir_state                                0x20002368   Data           1  app_sensor.o(.data)
    magnetic_logic_level                     0x20002369   Data           1  app_sensor.o(.data)
    sys_tick                                 0x2000236c   Data           4  app_sensor.o(.data)
    nrf_drv_uart_use_easy_dma                0x20002370   Data           1  nrf_drv_uart.o(.data)
    m_uart                                   0x200023cc   Data          20  nrf_log_backend_uart.o(.data)
    m_cb                                     0x20002450   Data          28  main.o(.bss)
    m_enc_advdata                            0x2000253c   Data          31  ble_spec.o(.bss)
    m_enc_scan_response_data                 0x2000255b   Data          31  ble_spec.o(.bss)
    nrf_nvic_state                           0x20002718   Data          12  app_util_platform.o(.bss)
    __initial_sp                             0x20004cf0   Data           0  arm_startup_nrf52.o(STACK)



==============================================================================

Memory Map of the image

  Image Entry point : 0x00026201

  Load Region LR_IROM1 (Base: 0x00026000, Size: 0x000062d8, Max: 0x0005a000, ABSOLUTE, COMPRESSED[0x000061dc])

    Execution Region ER_IROM1 (Exec base: 0x00026000, Load base: 0x00026000, Size: 0x0000618c, Max: 0x0005a000, ABSOLUTE)

    Exec Addr    Load Addr    Size         Type   Attr      Idx    E Section Name        Object

    0x00026000   0x00026000   0x00000200   Data   RO            3    RESET               arm_startup_nrf52.o
    0x00026200   0x00026200   0x00000000   Code   RO         5347  * .ARM.Collect$$$$00000000  mc_w.l(entry.o)
    0x00026200   0x00026200   0x00000004   Code   RO         5399    .ARM.Collect$$$$00000001  mc_w.l(entry2.o)
    0x00026204   0x00026204   0x00000004   Code   RO         5402    .ARM.Collect$$$$00000004  mc_w.l(entry5.o)
    0x00026208   0x00026208   0x00000000   Code   RO         5404    .ARM.Collect$$$$00000008  mc_w.l(entry7b.o)
    0x00026208   0x00026208   0x00000000   Code   RO         5406    .ARM.Collect$$$$0000000A  mc_w.l(entry8b.o)
    0x00026208   0x00026208   0x00000008   Code   RO         5407    .ARM.Collect$$$$0000000B  mc_w.l(entry9a.o)
    0x00026210   0x00026210   0x00000000   Code   RO         5409    .ARM.Collect$$$$0000000D  mc_w.l(entry10a.o)
    0x00026210   0x00026210   0x00000000   Code   RO         5411    .ARM.Collect$$$$0000000F  mc_w.l(entry11a.o)
    0x00026210   0x00026210   0x00000004   Code   RO         5400    .ARM.Collect$$$$00002712  mc_w.l(entry2.o)
    0x00026214   0x00026214   0x000000c8   Code   RO         3641    .emb_text           nrf_atfifo.o
    0x000262dc   0x000262dc   0x000000e2   Code   RO         3777    .emb_text           nrf_atomic.o
    0x000263be   0x000263be   0x00000002   PAD
    0x000263c0   0x000263c0   0x00000024   Code   RO            4    .text               arm_startup_nrf52.o
    0x000263e4   0x000263e4   0x00000008   Code   RO         5357    .text               mc_w.l(ctype_o.o)
    0x000263ec   0x000263ec   0x00000024   Code   RO         5385    .text               mc_w.l(memcpya.o)
    0x00026410   0x00026410   0x00000024   Code   RO         5387    .text               mc_w.l(memseta.o)
    0x00026434   0x00026434   0x0000000e   Code   RO         5389    .text               mc_w.l(strlen.o)
    0x00026442   0x00026442   0x00000002   PAD
    0x00026444   0x00026444   0x00000024   Code   RO         5415    .text               mc_w.l(init.o)
    0x00026468   0x00026468   0x00000056   Code   RO         5425    .text               mc_w.l(__dczerorl2.o)
    0x000264be   0x000264be   0x00000002   PAD
    0x000264c0   0x000264c0   0x0000006c   Code   RO         1449    i.ADC_CallBack      app_adc.o
    0x0002652c   0x0002652c   0x00000038   Code   RO         1450    i.ADC_CreateTimer   app_adc.o
    0x00026564   0x00026564   0x00000028   Code   RO         1451    i.ADC_DeinitDriver  app_adc.o
    0x0002658c   0x0002658c   0x00000014   Code   RO         1452    i.ADC_HandleTimer   app_adc.o
    0x000265a0   0x000265a0   0x0000005c   Code   RO         1453    i.ADC_Init          app_adc.o
    0x000265fc   0x000265fc   0x00000034   Code   RO         1454    i.ADC_Task          app_adc.o
    0x00026630   0x00026630   0x0000002e   Code   RO         1205    i.BLECB_ADCChange   cambien_service.o
    0x0002665e   0x0002665e   0x0000001e   Code   RO         1206    i.BLECB_CheckError  cambien_service.o
    0x0002667c   0x0002667c   0x00000100   Code   RO         1207    i.BLECB_Init        cambien_service.o
    0x0002677c   0x0002677c   0x0000002e   Code   RO         1208    i.BLECB_MagneticChange  cambien_service.o
    0x000267aa   0x000267aa   0x0000002e   Code   RO         1209    i.BLECB_PIRChange   cambien_service.o
    0x000267d8   0x000267d8   0x0000009c   Code   RO         1310    i.BLE_AdvertisingInit  ble_spec.o
    0x00026874   0x00026874   0x00000018   Code   RO         1311    i.BLE_AdvertisingStart  ble_spec.o
    0x0002688c   0x0002688c   0x00000004   Code   RO         1312    i.BLE_ConnParamsErrorHandler  ble_spec.o
    0x00026890   0x00026890   0x0000004c   Code   RO         1313    i.BLE_ConnParamsInit  ble_spec.o
    0x000268dc   0x000268dc   0x0000010c   Code   RO         1314    i.BLE_EvtHandler    ble_spec.o
    0x000269e8   0x000269e8   0x00000058   Code   RO         1315    i.BLE_GapParamsInit  ble_spec.o
    0x00026a40   0x00026a40   0x00000016   Code   RO         1316    i.BLE_GattInit      ble_spec.o
    0x00026a56   0x00026a56   0x00000002   PAD
    0x00026a58   0x00026a58   0x0000001c   Code   RO         1317    i.BLE_OnConnParamsEvt  ble_spec.o
    0x00026a74   0x00026a74   0x0000005c   Code   RO         1318    i.BLE_ServicesInit  ble_spec.o
    0x00026ad0   0x00026ad0   0x0000002e   Code   RO         1319    i.BLE_StackInit     ble_spec.o
    0x00026afe   0x00026afe   0x00000002   PAD
    0x00026b00   0x00026b00   0x00000164   Code   RO         2160    i.GPIOTE_IRQHandler  nrfx_gpiote.o
    0x00026c64   0x00026c64   0x00000058   Code   RO         2022    i.POWER_CLOCK_IRQHandler  nrfx_clock.o
    0x00026cbc   0x00026cbc   0x00000010   Code   RO         3433    i.RTC1_IRQHandler   drv_rtc.o
    0x00026ccc   0x00026ccc   0x00000148   Code   RO         2831    i.SAADC_IRQHandler  nrfx_saadc.o
    0x00026e14   0x00026e14   0x00000038   Code   RO         1568    i.SENSOR_CreateTimer  app_sensor.o
    0x00026e4c   0x00026e4c   0x00000016   Code   RO         1569    i.SENSOR_InterruptInit  app_sensor.o
    0x00026e62   0x00026e62   0x00000002   PAD
    0x00026e64   0x00026e64   0x00000050   Code   RO         1570    i.SENSOR_MagneticHandle  app_sensor.o
    0x00026eb4   0x00026eb4   0x00000030   Code   RO         1571    i.SENSOR_MagneticInit  app_sensor.o
    0x00026ee4   0x00026ee4   0x0000002c   Code   RO         1572    i.SENSOR_MagneticTask  app_sensor.o
    0x00026f10   0x00026f10   0x00000030   Code   RO         1573    i.SENSOR_PIR_OUT1Init  app_sensor.o
    0x00026f40   0x00026f40   0x00000030   Code   RO         1574    i.SENSOR_PIR_OUT2Init  app_sensor.o
    0x00026f70   0x00026f70   0x00000054   Code   RO         1575    i.SENSOR_PIR_Out1Handle  app_sensor.o
    0x00026fc4   0x00026fc4   0x00000054   Code   RO         1576    i.SENSOR_PIR_Out2Handle  app_sensor.o
    0x00027018   0x00027018   0x0000008c   Code   RO         1577    i.SENSOR_PIR_Task   app_sensor.o
    0x000270a4   0x000270a4   0x00000010   Code   RO         1578    i.SENSOR_TickCount  app_sensor.o
    0x000270b4   0x000270b4   0x00000004   Code   RO         5140    i.SWI2_EGU2_IRQHandler  nrf_sdh.o
    0x000270b8   0x000270b8   0x0000031c   Code   RO           14    i.SystemInit        system_nrf52.o
    0x000273d4   0x000273d4   0x0000000c   Code   RO         2429    i.UARTE0_UART0_IRQHandler  nrfx_prs.o
    0x000273e0   0x000273e0   0x0000000e   Code   RO         5419    i.__scatterload_copy  mc_w.l(handlers.o)
    0x000273ee   0x000273ee   0x00000002   Code   RO         5420    i.__scatterload_null  mc_w.l(handlers.o)
    0x000273f0   0x000273f0   0x0000000e   Code   RO         5421    i.__scatterload_zeroinit  mc_w.l(handlers.o)
    0x000273fe   0x000273fe   0x00000002   PAD
    0x00027400   0x00027400   0x00000024   Code   RO         5141    i.__sd_nvic_app_accessible_irq  nrf_sdh.o
    0x00027424   0x00027424   0x00000084   Code   RO         3133    i.app_error_fault_handler  app_error_weak.o
    0x000274a8   0x000274a8   0x00000016   Code   RO         3073    i.app_error_handler_bare  app_error.o
    0x000274be   0x000274be   0x00000002   PAD
    0x000274c0   0x000274c0   0x0000000c   Code   RO         3224    i.app_timer_cnt_get  app_timer2.o
    0x000274cc   0x000274cc   0x00000016   Code   RO         3225    i.app_timer_create  app_timer2.o
    0x000274e2   0x000274e2   0x00000002   PAD
    0x000274e4   0x000274e4   0x0000005c   Code   RO         3226    i.app_timer_init    app_timer2.o
    0x00027540   0x00027540   0x00000030   Code   RO         3229    i.app_timer_start   app_timer2.o
    0x00027570   0x00027570   0x0000000c   Code   RO         3230    i.app_timer_stop    app_timer2.o
    0x0002757c   0x0002757c   0x00000048   Code   RO         3365    i.app_util_critical_region_enter  app_util_platform.o
    0x000275c4   0x000275c4   0x00000034   Code   RO         3366    i.app_util_critical_region_exit  app_util_platform.o
    0x000275f8   0x000275f8   0x00000088   Code   RO         2483    i.apply_config      nrfx_uart.o
    0x00027680   0x00027680   0x00000088   Code   RO         2671    i.apply_config      nrfx_uarte.o
    0x00027708   0x00027708   0x00000182   Code   RO          629    i.ble_advdata_encode  ble_advdata.o
    0x0002788a   0x0002788a   0x00000002   PAD
    0x0002788c   0x0002788c   0x00000068   Code   RO          745    i.ble_conn_params_init  ble_conn_params.o
    0x000278f4   0x000278f4   0x00000060   Code   RO          635    i.ble_device_addr_encode  ble_advdata.o
    0x00027954   0x00027954   0x0000013c   Code   RO         1527    i.ble_dis_init      ble_dis.o
    0x00027a90   0x00027a90   0x000000fc   Code   RO          747    i.ble_evt_handler   ble_conn_params.o
    0x00027b8c   0x00027b8c   0x00000118   Code   RO          844    i.ble_evt_handler   ble_conn_state.o
    0x00027ca4   0x00027ca4   0x00000012   Code   RO          997    i.ble_srv_ascii_to_utf8  ble_srv_common.o
    0x00027cb6   0x00027cb6   0x00000008   Code   RO          999    i.ble_srv_is_notification_enabled  ble_srv_common.o
    0x00027cbe   0x00027cbe   0x00000002   PAD
    0x00027cc0   0x00027cc0   0x00000090   Code   RO         4540    i.buf_prealloc      nrf_log_frontend.o
    0x00027d50   0x00027d50   0x0000002e   Code   RO         3989    i.buffer_add        nrf_fprintf_format.o
    0x00027d7e   0x00027d7e   0x00000002   PAD
    0x00027d80   0x00027d80   0x00000014   Code   RO         4541    i.buffer_is_empty   nrf_log_frontend.o
    0x00027d94   0x00027d94   0x0000001c   Code   RO         2161    i.channel_free      nrfx_gpiote.o
    0x00027db0   0x00027db0   0x00000048   Code   RO         2162    i.channel_port_alloc  nrfx_gpiote.o
    0x00027df8   0x00027df8   0x00000010   Code   RO         2163    i.channel_port_get  nrfx_gpiote.o
    0x00027e08   0x00027e08   0x00000060   Code   RO         1528    i.char_add          ble_dis.o
    0x00027e68   0x00027e68   0x00000190   Code   RO         1001    i.characteristic_add  ble_srv_common.o
    0x00027ff8   0x00027ff8   0x00000028   Code   RO         1676    i.clock_clk_started_notify  nrf_drv_clock.o
    0x00028020   0x00028020   0x0000001c   Code   RO         1677    i.clock_irq_handler  nrf_drv_clock.o
    0x0002803c   0x0002803c   0x00000018   Code   RO         3232    i.compare_func      app_timer2.o
    0x00028054   0x00028054   0x0000003e   Code   RO          845    i.conn_handle_list_get  ble_conn_state.o
    0x00028092   0x00028092   0x00000088   Code   RO          636    i.conn_int_encode   ble_advdata.o
    0x0002811a   0x0002811a   0x00000002   PAD
    0x0002811c   0x0002811c   0x00000048   Code   RO          748    i.conn_params_negotiation  ble_conn_params.o
    0x00028164   0x00028164   0x000000c0   Code   RO         1059    i.data_length_update  nrf_ble_gatt.o
    0x00028224   0x00028224   0x00000014   Code   RO         4542    i.dropped_sat16_get  nrf_log_frontend.o
    0x00028238   0x00028238   0x00000014   Code   RO         3434    i.drv_rtc_compare_disable  drv_rtc.o
    0x0002824c   0x0002824c   0x0000000e   Code   RO         3436    i.drv_rtc_compare_pending  drv_rtc.o
    0x0002825a   0x0002825a   0x00000050   Code   RO         3437    i.drv_rtc_compare_set  drv_rtc.o
    0x000282aa   0x000282aa   0x00000008   Code   RO         3438    i.drv_rtc_counter_get  drv_rtc.o
    0x000282b2   0x000282b2   0x00000002   PAD
    0x000282b4   0x000282b4   0x000000d4   Code   RO         3439    i.drv_rtc_init      drv_rtc.o
    0x00028388   0x00028388   0x0000001a   Code   RO         3440    i.drv_rtc_irq_trigger  drv_rtc.o
    0x000283a2   0x000283a2   0x00000008   Code   RO         3442    i.drv_rtc_overflow_enable  drv_rtc.o
    0x000283aa   0x000283aa   0x00000008   Code   RO         3443    i.drv_rtc_overflow_pending  drv_rtc.o
    0x000283b2   0x000283b2   0x00000008   Code   RO         3444    i.drv_rtc_start     drv_rtc.o
    0x000283ba   0x000283ba   0x00000008   Code   RO         3445    i.drv_rtc_stop      drv_rtc.o
    0x000283c2   0x000283c2   0x000000de   Code   RO         3450    i.drv_rtc_windowed_compare_set  drv_rtc.o
    0x000284a0   0x000284a0   0x00000012   Code   RO         3451    i.evt_enable        drv_rtc.o
    0x000284b2   0x000284b2   0x00000014   Code   RO         3452    i.evt_pending       drv_rtc.o
    0x000284c6   0x000284c6   0x0000000a   Code   RO          846    i.flag_toggle       ble_conn_state.o
    0x000284d0   0x000284d0   0x00000034   Code   RO         3233    i.get_now           app_timer2.o
    0x00028504   0x00028504   0x00000014   Code   RO          749    i.instance_get      ble_conn_params.o
    0x00028518   0x00028518   0x000000a6   Code   RO         3990    i.int_print         nrf_fprintf_format.o
    0x000285be   0x000285be   0x00000002   PAD
    0x000285c0   0x000285c0   0x00000084   Code   RO         2672    i.interrupts_enable  nrfx_uarte.o
    0x00028644   0x00028644   0x00000034   Code   RO         4543    i.invalid_packets_omit  nrf_log_frontend.o
    0x00028678   0x00028678   0x00000044   Code   RO          750    i.is_conn_params_ok  ble_conn_params.o
    0x000286bc   0x000286bc   0x00000014   Code   RO         1060    i.link_init         nrf_ble_gatt.o
    0x000286d0   0x000286d0   0x0000001a   Code   RO           94    i.log_init          main.o
    0x000286ea   0x000286ea   0x00000002   PAD
    0x000286ec   0x000286ec   0x0000009c   Code   RO         4544    i.log_skip          nrf_log_frontend.o
    0x00028788   0x00028788   0x00000098   Code   RO           95    i.main              main.o
    0x00028820   0x00028820   0x00000064   Code   RO          637    i.manuf_specific_data_encode  ble_advdata.o
    0x00028884   0x00028884   0x0000007e   Code   RO         4029    i.memobj_op         nrf_memobj.o
    0x00028902   0x00028902   0x00000002   PAD
    0x00028904   0x00028904   0x00000030   Code   RO         4545    i.module_idx_get    nrf_log_frontend.o
    0x00028934   0x00028934   0x000000a6   Code   RO          638    i.name_encode       ble_advdata.o
    0x000289da   0x000289da   0x00000026   Code   RO         3645    i.nrf_atfifo_init   nrf_atfifo.o
    0x00028a00   0x00028a00   0x00000016   Code   RO         3646    i.nrf_atfifo_item_alloc  nrf_atfifo.o
    0x00028a16   0x00028a16   0x00000016   Code   RO         3647    i.nrf_atfifo_item_free  nrf_atfifo.o
    0x00028a2c   0x00028a2c   0x00000016   Code   RO         3648    i.nrf_atfifo_item_get  nrf_atfifo.o
    0x00028a42   0x00028a42   0x00000016   Code   RO         3649    i.nrf_atfifo_item_put  nrf_atfifo.o
    0x00028a58   0x00028a58   0x00000016   Code   RO         3711    i.nrf_atflags_clear  nrf_atflags.o
    0x00028a6e   0x00028a6e   0x00000016   Code   RO         3716    i.nrf_atflags_get   nrf_atflags.o
    0x00028a84   0x00028a84   0x00000014   Code   RO         3718    i.nrf_atflags_set   nrf_atflags.o
    0x00028a98   0x00028a98   0x00000006   Code   RO         3779    i.nrf_atomic_flag_clear_fetch  nrf_atomic.o
    0x00028a9e   0x00028a9e   0x00000006   Code   RO         3780    i.nrf_atomic_flag_set  nrf_atomic.o
    0x00028aa4   0x00028aa4   0x0000000c   Code   RO         3782    i.nrf_atomic_u32_add  nrf_atomic.o
    0x00028ab0   0x00028ab0   0x0000000c   Code   RO         3783    i.nrf_atomic_u32_and  nrf_atomic.o
    0x00028abc   0x00028abc   0x0000000a   Code   RO         3786    i.nrf_atomic_u32_fetch_and  nrf_atomic.o
    0x00028ac6   0x00028ac6   0x0000000a   Code   RO         3788    i.nrf_atomic_u32_fetch_store  nrf_atomic.o
    0x00028ad0   0x00028ad0   0x0000000c   Code   RO         3792    i.nrf_atomic_u32_or  nrf_atomic.o
    0x00028adc   0x00028adc   0x0000000c   Code   RO         3794    i.nrf_atomic_u32_sub  nrf_atomic.o
    0x00028ae8   0x00028ae8   0x00000044   Code   RO         3913    i.nrf_balloc_alloc  nrf_balloc.o
    0x00028b2c   0x00028b2c   0x00000030   Code   RO         3914    i.nrf_balloc_free   nrf_balloc.o
    0x00028b5c   0x00028b5c   0x00000030   Code   RO         3915    i.nrf_balloc_init   nrf_balloc.o
    0x00028b8c   0x00028b8c   0x00000010   Code   RO         2164    i.nrf_bitmask_bit_is_set  nrfx_gpiote.o
    0x00028b9c   0x00028b9c   0x00000014   Code   RO         2165    i.nrf_bitmask_bit_set  nrfx_gpiote.o
    0x00028bb0   0x00028bb0   0x00000022   Code   RO         1066    i.nrf_ble_gatt_init  nrf_ble_gatt.o
    0x00028bd2   0x00028bd2   0x00000002   PAD
    0x00028bd4   0x00028bd4   0x00000150   Code   RO         1067    i.nrf_ble_gatt_on_ble_evt  nrf_ble_gatt.o
    0x00028d24   0x00028d24   0x0000000e   Code   RO         2023    i.nrf_clock_event_check  nrfx_clock.o
    0x00028d32   0x00028d32   0x00000010   Code   RO         2024    i.nrf_clock_event_clear  nrfx_clock.o
    0x00028d42   0x00028d42   0x00000002   PAD
    0x00028d44   0x00028d44   0x00000038   Code   RO         1684    i.nrf_drv_clock_init  nrf_drv_clock.o
    0x00028d7c   0x00028d7c   0x00000030   Code   RO         1688    i.nrf_drv_clock_lfclk_release  nrf_drv_clock.o
    0x00028dac   0x00028dac   0x00000068   Code   RO         1831    i.nrf_drv_uart_init  nrf_drv_uart.o
    0x00028e14   0x00028e14   0x0000001a   Code   RO         3950    i.nrf_fprintf       nrf_fprintf.o
    0x00028e2e   0x00028e2e   0x00000018   Code   RO         3951    i.nrf_fprintf_buffer_flush  nrf_fprintf.o
    0x00028e46   0x00028e46   0x000001da   Code   RO         3991    i.nrf_fprintf_fmt   nrf_fprintf_format.o
    0x00029020   0x00029020   0x00000024   Code   RO         2166    i.nrf_gpio_cfg      nrfx_gpiote.o
    0x00029044   0x00029044   0x00000024   Code   RO         2484    i.nrf_gpio_cfg      nrfx_uart.o
    0x00029068   0x00029068   0x00000024   Code   RO         2673    i.nrf_gpio_cfg      nrfx_uarte.o
    0x0002908c   0x0002908c   0x00000012   Code   RO         2485    i.nrf_gpio_cfg_default  nrfx_uart.o
    0x0002909e   0x0002909e   0x00000012   Code   RO         2674    i.nrf_gpio_cfg_default  nrfx_uarte.o
    0x000290b0   0x000290b0   0x00000012   Code   RO         2486    i.nrf_gpio_cfg_input  nrfx_uart.o
    0x000290c2   0x000290c2   0x00000012   Code   RO         2675    i.nrf_gpio_cfg_input  nrfx_uarte.o
    0x000290d4   0x000290d4   0x00000014   Code   RO         2487    i.nrf_gpio_cfg_output  nrfx_uart.o
    0x000290e8   0x000290e8   0x00000014   Code   RO         2676    i.nrf_gpio_cfg_output  nrfx_uarte.o
    0x000290fc   0x000290fc   0x00000022   Code   RO         2168    i.nrf_gpio_cfg_sense_set  nrfx_gpiote.o
    0x0002911e   0x0002911e   0x00000002   PAD
    0x00029120   0x00029120   0x00000028   Code   RO         2169    i.nrf_gpio_ports_read  nrfx_gpiote.o
    0x00029148   0x00029148   0x00000014   Code   RO         2170    i.nrf_gpiote_event_clear  nrfx_gpiote.o
    0x0002915c   0x0002915c   0x00000010   Code   RO         2171    i.nrf_gpiote_event_is_set  nrfx_gpiote.o
    0x0002916c   0x0002916c   0x0000005c   Code   RO         4546    i.nrf_log_backend_add  nrf_log_frontend.o
    0x000291c8   0x000291c8   0x000000c8   Code   RO         4385    i.nrf_log_backend_serial_put  nrf_log_backend_serial.o
    0x00029290   0x00029290   0x00000002   Code   RO         4425    i.nrf_log_backend_uart_flush  nrf_log_backend_uart.o
    0x00029292   0x00029292   0x00000006   Code   RO         4426    i.nrf_log_backend_uart_init  nrf_log_backend_uart.o
    0x00029298   0x00029298   0x0000002c   Code   RO         4427    i.nrf_log_backend_uart_panic_set  nrf_log_backend_uart.o
    0x000292c4   0x000292c4   0x00000018   Code   RO         4428    i.nrf_log_backend_uart_put  nrf_log_backend_uart.o
    0x000292dc   0x000292dc   0x00000030   Code   RO         4548    i.nrf_log_color_id_get  nrf_log_frontend.o
    0x0002930c   0x0002930c   0x0000001c   Code   RO         4504    i.nrf_log_default_backends_init  nrf_log_default_backends.o
    0x00029328   0x00029328   0x00000234   Code   RO         4549    i.nrf_log_frontend_dequeue  nrf_log_frontend.o
    0x0002955c   0x0002955c   0x00000008   Code   RO         4551    i.nrf_log_frontend_std_0  nrf_log_frontend.o
    0x00029564   0x00029564   0x0000000e   Code   RO         4552    i.nrf_log_frontend_std_1  nrf_log_frontend.o
    0x00029572   0x00029572   0x00000010   Code   RO         4553    i.nrf_log_frontend_std_2  nrf_log_frontend.o
    0x00029582   0x00029582   0x00000002   PAD
    0x00029584   0x00029584   0x000000b0   Code   RO         4726    i.nrf_log_hexdump_entry_process  nrf_log_str_formatter.o
    0x00029634   0x00029634   0x0000003c   Code   RO         4558    i.nrf_log_init      nrf_log_frontend.o
    0x00029670   0x00029670   0x00000014   Code   RO         4559    i.nrf_log_module_cnt_get  nrf_log_frontend.o
    0x00029684   0x00029684   0x0000001c   Code   RO         4562    i.nrf_log_module_name_get  nrf_log_frontend.o
    0x000296a0   0x000296a0   0x0000002c   Code   RO         4563    i.nrf_log_panic     nrf_log_frontend.o
    0x000296cc   0x000296cc   0x000000b6   Code   RO         4727    i.nrf_log_std_entry_process  nrf_log_str_formatter.o
    0x00029782   0x00029782   0x00000060   Code   RO         4030    i.nrf_memobj_alloc  nrf_memobj.o
    0x000297e2   0x000297e2   0x00000032   Code   RO         4031    i.nrf_memobj_free   nrf_memobj.o
    0x00029814   0x00029814   0x00000008   Code   RO         4032    i.nrf_memobj_get    nrf_memobj.o
    0x0002981c   0x0002981c   0x00000004   Code   RO         4033    i.nrf_memobj_pool_init  nrf_memobj.o
    0x00029820   0x00029820   0x0000001e   Code   RO         4034    i.nrf_memobj_put    nrf_memobj.o
    0x0002983e   0x0002983e   0x00000010   Code   RO         4035    i.nrf_memobj_read   nrf_memobj.o
    0x0002984e   0x0002984e   0x00000010   Code   RO         4036    i.nrf_memobj_write  nrf_memobj.o
    0x0002985e   0x0002985e   0x00000002   PAD
    0x00029860   0x00029860   0x00000028   Code   RO         4108    i.nrf_pwr_mgmt_init  nrf_pwr_mgmt.o
    0x00029888   0x00029888   0x00000044   Code   RO         4109    i.nrf_pwr_mgmt_run  nrf_pwr_mgmt.o
    0x000298cc   0x000298cc   0x0000001c   Code   RO         4185    i.nrf_ringbuf_init  nrf_ringbuf.o
    0x000298e8   0x000298e8   0x0000000c   Code   RO         3453    i.nrf_rtc_event_clear  drv_rtc.o
    0x000298f4   0x000298f4   0x00000010   Code   RO         2832    i.nrf_saadc_buffer_init  nrfx_saadc.o
    0x00029904   0x00029904   0x00000014   Code   RO         2833    i.nrf_saadc_channel_input_set  nrfx_saadc.o
    0x00029918   0x00029918   0x00000010   Code   RO         2834    i.nrf_saadc_event_check  nrfx_saadc.o
    0x00029928   0x00029928   0x00000014   Code   RO         2835    i.nrf_saadc_event_clear  nrfx_saadc.o
    0x0002993c   0x0002993c   0x00000010   Code   RO         2836    i.nrf_saadc_limit_int_get  nrfx_saadc.o
    0x0002994c   0x0002994c   0x00000014   Code   RO         5261    i.nrf_sdh_ble_app_ram_start_get  nrf_sdh_ble.o
    0x00029960   0x00029960   0x00000100   Code   RO         5262    i.nrf_sdh_ble_default_cfg_set  nrf_sdh_ble.o
    0x00029a60   0x00029a60   0x00000130   Code   RO         5263    i.nrf_sdh_ble_enable  nrf_sdh_ble.o
    0x00029b90   0x00029b90   0x0000005c   Code   RO         5264    i.nrf_sdh_ble_evts_poll  nrf_sdh_ble.o
    0x00029bec   0x00029bec   0x00000074   Code   RO         5143    i.nrf_sdh_enable_request  nrf_sdh.o
    0x00029c60   0x00029c60   0x00000024   Code   RO         5144    i.nrf_sdh_evts_poll  nrf_sdh.o
    0x00029c84   0x00029c84   0x0000000c   Code   RO         5145    i.nrf_sdh_is_enabled  nrf_sdh.o
    0x00029c90   0x00029c90   0x0000003c   Code   RO         5315    i.nrf_sdh_soc_evts_poll  nrf_sdh_soc.o
    0x00029ccc   0x00029ccc   0x0000000a   Code   RO         4243    i.nrf_section_iter_init  nrf_section_iter.o
    0x00029cd6   0x00029cd6   0x00000024   Code   RO         4244    i.nrf_section_iter_item_set  nrf_section_iter.o
    0x00029cfa   0x00029cfa   0x00000020   Code   RO         4245    i.nrf_section_iter_next  nrf_section_iter.o
    0x00029d1a   0x00029d1a   0x00000022   Code   RO         4278    i.nrf_sortlist_add  nrf_sortlist.o
    0x00029d3c   0x00029d3c   0x00000006   Code   RO         4280    i.nrf_sortlist_peek  nrf_sortlist.o
    0x00029d42   0x00029d42   0x0000000e   Code   RO         4281    i.nrf_sortlist_pop  nrf_sortlist.o
    0x00029d50   0x00029d50   0x0000001e   Code   RO         4282    i.nrf_sortlist_remove  nrf_sortlist.o
    0x00029d6e   0x00029d6e   0x00000002   PAD
    0x00029d70   0x00029d70   0x00000038   Code   RO         4334    i.nrf_strerror_find  nrf_strerror.o
    0x00029da8   0x00029da8   0x00000014   Code   RO         4335    i.nrf_strerror_get  nrf_strerror.o
    0x00029dbc   0x00029dbc   0x0000000a   Code   RO         2488    i.nrf_uart_event_check  nrfx_uart.o
    0x00029dc6   0x00029dc6   0x0000000c   Code   RO         2489    i.nrf_uart_event_clear  nrfx_uart.o
    0x00029dd2   0x00029dd2   0x0000000c   Code   RO         2490    i.nrf_uart_int_enable_check  nrfx_uart.o
    0x00029dde   0x00029dde   0x0000000a   Code   RO         2677    i.nrf_uarte_event_check  nrfx_uarte.o
    0x00029de8   0x00029de8   0x0000000c   Code   RO         2678    i.nrf_uarte_event_clear  nrfx_uarte.o
    0x00029df4   0x00029df4   0x0000002c   Code   RO         2029    i.nrfx_clock_enable  nrfx_clock.o
    0x00029e20   0x00029e20   0x00000020   Code   RO         2032    i.nrfx_clock_init   nrfx_clock.o
    0x00029e40   0x00029e40   0x0000001c   Code   RO         2035    i.nrfx_clock_lfclk_stop  nrfx_clock.o
    0x00029e5c   0x00029e5c   0x00000010   Code   RO         2837    i.nrfx_coredep_delay_us  nrfx_saadc.o
    0x00029e6c   0x00029e6c   0x00000010   Code   RO         3454    i.nrfx_coredep_delay_us  drv_rtc.o
    0x00029e7c   0x00029e7c   0x000000a4   Code   RO         2176    i.nrfx_gpiote_in_event_enable  nrfx_gpiote.o
    0x00029f20   0x00029f20   0x000000d0   Code   RO         2177    i.nrfx_gpiote_in_init  nrfx_gpiote.o
    0x00029ff0   0x00029ff0   0x0000006c   Code   RO         2180    i.nrfx_gpiote_init  nrfx_gpiote.o
    0x0002a05c   0x0002a05c   0x00000010   Code   RO         2679    i.nrfx_is_in_ram    nrfx_uarte.o
    0x0002a06c   0x0002a06c   0x0000003a   Code   RO         2430    i.nrfx_prs_acquire  nrfx_prs.o
    0x0002a0a6   0x0002a0a6   0x00000012   Code   RO         2431    i.nrfx_prs_release  nrfx_prs.o
    0x0002a0b8   0x0002a0b8   0x000000a4   Code   RO         2839    i.nrfx_saadc_buffer_convert  nrfx_saadc.o
    0x0002a15c   0x0002a15c   0x000000ac   Code   RO         2841    i.nrfx_saadc_channel_init  nrfx_saadc.o
    0x0002a208   0x0002a208   0x00000044   Code   RO         2842    i.nrfx_saadc_channel_uninit  nrfx_saadc.o
    0x0002a24c   0x0002a24c   0x00000094   Code   RO         2843    i.nrfx_saadc_init   nrfx_saadc.o
    0x0002a2e0   0x0002a2e0   0x00000080   Code   RO         2845    i.nrfx_saadc_limits_set  nrfx_saadc.o
    0x0002a360   0x0002a360   0x0000002c   Code   RO         2846    i.nrfx_saadc_sample  nrfx_saadc.o
    0x0002a38c   0x0002a38c   0x0000006c   Code   RO         2849    i.nrfx_saadc_uninit  nrfx_saadc.o
    0x0002a3f8   0x0002a3f8   0x00000010   Code   RO         2491    i.nrfx_uart_0_irq_handler  nrfx_uart.o
    0x0002a408   0x0002a408   0x000000d0   Code   RO         2493    i.nrfx_uart_init    nrfx_uart.o
    0x0002a4d8   0x0002a4d8   0x000000a8   Code   RO         2499    i.nrfx_uart_tx      nrfx_uart.o
    0x0002a580   0x0002a580   0x00000020   Code   RO         2501    i.nrfx_uart_tx_in_progress  nrfx_uart.o
    0x0002a5a0   0x0002a5a0   0x000000b4   Code   RO         2502    i.nrfx_uart_uninit  nrfx_uart.o
    0x0002a654   0x0002a654   0x00000010   Code   RO         2680    i.nrfx_uarte_0_irq_handler  nrfx_uarte.o
    0x0002a664   0x0002a664   0x0000006c   Code   RO         2682    i.nrfx_uarte_init   nrfx_uarte.o
    0x0002a6d0   0x0002a6d0   0x000000ac   Code   RO         2686    i.nrfx_uarte_tx     nrfx_uarte.o
    0x0002a77c   0x0002a77c   0x0000001c   Code   RO         2688    i.nrfx_uarte_tx_in_progress  nrfx_uarte.o
    0x0002a798   0x0002a798   0x000000e0   Code   RO         2689    i.nrfx_uarte_uninit  nrfx_uarte.o
    0x0002a878   0x0002a878   0x000000a8   Code   RO         1068    i.on_connected_evt  nrf_ble_gatt.o
    0x0002a920   0x0002a920   0x000000ac   Code   RO         1069    i.on_exchange_mtu_request_evt  nrf_ble_gatt.o
    0x0002a9cc   0x0002a9cc   0x00000018   Code   RO         2197    i.pin_in_use_by_port  nrfx_gpiote.o
    0x0002a9e4   0x0002a9e4   0x00000018   Code   RO         2198    i.pin_in_use_by_te  nrfx_gpiote.o
    0x0002a9fc   0x0002a9fc   0x00000034   Code   RO         1529    i.pnp_id_encode     ble_dis.o
    0x0002aa30   0x0002aa30   0x0000003c   Code   RO         4729    i.postfix_process   nrf_log_str_formatter.o
    0x0002aa6c   0x0002aa6c   0x00000014   Code   RO           96    i.power_management_init  main.o
    0x0002aa80   0x0002aa80   0x00000098   Code   RO         4730    i.prefix_process    nrf_log_str_formatter.o
    0x0002ab18   0x0002ab18   0x00000018   Code   RO         2432    i.prs_box_get       nrfx_prs.o
    0x0002ab30   0x0002ab30   0x0000005c   Code   RO         3234    i.rtc_irq           app_timer2.o
    0x0002ab8c   0x0002ab8c   0x00000064   Code   RO         3235    i.rtc_schedule      app_timer2.o
    0x0002abf0   0x0002abf0   0x00000074   Code   RO         3236    i.rtc_update        app_timer2.o
    0x0002ac64   0x0002ac64   0x00000032   Code   RO         2503    i.rx_byte           nrfx_uart.o
    0x0002ac96   0x0002ac96   0x00000016   Code   RO         2504    i.rx_done_event     nrfx_uart.o
    0x0002acac   0x0002acac   0x00000016   Code   RO         2690    i.rx_done_event     nrfx_uarte.o
    0x0002acc2   0x0002acc2   0x00000002   PAD
    0x0002acc4   0x0002acc4   0x00000050   Code   RO         1691    i.sd_state_evt_handler  nrf_drv_clock.o
    0x0002ad14   0x0002ad14   0x00000030   Code   RO         5150    i.sdh_request_observer_notify  nrf_sdh.o
    0x0002ad44   0x0002ad44   0x0000002c   Code   RO         5151    i.sdh_state_observer_notify  nrf_sdh.o
    0x0002ad70   0x0002ad70   0x00000010   Code   RO          751    i.send_error_evt    ble_conn_params.o
    0x0002ad80   0x0002ad80   0x00000040   Code   RO         4429    i.serial_tx         nrf_log_backend_uart.o
    0x0002adc0   0x0002adc0   0x00000088   Code   RO          639    i.service_data_encode  ble_advdata.o
    0x0002ae48   0x0002ae48   0x00000030   Code   RO         1003    i.set_security_req  ble_srv_common.o
    0x0002ae78   0x0002ae78   0x00000018   Code   RO         1692    i.soc_evt_handler   nrf_drv_clock.o
    0x0002ae90   0x0002ae90   0x00000058   Code   RO         5153    i.softdevices_evt_irq_enable  nrf_sdh.o
    0x0002aee8   0x0002aee8   0x0000000c   Code   RO         3237    i.sortlist_pop      app_timer2.o
    0x0002aef4   0x0002aef4   0x0000008c   Code   RO         4565    i.std_n             nrf_log_frontend.o
    0x0002af80   0x0002af80   0x00000042   Code   RO         1530    i.sys_id_encode     ble_dis.o
    0x0002afc2   0x0002afc2   0x00000002   PAD
    0x0002afc4   0x0002afc4   0x00000058   Code   RO         3238    i.timer_expire      app_timer2.o
    0x0002b01c   0x0002b01c   0x00000078   Code   RO         3239    i.timer_req_process  app_timer2.o
    0x0002b094   0x0002b094   0x00000038   Code   RO         3240    i.timer_req_schedule  app_timer2.o
    0x0002b0cc   0x0002b0cc   0x00000020   Code   RO         2506    i.tx_byte           nrfx_uart.o
    0x0002b0ec   0x0002b0ec   0x0000001a   Code   RO         2507    i.tx_done_event     nrfx_uart.o
    0x0002b106   0x0002b106   0x0000001a   Code   RO         2691    i.tx_done_event     nrfx_uarte.o
    0x0002b120   0x0002b120   0x00000030   Code   RO         1832    i.uart_evt_handler  nrf_drv_uart.o
    0x0002b150   0x0002b150   0x0000000c   Code   RO         4430    i.uart_evt_handler  nrf_log_backend_uart.o
    0x0002b15c   0x0002b15c   0x00000050   Code   RO         4431    i.uart_init         nrf_log_backend_uart.o
    0x0002b1ac   0x0002b1ac   0x0000012a   Code   RO         2508    i.uart_irq_handler  nrfx_uart.o
    0x0002b2d6   0x0002b2d6   0x00000002   PAD
    0x0002b2d8   0x0002b2d8   0x00000030   Code   RO         1833    i.uarte_evt_handler  nrf_drv_uart.o
    0x0002b308   0x0002b308   0x00000112   Code   RO         2692    i.uarte_irq_handler  nrfx_uarte.o
    0x0002b41a   0x0002b41a   0x0000000a   Code   RO          640    i.uint16_encode     ble_advdata.o
    0x0002b424   0x0002b424   0x000000b4   Code   RO         3992    i.unsigned_print    nrf_fprintf_format.o
    0x0002b4d8   0x0002b4d8   0x00000068   Code   RO          752    i.update_timeout_handler  ble_conn_params.o
    0x0002b540   0x0002b540   0x00000030   Code   RO          641    i.uuid_list_encode  ble_advdata.o
    0x0002b570   0x0002b570   0x0000009e   Code   RO          642    i.uuid_list_sized_encode  ble_advdata.o
    0x0002b60e   0x0002b60e   0x00000002   PAD
    0x0002b610   0x0002b610   0x00000016   Data   RO         1070    .constdata          nrf_ble_gatt.o
    0x0002b626   0x0002b626   0x00000002   PAD
    0x0002b628   0x0002b628   0x00000010   Data   RO         1210    .constdata          cambien_service.o
    0x0002b638   0x0002b638   0x00000004   Data   RO         1322    .constdata          ble_spec.o
    0x0002b63c   0x0002b63c   0x00000011   Data   RO         1456    .constdata          app_adc.o
    0x0002b64d   0x0002b64d   0x00000003   PAD
    0x0002b650   0x0002b650   0x00000004   Data   RO         1580    .constdata          app_sensor.o
    0x0002b654   0x0002b654   0x00000004   Data   RO         2200    .constdata          nrfx_gpiote.o
    0x0002b658   0x0002b658   0x00000004   Data   RO         2511    .constdata          nrfx_uart.o
    0x0002b65c   0x0002b65c   0x00000004   Data   RO         2695    .constdata          nrfx_uarte.o
    0x0002b660   0x0002b660   0x00000006   Data   RO         2851    .constdata          nrfx_saadc.o
    0x0002b666   0x0002b666   0x00000002   PAD
    0x0002b668   0x0002b668   0x00000014   Data   RO         3243    .constdata          app_timer2.o
    0x0002b67c   0x0002b67c   0x00000004   PAD
    0x0002b680   0x0002b680   0x00000006   Data   RO         3455    .constdata          drv_rtc.o
    0x0002b686   0x0002b686   0x00000010   Data   RO         3993    .constdata          nrf_fprintf_format.o
    0x0002b696   0x0002b696   0x00000002   PAD
    0x0002b698   0x0002b698   0x00000018   Data   RO         4113    .constdata          nrf_pwr_mgmt.o
    0x0002b6b0   0x0002b6b0   0x0000000c   Data   RO         4114    .constdata          nrf_pwr_mgmt.o
    0x0002b6bc   0x0002b6bc   0x0000013c   Data   RO         4336    .constdata          nrf_strerror.o
    0x0002b7f8   0x0002b7f8   0x0000000c   Data   RO         4433    .constdata          nrf_log_backend_uart.o
    0x0002b804   0x0002b804   0x00000020   Data   RO         4434    .constdata          nrf_log_backend_uart.o
    0x0002b824   0x0002b824   0x0000000c   Data   RO         4570    .constdata          nrf_log_frontend.o
    0x0002b830   0x0002b830   0x00000010   Data   RO         5154    .constdata          nrf_sdh.o
    0x0002b840   0x0002b840   0x00000028   Data   RO         5155    .constdata          nrf_sdh.o
    0x0002b868   0x0002b868   0x00000010   Data   RO         5156    .constdata          nrf_sdh.o
    0x0002b878   0x0002b878   0x00000010   Data   RO         5157    .constdata          nrf_sdh.o
    0x0002b888   0x0002b888   0x00000020   Data   RO         5265    .constdata          nrf_sdh_ble.o
    0x0002b8a8   0x0002b8a8   0x00000010   Data   RO         5266    .constdata          nrf_sdh_ble.o
    0x0002b8b8   0x0002b8b8   0x00000010   Data   RO         5316    .constdata          nrf_sdh_soc.o
    0x0002b8c8   0x0002b8c8   0x0000000c   Data   RO         5317    .constdata          nrf_sdh_soc.o
    0x0002b8d4   0x0002b8d4   0x00000081   Data   RO         5358    .constdata          mc_w.l(ctype_o.o)
    0x0002b955   0x0002b955   0x00000003   PAD
    0x0002b958   0x0002b958   0x00000004   Data   RO         5359    .constdata          mc_w.l(ctype_o.o)
    0x0002b95c   0x0002b95c   0x000000a2   Data   RO         1071    .conststring        nrf_ble_gatt.o
    0x0002b9fe   0x0002b9fe   0x00000002   PAD
    0x0002ba00   0x0002ba00   0x000003eb   Data   RO         4337    .conststring        nrf_strerror.o
    0x0002bdeb   0x0002bdeb   0x00000001   PAD
    0x0002bdec   0x0002bdec   0x00000066   Data   RO         4731    .conststring        nrf_log_str_formatter.o
    0x0002be52   0x0002be52   0x00000002   PAD
    0x0002be54   0x0002be54   0x00000188   Data   RO         5267    .conststring        nrf_sdh_ble.o
    0x0002bfdc   0x0002bfdc   0x0000000d   Data   RO         1072    .conststrlit        nrf_ble_gatt.o
    0x0002bfe9   0x0002bfe9   0x00000003   PAD
    0x0002bfec   0x0002bfec   0x00000006   Data   RO         1698    .conststrlit        nrf_drv_clock.o
    0x0002bff2   0x0002bff2   0x00000002   PAD
    0x0002bff4   0x0002bff4   0x00000006   Data   RO         2039    .conststrlit        nrfx_clock.o
    0x0002bffa   0x0002bffa   0x00000002   PAD
    0x0002bffc   0x0002bffc   0x00000007   Data   RO         2204    .conststrlit        nrfx_gpiote.o
    0x0002c003   0x0002c003   0x00000001   PAD
    0x0002c004   0x0002c004   0x00000004   Data   RO         2434    .conststrlit        nrfx_prs.o
    0x0002c008   0x0002c008   0x00000005   Data   RO         2514    .conststrlit        nrfx_uart.o
    0x0002c00d   0x0002c00d   0x00000003   PAD
    0x0002c010   0x0002c010   0x00000006   Data   RO         2698    .conststrlit        nrfx_uarte.o
    0x0002c016   0x0002c016   0x00000002   PAD
    0x0002c018   0x0002c018   0x00000006   Data   RO         2859    .conststrlit        nrfx_saadc.o
    0x0002c01e   0x0002c01e   0x00000002   PAD
    0x0002c020   0x0002c020   0x0000000b   Data   RO         2997    .conststrlit        app_button.o
    0x0002c02b   0x0002c02b   0x00000001   PAD
    0x0002c02c   0x0002c02c   0x0000000a   Data   RO         3244    .conststrlit        app_timer2.o
    0x0002c036   0x0002c036   0x00000002   PAD
    0x0002c038   0x0002c038   0x00000009   Data   RO         4115    .conststrlit        nrf_pwr_mgmt.o
    0x0002c041   0x0002c041   0x00000003   PAD
    0x0002c044   0x0002c044   0x00000009   Data   RO         4283    .conststrlit        nrf_sortlist.o
    0x0002c04d   0x0002c04d   0x00000003   PAD
    0x0002c050   0x0002c050   0x00000011   Data   RO         4505    .conststrlit        nrf_log_default_backends.o
    0x0002c061   0x0002c061   0x00000003   PAD
    0x0002c064   0x0002c064   0x00000004   Data   RO         4571    .conststrlit        nrf_log_frontend.o
    0x0002c068   0x0002c068   0x00000008   Data   RO         5158    .conststrlit        nrf_sdh.o
    0x0002c070   0x0002c070   0x0000000c   Data   RO         5268    .conststrlit        nrf_sdh_ble.o
    0x0002c07c   0x0002c07c   0x0000000c   Data   RO         5318    .conststrlit        nrf_sdh_soc.o
    0x0002c088   0x0002c088   0x00000020   Data   RO         5417    Region$$Table       anon$$obj.o
    0x0002c0a8   0x0002c0a8   0x00000010   Data   RO         4507    log_backends        nrf_log_default_backends.o
    0x0002c0b8   0x0002c0b8   0x00000008   Data   RO         1073    log_const_data      nrf_ble_gatt.o
    0x0002c0c0   0x0002c0c0   0x00000008   Data   RO         1699    log_const_data      nrf_drv_clock.o
    0x0002c0c8   0x0002c0c8   0x00000008   Data   RO         2041    log_const_data      nrfx_clock.o
    0x0002c0d0   0x0002c0d0   0x00000008   Data   RO         2205    log_const_data      nrfx_gpiote.o
    0x0002c0d8   0x0002c0d8   0x00000008   Data   RO         2436    log_const_data      nrfx_prs.o
    0x0002c0e0   0x0002c0e0   0x00000008   Data   RO         2515    log_const_data      nrfx_uart.o
    0x0002c0e8   0x0002c0e8   0x00000008   Data   RO         2699    log_const_data      nrfx_uarte.o
    0x0002c0f0   0x0002c0f0   0x00000008   Data   RO         2860    log_const_data      nrfx_saadc.o
    0x0002c0f8   0x0002c0f8   0x00000008   Data   RO         2999    log_const_data      app_button.o
    0x0002c100   0x0002c100   0x00000008   Data   RO         3247    log_const_data      app_timer2.o
    0x0002c108   0x0002c108   0x00000008   Data   RO         4117    log_const_data      nrf_pwr_mgmt.o
    0x0002c110   0x0002c110   0x00000008   Data   RO         4284    log_const_data      nrf_sortlist.o
    0x0002c118   0x0002c118   0x00000008   Data   RO         4574    log_const_data      nrf_log_frontend.o
    0x0002c120   0x0002c120   0x00000008   Data   RO         5160    log_const_data      nrf_sdh.o
    0x0002c128   0x0002c128   0x00000008   Data   RO         5270    log_const_data      nrf_sdh_ble.o
    0x0002c130   0x0002c130   0x00000008   Data   RO         5319    log_const_data      nrf_sdh_soc.o
    0x0002c138   0x0002c138   0x00000014   Data   RO         4575    nrf_balloc          nrf_log_frontend.o
    0x0002c14c   0x0002c14c   0x00000008   Data   RO          850    sdh_ble_observers0  ble_conn_state.o
    0x0002c154   0x0002c154   0x00000008   Data   RO           98    sdh_ble_observers1  main.o
    0x0002c15c   0x0002c15c   0x00000008   Data   RO          755    sdh_ble_observers1  ble_conn_params.o
    0x0002c164   0x0002c164   0x00000008   Data   RO         1324    sdh_ble_observers3  ble_spec.o
    0x0002c16c   0x0002c16c   0x00000008   Data   RO         1700    sdh_soc_observers0  nrf_drv_clock.o
    0x0002c174   0x0002c174   0x00000008   Data   RO         5271    sdh_stack_observers0  nrf_sdh_ble.o
    0x0002c17c   0x0002c17c   0x00000008   Data   RO         5320    sdh_stack_observers0  nrf_sdh_soc.o
    0x0002c184   0x0002c184   0x00000008   Data   RO         1701    sdh_state_observers0  nrf_drv_clock.o


    Execution Region RW_IRAM1 (Exec base: 0x200022f0, Load base: 0x0002c18c, Size: 0x00002a00, Max: 0x0000dd10, ABSOLUTE, COMPRESSED[0x00000050])

    Exec Addr    Load Addr    Size         Type   Attr      Idx    E Section Name        Object

    0x200022f0   COMPRESSED   0x00000004   Data   RW           15    .data               system_nrf52.o
    0x200022f4   COMPRESSED   0x00000008   Data   RW          754    .data               ble_conn_params.o
    0x200022fc   COMPRESSED   0x00000014   Data   RW         1323    .data               ble_spec.o
    0x20002310   COMPRESSED   0x00000008   Data   RW         1457    .data               app_adc.o
    0x20002318   COMPRESSED   0x0000004a   Data   RW         1531    .data               ble_dis.o
    0x20002362   COMPRESSED   0x00000002   PAD
    0x20002364   COMPRESSED   0x0000000c   Data   RW         1581    .data               app_sensor.o
    0x20002370   COMPRESSED   0x0000000c   Data   RW         1834    .data               nrf_drv_uart.o
    0x2000237c   COMPRESSED   0x00000008   Data   RW         2040    .data               nrfx_clock.o
    0x20002384   COMPRESSED   0x00000008   Data   RW         2435    .data               nrfx_prs.o
    0x2000238c   COMPRESSED   0x00000004   PAD
    0x20002390   COMPRESSED   0x00000020   Data   RW         3245    .data               app_timer2.o
    0x200023b0   COMPRESSED   0x00000004   Data   RW         3246    .data               app_timer2.o
    0x200023b4   COMPRESSED   0x0000000c   Data   RW         3456    .data               drv_rtc.o
    0x200023c0   COMPRESSED   0x00000008   Data   RW         4116    .data               nrf_pwr_mgmt.o
    0x200023c8   COMPRESSED   0x00000018   Data   RW         4435    .data               nrf_log_backend_uart.o
    0x200023e0   COMPRESSED   0x00000008   Data   RW         4506    .data               nrf_log_default_backends.o
    0x200023e8   COMPRESSED   0x00000008   Data   RW         4572    .data               nrf_log_frontend.o
    0x200023f0   COMPRESSED   0x00000008   Data   RW         4573    .data               nrf_log_frontend.o
    0x200023f8   COMPRESSED   0x00000040   Data   RW         4732    .data               nrf_log_str_formatter.o
    0x20002438   COMPRESSED   0x00000003   Data   RW         5159    .data               nrf_sdh.o
    0x2000243b   COMPRESSED   0x00000001   Data   RW         5269    .data               nrf_sdh_ble.o
    0x2000243c        -       0x00000030   Zero   RW           97    .bss                main.o
    0x2000246c   COMPRESSED   0x00000004   PAD
    0x20002470        -       0x00000050   Zero   RW          753    .bss                ble_conn_params.o
    0x200024c0        -       0x0000007c   Zero   RW          849    .bss                ble_conn_state.o
    0x2000253c        -       0x0000001f   Zero   RW         1320    .bss                ble_spec.o
    0x2000255b        -       0x0000001f   Zero   RW         1321    .bss                ble_spec.o
    0x2000257a   COMPRESSED   0x00000006   PAD
    0x20002580        -       0x00000020   Zero   RW         1455    .bss                app_adc.o
    0x200025a0        -       0x00000020   Zero   RW         1579    .bss                app_sensor.o
    0x200025c0        -       0x00000014   Zero   RW         1693    .bss                nrf_drv_clock.o
    0x200025d4        -       0x0000005c   Zero   RW         2199    .bss                nrfx_gpiote.o
    0x20002630        -       0x0000002c   Zero   RW         2509    .bss                nrfx_uart.o
    0x2000265c        -       0x00000024   Zero   RW         2693    .bss                nrfx_uarte.o
    0x20002680        -       0x00000030   Zero   RW         2850    .bss                nrfx_saadc.o
    0x200026b0        -       0x00000010   Zero   RW         3241    .bss                app_timer2.o
    0x200026c0        -       0x00000058   Zero   RW         3242    .bss                app_timer2.o
    0x20002718        -       0x0000000c   Zero   RW         3371    .bss                app_util_platform.o
    0x20002724        -       0x0000000c   Zero   RW         4112    .bss                nrf_pwr_mgmt.o
    0x20002730        -       0x00000040   Zero   RW         4432    .bss                nrf_log_backend_uart.o
    0x20002770        -       0x000000c0   Zero   RW         4566    .bss                nrf_log_frontend.o
    0x20002830        -       0x00000080   Zero   RW         4567    .bss                nrf_log_frontend.o
    0x200028b0        -       0x00000018   Zero   RW         4568    .bss                nrf_log_frontend.o
    0x200028c8        -       0x00000424   Zero   RW         4569    .bss                nrf_log_frontend.o
    0x20002cec   COMPRESSED   0x00000004   PAD
    0x20002cf0        -       0x00002000   Zero   RW            1    STACK               arm_startup_nrf52.o


==============================================================================

Image component sizes


      Code (inc. data)   RO Data    RW Data    ZI Data      Debug   Object Name

       368         72         17          8         32      35759   app_adc.o
         0          0         19          0          0       1739   app_button.o
        22          0          0          0          0       2357   app_error.o
       132         46          0          0          0       3878   app_error_weak.o
       670        164          4         12         32      16410   app_sensor.o
       846         88         38         36        104      15761   app_timer2.o
       124         14          0          0         12       9434   app_util_platform.o
        36          8        512          0       8192        932   arm_startup_nrf52.o
      1236          0          0          0          0      50943   ble_advdata.o
       636         44          8          8         80      11011   ble_conn_params.o
       352          6          8          0        124       6025   ble_conn_state.o
       530         12          0         74          0       5295   ble_dis.o
       804        124         12         20         62      61566   ble_spec.o
       474          6          0          0          0       3879   ble_srv_common.o
         0          0          0          0          0      45250   boards.o
       424          4         16          0          0      47683   cambien_service.o
       696         76          6         12          0      44953   drv_rtc.o
       198         30          8          0         48     121596   main.o
       326          0          0          0          0       5607   nrf_atfifo.o
        64          0          0          0          0       2772   nrf_atflags.o
       306          0          0          0          0       7551   nrf_atomic.o
       164          0          0          0          0       3440   nrf_balloc.o
       922        272        205          0          0      36611   nrf_ble_gatt.o
       276         34         30          0         20      38772   nrf_drv_clock.o
       200         26          0         12          0      17348   nrf_drv_uart.o
        50          0          0          0          0       3337   nrf_fprintf.o
       866          4         16          0          0       6314   nrf_fprintf_format.o
       200          0          0          0          0      11305   nrf_log_backend_serial.o
       232         44         44         24         64      20366   nrf_log_backend_uart.o
        28          4         33          8          0       3201   nrf_log_default_backends.o
      1474        114         44         16       1404      28718   nrf_log_frontend.o
       570        108        102         64          0       5372   nrf_log_str_formatter.o
       346          0          0          0          0       9139   nrf_memobj.o
       108         16         53          8         12      36266   nrf_pwr_mgmt.o
        28          0          0          0          0       2219   nrf_ringbuf.o
       384         46        104          3          0      38735   nrf_sdh.o
       672        230        468          1          0       5581   nrf_sdh_ble.o
        60          4         56          0          0       2324   nrf_sdh_soc.o
        78          0          0          0          0       2592   nrf_section_iter.o
        84          0         17          0          0       3825   nrf_sortlist.o
        76         10       1319          0          0       2551   nrf_strerror.o
       222         30         14          8          0      42950   nrfx_clock.o
      1182         86         19          0         92      57045   nrfx_gpiote.o
       112         16         12          8          0       4200   nrfx_prs.o
      1264        108         20          0         48      22526   nrfx_saadc.o
      1294         42         17          0         44      29093   nrfx_uart.o
      1268         42         18          0         36      24747   nrfx_uarte.o
       796         70          0          4          0      63270   system_nrf52.o

    ----------------------------------------------------------------------
     21248       2000       3316        332      10420    1022248   Object Totals
         0          0         32          0          0          0   (incl. Generated)
        48          0         45          6         14          0   (incl. Padding)

    ----------------------------------------------------------------------

      Code (inc. data)   RO Data    RW Data    ZI Data      Debug   Library Member Name

        86          0          0          0          0          0   __dczerorl2.o
         8          4        133          0          0         68   ctype_o.o
         0          0          0          0          0          0   entry.o
         0          0          0          0          0          0   entry10a.o
         0          0          0          0          0          0   entry11a.o
         8          4          0          0          0          0   entry2.o
         4          0          0          0          0          0   entry5.o
         0          0          0          0          0          0   entry7b.o
         0          0          0          0          0          0   entry8b.o
         8          4          0          0          0          0   entry9a.o
        30          0          0          0          0          0   handlers.o
        36          8          0          0          0         68   init.o
        36          0          0          0          0         68   memcpya.o
        36          0          0          0          0        108   memseta.o
        14          0          0          0          0         68   strlen.o

    ----------------------------------------------------------------------
       272         20        136          0          0        380   Library Totals
         6          0          3          0          0          0   (incl. Padding)

    ----------------------------------------------------------------------

      Code (inc. data)   RO Data    RW Data    ZI Data      Debug   Library Name

       266         20        133          0          0        380   mc_w.l

    ----------------------------------------------------------------------
       272         20        136          0          0        380   Library Totals

    ----------------------------------------------------------------------

==============================================================================


      Code (inc. data)   RO Data    RW Data    ZI Data      Debug   

     21520       2020       3452        332      10420     995760   Grand Totals
     21520       2020       3452         80      10420     995760   ELF Image Totals (compressed)
     21520       2020       3452         80          0          0   ROM Totals

==============================================================================

    Total RO  Size (Code + RO Data)                24972 (  24.39kB)
    Total RW  Size (RW Data + ZI Data)             10752 (  10.50kB)
    Total ROM Size (Code + RO Data + RW Data)      25052 (  24.46kB)

==============================================================================

