Component: ARM Compiler 5.06 update 6 (build 750) Tool: armlink [4d35ed]

==============================================================================

Section Cross References

    arm_startup_nrf52.o(RESET) refers to arm_startup_nrf52.o(STACK) for __initial_sp
    arm_startup_nrf52.o(RESET) refers to arm_startup_nrf52.o(.text) for Reset_Handler
    arm_startup_nrf52.o(RESET) refers to nrfx_clock.o(i.POWER_CLOCK_IRQHandler) for POWER_CLOCK_IRQHandler
    arm_startup_nrf52.o(RESET) refers to nrfx_prs.o(i.UARTE0_UART0_IRQHandler) for UARTE0_UART0_IRQHandler
    arm_startup_nrf52.o(RESET) refers to nrfx_gpiote.o(i.GPIOTE_IRQHandler) for GPIOTE_IRQHandler
    arm_startup_nrf52.o(RESET) refers to nrfx_saadc.o(i.SAADC_IRQHandler) for SAADC_IRQHandler
    arm_startup_nrf52.o(RESET) refers to drv_rtc.o(i.RTC1_IRQHandler) for RTC1_IRQHandler
    arm_startup_nrf52.o(RESET) refers to nrf_sdh.o(i.SWI2_EGU2_IRQHandler) for SWI2_EGU2_IRQHandler
    arm_startup_nrf52.o(.text) refers to system_nrf52.o(i.SystemInit) for SystemInit
    arm_startup_nrf52.o(.text) refers to entry.o(.ARM.Collect$$$$00000000) for __main
    system_nrf52.o(i.SystemCoreClockUpdate) refers to system_nrf52.o(.data) for .data
    system_nrf52.o(i.SystemInit) refers to system_nrf52.o(.data) for .data
    main.o(i.in_out1_handler) refers to main.o(.data) for .data
    main.o(i.in_out2_handler) refers to main.o(.data) for .data
    main.o(i.in_tu_handler) refers to main.o(.data) for .data
    main.o(i.interrupt_init) refers to nrfx_gpiote.o(i.nrfx_gpiote_init) for nrfx_gpiote_init
    main.o(i.interrupt_init) refers to main.o(i.out1_interrupt_init) for out1_interrupt_init
    main.o(i.interrupt_init) refers to main.o(i.out2_interrupt_init) for out2_interrupt_init
    main.o(i.main) refers to ble_spec.o(i.set_BLE_para) for set_BLE_para
    main.o(i.main) refers to ble_spec.o(i.log_init) for log_init
    main.o(i.main) refers to app_timer2.o(i.app_timer_init) for app_timer_init
    main.o(i.main) refers to app_error.o(i.app_error_handler_bare) for app_error_handler_bare
    main.o(i.main) refers to app_timer2.o(i.app_timer_create) for app_timer_create
    main.o(i.main) refers to app_timer2.o(i.app_timer_start) for app_timer_start
    main.o(i.main) refers to app_adc.o(i.create_ADC_timer) for create_ADC_timer
    main.o(i.main) refers to nrf_pwr_mgmt.o(i.nrf_pwr_mgmt_init) for nrf_pwr_mgmt_init
    main.o(i.main) refers to main.o(i.interrupt_init) for interrupt_init
    main.o(i.main) refers to app_adc.o(i.saadc_init) for saadc_init
    main.o(i.main) refers to ble_spec.o(i.ble_stack_init) for ble_stack_init
    main.o(i.main) refers to ble_spec.o(i.gap_params_init) for gap_params_init
    main.o(i.main) refers to ble_spec.o(i.gatt_init) for gatt_init
    main.o(i.main) refers to ble_spec.o(i.services_init) for services_init
    main.o(i.main) refers to ble_spec.o(i.advertising_init) for advertising_init
    main.o(i.main) refers to ble_spec.o(i.conn_params_init) for conn_params_init
    main.o(i.main) refers to nrfx_saadc.o(i.nrfx_saadc_sample) for nrfx_saadc_sample
    main.o(i.main) refers to nrf_log_frontend.o(i.nrf_log_frontend_std_0) for nrf_log_frontend_std_0
    main.o(i.main) refers to ble_spec.o(i.advertising_start) for advertising_start
    main.o(i.main) refers to main.o(i.task_chuyendong) for task_chuyendong
    main.o(i.main) refers to main.o(i.task_adc) for task_adc
    main.o(i.main) refers to nrf_log_frontend.o(i.nrf_log_frontend_dequeue) for nrf_log_frontend_dequeue
    main.o(i.main) refers to nrf_pwr_mgmt.o(i.nrf_pwr_mgmt_run) for nrf_pwr_mgmt_run
    main.o(i.main) refers to main.o(i.systick_handle) for systick_handle
    main.o(i.main) refers to main.o(.constdata) for .constdata
    main.o(i.main) refers to main.o(.bss) for .bss
    main.o(i.main) refers to nrf_log_frontend.o(log_const_data) for m_nrf_log_app_logs_data_const
    main.o(i.out1_interrupt_init) refers to nrfx_gpiote.o(i.nrfx_gpiote_in_init) for nrfx_gpiote_in_init
    main.o(i.out1_interrupt_init) refers to nrfx_gpiote.o(i.nrfx_gpiote_in_event_enable) for nrfx_gpiote_in_event_enable
    main.o(i.out1_interrupt_init) refers to main.o(i.in_out1_handler) for in_out1_handler
    main.o(i.out2_interrupt_init) refers to nrfx_gpiote.o(i.nrfx_gpiote_in_init) for nrfx_gpiote_in_init
    main.o(i.out2_interrupt_init) refers to nrfx_gpiote.o(i.nrfx_gpiote_in_event_enable) for nrfx_gpiote_in_event_enable
    main.o(i.out2_interrupt_init) refers to main.o(i.in_out2_handler) for in_out2_handler
    main.o(i.systick_handle) refers to main.o(.data) for .data
    main.o(i.task_adc) refers to nrfx_saadc.o(i.nrfx_saadc_sample) for nrfx_saadc_sample
    main.o(i.task_adc) refers to app_adc.o(i.check_status) for check_status
    main.o(i.task_adc) refers to app_adc.o(i.get_adc_value) for get_adc_value
    main.o(i.task_adc) refers to cambien_service.o(i.ble_cb_ADC_change) for ble_cb_ADC_change
    main.o(i.task_adc) refers to cambien_service.o(i.check_error_ble) for check_error_ble
[...]
    mp_active_timer                          0x20002334   Data           4  app_timer2.o(.data)
    m_rtc_inst                               0x20002338   Data           8  app_timer2.o(.data)
    m_base_counter                           0x20002340   Data           8  app_timer2.o(.data)
    m_stamp64                                0x20002348   Data           8  app_timer2.o(.data)
    .data                                    0x20002350   Section        4  app_timer2.o(.data)
    m_app_timer_sortlist_sortlist_cb         0x20002350   Data           4  app_timer2.o(.data)
    .data                                    0x20002354   Section       12  drv_rtc.o(.data)
    m_handlers                               0x20002354   Data           4  drv_rtc.o(.data)
    m_cb                                     0x20002358   Data           8  drv_rtc.o(.data)
    .data                                    0x20002360   Section        8  nrf_pwr_mgmt.o(.data)
    m_pwr_mgmt_evt                           0x20002360   Data           1  nrf_pwr_mgmt.o(.data)
    m_shutdown_started                       0x20002361   Data           1  nrf_pwr_mgmt.o(.data)
    m_sysoff_mtx                             0x20002364   Data           4  nrf_pwr_mgmt.o(.data)
    .data                                    0x20002368   Section       24  nrf_log_backend_uart.o(.data)
    m_xfer_done                              0x20002368   Data           1  nrf_log_backend_uart.o(.data)
    m_async_mode                             0x20002369   Data           1  nrf_log_backend_uart.o(.data)
    .data                                    0x20002380   Section        8  nrf_log_default_backends.o(.data)
    log_backend_cb_uart_log_backend          0x20002380   Data           8  nrf_log_default_backends.o(.data)
    .data                                    0x20002388   Section        8  nrf_log_frontend.o(.data)
    log_mempool_nrf_balloc_pool_stack        0x20002388   Data           8  nrf_log_frontend.o(.data)
    .data                                    0x20002390   Section        8  nrf_log_frontend.o(.data)
    log_mempool_nrf_balloc_cb                0x20002390   Data           8  nrf_log_frontend.o(.data)
    .data                                    0x20002398   Section       64  nrf_log_str_formatter.o(.data)
    m_freq                                   0x20002398   Data           4  nrf_log_str_formatter.o(.data)
    m_timestamp_div                          0x2000239c   Data           4  nrf_log_str_formatter.o(.data)
    severity_names                           0x200023a0   Data          20  nrf_log_str_formatter.o(.data)
    m_colors                                 0x200023b4   Data          36  nrf_log_str_formatter.o(.data)
    .data                                    0x200023d8   Section        3  nrf_sdh.o(.data)
    m_nrf_sdh_enabled                        0x200023d8   Data           1  nrf_sdh.o(.data)
    m_nrf_sdh_suspended                      0x200023d9   Data           1  nrf_sdh.o(.data)
    m_nrf_sdh_continue                       0x200023da   Data           1  nrf_sdh.o(.data)
    .data                                    0x200023db   Section        1  nrf_sdh_ble.o(.data)
    m_stack_is_enabled                       0x200023db   Data           1  nrf_sdh_ble.o(.data)
    .bss                                     0x200023e0   Section       32  main.o(.bss)
    timer_systick_id_data                    0x200023e0   Data          32  main.o(.bss)
    .bss                                     0x20002400   Section       48  main.o(.bss)
    m_gatt                                   0x20002400   Data          20  main.o(.bss)
    .bss                                     0x20002430   Section       31  main.o(.bss)
    .bss                                     0x2000244f   Section       31  main.o(.bss)
    .bss                                     0x20002470   Section       16  main.o(.bss)
    .bss                                     0x20002480   Section       80  ble_conn_params.o(.bss)
    m_timer_data                             0x20002480   Data          32  ble_conn_params.o(.bss)
    m_conn_params_instances                  0x200024a0   Data          20  ble_conn_params.o(.bss)
    m_conn_params_config                     0x200024b4   Data          28  ble_conn_params.o(.bss)
    .bss                                     0x200024d0   Section      124  ble_conn_state.o(.bss)
    m_bcs                                    0x200024d0   Data         124  ble_conn_state.o(.bss)
    .bss                                     0x20002550   Section       32  app_adc.o(.bss)
    m_adc_id_data                            0x20002550   Data          32  app_adc.o(.bss)
    .bss                                     0x20002570   Section       20  nrf_drv_clock.o(.bss)
    m_clock_cb                               0x20002570   Data          20  nrf_drv_clock.o(.bss)
    .bss                                     0x20002584   Section       92  nrfx_gpiote.o(.bss)
    m_cb                                     0x20002584   Data          92  nrfx_gpiote.o(.bss)
    .bss                                     0x200025e0   Section       44  nrfx_uart.o(.bss)
    m_cb                                     0x200025e0   Data          44  nrfx_uart.o(.bss)
    .bss                                     0x2000260c   Section       36  nrfx_uarte.o(.bss)
    m_cb                                     0x2000260c   Data          36  nrfx_uarte.o(.bss)
    .bss                                     0x20002630   Section       48  nrfx_saadc.o(.bss)
    m_cb                                     0x20002630   Data          48  nrfx_saadc.o(.bss)
    .bss                                     0x20002660   Section       16  app_timer2.o(.bss)
    m_req_fifo_inst                          0x20002660   Data          16  app_timer2.o(.bss)
    .bss                                     0x20002670   Section       88  app_timer2.o(.bss)
    m_req_fifo_data                          0x20002670   Data          88  app_timer2.o(.bss)
    .bss                                     0x200026c8   Section       12  app_util_platform.o(.bss)
    .bss                                     0x200026d4   Section       12  nrf_pwr_mgmt.o(.bss)
    m_handlers_iter                          0x200026d4   Data          12  nrf_pwr_mgmt.o(.bss)
    .bss                                     0x200026e0   Section       64  nrf_log_backend_uart.o(.bss)
    m_string_buff                            0x200026e0   Data          64  nrf_log_backend_uart.o(.bss)
    .bss                                     0x20002720   Section      192  nrf_log_frontend.o(.bss)
    log_mempool_nrf_balloc_pool_mem          0x20002720   Data         192  nrf_log_frontend.o(.bss)
    .bss                                     0x200027e0   Section      128  nrf_log_frontend.o(.bss)
    m_log_push_ringbuf_buf                   0x200027e0   Data         128  nrf_log_frontend.o(.bss)
    .bss                                     0x20002860   Section       24  nrf_log_frontend.o(.bss)
    m_log_push_ringbuf_cb                    0x20002860   Data          24  nrf_log_frontend.o(.bss)
    .bss                                     0x20002878   Section     1060  nrf_log_frontend.o(.bss)
    m_log_data                               0x20002878   Data        1060  nrf_log_frontend.o(.bss)
    STACK                                    0x20002ca0   Section     8192  arm_startup_nrf52.o(STACK)

    Global Symbols

    Symbol Name                              Value     Ov Type        Size  Object(Section)

    BuildAttributes$$THM_ISAv4$E$P$D$K$B$S$7EM$VFPi3$EXTD16$VFPS$VFMA$PE$A:L22UL41UL21$X:L11$S22US41US21$IEEE1$IW$USESV6$~STKCKD$USESV7$~SHL$OSPACE$EBA8$MICROLIB$REQ8$EABIv2 0x00000000   Number         0  anon$$obj.o ABSOLUTE
    __ARM_use_no_argv                        0x00000000   Number         0  main.o ABSOLUTE
    __use_no_errno                           0x00000000   Number         0  useno.o ABSOLUTE
    __use_no_exception_handling              0x00000000   Number         0  useno.o ABSOLUTE
    __use_no_fp                              0x00000000   Number         0  useno.o ABSOLUTE
    __use_no_heap                            0x00000000   Number         0  useno.o ABSOLUTE
    __use_no_heap_region                     0x00000000   Number         0  useno.o ABSOLUTE
    __use_no_semihosting                     0x00000000   Number         0  useno.o ABSOLUTE
    __use_no_semihosting_swi                 0x00000000   Number         0  useno.o ABSOLUTE
    __use_no_signal_handling                 0x00000000   Number         0  useno.o ABSOLUTE
    __cpp_initialize__aeabi_                  - Undefined Weak Reference
    __cxa_finalize                            - Undefined Weak Reference
    __decompress                              - Undefined Weak Reference
    _clock_init                               - Undefined Weak Reference
    _microlib_exit                            - Undefined Weak Reference
    log_dynamic_data$$Base                    - Undefined Reference
    pwr_mgmt_data0$$Base                      - Undefined Reference
    pwr_mgmt_data0$$Limit                     - Undefined Reference
    pwr_mgmt_data1$$Base                      - Undefined Reference
    pwr_mgmt_data1$$Limit                     - Undefined Reference
    pwr_mgmt_data2$$Base                      - Undefined Reference
    pwr_mgmt_data2$$Limit                     - Undefined Reference
    sdh_ble_observers2$$Base                  - Undefined Reference
    sdh_ble_observers2$$Limit                 - Undefined Reference
    sdh_req_observers0$$Base                  - Undefined Reference
    sdh_req_observers0$$Limit                 - Undefined Reference
    sdh_req_observers1$$Base                  - Undefined Reference
    sdh_req_observers1$$Limit                 - Undefined Reference
    sdh_soc_observers1$$Base                  - Undefined Reference
    sdh_soc_observers1$$Limit                 - Undefined Reference
    sdh_stack_observers1$$Base                - Undefined Reference
    sdh_stack_observers1$$Limit               - Undefined Reference
    sdh_state_observers1$$Base                - Undefined Reference
    sdh_state_observers1$$Limit               - Undefined Reference
    __Vectors_Size                           0x00000200   Number         0  arm_startup_nrf52.o ABSOLUTE
    __Vectors                                0x00026000   Data           4  arm_startup_nrf52.o(RESET)
    __Vectors_End                            0x00026200   Data           0  arm_startup_nrf52.o(RESET)
    __main                                   0x00026201   Thumb Code     0  entry.o(.ARM.Collect$$$$00000000)
    _main_stk                                0x00026201   Thumb Code     0  entry2.o(.ARM.Collect$$$$00000001)
    _main_scatterload                        0x00026205   Thumb Code     0  entry5.o(.ARM.Collect$$$$00000004)
    __main_after_scatterload                 0x00026209   Thumb Code     0  entry5.o(.ARM.Collect$$$$00000004)
    _main_clock                              0x00026209   Thumb Code     0  entry7b.o(.ARM.Collect$$$$00000008)
    _main_cpp_init                           0x00026209   Thumb Code     0  entry8b.o(.ARM.Collect$$$$0000000A)
    _main_init                               0x00026209   Thumb Code     0  entry9a.o(.ARM.Collect$$$$0000000B)
    __rt_final_cpp                           0x00026211   Thumb Code     0  entry10a.o(.ARM.Collect$$$$0000000D)
    __rt_final_exit                          0x00026211   Thumb Code     0  entry11a.o(.ARM.Collect$$$$0000000F)
    __asm___12_nrf_atfifo_c_51f461e1__nrf_atfifo_wspace_req 0x00026215   Thumb Code    56  nrf_atfifo.o(.emb_text)
    __asm___12_nrf_atfifo_c_51f461e1__nrf_atfifo_wspace_close 0x0002624d   Thumb Code    18  nrf_atfifo.o(.emb_text)
    __asm___12_nrf_atfifo_c_51f461e1__nrf_atfifo_rspace_req 0x0002625f   Thumb Code    58  nrf_atfifo.o(.emb_text)
    __asm___12_nrf_atfifo_c_51f461e1__nrf_atfifo_rspace_close 0x00026299   Thumb Code    18  nrf_atfifo.o(.emb_text)
    __asm___12_nrf_atfifo_c_51f461e1__nrf_atfifo_space_clear 0x000262ab   Thumb Code    50  nrf_atfifo.o(.emb_text)
    __asm___12_nrf_atomic_c_85ca2469__nrf_atomic_internal_mov 0x000262dd   Thumb Code    24  nrf_atomic.o(.emb_text)
    __asm___12_nrf_atomic_c_85ca2469__nrf_atomic_internal_orr 0x000262f5   Thumb Code    26  nrf_atomic.o(.emb_text)
    __asm___12_nrf_atomic_c_85ca2469__nrf_atomic_internal_and 0x0002630f   Thumb Code    26  nrf_atomic.o(.emb_text)
    __asm___12_nrf_atomic_c_85ca2469__nrf_atomic_internal_eor 0x00026329   Thumb Code    26  nrf_atomic.o(.emb_text)
    __asm___12_nrf_atomic_c_85ca2469__nrf_atomic_internal_add 0x00026343   Thumb Code    26  nrf_atomic.o(.emb_text)
    __asm___12_nrf_atomic_c_85ca2469__nrf_atomic_internal_sub 0x0002635d   Thumb Code    26  nrf_atomic.o(.emb_text)
    __asm___12_nrf_atomic_c_85ca2469__nrf_atomic_internal_cmp_exch 0x00026377   Thumb Code    42  nrf_atomic.o(.emb_text)
    __asm___12_nrf_atomic_c_85ca2469__nrf_atomic_internal_sub_hs 0x000263a1   Thumb Code    30  nrf_atomic.o(.emb_text)
    Reset_Handler                            0x000263c1   Thumb Code     8  arm_startup_nrf52.o(.text)
    NMI_Handler                              0x000263c9   Thumb Code     2  arm_startup_nrf52.o(.text)
    HardFault_Handler                        0x000263cb   Thumb Code     2  arm_startup_nrf52.o(.text)
    MemoryManagement_Handler                 0x000263cd   Thumb Code     2  arm_startup_nrf52.o(.text)
    BusFault_Handler                         0x000263cf   Thumb Code     2  arm_startup_nrf52.o(.text)
    UsageFault_Handler                       0x000263d1   Thumb Code     2  arm_startup_nrf52.o(.text)
    SVC_Handler                              0x000263d3   Thumb Code     2  arm_startup_nrf52.o(.text)
    DebugMon_Handler                         0x000263d5   Thumb Code     2  arm_startup_nrf52.o(.text)
    PendSV_Handler                           0x000263d7   Thumb Code     2  arm_startup_nrf52.o(.text)
    SysTick_Handler                          0x000263d9   Thumb Code     2  arm_startup_nrf52.o(.text)
    CCM_AAR_IRQHandler                       0x000263db   Thumb Code     0  arm_startup_nrf52.o(.text)
    COMP_LPCOMP_IRQHandler                   0x000263db   Thumb Code     0  arm_startup_nrf52.o(.text)
    ECB_IRQHandler                           0x000263db   Thumb Code     0  arm_startup_nrf52.o(.text)
    FPU_IRQHandler                           0x000263db   Thumb Code     0  arm_startup_nrf52.o(.text)
    I2S_IRQHandler                           0x000263db   Thumb Code     0  arm_startup_nrf52.o(.text)
    MWU_IRQHandler                           0x000263db   Thumb Code     0  arm_startup_nrf52.o(.text)
    NFCT_IRQHandler                          0x000263db   Thumb Code     0  arm_startup_nrf52.o(.text)
    PDM_IRQHandler                           0x000263db   Thumb Code     0  arm_startup_nrf52.o(.text)
    PWM0_IRQHandler                          0x000263db   Thumb Code     0  arm_startup_nrf52.o(.text)
    PWM1_IRQHandler                          0x000263db   Thumb Code     0  arm_startup_nrf52.o(.text)
    PWM2_IRQHandler                          0x000263db   Thumb Code     0  arm_startup_nrf52.o(.text)
    QDEC_IRQHandler                          0x000263db   Thumb Code     0  arm_startup_nrf52.o(.text)
    RADIO_IRQHandler                         0x000263db   Thumb Code     0  arm_startup_nrf52.o(.text)
    RNG_IRQHandler                           0x000263db   Thumb Code     0  arm_startup_nrf52.o(.text)
    RTC0_IRQHandler                          0x000263db   Thumb Code     0  arm_startup_nrf52.o(.text)
    RTC2_IRQHandler                          0x000263db   Thumb Code     0  arm_startup_nrf52.o(.text)
    SPIM0_SPIS0_TWIM0_TWIS0_SPI0_TWI0_IRQHandler 0x000263db   Thumb Code     0  arm_startup_nrf52.o(.text)
    SPIM1_SPIS1_TWIM1_TWIS1_SPI1_TWI1_IRQHandler 0x000263db   Thumb Code     0  arm_startup_nrf52.o(.text)
    SPIM2_SPIS2_SPI2_IRQHandler              0x000263db   Thumb Code     0  arm_startup_nrf52.o(.text)
    SWI0_EGU0_IRQHandler                     0x000263db   Thumb Code     0  arm_startup_nrf52.o(.text)
    SWI1_EGU1_IRQHandler                     0x000263db   Thumb Code     0  arm_startup_nrf52.o(.text)
    SWI3_EGU3_IRQHandler                     0x000263db   Thumb Code     0  arm_startup_nrf52.o(.text)
    SWI4_EGU4_IRQHandler                     0x000263db   Thumb Code     0  arm_startup_nrf52.o(.text)
    SWI5_EGU5_IRQHandler                     0x000263db   Thumb Code     0  arm_startup_nrf52.o(.text)
    TEMP_IRQHandler                          0x000263db   Thumb Code     0  arm_startup_nrf52.o(.text)
    TIMER0_IRQHandler                        0x000263db   Thumb Code     0  arm_startup_nrf52.o(.text)
    TIMER1_IRQHandler                        0x000263db   Thumb Code     0  arm_startup_nrf52.o(.text)
    TIMER2_IRQHandler                        0x000263db   Thumb Code     0  arm_startup_nrf52.o(.text)
    TIMER3_IRQHandler                        0x000263db   Thumb Code     0  arm_startup_nrf52.o(.text)
    TIMER4_IRQHandler                        0x000263db   Thumb Code     0  arm_startup_nrf52.o(.text)
    WDT_IRQHandler                           0x000263db   Thumb Code     0  arm_startup_nrf52.o(.text)
    __rt_ctype_table                         0x000263e5   Thumb Code     4  ctype_o.o(.text)
    __aeabi_memcpy                           0x000263ed   Thumb Code    36  memcpya.o(.text)
    __aeabi_memcpy4                          0x000263ed   Thumb Code     0  memcpya.o(.text)
    __aeabi_memcpy8                          0x000263ed   Thumb Code     0  memcpya.o(.text)
    __aeabi_memset                           0x00026411   Thumb Code    14  memseta.o(.text)
    __aeabi_memset4                          0x00026411   Thumb Code     0  memseta.o(.text)
    __aeabi_memset8                          0x00026411   Thumb Code     0  memseta.o(.text)
    __aeabi_memclr                           0x0002641f   Thumb Code     4  memseta.o(.text)
    __aeabi_memclr4                          0x0002641f   Thumb Code     0  memseta.o(.text)
    __aeabi_memclr8                          0x0002641f   Thumb Code     0  memseta.o(.text)
    _memset$wrapper                          0x00026423   Thumb Code    18  memseta.o(.text)
    strlen                                   0x00026435   Thumb Code    14  strlen.o(.text)
    __scatterload                            0x00026445   Thumb Code    28  init.o(.text)
    __scatterload_rt2                        0x00026445   Thumb Code     0  init.o(.text)
    GPIOTE_IRQHandler                        0x00026469   Thumb Code   346  nrfx_gpiote.o(i.GPIOTE_IRQHandler)
    POWER_CLOCK_IRQHandler                   0x000265cd   Thumb Code    82  nrfx_clock.o(i.POWER_CLOCK_IRQHandler)
    RTC1_IRQHandler                          0x00026625   Thumb Code    12  drv_rtc.o(i.RTC1_IRQHandler)
    SAADC_IRQHandler                         0x00026635   Thumb Code   320  nrfx_saadc.o(i.SAADC_IRQHandler)
    SWI2_EGU2_IRQHandler                     0x0002677d   Thumb Code     4  nrf_sdh.o(i.SWI2_EGU2_IRQHandler)
    SystemInit                               0x00026781   Thumb Code   726  system_nrf52.o(i.SystemInit)
    UARTE0_UART0_IRQHandler                  0x00026a9d   Thumb Code     6  nrfx_prs.o(i.UARTE0_UART0_IRQHandler)
    __scatterload_copy                       0x00026aa9   Thumb Code    14  handlers.o(i.__scatterload_copy)
    __scatterload_null                       0x00026ab7   Thumb Code     2  handlers.o(i.__scatterload_null)
    __scatterload_zeroinit                   0x00026ab9   Thumb Code    14  handlers.o(i.__scatterload_zeroinit)
    adc_handle_timer                         0x00026aed   Thumb Code    18  app_adc.o(i.adc_handle_timer)
    advertising_init                         0x00026b05   Thumb Code   148  ble_spec.o(i.advertising_init)
    advertising_start                        0x00026ba5   Thumb Code    18  ble_spec.o(i.advertising_start)
    app_error_fault_handler                  0x00026bbd   Thumb Code    86  app_error_weak.o(i.app_error_fault_handler)
    app_error_handler_bare                   0x00026c41   Thumb Code    22  app_error.o(i.app_error_handler_bare)
    app_timer_cnt_get                        0x00026c59   Thumb Code     6  app_timer2.o(i.app_timer_cnt_get)
    app_timer_create                         0x00026c65   Thumb Code    22  app_timer2.o(i.app_timer_create)
    app_timer_init                           0x00026c7d   Thumb Code    70  app_timer2.o(i.app_timer_init)
    app_timer_start                          0x00026cd9   Thumb Code    48  app_timer2.o(i.app_timer_start)
    app_timer_stop                           0x00026d09   Thumb Code    12  app_timer2.o(i.app_timer_stop)
    app_util_critical_region_enter           0x00026d15   Thumb Code    64  app_util_platform.o(i.app_util_critical_region_enter)
    app_util_critical_region_exit            0x00026d5d   Thumb Code    46  app_util_platform.o(i.app_util_critical_region_exit)
    ble_advdata_encode                       0x00026ea1   Thumb Code   386  ble_advdata.o(i.ble_advdata_encode)
    ble_cb_ADC_change                        0x00027023   Thumb Code    46  cambien_service.o(i.ble_cb_ADC_change)
    ble_cb_chuyendong_change                 0x00027051   Thumb Code    46  cambien_service.o(i.ble_cb_chuyendong_change)
    ble_cb_init                              0x00027081   Thumb Code   252  cambien_service.o(i.ble_cb_init)
    ble_conn_params_init                     0x00027181   Thumb Code    90  ble_conn_params.o(i.ble_conn_params_init)
    ble_evt_handler                          0x0002745d   Thumb Code   182  ble_spec.o(i.ble_evt_handler)
    ble_srv_is_notification_enabled          0x00027541   Thumb Code     8  ble_srv_common.o(i.ble_srv_is_notification_enabled)
    ble_stack_init                           0x00027549   Thumb Code    46  ble_spec.o(i.ble_stack_init)
    buffer_is_empty                          0x00027639   Thumb Code    16  nrf_log_frontend.o(i.buffer_is_empty)
    characteristic_add                       0x000276c1   Thumb Code   400  ble_srv_common.o(i.characteristic_add)
    check_error_ble                          0x00027851   Thumb Code    30  cambien_service.o(i.check_error_ble)
    check_status                             0x00027871   Thumb Code     6  app_adc.o(i.check_status)
    conn_handle_list_get                     0x000278d9   Thumb Code    62  ble_conn_state.o(i.conn_handle_list_get)
    conn_params_error_handler                0x0002799f   Thumb Code     4  ble_spec.o(i.conn_params_error_handler)
    conn_params_init                         0x000279a5   Thumb Code    66  ble_spec.o(i.conn_params_init)
    create_ADC_timer                         0x00027a39   Thumb Code    46  app_adc.o(i.create_ADC_timer)
    drv_rtc_compare_disable                  0x00027b45   Thumb Code    20  drv_rtc.o(i.drv_rtc_compare_disable)
    drv_rtc_compare_pending                  0x00027b59   Thumb Code    14  drv_rtc.o(i.drv_rtc_compare_pending)
    drv_rtc_compare_set                      0x00027b67   Thumb Code    80  drv_rtc.o(i.drv_rtc_compare_set)
    drv_rtc_counter_get                      0x00027bb7   Thumb Code     8  drv_rtc.o(i.drv_rtc_counter_get)
    drv_rtc_init                             0x00027bc1   Thumb Code   144  drv_rtc.o(i.drv_rtc_init)
    drv_rtc_irq_trigger                      0x00027c95   Thumb Code    26  drv_rtc.o(i.drv_rtc_irq_trigger)
    drv_rtc_overflow_enable                  0x00027caf   Thumb Code     8  drv_rtc.o(i.drv_rtc_overflow_enable)
    drv_rtc_overflow_pending                 0x00027cb7   Thumb Code     8  drv_rtc.o(i.drv_rtc_overflow_pending)
    drv_rtc_start                            0x00027cbf   Thumb Code     8  drv_rtc.o(i.drv_rtc_start)
    drv_rtc_stop                             0x00027cc7   Thumb Code     8  drv_rtc.o(i.drv_rtc_stop)
    drv_rtc_windowed_compare_set             0x00027ccf   Thumb Code   222  drv_rtc.o(i.drv_rtc_windowed_compare_set)
    gap_params_init                          0x00027ddd   Thumb Code    80  ble_spec.o(i.gap_params_init)
    gatt_init                                0x00027e35   Thumb Code    22  ble_spec.o(i.gatt_init)
    get_adc_value                            0x00027e4d   Thumb Code     6  app_adc.o(i.get_adc_value)
    in_out1_handler                          0x00027e8d   Thumb Code    24  main.o(i.in_out1_handler)
    in_out2_handler                          0x00027ea9   Thumb Code    24  main.o(i.in_out2_handler)
    interrupt_init                           0x00027f7f   Thumb Code    18  main.o(i.interrupt_init)
    log_init                                 0x000280a1   Thumb Code    26  ble_spec.o(i.log_init)
    main                                     0x00028159   Thumb Code   162  main.o(i.main)
    nrf_atfifo_init                          0x000283db   Thumb Code    38  nrf_atfifo.o(i.nrf_atfifo_init)
    nrf_atfifo_item_alloc                    0x00028401   Thumb Code    22  nrf_atfifo.o(i.nrf_atfifo_item_alloc)
    nrf_atfifo_item_free                     0x00028417   Thumb Code    22  nrf_atfifo.o(i.nrf_atfifo_item_free)
    nrf_atfifo_item_get                      0x0002842d   Thumb Code    22  nrf_atfifo.o(i.nrf_atfifo_item_get)
    nrf_atfifo_item_put                      0x00028443   Thumb Code    22  nrf_atfifo.o(i.nrf_atfifo_item_put)
    nrf_atflags_clear                        0x00028459   Thumb Code    22  nrf_atflags.o(i.nrf_atflags_clear)
    nrf_atflags_get                          0x0002846f   Thumb Code    22  nrf_atflags.o(i.nrf_atflags_get)
    nrf_atflags_set                          0x00028485   Thumb Code    20  nrf_atflags.o(i.nrf_atflags_set)
    nrf_atomic_flag_clear_fetch              0x00028499   Thumb Code     6  nrf_atomic.o(i.nrf_atomic_flag_clear_fetch)
    nrf_atomic_flag_set                      0x0002849f   Thumb Code     6  nrf_atomic.o(i.nrf_atomic_flag_set)
    nrf_atomic_u32_add                       0x000284a5   Thumb Code    12  nrf_atomic.o(i.nrf_atomic_u32_add)
    nrf_atomic_u32_and                       0x000284b1   Thumb Code    12  nrf_atomic.o(i.nrf_atomic_u32_and)
    nrf_atomic_u32_fetch_and                 0x000284bd   Thumb Code    10  nrf_atomic.o(i.nrf_atomic_u32_fetch_and)
    nrf_atomic_u32_fetch_store               0x000284c7   Thumb Code    10  nrf_atomic.o(i.nrf_atomic_u32_fetch_store)
    nrf_atomic_u32_or                        0x000284d1   Thumb Code    12  nrf_atomic.o(i.nrf_atomic_u32_or)
    nrf_atomic_u32_sub                       0x000284dd   Thumb Code    12  nrf_atomic.o(i.nrf_atomic_u32_sub)
    nrf_balloc_alloc                         0x000284e9   Thumb Code    68  nrf_balloc.o(i.nrf_balloc_alloc)
    nrf_balloc_free                          0x0002852d   Thumb Code    48  nrf_balloc.o(i.nrf_balloc_free)
    nrf_balloc_init                          0x0002855d   Thumb Code    48  nrf_balloc.o(i.nrf_balloc_init)
    nrf_ble_gatt_init                        0x000285b1   Thumb Code    34  nrf_ble_gatt.o(i.nrf_ble_gatt_init)
    nrf_ble_gatt_on_ble_evt                  0x000285d5   Thumb Code   270  nrf_ble_gatt.o(i.nrf_ble_gatt_on_ble_evt)
    nrf_drv_clock_init                       0x00028745   Thumb Code    48  nrf_drv_clock.o(i.nrf_drv_clock_init)
    nrf_drv_clock_lfclk_release              0x0002877d   Thumb Code    42  nrf_drv_clock.o(i.nrf_drv_clock_lfclk_release)
    nrf_drv_uart_init                        0x000287ad   Thumb Code    90  nrf_drv_uart.o(i.nrf_drv_uart_init)
    nrf_fprintf                              0x00028815   Thumb Code    26  nrf_fprintf.o(i.nrf_fprintf)
    nrf_fprintf_buffer_flush                 0x0002882f   Thumb Code    24  nrf_fprintf.o(i.nrf_fprintf_buffer_flush)
    nrf_fprintf_fmt                          0x00028847   Thumb Code   474  nrf_fprintf_format.o(i.nrf_fprintf_fmt)
    nrf_log_backend_add                      0x00028b6d   Thumb Code    86  nrf_log_frontend.o(i.nrf_log_backend_add)
    nrf_log_backend_serial_put               0x00028bc9   Thumb Code   200  nrf_log_backend_serial.o(i.nrf_log_backend_serial_put)
    nrf_log_backend_uart_init                0x00028c93   Thumb Code     6  nrf_log_backend_uart.o(i.nrf_log_backend_uart_init)
    nrf_log_color_id_get                     0x00028cdd   Thumb Code    42  nrf_log_frontend.o(i.nrf_log_color_id_get)
    nrf_log_default_backends_init            0x00028d0d   Thumb Code    24  nrf_log_default_backends.o(i.nrf_log_default_backends_init)
    nrf_log_frontend_dequeue                 0x00028d29   Thumb Code   528  nrf_log_frontend.o(i.nrf_log_frontend_dequeue)
    nrf_log_frontend_std_0                   0x00028f5d   Thumb Code     8  nrf_log_frontend.o(i.nrf_log_frontend_std_0)
    nrf_log_frontend_std_1                   0x00028f65   Thumb Code    14  nrf_log_frontend.o(i.nrf_log_frontend_std_1)
    nrf_log_frontend_std_2                   0x00028f73   Thumb Code    16  nrf_log_frontend.o(i.nrf_log_frontend_std_2)
    nrf_log_hexdump_entry_process            0x00028f85   Thumb Code   150  nrf_log_str_formatter.o(i.nrf_log_hexdump_entry_process)
    nrf_log_init                             0x00029035   Thumb Code    46  nrf_log_frontend.o(i.nrf_log_init)
    nrf_log_module_cnt_get                   0x00029071   Thumb Code    10  nrf_log_frontend.o(i.nrf_log_module_cnt_get)
    nrf_log_module_name_get                  0x00029085   Thumb Code    24  nrf_log_frontend.o(i.nrf_log_module_name_get)
    nrf_log_panic                            0x000290a1   Thumb Code    38  nrf_log_frontend.o(i.nrf_log_panic)
    nrf_log_std_entry_process                0x000290cd   Thumb Code   182  nrf_log_str_formatter.o(i.nrf_log_std_entry_process)
    nrf_memobj_alloc                         0x00029183   Thumb Code    96  nrf_memobj.o(i.nrf_memobj_alloc)
    nrf_memobj_free                          0x000291e3   Thumb Code    50  nrf_memobj.o(i.nrf_memobj_free)
    nrf_memobj_get                           0x00029215   Thumb Code     8  nrf_memobj.o(i.nrf_memobj_get)
    nrf_memobj_pool_init                     0x0002921d   Thumb Code     4  nrf_memobj.o(i.nrf_memobj_pool_init)
    nrf_memobj_put                           0x00029221   Thumb Code    30  nrf_memobj.o(i.nrf_memobj_put)
    nrf_memobj_read                          0x0002923f   Thumb Code    16  nrf_memobj.o(i.nrf_memobj_read)
    nrf_memobj_write                         0x0002924f   Thumb Code    16  nrf_memobj.o(i.nrf_memobj_write)
    nrf_pwr_mgmt_init                        0x00029261   Thumb Code    28  nrf_pwr_mgmt.o(i.nrf_pwr_mgmt_init)
    nrf_pwr_mgmt_run                         0x00029289   Thumb Code    64  nrf_pwr_mgmt.o(i.nrf_pwr_mgmt_run)
    nrf_ringbuf_init                         0x000292cd   Thumb Code    28  nrf_ringbuf.o(i.nrf_ringbuf_init)
    nrf_sdh_ble_app_ram_start_get            0x0002934d   Thumb Code    16  nrf_sdh_ble.o(i.nrf_sdh_ble_app_ram_start_get)
    nrf_sdh_ble_default_cfg_set              0x00029361   Thumb Code   228  nrf_sdh_ble.o(i.nrf_sdh_ble_default_cfg_set)
    nrf_sdh_ble_enable                       0x00029461   Thumb Code   116  nrf_sdh_ble.o(i.nrf_sdh_ble_enable)
    nrf_sdh_enable_request                   0x000295ed   Thumb Code   102  nrf_sdh.o(i.nrf_sdh_enable_request)
    nrf_sdh_evts_poll                        0x00029661   Thumb Code    32  nrf_sdh.o(i.nrf_sdh_evts_poll)
    nrf_sdh_is_enabled                       0x00029685   Thumb Code     6  nrf_sdh.o(i.nrf_sdh_is_enabled)
    nrf_section_iter_init                    0x000296cd   Thumb Code    10  nrf_section_iter.o(i.nrf_section_iter_init)
    nrf_section_iter_next                    0x000296fb   Thumb Code    32  nrf_section_iter.o(i.nrf_section_iter_next)
    nrf_sortlist_add                         0x0002971b   Thumb Code    34  nrf_sortlist.o(i.nrf_sortlist_add)
    nrf_sortlist_peek                        0x0002973d   Thumb Code     6  nrf_sortlist.o(i.nrf_sortlist_peek)
    nrf_sortlist_pop                         0x00029743   Thumb Code    14  nrf_sortlist.o(i.nrf_sortlist_pop)
    nrf_sortlist_remove                      0x00029751   Thumb Code    30  nrf_sortlist.o(i.nrf_sortlist_remove)
    nrf_strerror_find                        0x00029771   Thumb Code    52  nrf_strerror.o(i.nrf_strerror_find)
    nrf_strerror_get                         0x000297a9   Thumb Code    14  nrf_strerror.o(i.nrf_strerror_get)
    nrfx_clock_enable                        0x000297f5   Thumb Code    34  nrfx_clock.o(i.nrfx_clock_enable)
    nrfx_clock_init                          0x00029821   Thumb Code    26  nrfx_clock.o(i.nrfx_clock_init)
    nrfx_clock_lfclk_stop                    0x00029841   Thumb Code    20  nrfx_clock.o(i.nrfx_clock_lfclk_stop)
    nrfx_gpiote_in_event_enable              0x0002987d   Thumb Code   156  nrfx_gpiote.o(i.nrfx_gpiote_in_event_enable)
    nrfx_gpiote_in_init                      0x00029921   Thumb Code   194  nrfx_gpiote.o(i.nrfx_gpiote_in_init)
    nrfx_gpiote_init                         0x000299f1   Thumb Code    94  nrfx_gpiote.o(i.nrfx_gpiote_init)
    nrfx_prs_acquire                         0x00029a6d   Thumb Code    58  nrfx_prs.o(i.nrfx_prs_acquire)
    nrfx_prs_release                         0x00029aa7   Thumb Code    18  nrfx_prs.o(i.nrfx_prs_release)
    nrfx_saadc_buffer_convert                0x00029ab9   Thumb Code   154  nrfx_saadc.o(i.nrfx_saadc_buffer_convert)
    nrfx_saadc_channel_init                  0x00029b5d   Thumb Code   160  nrfx_saadc.o(i.nrfx_saadc_channel_init)
    nrfx_saadc_channel_uninit                0x00029c09   Thumb Code    62  nrfx_saadc.o(i.nrfx_saadc_channel_uninit)
    nrfx_saadc_init                          0x00029c4d   Thumb Code   130  nrfx_saadc.o(i.nrfx_saadc_init)
    nrfx_saadc_limits_set                    0x00029ce1   Thumb Code   120  nrfx_saadc.o(i.nrfx_saadc_limits_set)
    nrfx_saadc_sample                        0x00029d61   Thumb Code    34  nrfx_saadc.o(i.nrfx_saadc_sample)
    nrfx_saadc_uninit                        0x00029d8d   Thumb Code    94  nrfx_saadc.o(i.nrfx_saadc_uninit)
    nrfx_uart_0_irq_handler                  0x00029df9   Thumb Code     8  nrfx_uart.o(i.nrfx_uart_0_irq_handler)
    nrfx_uart_init                           0x00029e09   Thumb Code   196  nrfx_uart.o(i.nrfx_uart_init)
    nrfx_uart_tx                             0x00029ed9   Thumb Code   162  nrfx_uart.o(i.nrfx_uart_tx)
    nrfx_uart_tx_in_progress                 0x00029f81   Thumb Code    26  nrfx_uart.o(i.nrfx_uart_tx_in_progress)
    nrfx_uart_uninit                         0x00029fa1   Thumb Code   170  nrfx_uart.o(i.nrfx_uart_uninit)
    nrfx_uarte_0_irq_handler                 0x0002a055   Thumb Code     8  nrfx_uarte.o(i.nrfx_uarte_0_irq_handler)
    nrfx_uarte_init                          0x0002a065   Thumb Code   100  nrfx_uarte.o(i.nrfx_uarte_init)
    nrfx_uarte_tx                            0x0002a0d1   Thumb Code   166  nrfx_uarte.o(i.nrfx_uarte_tx)
    nrfx_uarte_tx_in_progress                0x0002a17d   Thumb Code    22  nrfx_uarte.o(i.nrfx_uarte_tx_in_progress)
    nrfx_uarte_uninit                        0x0002a199   Thumb Code   214  nrfx_uarte.o(i.nrfx_uarte_uninit)
    on_conn_params_evt                       0x0002a279   Thumb Code    24  ble_spec.o(i.on_conn_params_evt)
    out1_interrupt_init                      0x0002a3e9   Thumb Code    46  main.o(i.out1_interrupt_init)
    out2_interrupt_init                      0x0002a41d   Thumb Code    46  main.o(i.out2_interrupt_init)
    saadc_callback                           0x0002a701   Thumb Code    86  app_adc.o(i.saadc_callback)
    saadc_init                               0x0002a76d   Thumb Code    72  app_adc.o(i.saadc_init)
    services_init                            0x0002a945   Thumb Code    20  ble_spec.o(i.services_init)
    set_BLE_para                             0x0002a959   Thumb Code    32  ble_spec.o(i.set_BLE_para)
    systick_handle                           0x0002aac5   Thumb Code    10  main.o(i.systick_handle)
    task_adc                                 0x0002aad5   Thumb Code    44  main.o(i.task_adc)
    task_chuyendong                          0x0002ab09   Thumb Code    60  main.o(i.task_chuyendong)
    turn_off_saadc_driver                    0x0002ac55   Thumb Code    32  app_adc.o(i.turn_off_saadc_driver)
    nrf_log_backend_uart_api                 0x0002b3a8   Data          12  nrf_log_backend_uart.o(.constdata)
    m_ram_start                              0x0002b458   Data           4  nrf_sdh_ble.o(.constdata)
    __ctype_table                            0x0002b484   Data         129  ctype_o.o(.constdata)
    Region$$Table$$Base                      0x0002bc38   Number         0  anon$$obj.o(Region$$Table)
    Region$$Table$$Limit                     0x0002bc58   Number         0  anon$$obj.o(Region$$Table)
    log_const_data$$Base                     0x0002bc68   Number         0  nrf_ble_gatt.o(log_const_data)
    m_nrf_log_nrf_ble_gatt_logs_data_const   0x0002bc68   Data           8  nrf_ble_gatt.o(log_const_data)
    m_nrf_log_clock_logs_data_const          0x0002bc70   Data           8  nrf_drv_clock.o(log_const_data)
    m_nrf_log_CLOCK_logs_data_const          0x0002bc78   Data           8  nrfx_clock.o(log_const_data)
    m_nrf_log_GPIOTE_logs_data_const         0x0002bc80   Data           8  nrfx_gpiote.o(log_const_data)
    m_nrf_log_PRS_logs_data_const            0x0002bc88   Data           8  nrfx_prs.o(log_const_data)
    m_nrf_log_UART_logs_data_const           0x0002bc90   Data           8  nrfx_uart.o(log_const_data)
    m_nrf_log_UARTE_logs_data_const          0x0002bc98   Data           8  nrfx_uarte.o(log_const_data)
    m_nrf_log_SAADC_logs_data_const          0x0002bca0   Data           8  nrfx_saadc.o(log_const_data)
    m_nrf_log_app_button_logs_data_const     0x0002bca8   Data           8  app_button.o(log_const_data)
    m_nrf_log_app_timer_logs_data_const      0x0002bcb0   Data           8  app_timer2.o(log_const_data)
    m_nrf_log_pwr_mgmt_logs_data_const       0x0002bcb8   Data           8  nrf_pwr_mgmt.o(log_const_data)
    m_nrf_log_sortlist_logs_data_const       0x0002bcc0   Data           8  nrf_sortlist.o(log_const_data)
    m_nrf_log_app_logs_data_const            0x0002bcc8   Data           8  nrf_log_frontend.o(log_const_data)
    m_nrf_log_nrf_sdh_logs_data_const        0x0002bcd0   Data           8  nrf_sdh.o(log_const_data)
    m_nrf_log_nrf_sdh_ble_logs_data_const    0x0002bcd8   Data           8  nrf_sdh_ble.o(log_const_data)
    m_nrf_log_nrf_sdh_soc_logs_data_const    0x0002bce0   Data           8  nrf_sdh_soc.o(log_const_data)
    log_const_data$$Limit                    0x0002bce8   Number         0  nrf_sdh_soc.o(log_const_data)
    log_mempool                              0x0002bce8   Data          20  nrf_log_frontend.o(nrf_balloc)
    sdh_ble_observers0$$Base                 0x0002bcfc   Number         0  ble_conn_state.o(sdh_ble_observers0)
    sdh_ble_observers0$$Limit                0x0002bd04   Number         0  ble_conn_state.o(sdh_ble_observers0)
    sdh_ble_observers1$$Base                 0x0002bd04   Number         0  main.o(sdh_ble_observers1)
    sdh_ble_observers1$$Limit                0x0002bd14   Number         0  ble_conn_params.o(sdh_ble_observers1)
    sdh_ble_observers3$$Base                 0x0002bd14   Number         0  ble_spec.o(sdh_ble_observers3)
    sdh_ble_observers3$$Limit                0x0002bd1c   Number         0  ble_spec.o(sdh_ble_observers3)
    sdh_soc_observers0$$Base                 0x0002bd1c   Number         0  nrf_drv_clock.o(sdh_soc_observers0)
    sdh_soc_observers0$$Limit                0x0002bd24   Number         0  nrf_drv_clock.o(sdh_soc_observers0)
    sdh_stack_observers0$$Base               0x0002bd24   Number         0  nrf_sdh_ble.o(sdh_stack_observers0)
    sdh_stack_observers0$$Limit              0x0002bd34   Number         0  nrf_sdh_soc.o(sdh_stack_observers0)
    sdh_state_observers0$$Base               0x0002bd34   Number         0  nrf_drv_clock.o(sdh_state_observers0)
    sdh_state_observers0$$Limit              0x0002bd3c   Number         0  nrf_drv_clock.o(sdh_state_observers0)
    Image$$RW_IRAM1$$Base                    0x200022f0   Number         0  anon$$obj.o ABSOLUTE
    SystemCoreClock                          0x200022f0   Data           4  system_nrf52.o(.data)
    TU_FLAG                                  0x200022f4   Data           1  main.o(.data)
    pir_pre_state                            0x200022f5   Data           1  main.o(.data)
    task_state                               0x200022f6   Data           1  main.o(.data)
    task_pre_state                           0x200022f7   Data           1  main.o(.data)
    pir_state                                0x200022f8   Data           1  main.o(.data)
    tu_logic_level                           0x200022f9   Data           1  main.o(.data)
    m_conn_handle                            0x200022fa   Data           2  main.o(.data)
    sys_tick                                 0x200022fc   Data           4  main.o(.data)
    m_adv_handle                             0x20002300   Data           1  main.o(.data)
    nrf_drv_uart_use_easy_dma                0x20002314   Data           1  nrf_drv_uart.o(.data)
    m_uart                                   0x2000236c   Data          20  nrf_log_backend_uart.o(.data)
    m_cb                                     0x20002414   Data          28  main.o(.bss)
    m_enc_advdata                            0x20002430   Data          31  main.o(.bss)
    m_enc_scan_response_data                 0x2000244f   Data          31  main.o(.bss)
    m_adv_data                               0x20002470   Data          16  main.o(.bss)
    nrf_nvic_state                           0x200026c8   Data          12  app_util_platform.o(.bss)
    __initial_sp                             0x20004ca0   Data           0  arm_startup_nrf52.o(STACK)



==============================================================================

Memory Map of the image

  Image Entry point : 0x00026201

  Load Region LR_IROM1 (Base: 0x00026000, Size: 0x00005e28, Max: 0x0005a000, ABSOLUTE)

    Execution Region ER_IROM1 (Exec base: 0x00026000, Load base: 0x00026000, Size: 0x00005d3c, Max: 0x0005a000, ABSOLUTE)

    Exec Addr    Load Addr    Size         Type   Attr      Idx    E Section Name        Object

    0x00026000   0x00026000   0x00000200   Data   RO            3    RESET               arm_startup_nrf52.o
    0x00026200   0x00026200   0x00000000   Code   RO         5264  * .ARM.Collect$$$$00000000  mc_w.l(entry.o)
    0x00026200   0x00026200   0x00000004   Code   RO         5316    .ARM.Collect$$$$00000001  mc_w.l(entry2.o)
    0x00026204   0x00026204   0x00000004   Code   RO         5319    .ARM.Collect$$$$00000004  mc_w.l(entry5.o)
    0x00026208   0x00026208   0x00000000   Code   RO         5321    .ARM.Collect$$$$00000008  mc_w.l(entry7b.o)
    0x00026208   0x00026208   0x00000000   Code   RO         5323    .ARM.Collect$$$$0000000A  mc_w.l(entry8b.o)
    0x00026208   0x00026208   0x00000008   Code   RO         5324    .ARM.Collect$$$$0000000B  mc_w.l(entry9a.o)
    0x00026210   0x00026210   0x00000000   Code   RO         5326    .ARM.Collect$$$$0000000D  mc_w.l(entry10a.o)
    0x00026210   0x00026210   0x00000000   Code   RO         5328    .ARM.Collect$$$$0000000F  mc_w.l(entry11a.o)
    0x00026210   0x00026210   0x00000004   Code   RO         5317    .ARM.Collect$$$$00002712  mc_w.l(entry2.o)
    0x00026214   0x00026214   0x000000c8   Code   RO         3558    .emb_text           nrf_atfifo.o
    0x000262dc   0x000262dc   0x000000e2   Code   RO         3694    .emb_text           nrf_atomic.o
    0x000263be   0x000263be   0x00000002   PAD
    0x000263c0   0x000263c0   0x00000024   Code   RO            4    .text               arm_startup_nrf52.o
    0x000263e4   0x000263e4   0x00000008   Code   RO         5274    .text               mc_w.l(ctype_o.o)
    0x000263ec   0x000263ec   0x00000024   Code   RO         5302    .text               mc_w.l(memcpya.o)
    0x00026410   0x00026410   0x00000024   Code   RO         5304    .text               mc_w.l(memseta.o)
    0x00026434   0x00026434   0x0000000e   Code   RO         5306    .text               mc_w.l(strlen.o)
    0x00026442   0x00026442   0x00000002   PAD
    0x00026444   0x00026444   0x00000024   Code   RO         5332    .text               mc_w.l(init.o)
    0x00026468   0x00026468   0x00000164   Code   RO         2071    i.GPIOTE_IRQHandler  nrfx_gpiote.o
    0x000265cc   0x000265cc   0x00000058   Code   RO         1933    i.POWER_CLOCK_IRQHandler  nrfx_clock.o
    0x00026624   0x00026624   0x00000010   Code   RO         3350    i.RTC1_IRQHandler   drv_rtc.o
    0x00026634   0x00026634   0x00000148   Code   RO         2742    i.SAADC_IRQHandler  nrfx_saadc.o
    0x0002677c   0x0002677c   0x00000004   Code   RO         5057    i.SWI2_EGU2_IRQHandler  nrf_sdh.o
    0x00026780   0x00026780   0x0000031c   Code   RO           14    i.SystemInit        system_nrf52.o
    0x00026a9c   0x00026a9c   0x0000000c   Code   RO         2340    i.UARTE0_UART0_IRQHandler  nrfx_prs.o
    0x00026aa8   0x00026aa8   0x0000000e   Code   RO         5336    i.__scatterload_copy  mc_w.l(handlers.o)
    0x00026ab6   0x00026ab6   0x00000002   Code   RO         5337    i.__scatterload_null  mc_w.l(handlers.o)
    0x00026ab8   0x00026ab8   0x0000000e   Code   RO         5338    i.__scatterload_zeroinit  mc_w.l(handlers.o)
    0x00026ac6   0x00026ac6   0x00000002   PAD
    0x00026ac8   0x00026ac8   0x00000024   Code   RO         5058    i.__sd_nvic_app_accessible_irq  nrf_sdh.o
    0x00026aec   0x00026aec   0x00000018   Code   RO         1510    i.adc_handle_timer  app_adc.o
    0x00026b04   0x00026b04   0x000000a0   Code   RO         1351    i.advertising_init  ble_spec.o
    0x00026ba4   0x00026ba4   0x00000018   Code   RO         1352    i.advertising_start  ble_spec.o
    0x00026bbc   0x00026bbc   0x00000084   Code   RO         3050    i.app_error_fault_handler  app_error_weak.o
    0x00026c40   0x00026c40   0x00000016   Code   RO         2990    i.app_error_handler_bare  app_error.o
    0x00026c56   0x00026c56   0x00000002   PAD
    0x00026c58   0x00026c58   0x0000000c   Code   RO         3141    i.app_timer_cnt_get  app_timer2.o
    0x00026c64   0x00026c64   0x00000016   Code   RO         3142    i.app_timer_create  app_timer2.o
    0x00026c7a   0x00026c7a   0x00000002   PAD
    0x00026c7c   0x00026c7c   0x0000005c   Code   RO         3143    i.app_timer_init    app_timer2.o
    0x00026cd8   0x00026cd8   0x00000030   Code   RO         3146    i.app_timer_start   app_timer2.o
    0x00026d08   0x00026d08   0x0000000c   Code   RO         3147    i.app_timer_stop    app_timer2.o
    0x00026d14   0x00026d14   0x00000048   Code   RO         3282    i.app_util_critical_region_enter  app_util_platform.o
    0x00026d5c   0x00026d5c   0x00000034   Code   RO         3283    i.app_util_critical_region_exit  app_util_platform.o
    0x00026d90   0x00026d90   0x00000088   Code   RO         2394    i.apply_config      nrfx_uart.o
    0x00026e18   0x00026e18   0x00000088   Code   RO         2582    i.apply_config      nrfx_uarte.o
    0x00026ea0   0x00026ea0   0x00000182   Code   RO          664    i.ble_advdata_encode  ble_advdata.o
    0x00027022   0x00027022   0x0000002e   Code   RO         1240    i.ble_cb_ADC_change  cambien_service.o
    0x00027050   0x00027050   0x0000002e   Code   RO         1241    i.ble_cb_chuyendong_change  cambien_service.o
    0x0002707e   0x0002707e   0x00000002   PAD
    0x00027080   0x00027080   0x00000100   Code   RO         1242    i.ble_cb_init       cambien_service.o
    0x00027180   0x00027180   0x00000068   Code   RO          780    i.ble_conn_params_init  ble_conn_params.o
    0x000271e8   0x000271e8   0x00000060   Code   RO          670    i.ble_device_addr_encode  ble_advdata.o
    0x00027248   0x00027248   0x000000fc   Code   RO          782    i.ble_evt_handler   ble_conn_params.o
    0x00027344   0x00027344   0x00000118   Code   RO          879    i.ble_evt_handler   ble_conn_state.o
    0x0002745c   0x0002745c   0x000000e4   Code   RO         1354    i.ble_evt_handler   ble_spec.o
    0x00027540   0x00027540   0x00000008   Code   RO         1034    i.ble_srv_is_notification_enabled  ble_srv_common.o
    0x00027548   0x00027548   0x0000002e   Code   RO         1355    i.ble_stack_init    ble_spec.o
    0x00027576   0x00027576   0x00000002   PAD
    0x00027578   0x00027578   0x00000090   Code   RO         4457    i.buf_prealloc      nrf_log_frontend.o
    0x00027608   0x00027608   0x0000002e   Code   RO         3906    i.buffer_add        nrf_fprintf_format.o
    0x00027636   0x00027636   0x00000002   PAD
    0x00027638   0x00027638   0x00000014   Code   RO         4458    i.buffer_is_empty   nrf_log_frontend.o
    0x0002764c   0x0002764c   0x0000001c   Code   RO         2072    i.channel_free      nrfx_gpiote.o
    0x00027668   0x00027668   0x00000048   Code   RO         2073    i.channel_port_alloc  nrfx_gpiote.o
    0x000276b0   0x000276b0   0x00000010   Code   RO         2074    i.channel_port_get  nrfx_gpiote.o
    0x000276c0   0x000276c0   0x00000190   Code   RO         1036    i.characteristic_add  ble_srv_common.o
    0x00027850   0x00027850   0x0000001e   Code   RO         1245    i.check_error_ble   cambien_service.o
    0x0002786e   0x0002786e   0x00000002   PAD
    0x00027870   0x00027870   0x0000000c   Code   RO         1511    i.check_status      app_adc.o
    0x0002787c   0x0002787c   0x00000028   Code   RO         1587    i.clock_clk_started_notify  nrf_drv_clock.o
    0x000278a4   0x000278a4   0x0000001c   Code   RO         1588    i.clock_irq_handler  nrf_drv_clock.o
    0x000278c0   0x000278c0   0x00000018   Code   RO         3149    i.compare_func      app_timer2.o
    0x000278d8   0x000278d8   0x0000003e   Code   RO          880    i.conn_handle_list_get  ble_conn_state.o
    0x00027916   0x00027916   0x00000088   Code   RO          671    i.conn_int_encode   ble_advdata.o
    0x0002799e   0x0002799e   0x00000004   Code   RO         1356    i.conn_params_error_handler  ble_spec.o
    0x000279a2   0x000279a2   0x00000002   PAD
    0x000279a4   0x000279a4   0x0000004c   Code   RO         1357    i.conn_params_init  ble_spec.o
    0x000279f0   0x000279f0   0x00000048   Code   RO          783    i.conn_params_negotiation  ble_conn_params.o
    0x00027a38   0x00027a38   0x00000038   Code   RO         1512    i.create_ADC_timer  app_adc.o
    0x00027a70   0x00027a70   0x000000c0   Code   RO         1094    i.data_length_update  nrf_ble_gatt.o
    0x00027b30   0x00027b30   0x00000014   Code   RO         4459    i.dropped_sat16_get  nrf_log_frontend.o
    0x00027b44   0x00027b44   0x00000014   Code   RO         3351    i.drv_rtc_compare_disable  drv_rtc.o
    0x00027b58   0x00027b58   0x0000000e   Code   RO         3353    i.drv_rtc_compare_pending  drv_rtc.o
    0x00027b66   0x00027b66   0x00000050   Code   RO         3354    i.drv_rtc_compare_set  drv_rtc.o
    0x00027bb6   0x00027bb6   0x00000008   Code   RO         3355    i.drv_rtc_counter_get  drv_rtc.o
    0x00027bbe   0x00027bbe   0x00000002   PAD
    0x00027bc0   0x00027bc0   0x000000d4   Code   RO         3356    i.drv_rtc_init      drv_rtc.o
    0x00027c94   0x00027c94   0x0000001a   Code   RO         3357    i.drv_rtc_irq_trigger  drv_rtc.o
    0x00027cae   0x00027cae   0x00000008   Code   RO         3359    i.drv_rtc_overflow_enable  drv_rtc.o
    0x00027cb6   0x00027cb6   0x00000008   Code   RO         3360    i.drv_rtc_overflow_pending  drv_rtc.o
    0x00027cbe   0x00027cbe   0x00000008   Code   RO         3361    i.drv_rtc_start     drv_rtc.o
    0x00027cc6   0x00027cc6   0x00000008   Code   RO         3362    i.drv_rtc_stop      drv_rtc.o
    0x00027cce   0x00027cce   0x000000de   Code   RO         3367    i.drv_rtc_windowed_compare_set  drv_rtc.o
    0x00027dac   0x00027dac   0x00000012   Code   RO         3368    i.evt_enable        drv_rtc.o
    0x00027dbe   0x00027dbe   0x00000014   Code   RO         3369    i.evt_pending       drv_rtc.o
    0x00027dd2   0x00027dd2   0x0000000a   Code   RO          881    i.flag_toggle       ble_conn_state.o
    0x00027ddc   0x00027ddc   0x00000058   Code   RO         1358    i.gap_params_init   ble_spec.o
    0x00027e34   0x00027e34   0x00000016   Code   RO         1359    i.gatt_init         ble_spec.o
    0x00027e4a   0x00027e4a   0x00000002   PAD
    0x00027e4c   0x00027e4c   0x0000000c   Code   RO         1513    i.get_adc_value     app_adc.o
    0x00027e58   0x00027e58   0x00000034   Code   RO         3150    i.get_now           app_timer2.o
    0x00027e8c   0x00027e8c   0x0000001c   Code   RO           93    i.in_out1_handler   main.o
    0x00027ea8   0x00027ea8   0x0000001c   Code   RO           94    i.in_out2_handler   main.o
    0x00027ec4   0x00027ec4   0x00000014   Code   RO          784    i.instance_get      ble_conn_params.o
    0x00027ed8   0x00027ed8   0x000000a6   Code   RO         3907    i.int_print         nrf_fprintf_format.o
    0x00027f7e   0x00027f7e   0x00000012   Code   RO           96    i.interrupt_init    main.o
    0x00027f90   0x00027f90   0x00000084   Code   RO         2583    i.interrupts_enable  nrfx_uarte.o
    0x00028014   0x00028014   0x00000034   Code   RO         4460    i.invalid_packets_omit  nrf_log_frontend.o
    0x00028048   0x00028048   0x00000044   Code   RO          785    i.is_conn_params_ok  ble_conn_params.o
    0x0002808c   0x0002808c   0x00000014   Code   RO         1095    i.link_init         nrf_ble_gatt.o
    0x000280a0   0x000280a0   0x0000001a   Code   RO         1361    i.log_init          ble_spec.o
    0x000280ba   0x000280ba   0x00000002   PAD
    0x000280bc   0x000280bc   0x0000009c   Code   RO         4461    i.log_skip          nrf_log_frontend.o
    0x00028158   0x00028158   0x000000c8   Code   RO           97    i.main              main.o
    0x00028220   0x00028220   0x00000064   Code   RO          672    i.manuf_specific_data_encode  ble_advdata.o
    0x00028284   0x00028284   0x0000007e   Code   RO         3946    i.memobj_op         nrf_memobj.o
    0x00028302   0x00028302   0x00000002   PAD
    0x00028304   0x00028304   0x00000030   Code   RO         4462    i.module_idx_get    nrf_log_frontend.o
    0x00028334   0x00028334   0x000000a6   Code   RO          673    i.name_encode       ble_advdata.o
    0x000283da   0x000283da   0x00000026   Code   RO         3562    i.nrf_atfifo_init   nrf_atfifo.o
    0x00028400   0x00028400   0x00000016   Code   RO         3563    i.nrf_atfifo_item_alloc  nrf_atfifo.o
    0x00028416   0x00028416   0x00000016   Code   RO         3564    i.nrf_atfifo_item_free  nrf_atfifo.o
    0x0002842c   0x0002842c   0x00000016   Code   RO         3565    i.nrf_atfifo_item_get  nrf_atfifo.o
    0x00028442   0x00028442   0x00000016   Code   RO         3566    i.nrf_atfifo_item_put  nrf_atfifo.o
    0x00028458   0x00028458   0x00000016   Code   RO         3628    i.nrf_atflags_clear  nrf_atflags.o
    0x0002846e   0x0002846e   0x00000016   Code   RO         3633    i.nrf_atflags_get   nrf_atflags.o
    0x00028484   0x00028484   0x00000014   Code   RO         3635    i.nrf_atflags_set   nrf_atflags.o
    0x00028498   0x00028498   0x00000006   Code   RO         3696    i.nrf_atomic_flag_clear_fetch  nrf_atomic.o
    0x0002849e   0x0002849e   0x00000006   Code   RO         3697    i.nrf_atomic_flag_set  nrf_atomic.o
    0x000284a4   0x000284a4   0x0000000c   Code   RO         3699    i.nrf_atomic_u32_add  nrf_atomic.o
    0x000284b0   0x000284b0   0x0000000c   Code   RO         3700    i.nrf_atomic_u32_and  nrf_atomic.o
    0x000284bc   0x000284bc   0x0000000a   Code   RO         3703    i.nrf_atomic_u32_fetch_and  nrf_atomic.o
    0x000284c6   0x000284c6   0x0000000a   Code   RO         3705    i.nrf_atomic_u32_fetch_store  nrf_atomic.o
    0x000284d0   0x000284d0   0x0000000c   Code   RO         3709    i.nrf_atomic_u32_or  nrf_atomic.o
    0x000284dc   0x000284dc   0x0000000c   Code   RO         3711    i.nrf_atomic_u32_sub  nrf_atomic.o
    0x000284e8   0x000284e8   0x00000044   Code   RO         3830    i.nrf_balloc_alloc  nrf_balloc.o
    0x0002852c   0x0002852c   0x00000030   Code   RO         3831    i.nrf_balloc_free   nrf_balloc.o
    0x0002855c   0x0002855c   0x00000030   Code   RO         3832    i.nrf_balloc_init   nrf_balloc.o
    0x0002858c   0x0002858c   0x00000010   Code   RO         2075    i.nrf_bitmask_bit_is_set  nrfx_gpiote.o
    0x0002859c   0x0002859c   0x00000014   Code   RO         2076    i.nrf_bitmask_bit_set  nrfx_gpiote.o
    0x000285b0   0x000285b0   0x00000022   Code   RO         1101    i.nrf_ble_gatt_init  nrf_ble_gatt.o
    0x000285d2   0x000285d2   0x00000002   PAD
    0x000285d4   0x000285d4   0x00000150   Code   RO         1102    i.nrf_ble_gatt_on_ble_evt  nrf_ble_gatt.o
    0x00028724   0x00028724   0x0000000e   Code   RO         1934    i.nrf_clock_event_check  nrfx_clock.o
    0x00028732   0x00028732   0x00000010   Code   RO         1935    i.nrf_clock_event_clear  nrfx_clock.o
    0x00028742   0x00028742   0x00000002   PAD
    0x00028744   0x00028744   0x00000038   Code   RO         1595    i.nrf_drv_clock_init  nrf_drv_clock.o
    0x0002877c   0x0002877c   0x00000030   Code   RO         1599    i.nrf_drv_clock_lfclk_release  nrf_drv_clock.o
    0x000287ac   0x000287ac   0x00000068   Code   RO         1742    i.nrf_drv_uart_init  nrf_drv_uart.o
    0x00028814   0x00028814   0x0000001a   Code   RO         3867    i.nrf_fprintf       nrf_fprintf.o
    0x0002882e   0x0002882e   0x00000018   Code   RO         3868    i.nrf_fprintf_buffer_flush  nrf_fprintf.o
    0x00028846   0x00028846   0x000001da   Code   RO         3908    i.nrf_fprintf_fmt   nrf_fprintf_format.o
    0x00028a20   0x00028a20   0x00000024   Code   RO         2077    i.nrf_gpio_cfg      nrfx_gpiote.o
    0x00028a44   0x00028a44   0x00000024   Code   RO         2395    i.nrf_gpio_cfg      nrfx_uart.o
    0x00028a68   0x00028a68   0x00000024   Code   RO         2584    i.nrf_gpio_cfg      nrfx_uarte.o
    0x00028a8c   0x00028a8c   0x00000012   Code   RO         2396    i.nrf_gpio_cfg_default  nrfx_uart.o
    0x00028a9e   0x00028a9e   0x00000012   Code   RO         2585    i.nrf_gpio_cfg_default  nrfx_uarte.o
    0x00028ab0   0x00028ab0   0x00000012   Code   RO         2397    i.nrf_gpio_cfg_input  nrfx_uart.o
    0x00028ac2   0x00028ac2   0x00000012   Code   RO         2586    i.nrf_gpio_cfg_input  nrfx_uarte.o
    0x00028ad4   0x00028ad4   0x00000014   Code   RO         2398    i.nrf_gpio_cfg_output  nrfx_uart.o
    0x00028ae8   0x00028ae8   0x00000014   Code   RO         2587    i.nrf_gpio_cfg_output  nrfx_uarte.o
    0x00028afc   0x00028afc   0x00000022   Code   RO         2079    i.nrf_gpio_cfg_sense_set  nrfx_gpiote.o
    0x00028b1e   0x00028b1e   0x00000002   PAD
    0x00028b20   0x00028b20   0x00000028   Code   RO         2080    i.nrf_gpio_ports_read  nrfx_gpiote.o
    0x00028b48   0x00028b48   0x00000014   Code   RO         2081    i.nrf_gpiote_event_clear  nrfx_gpiote.o
    0x00028b5c   0x00028b5c   0x00000010   Code   RO         2082    i.nrf_gpiote_event_is_set  nrfx_gpiote.o
    0x00028b6c   0x00028b6c   0x0000005c   Code   RO         4463    i.nrf_log_backend_add  nrf_log_frontend.o
    0x00028bc8   0x00028bc8   0x000000c8   Code   RO         4302    i.nrf_log_backend_serial_put  nrf_log_backend_serial.o
    0x00028c90   0x00028c90   0x00000002   Code   RO         4342    i.nrf_log_backend_uart_flush  nrf_log_backend_uart.o
    0x00028c92   0x00028c92   0x00000006   Code   RO         4343    i.nrf_log_backend_uart_init  nrf_log_backend_uart.o
    0x00028c98   0x00028c98   0x0000002c   Code   RO         4344    i.nrf_log_backend_uart_panic_set  nrf_log_backend_uart.o
    0x00028cc4   0x00028cc4   0x00000018   Code   RO         4345    i.nrf_log_backend_uart_put  nrf_log_backend_uart.o
    0x00028cdc   0x00028cdc   0x00000030   Code   RO         4465    i.nrf_log_color_id_get  nrf_log_frontend.o
    0x00028d0c   0x00028d0c   0x0000001c   Code   RO         4421    i.nrf_log_default_backends_init  nrf_log_default_backends.o
    0x00028d28   0x00028d28   0x00000234   Code   RO         4466    i.nrf_log_frontend_dequeue  nrf_log_frontend.o
    0x00028f5c   0x00028f5c   0x00000008   Code   RO         4468    i.nrf_log_frontend_std_0  nrf_log_frontend.o
    0x00028f64   0x00028f64   0x0000000e   Code   RO         4469    i.nrf_log_frontend_std_1  nrf_log_frontend.o
    0x00028f72   0x00028f72   0x00000010   Code   RO         4470    i.nrf_log_frontend_std_2  nrf_log_frontend.o
    0x00028f82   0x00028f82   0x00000002   PAD
    0x00028f84   0x00028f84   0x000000b0   Code   RO         4643    i.nrf_log_hexdump_entry_process  nrf_log_str_formatter.o
    0x00029034   0x00029034   0x0000003c   Code   RO         4475    i.nrf_log_init      nrf_log_frontend.o
    0x00029070   0x00029070   0x00000014   Code   RO         4476    i.nrf_log_module_cnt_get  nrf_log_frontend.o
    0x00029084   0x00029084   0x0000001c   Code   RO         4479    i.nrf_log_module_name_get  nrf_log_frontend.o
    0x000290a0   0x000290a0   0x0000002c   Code   RO         4480    i.nrf_log_panic     nrf_log_frontend.o
    0x000290cc   0x000290cc   0x000000b6   Code   RO         4644    i.nrf_log_std_entry_process  nrf_log_str_formatter.o
    0x00029182   0x00029182   0x00000060   Code   RO         3947    i.nrf_memobj_alloc  nrf_memobj.o
    0x000291e2   0x000291e2   0x00000032   Code   RO         3948    i.nrf_memobj_free   nrf_memobj.o
    0x00029214   0x00029214   0x00000008   Code   RO         3949    i.nrf_memobj_get    nrf_memobj.o
    0x0002921c   0x0002921c   0x00000004   Code   RO         3950    i.nrf_memobj_pool_init  nrf_memobj.o
    0x00029220   0x00029220   0x0000001e   Code   RO         3951    i.nrf_memobj_put    nrf_memobj.o
    0x0002923e   0x0002923e   0x00000010   Code   RO         3952    i.nrf_memobj_read   nrf_memobj.o
    0x0002924e   0x0002924e   0x00000010   Code   RO         3953    i.nrf_memobj_write  nrf_memobj.o
    0x0002925e   0x0002925e   0x00000002   PAD
    0x00029260   0x00029260   0x00000028   Code   RO         4025    i.nrf_pwr_mgmt_init  nrf_pwr_mgmt.o
    0x00029288   0x00029288   0x00000044   Code   RO         4026    i.nrf_pwr_mgmt_run  nrf_pwr_mgmt.o
    0x000292cc   0x000292cc   0x0000001c   Code   RO         4102    i.nrf_ringbuf_init  nrf_ringbuf.o
    0x000292e8   0x000292e8   0x0000000c   Code   RO         3370    i.nrf_rtc_event_clear  drv_rtc.o
    0x000292f4   0x000292f4   0x00000010   Code   RO         2743    i.nrf_saadc_buffer_init  nrfx_saadc.o
    0x00029304   0x00029304   0x00000014   Code   RO         2744    i.nrf_saadc_channel_input_set  nrfx_saadc.o
    0x00029318   0x00029318   0x00000010   Code   RO         2745    i.nrf_saadc_event_check  nrfx_saadc.o
    0x00029328   0x00029328   0x00000014   Code   RO         2746    i.nrf_saadc_event_clear  nrfx_saadc.o
    0x0002933c   0x0002933c   0x00000010   Code   RO         2747    i.nrf_saadc_limit_int_get  nrfx_saadc.o
    0x0002934c   0x0002934c   0x00000014   Code   RO         5178    i.nrf_sdh_ble_app_ram_start_get  nrf_sdh_ble.o
    0x00029360   0x00029360   0x00000100   Code   RO         5179    i.nrf_sdh_ble_default_cfg_set  nrf_sdh_ble.o
    0x00029460   0x00029460   0x00000130   Code   RO         5180    i.nrf_sdh_ble_enable  nrf_sdh_ble.o
    0x00029590   0x00029590   0x0000005c   Code   RO         5181    i.nrf_sdh_ble_evts_poll  nrf_sdh_ble.o
    0x000295ec   0x000295ec   0x00000074   Code   RO         5060    i.nrf_sdh_enable_request  nrf_sdh.o
    0x00029660   0x00029660   0x00000024   Code   RO         5061    i.nrf_sdh_evts_poll  nrf_sdh.o
    0x00029684   0x00029684   0x0000000c   Code   RO         5062    i.nrf_sdh_is_enabled  nrf_sdh.o
    0x00029690   0x00029690   0x0000003c   Code   RO         5232    i.nrf_sdh_soc_evts_poll  nrf_sdh_soc.o
    0x000296cc   0x000296cc   0x0000000a   Code   RO         4160    i.nrf_section_iter_init  nrf_section_iter.o
    0x000296d6   0x000296d6   0x00000024   Code   RO         4161    i.nrf_section_iter_item_set  nrf_section_iter.o
    0x000296fa   0x000296fa   0x00000020   Code   RO         4162    i.nrf_section_iter_next  nrf_section_iter.o
    0x0002971a   0x0002971a   0x00000022   Code   RO         4195    i.nrf_sortlist_add  nrf_sortlist.o
    0x0002973c   0x0002973c   0x00000006   Code   RO         4197    i.nrf_sortlist_peek  nrf_sortlist.o
    0x00029742   0x00029742   0x0000000e   Code   RO         4198    i.nrf_sortlist_pop  nrf_sortlist.o
    0x00029750   0x00029750   0x0000001e   Code   RO         4199    i.nrf_sortlist_remove  nrf_sortlist.o
    0x0002976e   0x0002976e   0x00000002   PAD
    0x00029770   0x00029770   0x00000038   Code   RO         4251    i.nrf_strerror_find  nrf_strerror.o
    0x000297a8   0x000297a8   0x00000014   Code   RO         4252    i.nrf_strerror_get  nrf_strerror.o
    0x000297bc   0x000297bc   0x0000000a   Code   RO         2399    i.nrf_uart_event_check  nrfx_uart.o
    0x000297c6   0x000297c6   0x0000000c   Code   RO         2400    i.nrf_uart_event_clear  nrfx_uart.o
    0x000297d2   0x000297d2   0x0000000c   Code   RO         2401    i.nrf_uart_int_enable_check  nrfx_uart.o
    0x000297de   0x000297de   0x0000000a   Code   RO         2588    i.nrf_uarte_event_check  nrfx_uarte.o
    0x000297e8   0x000297e8   0x0000000c   Code   RO         2589    i.nrf_uarte_event_clear  nrfx_uarte.o
    0x000297f4   0x000297f4   0x0000002c   Code   RO         1940    i.nrfx_clock_enable  nrfx_clock.o
    0x00029820   0x00029820   0x00000020   Code   RO         1943    i.nrfx_clock_init   nrfx_clock.o
    0x00029840   0x00029840   0x0000001c   Code   RO         1946    i.nrfx_clock_lfclk_stop  nrfx_clock.o
    0x0002985c   0x0002985c   0x00000010   Code   RO         2748    i.nrfx_coredep_delay_us  nrfx_saadc.o
    0x0002986c   0x0002986c   0x00000010   Code   RO         3371    i.nrfx_coredep_delay_us  drv_rtc.o
    0x0002987c   0x0002987c   0x000000a4   Code   RO         2087    i.nrfx_gpiote_in_event_enable  nrfx_gpiote.o
    0x00029920   0x00029920   0x000000d0   Code   RO         2088    i.nrfx_gpiote_in_init  nrfx_gpiote.o
    0x000299f0   0x000299f0   0x0000006c   Code   RO         2091    i.nrfx_gpiote_init  nrfx_gpiote.o
    0x00029a5c   0x00029a5c   0x00000010   Code   RO         2590    i.nrfx_is_in_ram    nrfx_uarte.o
    0x00029a6c   0x00029a6c   0x0000003a   Code   RO         2341    i.nrfx_prs_acquire  nrfx_prs.o
    0x00029aa6   0x00029aa6   0x00000012   Code   RO         2342    i.nrfx_prs_release  nrfx_prs.o
    0x00029ab8   0x00029ab8   0x000000a4   Code   RO         2750    i.nrfx_saadc_buffer_convert  nrfx_saadc.o
    0x00029b5c   0x00029b5c   0x000000ac   Code   RO         2752    i.nrfx_saadc_channel_init  nrfx_saadc.o
    0x00029c08   0x00029c08   0x00000044   Code   RO         2753    i.nrfx_saadc_channel_uninit  nrfx_saadc.o
    0x00029c4c   0x00029c4c   0x00000094   Code   RO         2754    i.nrfx_saadc_init   nrfx_saadc.o
    0x00029ce0   0x00029ce0   0x00000080   Code   RO         2756    i.nrfx_saadc_limits_set  nrfx_saadc.o
    0x00029d60   0x00029d60   0x0000002c   Code   RO         2757    i.nrfx_saadc_sample  nrfx_saadc.o
    0x00029d8c   0x00029d8c   0x0000006c   Code   RO         2760    i.nrfx_saadc_uninit  nrfx_saadc.o
    0x00029df8   0x00029df8   0x00000010   Code   RO         2402    i.nrfx_uart_0_irq_handler  nrfx_uart.o
    0x00029e08   0x00029e08   0x000000d0   Code   RO         2404    i.nrfx_uart_init    nrfx_uart.o
    0x00029ed8   0x00029ed8   0x000000a8   Code   RO         2410    i.nrfx_uart_tx      nrfx_uart.o
    0x00029f80   0x00029f80   0x00000020   Code   RO         2412    i.nrfx_uart_tx_in_progress  nrfx_uart.o
    0x00029fa0   0x00029fa0   0x000000b4   Code   RO         2413    i.nrfx_uart_uninit  nrfx_uart.o
    0x0002a054   0x0002a054   0x00000010   Code   RO         2591    i.nrfx_uarte_0_irq_handler  nrfx_uarte.o
    0x0002a064   0x0002a064   0x0000006c   Code   RO         2593    i.nrfx_uarte_init   nrfx_uarte.o
    0x0002a0d0   0x0002a0d0   0x000000ac   Code   RO         2597    i.nrfx_uarte_tx     nrfx_uarte.o
    0x0002a17c   0x0002a17c   0x0000001c   Code   RO         2599    i.nrfx_uarte_tx_in_progress  nrfx_uarte.o
    0x0002a198   0x0002a198   0x000000e0   Code   RO         2600    i.nrfx_uarte_uninit  nrfx_uarte.o
    0x0002a278   0x0002a278   0x0000001c   Code   RO         1362    i.on_conn_params_evt  ble_spec.o
    0x0002a294   0x0002a294   0x000000a8   Code   RO         1103    i.on_connected_evt  nrf_ble_gatt.o
    0x0002a33c   0x0002a33c   0x000000ac   Code   RO         1104    i.on_exchange_mtu_request_evt  nrf_ble_gatt.o
    0x0002a3e8   0x0002a3e8   0x00000034   Code   RO           98    i.out1_interrupt_init  main.o
    0x0002a41c   0x0002a41c   0x00000034   Code   RO           99    i.out2_interrupt_init  main.o
    0x0002a450   0x0002a450   0x00000018   Code   RO         2108    i.pin_in_use_by_port  nrfx_gpiote.o
    0x0002a468   0x0002a468   0x00000018   Code   RO         2109    i.pin_in_use_by_te  nrfx_gpiote.o
    0x0002a480   0x0002a480   0x0000003c   Code   RO         4646    i.postfix_process   nrf_log_str_formatter.o
    0x0002a4bc   0x0002a4bc   0x00000098   Code   RO         4647    i.prefix_process    nrf_log_str_formatter.o
    0x0002a554   0x0002a554   0x00000018   Code   RO         2343    i.prs_box_get       nrfx_prs.o
    0x0002a56c   0x0002a56c   0x0000005c   Code   RO         3151    i.rtc_irq           app_timer2.o
    0x0002a5c8   0x0002a5c8   0x00000064   Code   RO         3152    i.rtc_schedule      app_timer2.o
    0x0002a62c   0x0002a62c   0x00000074   Code   RO         3153    i.rtc_update        app_timer2.o
    0x0002a6a0   0x0002a6a0   0x00000032   Code   RO         2414    i.rx_byte           nrfx_uart.o
    0x0002a6d2   0x0002a6d2   0x00000016   Code   RO         2415    i.rx_done_event     nrfx_uart.o
    0x0002a6e8   0x0002a6e8   0x00000016   Code   RO         2601    i.rx_done_event     nrfx_uarte.o
    0x0002a6fe   0x0002a6fe   0x00000002   PAD
    0x0002a700   0x0002a700   0x0000006c   Code   RO         1514    i.saadc_callback    app_adc.o
    0x0002a76c   0x0002a76c   0x00000054   Code   RO         1515    i.saadc_init        app_adc.o
    0x0002a7c0   0x0002a7c0   0x00000050   Code   RO         1602    i.sd_state_evt_handler  nrf_drv_clock.o
    0x0002a810   0x0002a810   0x00000030   Code   RO         5067    i.sdh_request_observer_notify  nrf_sdh.o
    0x0002a840   0x0002a840   0x0000002c   Code   RO         5068    i.sdh_state_observer_notify  nrf_sdh.o
    0x0002a86c   0x0002a86c   0x00000010   Code   RO          786    i.send_error_evt    ble_conn_params.o
    0x0002a87c   0x0002a87c   0x00000040   Code   RO         4346    i.serial_tx         nrf_log_backend_uart.o
    0x0002a8bc   0x0002a8bc   0x00000088   Code   RO          674    i.service_data_encode  ble_advdata.o
    0x0002a944   0x0002a944   0x00000014   Code   RO         1364    i.services_init     ble_spec.o
    0x0002a958   0x0002a958   0x00000034   Code   RO         1365    i.set_BLE_para      ble_spec.o
    0x0002a98c   0x0002a98c   0x00000030   Code   RO         1038    i.set_security_req  ble_srv_common.o
    0x0002a9bc   0x0002a9bc   0x00000018   Code   RO         1603    i.soc_evt_handler   nrf_drv_clock.o
    0x0002a9d4   0x0002a9d4   0x00000058   Code   RO         5070    i.softdevices_evt_irq_enable  nrf_sdh.o
    0x0002aa2c   0x0002aa2c   0x0000000c   Code   RO         3154    i.sortlist_pop      app_timer2.o
    0x0002aa38   0x0002aa38   0x0000008c   Code   RO         4482    i.std_n             nrf_log_frontend.o
    0x0002aac4   0x0002aac4   0x00000010   Code   RO          100    i.systick_handle    main.o
    0x0002aad4   0x0002aad4   0x00000034   Code   RO          101    i.task_adc          main.o
    0x0002ab08   0x0002ab08   0x00000044   Code   RO          102    i.task_chuyendong   main.o
    0x0002ab4c   0x0002ab4c   0x00000058   Code   RO         3155    i.timer_expire      app_timer2.o
    0x0002aba4   0x0002aba4   0x00000078   Code   RO         3156    i.timer_req_process  app_timer2.o
    0x0002ac1c   0x0002ac1c   0x00000038   Code   RO         3157    i.timer_req_schedule  app_timer2.o
    0x0002ac54   0x0002ac54   0x00000028   Code   RO         1516    i.turn_off_saadc_driver  app_adc.o
    0x0002ac7c   0x0002ac7c   0x00000020   Code   RO         2417    i.tx_byte           nrfx_uart.o
    0x0002ac9c   0x0002ac9c   0x0000001a   Code   RO         2418    i.tx_done_event     nrfx_uart.o
    0x0002acb6   0x0002acb6   0x0000001a   Code   RO         2602    i.tx_done_event     nrfx_uarte.o
    0x0002acd0   0x0002acd0   0x00000030   Code   RO         1743    i.uart_evt_handler  nrf_drv_uart.o
    0x0002ad00   0x0002ad00   0x0000000c   Code   RO         4347    i.uart_evt_handler  nrf_log_backend_uart.o
    0x0002ad0c   0x0002ad0c   0x00000050   Code   RO         4348    i.uart_init         nrf_log_backend_uart.o
    0x0002ad5c   0x0002ad5c   0x0000012a   Code   RO         2419    i.uart_irq_handler  nrfx_uart.o
    0x0002ae86   0x0002ae86   0x00000002   PAD
    0x0002ae88   0x0002ae88   0x00000030   Code   RO         1744    i.uarte_evt_handler  nrf_drv_uart.o
    0x0002aeb8   0x0002aeb8   0x00000112   Code   RO         2603    i.uarte_irq_handler  nrfx_uarte.o
    0x0002afca   0x0002afca   0x0000000a   Code   RO          675    i.uint16_encode     ble_advdata.o
    0x0002afd4   0x0002afd4   0x000000b4   Code   RO         3909    i.unsigned_print    nrf_fprintf_format.o
    0x0002b088   0x0002b088   0x00000068   Code   RO          787    i.update_timeout_handler  ble_conn_params.o
    0x0002b0f0   0x0002b0f0   0x00000030   Code   RO          676    i.uuid_list_encode  ble_advdata.o
    0x0002b120   0x0002b120   0x0000009e   Code   RO          677    i.uuid_list_sized_encode  ble_advdata.o
    0x0002b1be   0x0002b1be   0x00000002   PAD
    0x0002b1c0   0x0002b1c0   0x00000004   Data   RO          110    .constdata          main.o
    0x0002b1c4   0x0002b1c4   0x00000016   Data   RO         1105    .constdata          nrf_ble_gatt.o
    0x0002b1da   0x0002b1da   0x00000002   PAD
    0x0002b1dc   0x0002b1dc   0x00000010   Data   RO         1246    .constdata          cambien_service.o
    0x0002b1ec   0x0002b1ec   0x00000004   Data   RO         1366    .constdata          ble_spec.o
    0x0002b1f0   0x0002b1f0   0x00000011   Data   RO         1518    .constdata          app_adc.o
    0x0002b201   0x0002b201   0x00000003   PAD
    0x0002b204   0x0002b204   0x00000004   Data   RO         2111    .constdata          nrfx_gpiote.o
    0x0002b208   0x0002b208   0x00000004   Data   RO         2422    .constdata          nrfx_uart.o
    0x0002b20c   0x0002b20c   0x00000004   Data   RO         2606    .constdata          nrfx_uarte.o
    0x0002b210   0x0002b210   0x00000006   Data   RO         2762    .constdata          nrfx_saadc.o
    0x0002b216   0x0002b216   0x00000002   PAD
    0x0002b218   0x0002b218   0x00000014   Data   RO         3160    .constdata          app_timer2.o
    0x0002b22c   0x0002b22c   0x00000004   PAD
    0x0002b230   0x0002b230   0x00000006   Data   RO         3372    .constdata          drv_rtc.o
    0x0002b236   0x0002b236   0x00000010   Data   RO         3910    .constdata          nrf_fprintf_format.o
    0x0002b246   0x0002b246   0x00000002   PAD
    0x0002b248   0x0002b248   0x00000018   Data   RO         4030    .constdata          nrf_pwr_mgmt.o
    0x0002b260   0x0002b260   0x0000000c   Data   RO         4031    .constdata          nrf_pwr_mgmt.o
    0x0002b26c   0x0002b26c   0x0000013c   Data   RO         4253    .constdata          nrf_strerror.o
    0x0002b3a8   0x0002b3a8   0x0000000c   Data   RO         4350    .constdata          nrf_log_backend_uart.o
    0x0002b3b4   0x0002b3b4   0x00000020   Data   RO         4351    .constdata          nrf_log_backend_uart.o
    0x0002b3d4   0x0002b3d4   0x0000000c   Data   RO         4487    .constdata          nrf_log_frontend.o
    0x0002b3e0   0x0002b3e0   0x00000010   Data   RO         5071    .constdata          nrf_sdh.o
    0x0002b3f0   0x0002b3f0   0x00000028   Data   RO         5072    .constdata          nrf_sdh.o
    0x0002b418   0x0002b418   0x00000010   Data   RO         5073    .constdata          nrf_sdh.o
    0x0002b428   0x0002b428   0x00000010   Data   RO         5074    .constdata          nrf_sdh.o
    0x0002b438   0x0002b438   0x00000020   Data   RO         5182    .constdata          nrf_sdh_ble.o
    0x0002b458   0x0002b458   0x00000010   Data   RO         5183    .constdata          nrf_sdh_ble.o
    0x0002b468   0x0002b468   0x00000010   Data   RO         5233    .constdata          nrf_sdh_soc.o
    0x0002b478   0x0002b478   0x0000000c   Data   RO         5234    .constdata          nrf_sdh_soc.o
    0x0002b484   0x0002b484   0x00000081   Data   RO         5275    .constdata          mc_w.l(ctype_o.o)
    0x0002b505   0x0002b505   0x00000003   PAD
    0x0002b508   0x0002b508   0x00000004   Data   RO         5276    .constdata          mc_w.l(ctype_o.o)
    0x0002b50c   0x0002b50c   0x000000a2   Data   RO         1106    .conststring        nrf_ble_gatt.o
    0x0002b5ae   0x0002b5ae   0x00000002   PAD
    0x0002b5b0   0x0002b5b0   0x000003eb   Data   RO         4254    .conststring        nrf_strerror.o
    0x0002b99b   0x0002b99b   0x00000001   PAD
    0x0002b99c   0x0002b99c   0x00000066   Data   RO         4648    .conststring        nrf_log_str_formatter.o
    0x0002ba02   0x0002ba02   0x00000002   PAD
    0x0002ba04   0x0002ba04   0x00000188   Data   RO         5184    .conststring        nrf_sdh_ble.o
    0x0002bb8c   0x0002bb8c   0x0000000d   Data   RO         1107    .conststrlit        nrf_ble_gatt.o
    0x0002bb99   0x0002bb99   0x00000003   PAD
    0x0002bb9c   0x0002bb9c   0x00000006   Data   RO         1609    .conststrlit        nrf_drv_clock.o
    0x0002bba2   0x0002bba2   0x00000002   PAD
    0x0002bba4   0x0002bba4   0x00000006   Data   RO         1950    .conststrlit        nrfx_clock.o
    0x0002bbaa   0x0002bbaa   0x00000002   PAD
    0x0002bbac   0x0002bbac   0x00000007   Data   RO         2115    .conststrlit        nrfx_gpiote.o
    0x0002bbb3   0x0002bbb3   0x00000001   PAD
    0x0002bbb4   0x0002bbb4   0x00000004   Data   RO         2345    .conststrlit        nrfx_prs.o
    0x0002bbb8   0x0002bbb8   0x00000005   Data   RO         2425    .conststrlit        nrfx_uart.o
    0x0002bbbd   0x0002bbbd   0x00000003   PAD
    0x0002bbc0   0x0002bbc0   0x00000006   Data   RO         2609    .conststrlit        nrfx_uarte.o
    0x0002bbc6   0x0002bbc6   0x00000002   PAD
    0x0002bbc8   0x0002bbc8   0x00000006   Data   RO         2770    .conststrlit        nrfx_saadc.o
    0x0002bbce   0x0002bbce   0x00000002   PAD
    0x0002bbd0   0x0002bbd0   0x0000000b   Data   RO         2908    .conststrlit        app_button.o
    0x0002bbdb   0x0002bbdb   0x00000001   PAD
    0x0002bbdc   0x0002bbdc   0x0000000a   Data   RO         3161    .conststrlit        app_timer2.o
    0x0002bbe6   0x0002bbe6   0x00000002   PAD
    0x0002bbe8   0x0002bbe8   0x00000009   Data   RO         4032    .conststrlit        nrf_pwr_mgmt.o
    0x0002bbf1   0x0002bbf1   0x00000003   PAD
    0x0002bbf4   0x0002bbf4   0x00000009   Data   RO         4200    .conststrlit        nrf_sortlist.o
    0x0002bbfd   0x0002bbfd   0x00000003   PAD
    0x0002bc00   0x0002bc00   0x00000011   Data   RO         4422    .conststrlit        nrf_log_default_backends.o
    0x0002bc11   0x0002bc11   0x00000003   PAD
    0x0002bc14   0x0002bc14   0x00000004   Data   RO         4488    .conststrlit        nrf_log_frontend.o
    0x0002bc18   0x0002bc18   0x00000008   Data   RO         5075    .conststrlit        nrf_sdh.o
    0x0002bc20   0x0002bc20   0x0000000c   Data   RO         5185    .conststrlit        nrf_sdh_ble.o
    0x0002bc2c   0x0002bc2c   0x0000000c   Data   RO         5235    .conststrlit        nrf_sdh_soc.o
    0x0002bc38   0x0002bc38   0x00000020   Data   RO         5334    Region$$Table       anon$$obj.o
    0x0002bc58   0x0002bc58   0x00000010   Data   RO         4424    log_backends        nrf_log_default_backends.o
    0x0002bc68   0x0002bc68   0x00000008   Data   RO         1108    log_const_data      nrf_ble_gatt.o
    0x0002bc70   0x0002bc70   0x00000008   Data   RO         1610    log_const_data      nrf_drv_clock.o
    0x0002bc78   0x0002bc78   0x00000008   Data   RO         1952    log_const_data      nrfx_clock.o
    0x0002bc80   0x0002bc80   0x00000008   Data   RO         2116    log_const_data      nrfx_gpiote.o
    0x0002bc88   0x0002bc88   0x00000008   Data   RO         2347    log_const_data      nrfx_prs.o
    0x0002bc90   0x0002bc90   0x00000008   Data   RO         2426    log_const_data      nrfx_uart.o
    0x0002bc98   0x0002bc98   0x00000008   Data   RO         2610    log_const_data      nrfx_uarte.o
    0x0002bca0   0x0002bca0   0x00000008   Data   RO         2771    log_const_data      nrfx_saadc.o
    0x0002bca8   0x0002bca8   0x00000008   Data   RO         2910    log_const_data      app_button.o
    0x0002bcb0   0x0002bcb0   0x00000008   Data   RO         3164    log_const_data      app_timer2.o
    0x0002bcb8   0x0002bcb8   0x00000008   Data   RO         4034    log_const_data      nrf_pwr_mgmt.o
    0x0002bcc0   0x0002bcc0   0x00000008   Data   RO         4201    log_const_data      nrf_sortlist.o
    0x0002bcc8   0x0002bcc8   0x00000008   Data   RO         4491    log_const_data      nrf_log_frontend.o
    0x0002bcd0   0x0002bcd0   0x00000008   Data   RO         5077    log_const_data      nrf_sdh.o
    0x0002bcd8   0x0002bcd8   0x00000008   Data   RO         5187    log_const_data      nrf_sdh_ble.o
    0x0002bce0   0x0002bce0   0x00000008   Data   RO         5236    log_const_data      nrf_sdh_soc.o
    0x0002bce8   0x0002bce8   0x00000014   Data   RO         4492    nrf_balloc          nrf_log_frontend.o
    0x0002bcfc   0x0002bcfc   0x00000008   Data   RO          885    sdh_ble_observers0  ble_conn_state.o
    0x0002bd04   0x0002bd04   0x00000008   Data   RO          113    sdh_ble_observers1  main.o
    0x0002bd0c   0x0002bd0c   0x00000008   Data   RO          790    sdh_ble_observers1  ble_conn_params.o
    0x0002bd14   0x0002bd14   0x00000008   Data   RO         1367    sdh_ble_observers3  ble_spec.o
    0x0002bd1c   0x0002bd1c   0x00000008   Data   RO         1611    sdh_soc_observers0  nrf_drv_clock.o
    0x0002bd24   0x0002bd24   0x00000008   Data   RO         5188    sdh_stack_observers0  nrf_sdh_ble.o
    0x0002bd2c   0x0002bd2c   0x00000008   Data   RO         5237    sdh_stack_observers0  nrf_sdh_soc.o
    0x0002bd34   0x0002bd34   0x00000008   Data   RO         1612    sdh_state_observers0  nrf_drv_clock.o


    Execution Region RW_IRAM1 (Exec base: 0x200022f0, Load base: 0x0002bd3c, Size: 0x000029b0, Max: 0x0000dd10, ABSOLUTE)

    Exec Addr    Load Addr    Size         Type   Attr      Idx    E Section Name        Object

    0x200022f0   0x0002bd3c   0x00000004   Data   RW           15    .data               system_nrf52.o
    0x200022f4   0x0002bd40   0x0000000c   Data   RW          111    .data               main.o
    0x20002300   0x0002bd4c   0x00000001   Data   RW          112    .data               main.o
    0x20002301   0x0002bd4d   0x00000001   PAD
    0x20002302   0x0002bd4e   0x00000008   Data   RW          789    .data               ble_conn_params.o
    0x2000230a   0x0002bd56   0x00000002   PAD
    0x2000230c   0x0002bd58   0x00000008   Data   RW         1519    .data               app_adc.o
    0x20002314   0x0002bd60   0x0000000c   Data   RW         1745    .data               nrf_drv_uart.o
    0x20002320   0x0002bd6c   0x00000008   Data   RW         1951    .data               nrfx_clock.o
    0x20002328   0x0002bd74   0x00000008   Data   RW         2346    .data               nrfx_prs.o
    0x20002330   0x0002bd7c   0x00000020   Data   RW         3162    .data               app_timer2.o
    0x20002350   0x0002bd9c   0x00000004   Data   RW         3163    .data               app_timer2.o
    0x20002354   0x0002bda0   0x0000000c   Data   RW         3373    .data               drv_rtc.o
    0x20002360   0x0002bdac   0x00000008   Data   RW         4033    .data               nrf_pwr_mgmt.o
    0x20002368   0x0002bdb4   0x00000018   Data   RW         4352    .data               nrf_log_backend_uart.o
    0x20002380   0x0002bdcc   0x00000008   Data   RW         4423    .data               nrf_log_default_backends.o
    0x20002388   0x0002bdd4   0x00000008   Data   RW         4489    .data               nrf_log_frontend.o
    0x20002390   0x0002bddc   0x00000008   Data   RW         4490    .data               nrf_log_frontend.o
    0x20002398   0x0002bde4   0x00000040   Data   RW         4649    .data               nrf_log_str_formatter.o
    0x200023d8   0x0002be24   0x00000003   Data   RW         5076    .data               nrf_sdh.o
    0x200023db   0x0002be27   0x00000001   Data   RW         5186    .data               nrf_sdh_ble.o
    0x200023dc   0x0002be28   0x00000004   PAD
    0x200023e0        -       0x00000020   Zero   RW          105    .bss                main.o
    0x20002400        -       0x00000030   Zero   RW          106    .bss                main.o
    0x20002430        -       0x0000001f   Zero   RW          107    .bss                main.o
    0x2000244f        -       0x0000001f   Zero   RW          108    .bss                main.o
    0x2000246e   0x0002be28   0x00000002   PAD
    0x20002470        -       0x00000010   Zero   RW          109    .bss                main.o
    0x20002480        -       0x00000050   Zero   RW          788    .bss                ble_conn_params.o
    0x200024d0        -       0x0000007c   Zero   RW          884    .bss                ble_conn_state.o
    0x2000254c   0x0002be28   0x00000004   PAD
    0x20002550        -       0x00000020   Zero   RW         1517    .bss                app_adc.o
    0x20002570        -       0x00000014   Zero   RW         1604    .bss                nrf_drv_clock.o
    0x20002584        -       0x0000005c   Zero   RW         2110    .bss                nrfx_gpiote.o
    0x200025e0        -       0x0000002c   Zero   RW         2420    .bss                nrfx_uart.o
    0x2000260c        -       0x00000024   Zero   RW         2604    .bss                nrfx_uarte.o
    0x20002630        -       0x00000030   Zero   RW         2761    .bss                nrfx_saadc.o
    0x20002660        -       0x00000010   Zero   RW         3158    .bss                app_timer2.o
    0x20002670        -       0x00000058   Zero   RW         3159    .bss                app_timer2.o
    0x200026c8        -       0x0000000c   Zero   RW         3288    .bss                app_util_platform.o
    0x200026d4        -       0x0000000c   Zero   RW         4029    .bss                nrf_pwr_mgmt.o
    0x200026e0        -       0x00000040   Zero   RW         4349    .bss                nrf_log_backend_uart.o
    0x20002720        -       0x000000c0   Zero   RW         4483    .bss                nrf_log_frontend.o
    0x200027e0        -       0x00000080   Zero   RW         4484    .bss                nrf_log_frontend.o
    0x20002860        -       0x00000018   Zero   RW         4485    .bss                nrf_log_frontend.o
    0x20002878        -       0x00000424   Zero   RW         4486    .bss                nrf_log_frontend.o
    0x20002c9c   0x0002be28   0x00000004   PAD
    0x20002ca0        -       0x00002000   Zero   RW            1    STACK               arm_startup_nrf52.o


==============================================================================

Image component sizes


      Code (inc. data)   RO Data    RW Data    ZI Data      Debug   Object Name

       336         70         17          8         32      36646   app_adc.o
         0          0         19          0          0       1739   app_button.o
        22          0          0          0          0       2357   app_error.o
       132         46          0          0          0       3878   app_error_weak.o
       846         88         38         36        104      15761   app_timer2.o
       124         14          0          0         12       9434   app_util_platform.o
        36          8        512          0       8192        932   arm_startup_nrf52.o
      1236          0          0          0          0      50943   ble_advdata.o
       636         44          8          8         80      11011   ble_conn_params.o
       352          6          8          0        124       6025   ble_conn_state.o
       774        106         12          0          0      65130   ble_spec.o
       456          6          0          0          0       3179   ble_srv_common.o
         0          0          0          0          0      45250   boards.o
       378          4         16          0          0      57063   cambien_service.o
       696         76          6         12          0      44953   drv_rtc.o
       514         80         12         13        158     129097   main.o
       326          0          0          0          0       5607   nrf_atfifo.o
        64          0          0          0          0       2772   nrf_atflags.o
       306          0          0          0          0       7551   nrf_atomic.o
       164          0          0          0          0       3440   nrf_balloc.o
       922        272        205          0          0      36611   nrf_ble_gatt.o
       276         34         30          0         20      38772   nrf_drv_clock.o
       200         26          0         12          0      17348   nrf_drv_uart.o
        50          0          0          0          0       3337   nrf_fprintf.o
       866          4         16          0          0       6314   nrf_fprintf_format.o
       200          0          0          0          0      11305   nrf_log_backend_serial.o
       232         44         44         24         64      20366   nrf_log_backend_uart.o
        28          4         33          8          0       3201   nrf_log_default_backends.o
      1474        114         44         16       1404      28718   nrf_log_frontend.o
       570        108        102         64          0       5372   nrf_log_str_formatter.o
       346          0          0          0          0       9139   nrf_memobj.o
       108         16         53          8         12      36266   nrf_pwr_mgmt.o
        28          0          0          0          0       2219   nrf_ringbuf.o
       384         46        104          3          0      38735   nrf_sdh.o
       672        230        468          1          0       5581   nrf_sdh_ble.o
        60          4         56          0          0       2324   nrf_sdh_soc.o
        78          0          0          0          0       2592   nrf_section_iter.o
        84          0         17          0          0       3825   nrf_sortlist.o
        76         10       1319          0          0       2551   nrf_strerror.o
       222         30         14          8          0      42950   nrfx_clock.o
      1182         86         19          0         92      57045   nrfx_gpiote.o
       112         16         12          8          0       4200   nrfx_prs.o
      1264        108         20          0         48      22526   nrfx_saadc.o
      1294         42         17          0         44      29093   nrfx_uart.o
      1268         42         18          0         36      24747   nrfx_uarte.o
       796         70          0          4          0      63270   system_nrf52.o

    ----------------------------------------------------------------------
     20232       1854       3316        236      10436    1021175   Object Totals
         0          0         32          0          0          0   (incl. Generated)
        42          0         45          3         14          0   (incl. Padding)

    ----------------------------------------------------------------------

      Code (inc. data)   RO Data    RW Data    ZI Data      Debug   Library Member Name

         8          4        133          0          0         68   ctype_o.o
         0          0          0          0          0          0   entry.o
         0          0          0          0          0          0   entry10a.o
         0          0          0          0          0          0   entry11a.o
         8          4          0          0          0          0   entry2.o
         4          0          0          0          0          0   entry5.o
         0          0          0          0          0          0   entry7b.o
         0          0          0          0          0          0   entry8b.o
         8          4          0          0          0          0   entry9a.o
        30          0          0          0          0          0   handlers.o
        36          8          0          0          0         68   init.o
        36          0          0          0          0         68   memcpya.o
        36          0          0          0          0        108   memseta.o
        14          0          0          0          0         68   strlen.o

    ----------------------------------------------------------------------
       184         20        136          0          0        380   Library Totals
         4          0          3          0          0          0   (incl. Padding)

    ----------------------------------------------------------------------

      Code (inc. data)   RO Data    RW Data    ZI Data      Debug   Library Name

       180         20        133          0          0        380   mc_w.l

    ----------------------------------------------------------------------
       184         20        136          0          0        380   Library Totals

    ----------------------------------------------------------------------

==============================================================================


      Code (inc. data)   RO Data    RW Data    ZI Data      Debug   

     20416       1874       3452        236      10436     995407   Grand Totals
     20416       1874       3452        236      10436     995407   ELF Image Totals
     20416       1874       3452        236          0          0   ROM Totals

==============================================================================

    Total RO  Size (Code + RO Data)                23868 (  23.31kB)
    Total RW  Size (RW Data + ZI Data)             10672 (  10.42kB)
    Total ROM Size (Code + RO Data + RW Data)      24104 (  23.54kB)

==============================================================================

