Component: ARM Compiler 5.06 update 6 (build 750) Tool: armlink [4d35ed]

==============================================================================

Section Cross References

    arm_startup_nrf52.o(RESET) refers to arm_startup_nrf52.o(STACK) for __initial_sp
    arm_startup_nrf52.o(RESET) refers to arm_startup_nrf52.o(.text) for Reset_Handler
    arm_startup_nrf52.o(RESET) refers to nrfx_clock.o(i.POWER_CLOCK_IRQHandler) for POWER_CLOCK_IRQHandler
    arm_startup_nrf52.o(RESET) refers to nrfx_prs.o(i.UARTE0_UART0_IRQHandler) for UARTE0_UART0_IRQHandler
    arm_startup_nrf52.o(RESET) refers to nrfx_gpiote.o(i.GPIOTE_IRQHandler) for GPIOTE_IRQHandler
    arm_startup_nrf52.o(RESET) refers to nrfx_saadc.o(i.SAADC_IRQHandler) for SAADC_IRQHandler
    arm_startup_nrf52.o(RESET) refers to drv_rtc.o(i.RTC1_IRQHandler) for RTC1_IRQHandler
    arm_startup_nrf52.o(RESET) refers to nrf_sdh.o(i.SWI2_EGU2_IRQHandler) for SWI2_EGU2_IRQHandler
    arm_startup_nrf52.o(.text) refers to system_nrf52.o(i.SystemInit) for SystemInit
    arm_startup_nrf52.o(.text) refers to entry.o(.ARM.Collect$$$$00000000) for __main
    system_nrf52.o(i.SystemCoreClockUpdate) refers to system_nrf52.o(.data) for .data
    system_nrf52.o(i.SystemInit) refers to system_nrf52.o(.data) for .data
    main.o(i.main) refers to ble_spec.o(i.set_BLE_para) for set_BLE_para
    main.o(i.main) refers to ble_spec.o(i.log_init) for log_init
    main.o(i.main) refers to app_timer2.o(i.app_timer_init) for app_timer_init
    main.o(i.main) refers to app_error.o(i.app_error_handler_bare) for app_error_handler_bare
    main.o(i.main) refers to app_adc.o(i.create_ADC_timer) for create_ADC_timer
    main.o(i.main) refers to app_interrupt.o(i.create_sensor_timer) for create_sensor_timer
    main.o(i.main) refers to nrf_pwr_mgmt.o(i.nrf_pwr_mgmt_init) for nrf_pwr_mgmt_init
    main.o(i.main) refers to app_interrupt.o(i.interrupt_init) for interrupt_init
    main.o(i.main) refers to app_adc.o(i.saadc_init) for saadc_init
    main.o(i.main) refers to ble_spec.o(i.ble_stack_init) for ble_stack_init
    main.o(i.main) refers to ble_spec.o(i.gap_params_init) for gap_params_init
    main.o(i.main) refers to ble_spec.o(i.gatt_init) for gatt_init
    main.o(i.main) refers to ble_spec.o(i.services_init) for services_init
    main.o(i.main) refers to ble_spec.o(i.advertising_init) for advertising_init
    main.o(i.main) refers to ble_spec.o(i.conn_params_init) for conn_params_init
    main.o(i.main) refers to nrfx_saadc.o(i.nrfx_saadc_sample) for nrfx_saadc_sample
    main.o(i.main) refers to nrf_log_frontend.o(i.nrf_log_frontend_std_0) for nrf_log_frontend_std_0
    main.o(i.main) refers to ble_spec.o(i.advertising_start) for advertising_start
    main.o(i.main) refers to app_interrupt.o(i.task_tu) for task_tu
    main.o(i.main) refers to app_interrupt.o(i.task_chuyendong) for task_chuyendong
    main.o(i.main) refers to app_adc.o(i.task_adc) for task_adc
    main.o(i.main) refers to nrf_log_frontend.o(i.nrf_log_frontend_dequeue) for nrf_log_frontend_dequeue
    main.o(i.main) refers to nrf_pwr_mgmt.o(i.nrf_pwr_mgmt_run) for nrf_pwr_mgmt_run
    main.o(i.main) refers to main.o(.bss) for .bss
    main.o(i.main) refers to nrf_log_frontend.o(log_const_data) for m_nrf_log_app_logs_data_const
    main.o(sdh_ble_observers1) refers to nrf_ble_gatt.o(i.nrf_ble_gatt_on_ble_evt) for nrf_ble_gatt_on_ble_evt
    main.o(sdh_ble_observers1) refers to main.o(.bss) for m_gatt
    boards.o(i.bsp_board_button_idx_to_pin) refers to boards.o(.constdata) for .constdata
    boards.o(i.bsp_board_button_state_get) refers to boards.o(.constdata) for .constdata
    boards.o(i.bsp_board_init) refers to boards.o(i.nrf_gpio_cfg) for nrf_gpio_cfg
    boards.o(i.bsp_board_init) refers to boards.o(i.bsp_board_leds_off) for bsp_board_leds_off
    boards.o(i.bsp_board_init) refers to boards.o(.constdata) for .constdata
    boards.o(i.bsp_board_led_idx_to_pin) refers to boards.o(.constdata) for .constdata
    boards.o(i.bsp_board_led_invert) refers to boards.o(.constdata) for .constdata
    boards.o(i.bsp_board_led_off) refers to boards.o(i.nrf_gpio_pin_write) for nrf_gpio_pin_write
    boards.o(i.bsp_board_led_off) refers to boards.o(.constdata) for .constdata
    boards.o(i.bsp_board_led_on) refers to boards.o(i.nrf_gpio_pin_write) for nrf_gpio_pin_write
    boards.o(i.bsp_board_led_on) refers to boards.o(.constdata) for .constdata
    boards.o(i.bsp_board_led_state_get) refers to boards.o(.constdata) for .constdata
    boards.o(i.bsp_board_leds_off) refers to boards.o(i.bsp_board_led_off) for bsp_board_led_off
    boards.o(i.bsp_board_leds_on) refers to boards.o(i.bsp_board_led_on) for bsp_board_led_on
    boards.o(i.bsp_board_pin_to_button_idx) refers to boards.o(.constdata) for .constdata
    boards.o(i.bsp_board_pin_to_led_idx) refers to boards.o(.constdata) for .constdata
    utf.o(i.utf16RuneCount) refers to utf.o(i.utf16DecodeRune) for utf16DecodeRune
[...]
    m_nrf_sdh_continue                       0x2000242a   Data           1  nrf_sdh.o(.data)
    .data                                    0x2000242b   Section        1  nrf_sdh_ble.o(.data)
    m_stack_is_enabled                       0x2000242b   Data           1  nrf_sdh_ble.o(.data)
    .bss                                     0x2000242c   Section       48  main.o(.bss)
    m_gatt                                   0x2000242c   Data          20  main.o(.bss)
    .bss                                     0x2000245c   Section       31  main.o(.bss)
    .bss                                     0x2000247b   Section       31  main.o(.bss)
    .bss                                     0x2000249c   Section       16  main.o(.bss)
    .bss                                     0x200024b0   Section       80  ble_conn_params.o(.bss)
    m_timer_data                             0x200024b0   Data          32  ble_conn_params.o(.bss)
    m_conn_params_instances                  0x200024d0   Data          20  ble_conn_params.o(.bss)
    m_conn_params_config                     0x200024e4   Data          28  ble_conn_params.o(.bss)
    .bss                                     0x20002500   Section      124  ble_conn_state.o(.bss)
    m_bcs                                    0x20002500   Data         124  ble_conn_state.o(.bss)
    .bss                                     0x20002580   Section       32  app_adc.o(.bss)
    m_adc_id_data                            0x20002580   Data          32  app_adc.o(.bss)
    .bss                                     0x200025a0   Section       32  app_interrupt.o(.bss)
    timer_systick_id_data                    0x200025a0   Data          32  app_interrupt.o(.bss)
    .bss                                     0x200025c0   Section       20  nrf_drv_clock.o(.bss)
    m_clock_cb                               0x200025c0   Data          20  nrf_drv_clock.o(.bss)
    .bss                                     0x200025d4   Section       92  nrfx_gpiote.o(.bss)
    m_cb                                     0x200025d4   Data          92  nrfx_gpiote.o(.bss)
    .bss                                     0x20002630   Section       44  nrfx_uart.o(.bss)
    m_cb                                     0x20002630   Data          44  nrfx_uart.o(.bss)
    .bss                                     0x2000265c   Section       36  nrfx_uarte.o(.bss)
    m_cb                                     0x2000265c   Data          36  nrfx_uarte.o(.bss)
    .bss                                     0x20002680   Section       48  nrfx_saadc.o(.bss)
    m_cb                                     0x20002680   Data          48  nrfx_saadc.o(.bss)
    .bss                                     0x200026b0   Section       16  app_timer2.o(.bss)
    m_req_fifo_inst                          0x200026b0   Data          16  app_timer2.o(.bss)
    .bss                                     0x200026c0   Section       88  app_timer2.o(.bss)
    m_req_fifo_data                          0x200026c0   Data          88  app_timer2.o(.bss)
    .bss                                     0x20002718   Section       12  app_util_platform.o(.bss)
    .bss                                     0x20002724   Section       12  nrf_pwr_mgmt.o(.bss)
    m_handlers_iter                          0x20002724   Data          12  nrf_pwr_mgmt.o(.bss)
    .bss                                     0x20002730   Section       64  nrf_log_backend_uart.o(.bss)
    m_string_buff                            0x20002730   Data          64  nrf_log_backend_uart.o(.bss)
    .bss                                     0x20002770   Section      192  nrf_log_frontend.o(.bss)
    log_mempool_nrf_balloc_pool_mem          0x20002770   Data         192  nrf_log_frontend.o(.bss)
    .bss                                     0x20002830   Section      128  nrf_log_frontend.o(.bss)
    m_log_push_ringbuf_buf                   0x20002830   Data         128  nrf_log_frontend.o(.bss)
    .bss                                     0x200028b0   Section       24  nrf_log_frontend.o(.bss)
    m_log_push_ringbuf_cb                    0x200028b0   Data          24  nrf_log_frontend.o(.bss)
    .bss                                     0x200028c8   Section     1060  nrf_log_frontend.o(.bss)
    m_log_data                               0x200028c8   Data        1060  nrf_log_frontend.o(.bss)
    STACK                                    0x20002cf0   Section     8192  arm_startup_nrf52.o(STACK)

    Global Symbols

    Symbol Name                              Value     Ov Type        Size  Object(Section)

    BuildAttributes$$THM_ISAv4$E$P$D$K$B$S$7EM$VFPi3$EXTD16$VFPS$VFMA$PE$A:L22UL41UL21$X:L11$S22US41US21$IEEE1$IW$USESV6$~STKCKD$USESV7$~SHL$OSPACE$EBA8$MICROLIB$REQ8$EABIv2 0x00000000   Number         0  anon$$obj.o ABSOLUTE
    __ARM_use_no_argv                        0x00000000   Number         0  main.o ABSOLUTE
    __use_no_errno                           0x00000000   Number         0  useno.o ABSOLUTE
    __use_no_exception_handling              0x00000000   Number         0  useno.o ABSOLUTE
    __use_no_fp                              0x00000000   Number         0  useno.o ABSOLUTE
    __use_no_heap                            0x00000000   Number         0  useno.o ABSOLUTE
    __use_no_heap_region                     0x00000000   Number         0  useno.o ABSOLUTE
    __use_no_semihosting                     0x00000000   Number         0  useno.o ABSOLUTE
    __use_no_semihosting_swi                 0x00000000   Number         0  useno.o ABSOLUTE
    __use_no_signal_handling                 0x00000000   Number         0  useno.o ABSOLUTE
    __cpp_initialize__aeabi_                  - Undefined Weak Reference
    __cxa_finalize                            - Undefined Weak Reference
    _clock_init                               - Undefined Weak Reference
    _microlib_exit                            - Undefined Weak Reference
    log_dynamic_data$$Base                    - Undefined Reference
    pwr_mgmt_data0$$Base                      - Undefined Reference
    pwr_mgmt_data0$$Limit                     - Undefined Reference
    pwr_mgmt_data1$$Base                      - Undefined Reference
    pwr_mgmt_data1$$Limit                     - Undefined Reference
    pwr_mgmt_data2$$Base                      - Undefined Reference
    pwr_mgmt_data2$$Limit                     - Undefined Reference
    sdh_ble_observers2$$Base                  - Undefined Reference
    sdh_ble_observers2$$Limit                 - Undefined Reference
    sdh_req_observers0$$Base                  - Undefined Reference
    sdh_req_observers0$$Limit                 - Undefined Reference
    sdh_req_observers1$$Base                  - Undefined Reference
    sdh_req_observers1$$Limit                 - Undefined Reference
    sdh_soc_observers1$$Base                  - Undefined Reference
    sdh_soc_observers1$$Limit                 - Undefined Reference
    sdh_stack_observers1$$Base                - Undefined Reference
    sdh_stack_observers1$$Limit               - Undefined Reference
    sdh_state_observers1$$Base                - Undefined Reference
    sdh_state_observers1$$Limit               - Undefined Reference
    __Vectors_Size                           0x00000200   Number         0  arm_startup_nrf52.o ABSOLUTE
    __Vectors                                0x00026000   Data           4  arm_startup_nrf52.o(RESET)
    __Vectors_End                            0x00026200   Data           0  arm_startup_nrf52.o(RESET)
    __main                                   0x00026201   Thumb Code     0  entry.o(.ARM.Collect$$$$00000000)
    _main_stk                                0x00026201   Thumb Code     0  entry2.o(.ARM.Collect$$$$00000001)
    _main_scatterload                        0x00026205   Thumb Code     0  entry5.o(.ARM.Collect$$$$00000004)
    __main_after_scatterload                 0x00026209   Thumb Code     0  entry5.o(.ARM.Collect$$$$00000004)
    _main_clock                              0x00026209   Thumb Code     0  entry7b.o(.ARM.Collect$$$$00000008)
    _main_cpp_init                           0x00026209   Thumb Code     0  entry8b.o(.ARM.Collect$$$$0000000A)
    _main_init                               0x00026209   Thumb Code     0  entry9a.o(.ARM.Collect$$$$0000000B)
    __rt_final_cpp                           0x00026211   Thumb Code     0  entry10a.o(.ARM.Collect$$$$0000000D)
    __rt_final_exit                          0x00026211   Thumb Code     0  entry11a.o(.ARM.Collect$$$$0000000F)
    __asm___12_nrf_atfifo_c_51f461e1__nrf_atfifo_wspace_req 0x00026215   Thumb Code    56  nrf_atfifo.o(.emb_text)
    __asm___12_nrf_atfifo_c_51f461e1__nrf_atfifo_wspace_close 0x0002624d   Thumb Code    18  nrf_atfifo.o(.emb_text)
    __asm___12_nrf_atfifo_c_51f461e1__nrf_atfifo_rspace_req 0x0002625f   Thumb Code    58  nrf_atfifo.o(.emb_text)
    __asm___12_nrf_atfifo_c_51f461e1__nrf_atfifo_rspace_close 0x00026299   Thumb Code    18  nrf_atfifo.o(.emb_text)
    __asm___12_nrf_atfifo_c_51f461e1__nrf_atfifo_space_clear 0x000262ab   Thumb Code    50  nrf_atfifo.o(.emb_text)
    __asm___12_nrf_atomic_c_85ca2469__nrf_atomic_internal_mov 0x000262dd   Thumb Code    24  nrf_atomic.o(.emb_text)
    __asm___12_nrf_atomic_c_85ca2469__nrf_atomic_internal_orr 0x000262f5   Thumb Code    26  nrf_atomic.o(.emb_text)
    __asm___12_nrf_atomic_c_85ca2469__nrf_atomic_internal_and 0x0002630f   Thumb Code    26  nrf_atomic.o(.emb_text)
    __asm___12_nrf_atomic_c_85ca2469__nrf_atomic_internal_eor 0x00026329   Thumb Code    26  nrf_atomic.o(.emb_text)
    __asm___12_nrf_atomic_c_85ca2469__nrf_atomic_internal_add 0x00026343   Thumb Code    26  nrf_atomic.o(.emb_text)
    __asm___12_nrf_atomic_c_85ca2469__nrf_atomic_internal_sub 0x0002635d   Thumb Code    26  nrf_atomic.o(.emb_text)
    __asm___12_nrf_atomic_c_85ca2469__nrf_atomic_internal_cmp_exch 0x00026377   Thumb Code    42  nrf_atomic.o(.emb_text)
    __asm___12_nrf_atomic_c_85ca2469__nrf_atomic_internal_sub_hs 0x000263a1   Thumb Code    30  nrf_atomic.o(.emb_text)
    Reset_Handler                            0x000263c1   Thumb Code     8  arm_startup_nrf52.o(.text)
    NMI_Handler                              0x000263c9   Thumb Code     2  arm_startup_nrf52.o(.text)
    HardFault_Handler                        0x000263cb   Thumb Code     2  arm_startup_nrf52.o(.text)
    MemoryManagement_Handler                 0x000263cd   Thumb Code     2  arm_startup_nrf52.o(.text)
    BusFault_Handler                         0x000263cf   Thumb Code     2  arm_startup_nrf52.o(.text)
    UsageFault_Handler                       0x000263d1   Thumb Code     2  arm_startup_nrf52.o(.text)
    SVC_Handler                              0x000263d3   Thumb Code     2  arm_startup_nrf52.o(.text)
    DebugMon_Handler                         0x000263d5   Thumb Code     2  arm_startup_nrf52.o(.text)
    PendSV_Handler                           0x000263d7   Thumb Code     2  arm_startup_nrf52.o(.text)
    SysTick_Handler                          0x000263d9   Thumb Code     2  arm_startup_nrf52.o(.text)
    CCM_AAR_IRQHandler                       0x000263db   Thumb Code     0  arm_startup_nrf52.o(.text)
    COMP_LPCOMP_IRQHandler                   0x000263db   Thumb Code     0  arm_startup_nrf52.o(.text)
    ECB_IRQHandler                           0x000263db   Thumb Code     0  arm_startup_nrf52.o(.text)
    FPU_IRQHandler                           0x000263db   Thumb Code     0  arm_startup_nrf52.o(.text)
    I2S_IRQHandler                           0x000263db   Thumb Code     0  arm_startup_nrf52.o(.text)
    MWU_IRQHandler                           0x000263db   Thumb Code     0  arm_startup_nrf52.o(.text)
    NFCT_IRQHandler                          0x000263db   Thumb Code     0  arm_startup_nrf52.o(.text)
    PDM_IRQHandler                           0x000263db   Thumb Code     0  arm_startup_nrf52.o(.text)
    PWM0_IRQHandler                          0x000263db   Thumb Code     0  arm_startup_nrf52.o(.text)
    PWM1_IRQHandler                          0x000263db   Thumb Code     0  arm_startup_nrf52.o(.text)
    PWM2_IRQHandler                          0x000263db   Thumb Code     0  arm_startup_nrf52.o(.text)
    QDEC_IRQHandler                          0x000263db   Thumb Code     0  arm_startup_nrf52.o(.text)
    RADIO_IRQHandler                         0x000263db   Thumb Code     0  arm_startup_nrf52.o(.text)
    RNG_IRQHandler                           0x000263db   Thumb Code     0  arm_startup_nrf52.o(.text)
    RTC0_IRQHandler                          0x000263db   Thumb Code     0  arm_startup_nrf52.o(.text)
    RTC2_IRQHandler                          0x000263db   Thumb Code     0  arm_startup_nrf52.o(.text)
    SPIM0_SPIS0_TWIM0_TWIS0_SPI0_TWI0_IRQHandler 0x000263db   Thumb Code     0  arm_startup_nrf52.o(.text)
    SPIM1_SPIS1_TWIM1_TWIS1_SPI1_TWI1_IRQHandler 0x000263db   Thumb Code     0  arm_startup_nrf52.o(.text)
    SPIM2_SPIS2_SPI2_IRQHandler              0x000263db   Thumb Code     0  arm_startup_nrf52.o(.text)
    SWI0_EGU0_IRQHandler                     0x000263db   Thumb Code     0  arm_startup_nrf52.o(.text)
    SWI1_EGU1_IRQHandler                     0x000263db   Thumb Code     0  arm_startup_nrf52.o(.text)
    SWI3_EGU3_IRQHandler                     0x000263db   Thumb Code     0  arm_startup_nrf52.o(.text)
    SWI4_EGU4_IRQHandler                     0x000263db   Thumb Code     0  arm_startup_nrf52.o(.text)
    SWI5_EGU5_IRQHandler                     0x000263db   Thumb Code     0  arm_startup_nrf52.o(.text)
    TEMP_IRQHandler                          0x000263db   Thumb Code     0  arm_startup_nrf52.o(.text)
    TIMER0_IRQHandler                        0x000263db   Thumb Code     0  arm_startup_nrf52.o(.text)
    TIMER1_IRQHandler                        0x000263db   Thumb Code     0  arm_startup_nrf52.o(.text)
    TIMER2_IRQHandler                        0x000263db   Thumb Code     0  arm_startup_nrf52.o(.text)
    TIMER3_IRQHandler                        0x000263db   Thumb Code     0  arm_startup_nrf52.o(.text)
    TIMER4_IRQHandler                        0x000263db   Thumb Code     0  arm_startup_nrf52.o(.text)
    WDT_IRQHandler                           0x000263db   Thumb Code     0  arm_startup_nrf52.o(.text)
    __rt_ctype_table                         0x000263e5   Thumb Code     4  ctype_o.o(.text)
    __aeabi_memcpy                           0x000263ed   Thumb Code    36  memcpya.o(.text)
    __aeabi_memcpy4                          0x000263ed   Thumb Code     0  memcpya.o(.text)
    __aeabi_memcpy8                          0x000263ed   Thumb Code     0  memcpya.o(.text)
    __aeabi_memset                           0x00026411   Thumb Code    14  memseta.o(.text)
    __aeabi_memset4                          0x00026411   Thumb Code     0  memseta.o(.text)
    __aeabi_memset8                          0x00026411   Thumb Code     0  memseta.o(.text)
    __aeabi_memclr                           0x0002641f   Thumb Code     4  memseta.o(.text)
    __aeabi_memclr4                          0x0002641f   Thumb Code     0  memseta.o(.text)
    __aeabi_memclr8                          0x0002641f   Thumb Code     0  memseta.o(.text)
    _memset$wrapper                          0x00026423   Thumb Code    18  memseta.o(.text)
    strlen                                   0x00026435   Thumb Code    14  strlen.o(.text)
    __scatterload                            0x00026445   Thumb Code    28  init.o(.text)
    __scatterload_rt2                        0x00026445   Thumb Code     0  init.o(.text)
    __decompress                             0x00026469   Thumb Code     0  __dczerorl2.o(.text)
    __decompress1                            0x00026469   Thumb Code    86  __dczerorl2.o(.text)
    GPIOTE_IRQHandler                        0x000264c1   Thumb Code   346  nrfx_gpiote.o(i.GPIOTE_IRQHandler)
    POWER_CLOCK_IRQHandler                   0x00026625   Thumb Code    82  nrfx_clock.o(i.POWER_CLOCK_IRQHandler)
    RTC1_IRQHandler                          0x0002667d   Thumb Code    12  drv_rtc.o(i.RTC1_IRQHandler)
    SAADC_IRQHandler                         0x0002668d   Thumb Code   320  nrfx_saadc.o(i.SAADC_IRQHandler)
    SWI2_EGU2_IRQHandler                     0x000267d5   Thumb Code     4  nrf_sdh.o(i.SWI2_EGU2_IRQHandler)
    SystemInit                               0x000267d9   Thumb Code   726  system_nrf52.o(i.SystemInit)
    UARTE0_UART0_IRQHandler                  0x00026af5   Thumb Code     6  nrfx_prs.o(i.UARTE0_UART0_IRQHandler)
    __scatterload_copy                       0x00026b01   Thumb Code    14  handlers.o(i.__scatterload_copy)
    __scatterload_null                       0x00026b0f   Thumb Code     2  handlers.o(i.__scatterload_null)
    __scatterload_zeroinit                   0x00026b11   Thumb Code    14  handlers.o(i.__scatterload_zeroinit)
    adc_handle_timer                         0x00026b45   Thumb Code    14  app_adc.o(i.adc_handle_timer)
    advertising_init                         0x00026b59   Thumb Code   148  ble_spec.o(i.advertising_init)
    advertising_start                        0x00026bf9   Thumb Code    18  ble_spec.o(i.advertising_start)
    app_error_fault_handler                  0x00026c11   Thumb Code    86  app_error_weak.o(i.app_error_fault_handler)
    app_error_handler_bare                   0x00026c95   Thumb Code    22  app_error.o(i.app_error_handler_bare)
    app_timer_cnt_get                        0x00026cad   Thumb Code     6  app_timer2.o(i.app_timer_cnt_get)
    app_timer_create                         0x00026cb9   Thumb Code    22  app_timer2.o(i.app_timer_create)
    app_timer_init                           0x00026cd1   Thumb Code    70  app_timer2.o(i.app_timer_init)
    app_timer_start                          0x00026d2d   Thumb Code    48  app_timer2.o(i.app_timer_start)
    app_timer_stop                           0x00026d5d   Thumb Code    12  app_timer2.o(i.app_timer_stop)
    app_util_critical_region_enter           0x00026d69   Thumb Code    64  app_util_platform.o(i.app_util_critical_region_enter)
    app_util_critical_region_exit            0x00026db1   Thumb Code    46  app_util_platform.o(i.app_util_critical_region_exit)
    ble_advdata_encode                       0x00026ef5   Thumb Code   386  ble_advdata.o(i.ble_advdata_encode)
    ble_cb_ADC_change                        0x00027077   Thumb Code    46  cambien_service.o(i.ble_cb_ADC_change)
    ble_cb_chuyendong_change                 0x000270a5   Thumb Code    46  cambien_service.o(i.ble_cb_chuyendong_change)
    ble_cb_init                              0x000270d5   Thumb Code   252  cambien_service.o(i.ble_cb_init)
    ble_cb_tu_change                         0x000271d5   Thumb Code    46  cambien_service.o(i.ble_cb_tu_change)
    ble_conn_params_init                     0x00027205   Thumb Code    90  ble_conn_params.o(i.ble_conn_params_init)
    ble_dis_init                             0x000272cd   Thumb Code   310  ble_dis.o(i.ble_dis_init)
    ble_evt_handler                          0x0002761d   Thumb Code   210  ble_spec.o(i.ble_evt_handler)
    ble_srv_ascii_to_utf8                    0x00027729   Thumb Code    18  ble_srv_common.o(i.ble_srv_ascii_to_utf8)
    ble_srv_is_notification_enabled          0x0002773b   Thumb Code     8  ble_srv_common.o(i.ble_srv_is_notification_enabled)
    ble_stack_init                           0x00027743   Thumb Code    46  ble_spec.o(i.ble_stack_init)
    buffer_is_empty                          0x00027831   Thumb Code    16  nrf_log_frontend.o(i.buffer_is_empty)
    characteristic_add                       0x00027919   Thumb Code   400  ble_srv_common.o(i.characteristic_add)
    check_error_ble                          0x00027aa9   Thumb Code    30  cambien_service.o(i.check_error_ble)
    conn_handle_list_get                     0x00027b25   Thumb Code    62  ble_conn_state.o(i.conn_handle_list_get)
    conn_params_error_handler                0x00027beb   Thumb Code     4  ble_spec.o(i.conn_params_error_handler)
    conn_params_init                         0x00027bf1   Thumb Code    66  ble_spec.o(i.conn_params_init)
    create_ADC_timer                         0x00027c85   Thumb Code    44  app_adc.o(i.create_ADC_timer)
    create_sensor_timer                      0x00027cbd   Thumb Code    46  app_interrupt.o(i.create_sensor_timer)
    drv_rtc_compare_disable                  0x00027dc9   Thumb Code    20  drv_rtc.o(i.drv_rtc_compare_disable)
    drv_rtc_compare_pending                  0x00027ddd   Thumb Code    14  drv_rtc.o(i.drv_rtc_compare_pending)
    drv_rtc_compare_set                      0x00027deb   Thumb Code    80  drv_rtc.o(i.drv_rtc_compare_set)
    drv_rtc_counter_get                      0x00027e3b   Thumb Code     8  drv_rtc.o(i.drv_rtc_counter_get)
    drv_rtc_init                             0x00027e45   Thumb Code   144  drv_rtc.o(i.drv_rtc_init)
    drv_rtc_irq_trigger                      0x00027f19   Thumb Code    26  drv_rtc.o(i.drv_rtc_irq_trigger)
    drv_rtc_overflow_enable                  0x00027f33   Thumb Code     8  drv_rtc.o(i.drv_rtc_overflow_enable)
    drv_rtc_overflow_pending                 0x00027f3b   Thumb Code     8  drv_rtc.o(i.drv_rtc_overflow_pending)
    drv_rtc_start                            0x00027f43   Thumb Code     8  drv_rtc.o(i.drv_rtc_start)
    drv_rtc_stop                             0x00027f4b   Thumb Code     8  drv_rtc.o(i.drv_rtc_stop)
    drv_rtc_windowed_compare_set             0x00027f53   Thumb Code   222  drv_rtc.o(i.drv_rtc_windowed_compare_set)
    gap_params_init                          0x00028061   Thumb Code    80  ble_spec.o(i.gap_params_init)
    gatt_init                                0x000280b9   Thumb Code    22  ble_spec.o(i.gatt_init)
    in_out1_handler                          0x00028105   Thumb Code    56  app_interrupt.o(i.in_out1_handler)
    in_out2_handler                          0x00028159   Thumb Code    56  app_interrupt.o(i.in_out2_handler)
    in_tu_handler                            0x000281ad   Thumb Code    50  app_interrupt.o(i.in_tu_handler)
    interrupt_init                           0x000282b7   Thumb Code    22  app_interrupt.o(i.interrupt_init)
    log_init                                 0x000283dd   Thumb Code    26  ble_spec.o(i.log_init)
    main                                     0x00028495   Thumb Code   134  main.o(i.main)
    nrf_atfifo_init                          0x000286f3   Thumb Code    38  nrf_atfifo.o(i.nrf_atfifo_init)
    nrf_atfifo_item_alloc                    0x00028719   Thumb Code    22  nrf_atfifo.o(i.nrf_atfifo_item_alloc)
    nrf_atfifo_item_free                     0x0002872f   Thumb Code    22  nrf_atfifo.o(i.nrf_atfifo_item_free)
    nrf_atfifo_item_get                      0x00028745   Thumb Code    22  nrf_atfifo.o(i.nrf_atfifo_item_get)
    nrf_atfifo_item_put                      0x0002875b   Thumb Code    22  nrf_atfifo.o(i.nrf_atfifo_item_put)
    nrf_atflags_clear                        0x00028771   Thumb Code    22  nrf_atflags.o(i.nrf_atflags_clear)
    nrf_atflags_get                          0x00028787   Thumb Code    22  nrf_atflags.o(i.nrf_atflags_get)
    nrf_atflags_set                          0x0002879d   Thumb Code    20  nrf_atflags.o(i.nrf_atflags_set)
    nrf_atomic_flag_clear_fetch              0x000287b1   Thumb Code     6  nrf_atomic.o(i.nrf_atomic_flag_clear_fetch)
    nrf_atomic_flag_set                      0x000287b7   Thumb Code     6  nrf_atomic.o(i.nrf_atomic_flag_set)
    nrf_atomic_u32_add                       0x000287bd   Thumb Code    12  nrf_atomic.o(i.nrf_atomic_u32_add)
    nrf_atomic_u32_and                       0x000287c9   Thumb Code    12  nrf_atomic.o(i.nrf_atomic_u32_and)
    nrf_atomic_u32_fetch_and                 0x000287d5   Thumb Code    10  nrf_atomic.o(i.nrf_atomic_u32_fetch_and)
    nrf_atomic_u32_fetch_store               0x000287df   Thumb Code    10  nrf_atomic.o(i.nrf_atomic_u32_fetch_store)
    nrf_atomic_u32_or                        0x000287e9   Thumb Code    12  nrf_atomic.o(i.nrf_atomic_u32_or)
    nrf_atomic_u32_sub                       0x000287f5   Thumb Code    12  nrf_atomic.o(i.nrf_atomic_u32_sub)
    nrf_balloc_alloc                         0x00028801   Thumb Code    68  nrf_balloc.o(i.nrf_balloc_alloc)
    nrf_balloc_free                          0x00028845   Thumb Code    48  nrf_balloc.o(i.nrf_balloc_free)
    nrf_balloc_init                          0x00028875   Thumb Code    48  nrf_balloc.o(i.nrf_balloc_init)
    nrf_ble_gatt_init                        0x000288c9   Thumb Code    34  nrf_ble_gatt.o(i.nrf_ble_gatt_init)
    nrf_ble_gatt_on_ble_evt                  0x000288ed   Thumb Code   270  nrf_ble_gatt.o(i.nrf_ble_gatt_on_ble_evt)
    nrf_drv_clock_init                       0x00028a5d   Thumb Code    48  nrf_drv_clock.o(i.nrf_drv_clock_init)
    nrf_drv_clock_lfclk_release              0x00028a95   Thumb Code    42  nrf_drv_clock.o(i.nrf_drv_clock_lfclk_release)
    nrf_drv_uart_init                        0x00028ac5   Thumb Code    90  nrf_drv_uart.o(i.nrf_drv_uart_init)
    nrf_fprintf                              0x00028b2d   Thumb Code    26  nrf_fprintf.o(i.nrf_fprintf)
    nrf_fprintf_buffer_flush                 0x00028b47   Thumb Code    24  nrf_fprintf.o(i.nrf_fprintf_buffer_flush)
    nrf_fprintf_fmt                          0x00028b5f   Thumb Code   474  nrf_fprintf_format.o(i.nrf_fprintf_fmt)
    nrf_log_backend_add                      0x00028e85   Thumb Code    86  nrf_log_frontend.o(i.nrf_log_backend_add)
    nrf_log_backend_serial_put               0x00028ee1   Thumb Code   200  nrf_log_backend_serial.o(i.nrf_log_backend_serial_put)
    nrf_log_backend_uart_init                0x00028fab   Thumb Code     6  nrf_log_backend_uart.o(i.nrf_log_backend_uart_init)
    nrf_log_color_id_get                     0x00028ff5   Thumb Code    42  nrf_log_frontend.o(i.nrf_log_color_id_get)
    nrf_log_default_backends_init            0x00029025   Thumb Code    24  nrf_log_default_backends.o(i.nrf_log_default_backends_init)
    nrf_log_frontend_dequeue                 0x00029041   Thumb Code   528  nrf_log_frontend.o(i.nrf_log_frontend_dequeue)
    nrf_log_frontend_std_0                   0x00029275   Thumb Code     8  nrf_log_frontend.o(i.nrf_log_frontend_std_0)
    nrf_log_frontend_std_1                   0x0002927d   Thumb Code    14  nrf_log_frontend.o(i.nrf_log_frontend_std_1)
    nrf_log_frontend_std_2                   0x0002928b   Thumb Code    16  nrf_log_frontend.o(i.nrf_log_frontend_std_2)
    nrf_log_hexdump_entry_process            0x0002929d   Thumb Code   150  nrf_log_str_formatter.o(i.nrf_log_hexdump_entry_process)
    nrf_log_init                             0x0002934d   Thumb Code    46  nrf_log_frontend.o(i.nrf_log_init)
    nrf_log_module_cnt_get                   0x00029389   Thumb Code    10  nrf_log_frontend.o(i.nrf_log_module_cnt_get)
    nrf_log_module_name_get                  0x0002939d   Thumb Code    24  nrf_log_frontend.o(i.nrf_log_module_name_get)
    nrf_log_panic                            0x000293b9   Thumb Code    38  nrf_log_frontend.o(i.nrf_log_panic)
    nrf_log_std_entry_process                0x000293e5   Thumb Code   182  nrf_log_str_formatter.o(i.nrf_log_std_entry_process)
    nrf_memobj_alloc                         0x0002949b   Thumb Code    96  nrf_memobj.o(i.nrf_memobj_alloc)
    nrf_memobj_free                          0x000294fb   Thumb Code    50  nrf_memobj.o(i.nrf_memobj_free)
    nrf_memobj_get                           0x0002952d   Thumb Code     8  nrf_memobj.o(i.nrf_memobj_get)
    nrf_memobj_pool_init                     0x00029535   Thumb Code     4  nrf_memobj.o(i.nrf_memobj_pool_init)
    nrf_memobj_put                           0x00029539   Thumb Code    30  nrf_memobj.o(i.nrf_memobj_put)
    nrf_memobj_read                          0x00029557   Thumb Code    16  nrf_memobj.o(i.nrf_memobj_read)
    nrf_memobj_write                         0x00029567   Thumb Code    16  nrf_memobj.o(i.nrf_memobj_write)
    nrf_pwr_mgmt_init                        0x00029579   Thumb Code    28  nrf_pwr_mgmt.o(i.nrf_pwr_mgmt_init)
    nrf_pwr_mgmt_run                         0x000295a1   Thumb Code    64  nrf_pwr_mgmt.o(i.nrf_pwr_mgmt_run)
    nrf_ringbuf_init                         0x000295e5   Thumb Code    28  nrf_ringbuf.o(i.nrf_ringbuf_init)
    nrf_sdh_ble_app_ram_start_get            0x00029665   Thumb Code    16  nrf_sdh_ble.o(i.nrf_sdh_ble_app_ram_start_get)
    nrf_sdh_ble_default_cfg_set              0x00029679   Thumb Code   228  nrf_sdh_ble.o(i.nrf_sdh_ble_default_cfg_set)
    nrf_sdh_ble_enable                       0x00029779   Thumb Code   116  nrf_sdh_ble.o(i.nrf_sdh_ble_enable)
    nrf_sdh_enable_request                   0x00029905   Thumb Code   102  nrf_sdh.o(i.nrf_sdh_enable_request)
    nrf_sdh_evts_poll                        0x00029979   Thumb Code    32  nrf_sdh.o(i.nrf_sdh_evts_poll)
    nrf_sdh_is_enabled                       0x0002999d   Thumb Code     6  nrf_sdh.o(i.nrf_sdh_is_enabled)
    nrf_section_iter_init                    0x000299e5   Thumb Code    10  nrf_section_iter.o(i.nrf_section_iter_init)
    nrf_section_iter_next                    0x00029a13   Thumb Code    32  nrf_section_iter.o(i.nrf_section_iter_next)
    nrf_sortlist_add                         0x00029a33   Thumb Code    34  nrf_sortlist.o(i.nrf_sortlist_add)
    nrf_sortlist_peek                        0x00029a55   Thumb Code     6  nrf_sortlist.o(i.nrf_sortlist_peek)
    nrf_sortlist_pop                         0x00029a5b   Thumb Code    14  nrf_sortlist.o(i.nrf_sortlist_pop)
    nrf_sortlist_remove                      0x00029a69   Thumb Code    30  nrf_sortlist.o(i.nrf_sortlist_remove)
    nrf_strerror_find                        0x00029a89   Thumb Code    52  nrf_strerror.o(i.nrf_strerror_find)
    nrf_strerror_get                         0x00029ac1   Thumb Code    14  nrf_strerror.o(i.nrf_strerror_get)
    nrfx_clock_enable                        0x00029b0d   Thumb Code    34  nrfx_clock.o(i.nrfx_clock_enable)
    nrfx_clock_init                          0x00029b39   Thumb Code    26  nrfx_clock.o(i.nrfx_clock_init)
    nrfx_clock_lfclk_stop                    0x00029b59   Thumb Code    20  nrfx_clock.o(i.nrfx_clock_lfclk_stop)
    nrfx_gpiote_in_event_enable              0x00029b95   Thumb Code   156  nrfx_gpiote.o(i.nrfx_gpiote_in_event_enable)
    nrfx_gpiote_in_init                      0x00029c39   Thumb Code   194  nrfx_gpiote.o(i.nrfx_gpiote_in_init)
    nrfx_gpiote_init                         0x00029d09   Thumb Code    94  nrfx_gpiote.o(i.nrfx_gpiote_init)
    nrfx_prs_acquire                         0x00029d85   Thumb Code    58  nrfx_prs.o(i.nrfx_prs_acquire)
    nrfx_prs_release                         0x00029dbf   Thumb Code    18  nrfx_prs.o(i.nrfx_prs_release)
    nrfx_saadc_buffer_convert                0x00029dd1   Thumb Code   154  nrfx_saadc.o(i.nrfx_saadc_buffer_convert)
    nrfx_saadc_channel_init                  0x00029e75   Thumb Code   160  nrfx_saadc.o(i.nrfx_saadc_channel_init)
    nrfx_saadc_channel_uninit                0x00029f21   Thumb Code    62  nrfx_saadc.o(i.nrfx_saadc_channel_uninit)
    nrfx_saadc_init                          0x00029f65   Thumb Code   130  nrfx_saadc.o(i.nrfx_saadc_init)
    nrfx_saadc_limits_set                    0x00029ff9   Thumb Code   120  nrfx_saadc.o(i.nrfx_saadc_limits_set)
    nrfx_saadc_sample                        0x0002a079   Thumb Code    34  nrfx_saadc.o(i.nrfx_saadc_sample)
    nrfx_saadc_uninit                        0x0002a0a5   Thumb Code    94  nrfx_saadc.o(i.nrfx_saadc_uninit)
    nrfx_uart_0_irq_handler                  0x0002a111   Thumb Code     8  nrfx_uart.o(i.nrfx_uart_0_irq_handler)
    nrfx_uart_init                           0x0002a121   Thumb Code   196  nrfx_uart.o(i.nrfx_uart_init)
    nrfx_uart_tx                             0x0002a1f1   Thumb Code   162  nrfx_uart.o(i.nrfx_uart_tx)
    nrfx_uart_tx_in_progress                 0x0002a299   Thumb Code    26  nrfx_uart.o(i.nrfx_uart_tx_in_progress)
    nrfx_uart_uninit                         0x0002a2b9   Thumb Code   170  nrfx_uart.o(i.nrfx_uart_uninit)
    nrfx_uarte_0_irq_handler                 0x0002a36d   Thumb Code     8  nrfx_uarte.o(i.nrfx_uarte_0_irq_handler)
    nrfx_uarte_init                          0x0002a37d   Thumb Code   100  nrfx_uarte.o(i.nrfx_uarte_init)
    nrfx_uarte_tx                            0x0002a3e9   Thumb Code   166  nrfx_uarte.o(i.nrfx_uarte_tx)
    nrfx_uarte_tx_in_progress                0x0002a495   Thumb Code    22  nrfx_uarte.o(i.nrfx_uarte_tx_in_progress)
    nrfx_uarte_uninit                        0x0002a4b1   Thumb Code   214  nrfx_uarte.o(i.nrfx_uarte_uninit)
    on_conn_params_evt                       0x0002a591   Thumb Code    24  ble_spec.o(i.on_conn_params_evt)
    out1_interrupt_init                      0x0002a701   Thumb Code    44  app_interrupt.o(i.out1_interrupt_init)
    out2_interrupt_init                      0x0002a731   Thumb Code    44  app_interrupt.o(i.out2_interrupt_init)
    saadc_callback                           0x0002aa45   Thumb Code    88  app_adc.o(i.saadc_callback)
    saadc_init                               0x0002aab5   Thumb Code    76  app_adc.o(i.saadc_init)
    services_init                            0x0002ac95   Thumb Code    62  ble_spec.o(i.services_init)
    set_BLE_para                             0x0002acf1   Thumb Code    32  ble_spec.o(i.set_BLE_para)
    systick_handle                           0x0002aea1   Thumb Code    10  app_interrupt.o(i.systick_handle)
    task_adc                                 0x0002aeb1   Thumb Code    42  app_adc.o(i.task_adc)
    task_chuyendong                          0x0002aeed   Thumb Code   102  app_interrupt.o(i.task_chuyendong)
    task_tu                                  0x0002af79   Thumb Code    32  app_interrupt.o(i.task_tu)
    tu_interrupt_init                        0x0002b0ad   Thumb Code    44  app_interrupt.o(i.tu_interrupt_init)
    turn_off_saadc_driver                    0x0002b0dd   Thumb Code    32  app_adc.o(i.turn_off_saadc_driver)
    nrf_log_backend_uart_api                 0x0002b838   Data          12  nrf_log_backend_uart.o(.constdata)
    m_ram_start                              0x0002b8e8   Data           4  nrf_sdh_ble.o(.constdata)
    __ctype_table                            0x0002b914   Data         129  ctype_o.o(.constdata)
    Region$$Table$$Base                      0x0002c0c8   Number         0  anon$$obj.o(Region$$Table)
    Region$$Table$$Limit                     0x0002c0e8   Number         0  anon$$obj.o(Region$$Table)
    log_const_data$$Base                     0x0002c0f8   Number         0  nrf_ble_gatt.o(log_const_data)
    m_nrf_log_nrf_ble_gatt_logs_data_const   0x0002c0f8   Data           8  nrf_ble_gatt.o(log_const_data)
    m_nrf_log_clock_logs_data_const          0x0002c100   Data           8  nrf_drv_clock.o(log_const_data)
    m_nrf_log_CLOCK_logs_data_const          0x0002c108   Data           8  nrfx_clock.o(log_const_data)
    m_nrf_log_GPIOTE_logs_data_const         0x0002c110   Data           8  nrfx_gpiote.o(log_const_data)
    m_nrf_log_PRS_logs_data_const            0x0002c118   Data           8  nrfx_prs.o(log_const_data)
    m_nrf_log_UART_logs_data_const           0x0002c120   Data           8  nrfx_uart.o(log_const_data)
    m_nrf_log_UARTE_logs_data_const          0x0002c128   Data           8  nrfx_uarte.o(log_const_data)
    m_nrf_log_SAADC_logs_data_const          0x0002c130   Data           8  nrfx_saadc.o(log_const_data)
    m_nrf_log_app_button_logs_data_const     0x0002c138   Data           8  app_button.o(log_const_data)
    m_nrf_log_app_timer_logs_data_const      0x0002c140   Data           8  app_timer2.o(log_const_data)
    m_nrf_log_pwr_mgmt_logs_data_const       0x0002c148   Data           8  nrf_pwr_mgmt.o(log_const_data)
    m_nrf_log_sortlist_logs_data_const       0x0002c150   Data           8  nrf_sortlist.o(log_const_data)
    m_nrf_log_app_logs_data_const            0x0002c158   Data           8  nrf_log_frontend.o(log_const_data)
    m_nrf_log_nrf_sdh_logs_data_const        0x0002c160   Data           8  nrf_sdh.o(log_const_data)
    m_nrf_log_nrf_sdh_ble_logs_data_const    0x0002c168   Data           8  nrf_sdh_ble.o(log_const_data)
    m_nrf_log_nrf_sdh_soc_logs_data_const    0x0002c170   Data           8  nrf_sdh_soc.o(log_const_data)
    log_const_data$$Limit                    0x0002c178   Number         0  nrf_sdh_soc.o(log_const_data)
    log_mempool                              0x0002c178   Data          20  nrf_log_frontend.o(nrf_balloc)
    sdh_ble_observers0$$Base                 0x0002c18c   Number         0  ble_conn_state.o(sdh_ble_observers0)
    sdh_ble_observers0$$Limit                0x0002c194   Number         0  ble_conn_state.o(sdh_ble_observers0)
    sdh_ble_observers1$$Base                 0x0002c194   Number         0  main.o(sdh_ble_observers1)
    sdh_ble_observers1$$Limit                0x0002c1a4   Number         0  ble_conn_params.o(sdh_ble_observers1)
    sdh_ble_observers3$$Base                 0x0002c1a4   Number         0  ble_spec.o(sdh_ble_observers3)
    sdh_ble_observers3$$Limit                0x0002c1ac   Number         0  ble_spec.o(sdh_ble_observers3)
    sdh_soc_observers0$$Base                 0x0002c1ac   Number         0  nrf_drv_clock.o(sdh_soc_observers0)
    sdh_soc_observers0$$Limit                0x0002c1b4   Number         0  nrf_drv_clock.o(sdh_soc_observers0)
    sdh_stack_observers0$$Base               0x0002c1b4   Number         0  nrf_sdh_ble.o(sdh_stack_observers0)
    sdh_stack_observers0$$Limit              0x0002c1c4   Number         0  nrf_sdh_soc.o(sdh_stack_observers0)
    sdh_state_observers0$$Base               0x0002c1c4   Number         0  nrf_drv_clock.o(sdh_state_observers0)
    sdh_state_observers0$$Limit              0x0002c1cc   Number         0  nrf_drv_clock.o(sdh_state_observers0)
    Image$$RW_IRAM1$$Base                    0x200022f0   Number         0  anon$$obj.o ABSOLUTE
    SystemCoreClock                          0x200022f0   Data           4  system_nrf52.o(.data)
    m_saadc_initialized                      0x200022f4   Data           1  main.o(.data)
    m_conn_handle                            0x200022f6   Data           2  main.o(.data)
    m_adv_handle                             0x200022f8   Data           1  main.o(.data)
    pin_8bit_value                           0x200022f9   Data           1  main.o(.data)
    pir_pre_state                            0x20002358   Data           1  app_interrupt.o(.data)
    task_state                               0x20002359   Data           1  app_interrupt.o(.data)
    task_pre_state                           0x2000235a   Data           1  app_interrupt.o(.data)
    TU_FLAG                                  0x2000235b   Data           1  app_interrupt.o(.data)
    pir_state                                0x2000235c   Data           1  app_interrupt.o(.data)
    tu_logic_level                           0x2000235d   Data           1  app_interrupt.o(.data)
    sys_tick                                 0x20002360   Data           4  app_interrupt.o(.data)
    nrf_drv_uart_use_easy_dma                0x20002364   Data           1  nrf_drv_uart.o(.data)
    m_uart                                   0x200023bc   Data          20  nrf_log_backend_uart.o(.data)
    m_cb                                     0x20002440   Data          28  main.o(.bss)
    m_enc_advdata                            0x2000245c   Data          31  main.o(.bss)
    m_enc_scan_response_data                 0x2000247b   Data          31  main.o(.bss)
    m_adv_data                               0x2000249c   Data          16  main.o(.bss)
    nrf_nvic_state                           0x20002718   Data          12  app_util_platform.o(.bss)
    __initial_sp                             0x20004cf0   Data           0  arm_startup_nrf52.o(STACK)



==============================================================================

Memory Map of the image

  Image Entry point : 0x00026201

  Load Region LR_IROM1 (Base: 0x00026000, Size: 0x00006308, Max: 0x0005a000, ABSOLUTE, COMPRESSED[0x00006210])

    Execution Region ER_IROM1 (Exec base: 0x00026000, Load base: 0x00026000, Size: 0x000061cc, Max: 0x0005a000, ABSOLUTE)

    Exec Addr    Load Addr    Size         Type   Attr      Idx    E Section Name        Object

    0x00026000   0x00026000   0x00000200   Data   RO            3    RESET               arm_startup_nrf52.o
    0x00026200   0x00026200   0x00000000   Code   RO         5375  * .ARM.Collect$$$$00000000  mc_w.l(entry.o)
    0x00026200   0x00026200   0x00000004   Code   RO         5427    .ARM.Collect$$$$00000001  mc_w.l(entry2.o)
    0x00026204   0x00026204   0x00000004   Code   RO         5430    .ARM.Collect$$$$00000004  mc_w.l(entry5.o)
    0x00026208   0x00026208   0x00000000   Code   RO         5432    .ARM.Collect$$$$00000008  mc_w.l(entry7b.o)
    0x00026208   0x00026208   0x00000000   Code   RO         5434    .ARM.Collect$$$$0000000A  mc_w.l(entry8b.o)
    0x00026208   0x00026208   0x00000008   Code   RO         5435    .ARM.Collect$$$$0000000B  mc_w.l(entry9a.o)
    0x00026210   0x00026210   0x00000000   Code   RO         5437    .ARM.Collect$$$$0000000D  mc_w.l(entry10a.o)
    0x00026210   0x00026210   0x00000000   Code   RO         5439    .ARM.Collect$$$$0000000F  mc_w.l(entry11a.o)
    0x00026210   0x00026210   0x00000004   Code   RO         5428    .ARM.Collect$$$$00002712  mc_w.l(entry2.o)
    0x00026214   0x00026214   0x000000c8   Code   RO         3669    .emb_text           nrf_atfifo.o
    0x000262dc   0x000262dc   0x000000e2   Code   RO         3805    .emb_text           nrf_atomic.o
    0x000263be   0x000263be   0x00000002   PAD
    0x000263c0   0x000263c0   0x00000024   Code   RO            4    .text               arm_startup_nrf52.o
    0x000263e4   0x000263e4   0x00000008   Code   RO         5385    .text               mc_w.l(ctype_o.o)
    0x000263ec   0x000263ec   0x00000024   Code   RO         5413    .text               mc_w.l(memcpya.o)
    0x00026410   0x00026410   0x00000024   Code   RO         5415    .text               mc_w.l(memseta.o)
    0x00026434   0x00026434   0x0000000e   Code   RO         5417    .text               mc_w.l(strlen.o)
    0x00026442   0x00026442   0x00000002   PAD
    0x00026444   0x00026444   0x00000024   Code   RO         5443    .text               mc_w.l(init.o)
    0x00026468   0x00026468   0x00000056   Code   RO         5453    .text               mc_w.l(__dczerorl2.o)
    0x000264be   0x000264be   0x00000002   PAD
    0x000264c0   0x000264c0   0x00000164   Code   RO         2188    i.GPIOTE_IRQHandler  nrfx_gpiote.o
    0x00026624   0x00026624   0x00000058   Code   RO         2050    i.POWER_CLOCK_IRQHandler  nrfx_clock.o
    0x0002667c   0x0002667c   0x00000010   Code   RO         3461    i.RTC1_IRQHandler   drv_rtc.o
    0x0002668c   0x0002668c   0x00000148   Code   RO         2859    i.SAADC_IRQHandler  nrfx_saadc.o
    0x000267d4   0x000267d4   0x00000004   Code   RO         5168    i.SWI2_EGU2_IRQHandler  nrf_sdh.o
    0x000267d8   0x000267d8   0x0000031c   Code   RO           14    i.SystemInit        system_nrf52.o
    0x00026af4   0x00026af4   0x0000000c   Code   RO         2457    i.UARTE0_UART0_IRQHandler  nrfx_prs.o
    0x00026b00   0x00026b00   0x0000000e   Code   RO         5447    i.__scatterload_copy  mc_w.l(handlers.o)
    0x00026b0e   0x00026b0e   0x00000002   Code   RO         5448    i.__scatterload_null  mc_w.l(handlers.o)
    0x00026b10   0x00026b10   0x0000000e   Code   RO         5449    i.__scatterload_zeroinit  mc_w.l(handlers.o)
    0x00026b1e   0x00026b1e   0x00000002   PAD
    0x00026b20   0x00026b20   0x00000024   Code   RO         5169    i.__sd_nvic_app_accessible_irq  nrf_sdh.o
    0x00026b44   0x00026b44   0x00000014   Code   RO         1475    i.adc_handle_timer  app_adc.o
    0x00026b58   0x00026b58   0x000000a0   Code   RO         1307    i.advertising_init  ble_spec.o
    0x00026bf8   0x00026bf8   0x00000018   Code   RO         1308    i.advertising_start  ble_spec.o
    0x00026c10   0x00026c10   0x00000084   Code   RO         3161    i.app_error_fault_handler  app_error_weak.o
    0x00026c94   0x00026c94   0x00000016   Code   RO         3101    i.app_error_handler_bare  app_error.o
    0x00026caa   0x00026caa   0x00000002   PAD
    0x00026cac   0x00026cac   0x0000000c   Code   RO         3252    i.app_timer_cnt_get  app_timer2.o
    0x00026cb8   0x00026cb8   0x00000016   Code   RO         3253    i.app_timer_create  app_timer2.o
    0x00026cce   0x00026cce   0x00000002   PAD
    0x00026cd0   0x00026cd0   0x0000005c   Code   RO         3254    i.app_timer_init    app_timer2.o
    0x00026d2c   0x00026d2c   0x00000030   Code   RO         3257    i.app_timer_start   app_timer2.o
    0x00026d5c   0x00026d5c   0x0000000c   Code   RO         3258    i.app_timer_stop    app_timer2.o
    0x00026d68   0x00026d68   0x00000048   Code   RO         3393    i.app_util_critical_region_enter  app_util_platform.o
    0x00026db0   0x00026db0   0x00000034   Code   RO         3394    i.app_util_critical_region_exit  app_util_platform.o
    0x00026de4   0x00026de4   0x00000088   Code   RO         2511    i.apply_config      nrfx_uart.o
    0x00026e6c   0x00026e6c   0x00000088   Code   RO         2699    i.apply_config      nrfx_uarte.o
    0x00026ef4   0x00026ef4   0x00000182   Code   RO          620    i.ble_advdata_encode  ble_advdata.o
    0x00027076   0x00027076   0x0000002e   Code   RO         1196    i.ble_cb_ADC_change  cambien_service.o
    0x000270a4   0x000270a4   0x0000002e   Code   RO         1197    i.ble_cb_chuyendong_change  cambien_service.o
    0x000270d2   0x000270d2   0x00000002   PAD
    0x000270d4   0x000270d4   0x00000100   Code   RO         1198    i.ble_cb_init       cambien_service.o
    0x000271d4   0x000271d4   0x0000002e   Code   RO         1200    i.ble_cb_tu_change  cambien_service.o
    0x00027202   0x00027202   0x00000002   PAD
    0x00027204   0x00027204   0x00000068   Code   RO          736    i.ble_conn_params_init  ble_conn_params.o
    0x0002726c   0x0002726c   0x00000060   Code   RO          626    i.ble_device_addr_encode  ble_advdata.o
    0x000272cc   0x000272cc   0x0000013c   Code   RO         1556    i.ble_dis_init      ble_dis.o
    0x00027408   0x00027408   0x000000fc   Code   RO          738    i.ble_evt_handler   ble_conn_params.o
    0x00027504   0x00027504   0x00000118   Code   RO          835    i.ble_evt_handler   ble_conn_state.o
    0x0002761c   0x0002761c   0x0000010c   Code   RO         1310    i.ble_evt_handler   ble_spec.o
    0x00027728   0x00027728   0x00000012   Code   RO          988    i.ble_srv_ascii_to_utf8  ble_srv_common.o
    0x0002773a   0x0002773a   0x00000008   Code   RO          990    i.ble_srv_is_notification_enabled  ble_srv_common.o
    0x00027742   0x00027742   0x0000002e   Code   RO         1311    i.ble_stack_init    ble_spec.o
    0x00027770   0x00027770   0x00000090   Code   RO         4568    i.buf_prealloc      nrf_log_frontend.o
    0x00027800   0x00027800   0x0000002e   Code   RO         4017    i.buffer_add        nrf_fprintf_format.o
    0x0002782e   0x0002782e   0x00000002   PAD
    0x00027830   0x00027830   0x00000014   Code   RO         4569    i.buffer_is_empty   nrf_log_frontend.o
    0x00027844   0x00027844   0x0000001c   Code   RO         2189    i.channel_free      nrfx_gpiote.o
    0x00027860   0x00027860   0x00000048   Code   RO         2190    i.channel_port_alloc  nrfx_gpiote.o
    0x000278a8   0x000278a8   0x00000010   Code   RO         2191    i.channel_port_get  nrfx_gpiote.o
    0x000278b8   0x000278b8   0x00000060   Code   RO         1557    i.char_add          ble_dis.o
    0x00027918   0x00027918   0x00000190   Code   RO          992    i.characteristic_add  ble_srv_common.o
    0x00027aa8   0x00027aa8   0x0000001e   Code   RO         1201    i.check_error_ble   cambien_service.o
    0x00027ac6   0x00027ac6   0x00000002   PAD
    0x00027ac8   0x00027ac8   0x00000028   Code   RO         1704    i.clock_clk_started_notify  nrf_drv_clock.o
    0x00027af0   0x00027af0   0x0000001c   Code   RO         1705    i.clock_irq_handler  nrf_drv_clock.o
    0x00027b0c   0x00027b0c   0x00000018   Code   RO         3260    i.compare_func      app_timer2.o
    0x00027b24   0x00027b24   0x0000003e   Code   RO          836    i.conn_handle_list_get  ble_conn_state.o
    0x00027b62   0x00027b62   0x00000088   Code   RO          627    i.conn_int_encode   ble_advdata.o
    0x00027bea   0x00027bea   0x00000004   Code   RO         1312    i.conn_params_error_handler  ble_spec.o
    0x00027bee   0x00027bee   0x00000002   PAD
    0x00027bf0   0x00027bf0   0x0000004c   Code   RO         1313    i.conn_params_init  ble_spec.o
    0x00027c3c   0x00027c3c   0x00000048   Code   RO          739    i.conn_params_negotiation  ble_conn_params.o
    0x00027c84   0x00027c84   0x00000038   Code   RO         1476    i.create_ADC_timer  app_adc.o
    0x00027cbc   0x00027cbc   0x00000038   Code   RO         1597    i.create_sensor_timer  app_interrupt.o
    0x00027cf4   0x00027cf4   0x000000c0   Code   RO         1050    i.data_length_update  nrf_ble_gatt.o
    0x00027db4   0x00027db4   0x00000014   Code   RO         4570    i.dropped_sat16_get  nrf_log_frontend.o
    0x00027dc8   0x00027dc8   0x00000014   Code   RO         3462    i.drv_rtc_compare_disable  drv_rtc.o
    0x00027ddc   0x00027ddc   0x0000000e   Code   RO         3464    i.drv_rtc_compare_pending  drv_rtc.o
    0x00027dea   0x00027dea   0x00000050   Code   RO         3465    i.drv_rtc_compare_set  drv_rtc.o
    0x00027e3a   0x00027e3a   0x00000008   Code   RO         3466    i.drv_rtc_counter_get  drv_rtc.o
    0x00027e42   0x00027e42   0x00000002   PAD
    0x00027e44   0x00027e44   0x000000d4   Code   RO         3467    i.drv_rtc_init      drv_rtc.o
    0x00027f18   0x00027f18   0x0000001a   Code   RO         3468    i.drv_rtc_irq_trigger  drv_rtc.o
    0x00027f32   0x00027f32   0x00000008   Code   RO         3470    i.drv_rtc_overflow_enable  drv_rtc.o
    0x00027f3a   0x00027f3a   0x00000008   Code   RO         3471    i.drv_rtc_overflow_pending  drv_rtc.o
    0x00027f42   0x00027f42   0x00000008   Code   RO         3472    i.drv_rtc_start     drv_rtc.o
    0x00027f4a   0x00027f4a   0x00000008   Code   RO         3473    i.drv_rtc_stop      drv_rtc.o
    0x00027f52   0x00027f52   0x000000de   Code   RO         3478    i.drv_rtc_windowed_compare_set  drv_rtc.o
    0x00028030   0x00028030   0x00000012   Code   RO         3479    i.evt_enable        drv_rtc.o
    0x00028042   0x00028042   0x00000014   Code   RO         3480    i.evt_pending       drv_rtc.o
    0x00028056   0x00028056   0x0000000a   Code   RO          837    i.flag_toggle       ble_conn_state.o
    0x00028060   0x00028060   0x00000058   Code   RO         1314    i.gap_params_init   ble_spec.o
    0x000280b8   0x000280b8   0x00000016   Code   RO         1315    i.gatt_init         ble_spec.o
    0x000280ce   0x000280ce   0x00000002   PAD
    0x000280d0   0x000280d0   0x00000034   Code   RO         3261    i.get_now           app_timer2.o
    0x00028104   0x00028104   0x00000054   Code   RO         1598    i.in_out1_handler   app_interrupt.o
    0x00028158   0x00028158   0x00000054   Code   RO         1599    i.in_out2_handler   app_interrupt.o
    0x000281ac   0x000281ac   0x00000050   Code   RO         1600    i.in_tu_handler     app_interrupt.o
    0x000281fc   0x000281fc   0x00000014   Code   RO          740    i.instance_get      ble_conn_params.o
    0x00028210   0x00028210   0x000000a6   Code   RO         4018    i.int_print         nrf_fprintf_format.o
    0x000282b6   0x000282b6   0x00000016   Code   RO         1601    i.interrupt_init    app_interrupt.o
    0x000282cc   0x000282cc   0x00000084   Code   RO         2700    i.interrupts_enable  nrfx_uarte.o
    0x00028350   0x00028350   0x00000034   Code   RO         4571    i.invalid_packets_omit  nrf_log_frontend.o
    0x00028384   0x00028384   0x00000044   Code   RO          741    i.is_conn_params_ok  ble_conn_params.o
    0x000283c8   0x000283c8   0x00000014   Code   RO         1051    i.link_init         nrf_ble_gatt.o
    0x000283dc   0x000283dc   0x0000001a   Code   RO         1317    i.log_init          ble_spec.o
    0x000283f6   0x000283f6   0x00000002   PAD
    0x000283f8   0x000283f8   0x0000009c   Code   RO         4572    i.log_skip          nrf_log_frontend.o
    0x00028494   0x00028494   0x000000a4   Code   RO           93    i.main              main.o
    0x00028538   0x00028538   0x00000064   Code   RO          628    i.manuf_specific_data_encode  ble_advdata.o
    0x0002859c   0x0002859c   0x0000007e   Code   RO         4057    i.memobj_op         nrf_memobj.o
    0x0002861a   0x0002861a   0x00000002   PAD
    0x0002861c   0x0002861c   0x00000030   Code   RO         4573    i.module_idx_get    nrf_log_frontend.o
    0x0002864c   0x0002864c   0x000000a6   Code   RO          629    i.name_encode       ble_advdata.o
    0x000286f2   0x000286f2   0x00000026   Code   RO         3673    i.nrf_atfifo_init   nrf_atfifo.o
    0x00028718   0x00028718   0x00000016   Code   RO         3674    i.nrf_atfifo_item_alloc  nrf_atfifo.o
    0x0002872e   0x0002872e   0x00000016   Code   RO         3675    i.nrf_atfifo_item_free  nrf_atfifo.o
    0x00028744   0x00028744   0x00000016   Code   RO         3676    i.nrf_atfifo_item_get  nrf_atfifo.o
    0x0002875a   0x0002875a   0x00000016   Code   RO         3677    i.nrf_atfifo_item_put  nrf_atfifo.o
    0x00028770   0x00028770   0x00000016   Code   RO         3739    i.nrf_atflags_clear  nrf_atflags.o
    0x00028786   0x00028786   0x00000016   Code   RO         3744    i.nrf_atflags_get   nrf_atflags.o
    0x0002879c   0x0002879c   0x00000014   Code   RO         3746    i.nrf_atflags_set   nrf_atflags.o
    0x000287b0   0x000287b0   0x00000006   Code   RO         3807    i.nrf_atomic_flag_clear_fetch  nrf_atomic.o
    0x000287b6   0x000287b6   0x00000006   Code   RO         3808    i.nrf_atomic_flag_set  nrf_atomic.o
    0x000287bc   0x000287bc   0x0000000c   Code   RO         3810    i.nrf_atomic_u32_add  nrf_atomic.o
    0x000287c8   0x000287c8   0x0000000c   Code   RO         3811    i.nrf_atomic_u32_and  nrf_atomic.o
    0x000287d4   0x000287d4   0x0000000a   Code   RO         3814    i.nrf_atomic_u32_fetch_and  nrf_atomic.o
    0x000287de   0x000287de   0x0000000a   Code   RO         3816    i.nrf_atomic_u32_fetch_store  nrf_atomic.o
    0x000287e8   0x000287e8   0x0000000c   Code   RO         3820    i.nrf_atomic_u32_or  nrf_atomic.o
    0x000287f4   0x000287f4   0x0000000c   Code   RO         3822    i.nrf_atomic_u32_sub  nrf_atomic.o
    0x00028800   0x00028800   0x00000044   Code   RO         3941    i.nrf_balloc_alloc  nrf_balloc.o
    0x00028844   0x00028844   0x00000030   Code   RO         3942    i.nrf_balloc_free   nrf_balloc.o
    0x00028874   0x00028874   0x00000030   Code   RO         3943    i.nrf_balloc_init   nrf_balloc.o
    0x000288a4   0x000288a4   0x00000010   Code   RO         2192    i.nrf_bitmask_bit_is_set  nrfx_gpiote.o
    0x000288b4   0x000288b4   0x00000014   Code   RO         2193    i.nrf_bitmask_bit_set  nrfx_gpiote.o
    0x000288c8   0x000288c8   0x00000022   Code   RO         1057    i.nrf_ble_gatt_init  nrf_ble_gatt.o
    0x000288ea   0x000288ea   0x00000002   PAD
    0x000288ec   0x000288ec   0x00000150   Code   RO         1058    i.nrf_ble_gatt_on_ble_evt  nrf_ble_gatt.o
    0x00028a3c   0x00028a3c   0x0000000e   Code   RO         2051    i.nrf_clock_event_check  nrfx_clock.o
    0x00028a4a   0x00028a4a   0x00000010   Code   RO         2052    i.nrf_clock_event_clear  nrfx_clock.o
    0x00028a5a   0x00028a5a   0x00000002   PAD
    0x00028a5c   0x00028a5c   0x00000038   Code   RO         1712    i.nrf_drv_clock_init  nrf_drv_clock.o
    0x00028a94   0x00028a94   0x00000030   Code   RO         1716    i.nrf_drv_clock_lfclk_release  nrf_drv_clock.o
    0x00028ac4   0x00028ac4   0x00000068   Code   RO         1859    i.nrf_drv_uart_init  nrf_drv_uart.o
    0x00028b2c   0x00028b2c   0x0000001a   Code   RO         3978    i.nrf_fprintf       nrf_fprintf.o
    0x00028b46   0x00028b46   0x00000018   Code   RO         3979    i.nrf_fprintf_buffer_flush  nrf_fprintf.o
    0x00028b5e   0x00028b5e   0x000001da   Code   RO         4019    i.nrf_fprintf_fmt   nrf_fprintf_format.o
    0x00028d38   0x00028d38   0x00000024   Code   RO         2194    i.nrf_gpio_cfg      nrfx_gpiote.o
    0x00028d5c   0x00028d5c   0x00000024   Code   RO         2512    i.nrf_gpio_cfg      nrfx_uart.o
    0x00028d80   0x00028d80   0x00000024   Code   RO         2701    i.nrf_gpio_cfg      nrfx_uarte.o
    0x00028da4   0x00028da4   0x00000012   Code   RO         2513    i.nrf_gpio_cfg_default  nrfx_uart.o
    0x00028db6   0x00028db6   0x00000012   Code   RO         2702    i.nrf_gpio_cfg_default  nrfx_uarte.o
    0x00028dc8   0x00028dc8   0x00000012   Code   RO         2514    i.nrf_gpio_cfg_input  nrfx_uart.o
    0x00028dda   0x00028dda   0x00000012   Code   RO         2703    i.nrf_gpio_cfg_input  nrfx_uarte.o
    0x00028dec   0x00028dec   0x00000014   Code   RO         2515    i.nrf_gpio_cfg_output  nrfx_uart.o
    0x00028e00   0x00028e00   0x00000014   Code   RO         2704    i.nrf_gpio_cfg_output  nrfx_uarte.o
    0x00028e14   0x00028e14   0x00000022   Code   RO         2196    i.nrf_gpio_cfg_sense_set  nrfx_gpiote.o
    0x00028e36   0x00028e36   0x00000002   PAD
    0x00028e38   0x00028e38   0x00000028   Code   RO         2197    i.nrf_gpio_ports_read  nrfx_gpiote.o
    0x00028e60   0x00028e60   0x00000014   Code   RO         2198    i.nrf_gpiote_event_clear  nrfx_gpiote.o
    0x00028e74   0x00028e74   0x00000010   Code   RO         2199    i.nrf_gpiote_event_is_set  nrfx_gpiote.o
    0x00028e84   0x00028e84   0x0000005c   Code   RO         4574    i.nrf_log_backend_add  nrf_log_frontend.o
    0x00028ee0   0x00028ee0   0x000000c8   Code   RO         4413    i.nrf_log_backend_serial_put  nrf_log_backend_serial.o
    0x00028fa8   0x00028fa8   0x00000002   Code   RO         4453    i.nrf_log_backend_uart_flush  nrf_log_backend_uart.o
    0x00028faa   0x00028faa   0x00000006   Code   RO         4454    i.nrf_log_backend_uart_init  nrf_log_backend_uart.o
    0x00028fb0   0x00028fb0   0x0000002c   Code   RO         4455    i.nrf_log_backend_uart_panic_set  nrf_log_backend_uart.o
    0x00028fdc   0x00028fdc   0x00000018   Code   RO         4456    i.nrf_log_backend_uart_put  nrf_log_backend_uart.o
    0x00028ff4   0x00028ff4   0x00000030   Code   RO         4576    i.nrf_log_color_id_get  nrf_log_frontend.o
    0x00029024   0x00029024   0x0000001c   Code   RO         4532    i.nrf_log_default_backends_init  nrf_log_default_backends.o
    0x00029040   0x00029040   0x00000234   Code   RO         4577    i.nrf_log_frontend_dequeue  nrf_log_frontend.o
    0x00029274   0x00029274   0x00000008   Code   RO         4579    i.nrf_log_frontend_std_0  nrf_log_frontend.o
    0x0002927c   0x0002927c   0x0000000e   Code   RO         4580    i.nrf_log_frontend_std_1  nrf_log_frontend.o
    0x0002928a   0x0002928a   0x00000010   Code   RO         4581    i.nrf_log_frontend_std_2  nrf_log_frontend.o
    0x0002929a   0x0002929a   0x00000002   PAD
    0x0002929c   0x0002929c   0x000000b0   Code   RO         4754    i.nrf_log_hexdump_entry_process  nrf_log_str_formatter.o
    0x0002934c   0x0002934c   0x0000003c   Code   RO         4586    i.nrf_log_init      nrf_log_frontend.o
    0x00029388   0x00029388   0x00000014   Code   RO         4587    i.nrf_log_module_cnt_get  nrf_log_frontend.o
    0x0002939c   0x0002939c   0x0000001c   Code   RO         4590    i.nrf_log_module_name_get  nrf_log_frontend.o
    0x000293b8   0x000293b8   0x0000002c   Code   RO         4591    i.nrf_log_panic     nrf_log_frontend.o
    0x000293e4   0x000293e4   0x000000b6   Code   RO         4755    i.nrf_log_std_entry_process  nrf_log_str_formatter.o
    0x0002949a   0x0002949a   0x00000060   Code   RO         4058    i.nrf_memobj_alloc  nrf_memobj.o
    0x000294fa   0x000294fa   0x00000032   Code   RO         4059    i.nrf_memobj_free   nrf_memobj.o
    0x0002952c   0x0002952c   0x00000008   Code   RO         4060    i.nrf_memobj_get    nrf_memobj.o
    0x00029534   0x00029534   0x00000004   Code   RO         4061    i.nrf_memobj_pool_init  nrf_memobj.o
    0x00029538   0x00029538   0x0000001e   Code   RO         4062    i.nrf_memobj_put    nrf_memobj.o
    0x00029556   0x00029556   0x00000010   Code   RO         4063    i.nrf_memobj_read   nrf_memobj.o
    0x00029566   0x00029566   0x00000010   Code   RO         4064    i.nrf_memobj_write  nrf_memobj.o
    0x00029576   0x00029576   0x00000002   PAD
    0x00029578   0x00029578   0x00000028   Code   RO         4136    i.nrf_pwr_mgmt_init  nrf_pwr_mgmt.o
    0x000295a0   0x000295a0   0x00000044   Code   RO         4137    i.nrf_pwr_mgmt_run  nrf_pwr_mgmt.o
    0x000295e4   0x000295e4   0x0000001c   Code   RO         4213    i.nrf_ringbuf_init  nrf_ringbuf.o
    0x00029600   0x00029600   0x0000000c   Code   RO         3481    i.nrf_rtc_event_clear  drv_rtc.o
    0x0002960c   0x0002960c   0x00000010   Code   RO         2860    i.nrf_saadc_buffer_init  nrfx_saadc.o
    0x0002961c   0x0002961c   0x00000014   Code   RO         2861    i.nrf_saadc_channel_input_set  nrfx_saadc.o
    0x00029630   0x00029630   0x00000010   Code   RO         2862    i.nrf_saadc_event_check  nrfx_saadc.o
    0x00029640   0x00029640   0x00000014   Code   RO         2863    i.nrf_saadc_event_clear  nrfx_saadc.o
    0x00029654   0x00029654   0x00000010   Code   RO         2864    i.nrf_saadc_limit_int_get  nrfx_saadc.o
    0x00029664   0x00029664   0x00000014   Code   RO         5289    i.nrf_sdh_ble_app_ram_start_get  nrf_sdh_ble.o
    0x00029678   0x00029678   0x00000100   Code   RO         5290    i.nrf_sdh_ble_default_cfg_set  nrf_sdh_ble.o
    0x00029778   0x00029778   0x00000130   Code   RO         5291    i.nrf_sdh_ble_enable  nrf_sdh_ble.o
    0x000298a8   0x000298a8   0x0000005c   Code   RO         5292    i.nrf_sdh_ble_evts_poll  nrf_sdh_ble.o
    0x00029904   0x00029904   0x00000074   Code   RO         5171    i.nrf_sdh_enable_request  nrf_sdh.o
    0x00029978   0x00029978   0x00000024   Code   RO         5172    i.nrf_sdh_evts_poll  nrf_sdh.o
    0x0002999c   0x0002999c   0x0000000c   Code   RO         5173    i.nrf_sdh_is_enabled  nrf_sdh.o
    0x000299a8   0x000299a8   0x0000003c   Code   RO         5343    i.nrf_sdh_soc_evts_poll  nrf_sdh_soc.o
    0x000299e4   0x000299e4   0x0000000a   Code   RO         4271    i.nrf_section_iter_init  nrf_section_iter.o
    0x000299ee   0x000299ee   0x00000024   Code   RO         4272    i.nrf_section_iter_item_set  nrf_section_iter.o
    0x00029a12   0x00029a12   0x00000020   Code   RO         4273    i.nrf_section_iter_next  nrf_section_iter.o
    0x00029a32   0x00029a32   0x00000022   Code   RO         4306    i.nrf_sortlist_add  nrf_sortlist.o
    0x00029a54   0x00029a54   0x00000006   Code   RO         4308    i.nrf_sortlist_peek  nrf_sortlist.o
    0x00029a5a   0x00029a5a   0x0000000e   Code   RO         4309    i.nrf_sortlist_pop  nrf_sortlist.o
    0x00029a68   0x00029a68   0x0000001e   Code   RO         4310    i.nrf_sortlist_remove  nrf_sortlist.o
    0x00029a86   0x00029a86   0x00000002   PAD
    0x00029a88   0x00029a88   0x00000038   Code   RO         4362    i.nrf_strerror_find  nrf_strerror.o
    0x00029ac0   0x00029ac0   0x00000014   Code   RO         4363    i.nrf_strerror_get  nrf_strerror.o
    0x00029ad4   0x00029ad4   0x0000000a   Code   RO         2516    i.nrf_uart_event_check  nrfx_uart.o
    0x00029ade   0x00029ade   0x0000000c   Code   RO         2517    i.nrf_uart_event_clear  nrfx_uart.o
    0x00029aea   0x00029aea   0x0000000c   Code   RO         2518    i.nrf_uart_int_enable_check  nrfx_uart.o
    0x00029af6   0x00029af6   0x0000000a   Code   RO         2705    i.nrf_uarte_event_check  nrfx_uarte.o
    0x00029b00   0x00029b00   0x0000000c   Code   RO         2706    i.nrf_uarte_event_clear  nrfx_uarte.o
    0x00029b0c   0x00029b0c   0x0000002c   Code   RO         2057    i.nrfx_clock_enable  nrfx_clock.o
    0x00029b38   0x00029b38   0x00000020   Code   RO         2060    i.nrfx_clock_init   nrfx_clock.o
    0x00029b58   0x00029b58   0x0000001c   Code   RO         2063    i.nrfx_clock_lfclk_stop  nrfx_clock.o
    0x00029b74   0x00029b74   0x00000010   Code   RO         2865    i.nrfx_coredep_delay_us  nrfx_saadc.o
    0x00029b84   0x00029b84   0x00000010   Code   RO         3482    i.nrfx_coredep_delay_us  drv_rtc.o
    0x00029b94   0x00029b94   0x000000a4   Code   RO         2204    i.nrfx_gpiote_in_event_enable  nrfx_gpiote.o
    0x00029c38   0x00029c38   0x000000d0   Code   RO         2205    i.nrfx_gpiote_in_init  nrfx_gpiote.o
    0x00029d08   0x00029d08   0x0000006c   Code   RO         2208    i.nrfx_gpiote_init  nrfx_gpiote.o
    0x00029d74   0x00029d74   0x00000010   Code   RO         2707    i.nrfx_is_in_ram    nrfx_uarte.o
    0x00029d84   0x00029d84   0x0000003a   Code   RO         2458    i.nrfx_prs_acquire  nrfx_prs.o
    0x00029dbe   0x00029dbe   0x00000012   Code   RO         2459    i.nrfx_prs_release  nrfx_prs.o
    0x00029dd0   0x00029dd0   0x000000a4   Code   RO         2867    i.nrfx_saadc_buffer_convert  nrfx_saadc.o
    0x00029e74   0x00029e74   0x000000ac   Code   RO         2869    i.nrfx_saadc_channel_init  nrfx_saadc.o
    0x00029f20   0x00029f20   0x00000044   Code   RO         2870    i.nrfx_saadc_channel_uninit  nrfx_saadc.o
    0x00029f64   0x00029f64   0x00000094   Code   RO         2871    i.nrfx_saadc_init   nrfx_saadc.o
    0x00029ff8   0x00029ff8   0x00000080   Code   RO         2873    i.nrfx_saadc_limits_set  nrfx_saadc.o
    0x0002a078   0x0002a078   0x0000002c   Code   RO         2874    i.nrfx_saadc_sample  nrfx_saadc.o
    0x0002a0a4   0x0002a0a4   0x0000006c   Code   RO         2877    i.nrfx_saadc_uninit  nrfx_saadc.o
    0x0002a110   0x0002a110   0x00000010   Code   RO         2519    i.nrfx_uart_0_irq_handler  nrfx_uart.o
    0x0002a120   0x0002a120   0x000000d0   Code   RO         2521    i.nrfx_uart_init    nrfx_uart.o
    0x0002a1f0   0x0002a1f0   0x000000a8   Code   RO         2527    i.nrfx_uart_tx      nrfx_uart.o
    0x0002a298   0x0002a298   0x00000020   Code   RO         2529    i.nrfx_uart_tx_in_progress  nrfx_uart.o
    0x0002a2b8   0x0002a2b8   0x000000b4   Code   RO         2530    i.nrfx_uart_uninit  nrfx_uart.o
    0x0002a36c   0x0002a36c   0x00000010   Code   RO         2708    i.nrfx_uarte_0_irq_handler  nrfx_uarte.o
    0x0002a37c   0x0002a37c   0x0000006c   Code   RO         2710    i.nrfx_uarte_init   nrfx_uarte.o
    0x0002a3e8   0x0002a3e8   0x000000ac   Code   RO         2714    i.nrfx_uarte_tx     nrfx_uarte.o
    0x0002a494   0x0002a494   0x0000001c   Code   RO         2716    i.nrfx_uarte_tx_in_progress  nrfx_uarte.o
    0x0002a4b0   0x0002a4b0   0x000000e0   Code   RO         2717    i.nrfx_uarte_uninit  nrfx_uarte.o
    0x0002a590   0x0002a590   0x0000001c   Code   RO         1318    i.on_conn_params_evt  ble_spec.o
    0x0002a5ac   0x0002a5ac   0x000000a8   Code   RO         1059    i.on_connected_evt  nrf_ble_gatt.o
    0x0002a654   0x0002a654   0x000000ac   Code   RO         1060    i.on_exchange_mtu_request_evt  nrf_ble_gatt.o
    0x0002a700   0x0002a700   0x00000030   Code   RO         1602    i.out1_interrupt_init  app_interrupt.o
    0x0002a730   0x0002a730   0x00000030   Code   RO         1603    i.out2_interrupt_init  app_interrupt.o
    0x0002a760   0x0002a760   0x00000018   Code   RO         2225    i.pin_in_use_by_port  nrfx_gpiote.o
    0x0002a778   0x0002a778   0x00000018   Code   RO         2226    i.pin_in_use_by_te  nrfx_gpiote.o
    0x0002a790   0x0002a790   0x00000034   Code   RO         1558    i.pnp_id_encode     ble_dis.o
    0x0002a7c4   0x0002a7c4   0x0000003c   Code   RO         4757    i.postfix_process   nrf_log_str_formatter.o
    0x0002a800   0x0002a800   0x00000098   Code   RO         4758    i.prefix_process    nrf_log_str_formatter.o
    0x0002a898   0x0002a898   0x00000018   Code   RO         2460    i.prs_box_get       nrfx_prs.o
    0x0002a8b0   0x0002a8b0   0x0000005c   Code   RO         3262    i.rtc_irq           app_timer2.o
    0x0002a90c   0x0002a90c   0x00000064   Code   RO         3263    i.rtc_schedule      app_timer2.o
    0x0002a970   0x0002a970   0x00000074   Code   RO         3264    i.rtc_update        app_timer2.o
    0x0002a9e4   0x0002a9e4   0x00000032   Code   RO         2531    i.rx_byte           nrfx_uart.o
    0x0002aa16   0x0002aa16   0x00000016   Code   RO         2532    i.rx_done_event     nrfx_uart.o
    0x0002aa2c   0x0002aa2c   0x00000016   Code   RO         2718    i.rx_done_event     nrfx_uarte.o
    0x0002aa42   0x0002aa42   0x00000002   PAD
    0x0002aa44   0x0002aa44   0x00000070   Code   RO         1477    i.saadc_callback    app_adc.o
    0x0002aab4   0x0002aab4   0x0000005c   Code   RO         1478    i.saadc_init        app_adc.o
    0x0002ab10   0x0002ab10   0x00000050   Code   RO         1719    i.sd_state_evt_handler  nrf_drv_clock.o
    0x0002ab60   0x0002ab60   0x00000030   Code   RO         5178    i.sdh_request_observer_notify  nrf_sdh.o
    0x0002ab90   0x0002ab90   0x0000002c   Code   RO         5179    i.sdh_state_observer_notify  nrf_sdh.o
    0x0002abbc   0x0002abbc   0x00000010   Code   RO          742    i.send_error_evt    ble_conn_params.o
    0x0002abcc   0x0002abcc   0x00000040   Code   RO         4457    i.serial_tx         nrf_log_backend_uart.o
    0x0002ac0c   0x0002ac0c   0x00000088   Code   RO          630    i.service_data_encode  ble_advdata.o
    0x0002ac94   0x0002ac94   0x0000005c   Code   RO         1320    i.services_init     ble_spec.o
    0x0002acf0   0x0002acf0   0x00000034   Code   RO         1321    i.set_BLE_para      ble_spec.o
    0x0002ad24   0x0002ad24   0x00000030   Code   RO          994    i.set_security_req  ble_srv_common.o
    0x0002ad54   0x0002ad54   0x00000018   Code   RO         1720    i.soc_evt_handler   nrf_drv_clock.o
    0x0002ad6c   0x0002ad6c   0x00000058   Code   RO         5181    i.softdevices_evt_irq_enable  nrf_sdh.o
    0x0002adc4   0x0002adc4   0x0000000c   Code   RO         3265    i.sortlist_pop      app_timer2.o
    0x0002add0   0x0002add0   0x0000008c   Code   RO         4593    i.std_n             nrf_log_frontend.o
    0x0002ae5c   0x0002ae5c   0x00000042   Code   RO         1559    i.sys_id_encode     ble_dis.o
    0x0002ae9e   0x0002ae9e   0x00000002   PAD
    0x0002aea0   0x0002aea0   0x00000010   Code   RO         1604    i.systick_handle    app_interrupt.o
    0x0002aeb0   0x0002aeb0   0x0000003c   Code   RO         1479    i.task_adc          app_adc.o
    0x0002aeec   0x0002aeec   0x0000008c   Code   RO         1605    i.task_chuyendong   app_interrupt.o
    0x0002af78   0x0002af78   0x0000002c   Code   RO         1606    i.task_tu           app_interrupt.o
    0x0002afa4   0x0002afa4   0x00000058   Code   RO         3266    i.timer_expire      app_timer2.o
    0x0002affc   0x0002affc   0x00000078   Code   RO         3267    i.timer_req_process  app_timer2.o
    0x0002b074   0x0002b074   0x00000038   Code   RO         3268    i.timer_req_schedule  app_timer2.o
    0x0002b0ac   0x0002b0ac   0x00000030   Code   RO         1607    i.tu_interrupt_init  app_interrupt.o
    0x0002b0dc   0x0002b0dc   0x00000028   Code   RO         1480    i.turn_off_saadc_driver  app_adc.o
    0x0002b104   0x0002b104   0x00000020   Code   RO         2534    i.tx_byte           nrfx_uart.o
    0x0002b124   0x0002b124   0x0000001a   Code   RO         2535    i.tx_done_event     nrfx_uart.o
    0x0002b13e   0x0002b13e   0x0000001a   Code   RO         2719    i.tx_done_event     nrfx_uarte.o
    0x0002b158   0x0002b158   0x00000030   Code   RO         1860    i.uart_evt_handler  nrf_drv_uart.o
    0x0002b188   0x0002b188   0x0000000c   Code   RO         4458    i.uart_evt_handler  nrf_log_backend_uart.o
    0x0002b194   0x0002b194   0x00000050   Code   RO         4459    i.uart_init         nrf_log_backend_uart.o
    0x0002b1e4   0x0002b1e4   0x0000012a   Code   RO         2536    i.uart_irq_handler  nrfx_uart.o
    0x0002b30e   0x0002b30e   0x00000002   PAD
    0x0002b310   0x0002b310   0x00000030   Code   RO         1861    i.uarte_evt_handler  nrf_drv_uart.o
    0x0002b340   0x0002b340   0x00000112   Code   RO         2720    i.uarte_irq_handler  nrfx_uarte.o
    0x0002b452   0x0002b452   0x0000000a   Code   RO          631    i.uint16_encode     ble_advdata.o
    0x0002b45c   0x0002b45c   0x000000b4   Code   RO         4020    i.unsigned_print    nrf_fprintf_format.o
    0x0002b510   0x0002b510   0x00000068   Code   RO          743    i.update_timeout_handler  ble_conn_params.o
    0x0002b578   0x0002b578   0x00000030   Code   RO          632    i.uuid_list_encode  ble_advdata.o
    0x0002b5a8   0x0002b5a8   0x0000009e   Code   RO          633    i.uuid_list_sized_encode  ble_advdata.o
    0x0002b646   0x0002b646   0x00000002   PAD
    0x0002b648   0x0002b648   0x00000016   Data   RO         1061    .constdata          nrf_ble_gatt.o
    0x0002b65e   0x0002b65e   0x00000002   PAD
    0x0002b660   0x0002b660   0x00000010   Data   RO         1202    .constdata          cambien_service.o
    0x0002b670   0x0002b670   0x00000004   Data   RO         1322    .constdata          ble_spec.o
    0x0002b674   0x0002b674   0x00000011   Data   RO         1482    .constdata          app_adc.o
    0x0002b685   0x0002b685   0x00000003   PAD
    0x0002b688   0x0002b688   0x00000004   Data   RO         1609    .constdata          app_interrupt.o
    0x0002b68c   0x0002b68c   0x00000004   Data   RO         2228    .constdata          nrfx_gpiote.o
    0x0002b690   0x0002b690   0x00000004   Data   RO         2539    .constdata          nrfx_uart.o
    0x0002b694   0x0002b694   0x00000004   Data   RO         2723    .constdata          nrfx_uarte.o
    0x0002b698   0x0002b698   0x00000008   PAD
    0x0002b6a0   0x0002b6a0   0x00000006   Data   RO         2879    .constdata          nrfx_saadc.o
    0x0002b6a6   0x0002b6a6   0x00000002   PAD
    0x0002b6a8   0x0002b6a8   0x00000014   Data   RO         3271    .constdata          app_timer2.o
    0x0002b6bc   0x0002b6bc   0x00000004   PAD
    0x0002b6c0   0x0002b6c0   0x00000006   Data   RO         3483    .constdata          drv_rtc.o
    0x0002b6c6   0x0002b6c6   0x00000010   Data   RO         4021    .constdata          nrf_fprintf_format.o
    0x0002b6d6   0x0002b6d6   0x00000002   PAD
    0x0002b6d8   0x0002b6d8   0x00000018   Data   RO         4141    .constdata          nrf_pwr_mgmt.o
    0x0002b6f0   0x0002b6f0   0x0000000c   Data   RO         4142    .constdata          nrf_pwr_mgmt.o
    0x0002b6fc   0x0002b6fc   0x0000013c   Data   RO         4364    .constdata          nrf_strerror.o
    0x0002b838   0x0002b838   0x0000000c   Data   RO         4461    .constdata          nrf_log_backend_uart.o
    0x0002b844   0x0002b844   0x00000020   Data   RO         4462    .constdata          nrf_log_backend_uart.o
    0x0002b864   0x0002b864   0x0000000c   Data   RO         4598    .constdata          nrf_log_frontend.o
    0x0002b870   0x0002b870   0x00000010   Data   RO         5182    .constdata          nrf_sdh.o
    0x0002b880   0x0002b880   0x00000028   Data   RO         5183    .constdata          nrf_sdh.o
    0x0002b8a8   0x0002b8a8   0x00000010   Data   RO         5184    .constdata          nrf_sdh.o
    0x0002b8b8   0x0002b8b8   0x00000010   Data   RO         5185    .constdata          nrf_sdh.o
    0x0002b8c8   0x0002b8c8   0x00000020   Data   RO         5293    .constdata          nrf_sdh_ble.o
    0x0002b8e8   0x0002b8e8   0x00000010   Data   RO         5294    .constdata          nrf_sdh_ble.o
    0x0002b8f8   0x0002b8f8   0x00000010   Data   RO         5344    .constdata          nrf_sdh_soc.o
    0x0002b908   0x0002b908   0x0000000c   Data   RO         5345    .constdata          nrf_sdh_soc.o
    0x0002b914   0x0002b914   0x00000081   Data   RO         5386    .constdata          mc_w.l(ctype_o.o)
    0x0002b995   0x0002b995   0x00000003   PAD
    0x0002b998   0x0002b998   0x00000004   Data   RO         5387    .constdata          mc_w.l(ctype_o.o)
    0x0002b99c   0x0002b99c   0x000000a2   Data   RO         1062    .conststring        nrf_ble_gatt.o
    0x0002ba3e   0x0002ba3e   0x00000002   PAD
    0x0002ba40   0x0002ba40   0x000003eb   Data   RO         4365    .conststring        nrf_strerror.o
    0x0002be2b   0x0002be2b   0x00000001   PAD
    0x0002be2c   0x0002be2c   0x00000066   Data   RO         4759    .conststring        nrf_log_str_formatter.o
    0x0002be92   0x0002be92   0x00000002   PAD
    0x0002be94   0x0002be94   0x00000188   Data   RO         5295    .conststring        nrf_sdh_ble.o
    0x0002c01c   0x0002c01c   0x0000000d   Data   RO         1063    .conststrlit        nrf_ble_gatt.o
    0x0002c029   0x0002c029   0x00000003   PAD
    0x0002c02c   0x0002c02c   0x00000006   Data   RO         1726    .conststrlit        nrf_drv_clock.o
    0x0002c032   0x0002c032   0x00000002   PAD
    0x0002c034   0x0002c034   0x00000006   Data   RO         2067    .conststrlit        nrfx_clock.o
    0x0002c03a   0x0002c03a   0x00000002   PAD
    0x0002c03c   0x0002c03c   0x00000007   Data   RO         2232    .conststrlit        nrfx_gpiote.o
    0x0002c043   0x0002c043   0x00000001   PAD
    0x0002c044   0x0002c044   0x00000004   Data   RO         2462    .conststrlit        nrfx_prs.o
    0x0002c048   0x0002c048   0x00000005   Data   RO         2542    .conststrlit        nrfx_uart.o
    0x0002c04d   0x0002c04d   0x00000003   PAD
    0x0002c050   0x0002c050   0x00000006   Data   RO         2726    .conststrlit        nrfx_uarte.o
    0x0002c056   0x0002c056   0x00000002   PAD
    0x0002c058   0x0002c058   0x00000006   Data   RO         2887    .conststrlit        nrfx_saadc.o
    0x0002c05e   0x0002c05e   0x00000002   PAD
    0x0002c060   0x0002c060   0x0000000b   Data   RO         3025    .conststrlit        app_button.o
    0x0002c06b   0x0002c06b   0x00000001   PAD
    0x0002c06c   0x0002c06c   0x0000000a   Data   RO         3272    .conststrlit        app_timer2.o
    0x0002c076   0x0002c076   0x00000002   PAD
    0x0002c078   0x0002c078   0x00000009   Data   RO         4143    .conststrlit        nrf_pwr_mgmt.o
    0x0002c081   0x0002c081   0x00000003   PAD
    0x0002c084   0x0002c084   0x00000009   Data   RO         4311    .conststrlit        nrf_sortlist.o
    0x0002c08d   0x0002c08d   0x00000003   PAD
    0x0002c090   0x0002c090   0x00000011   Data   RO         4533    .conststrlit        nrf_log_default_backends.o
    0x0002c0a1   0x0002c0a1   0x00000003   PAD
    0x0002c0a4   0x0002c0a4   0x00000004   Data   RO         4599    .conststrlit        nrf_log_frontend.o
    0x0002c0a8   0x0002c0a8   0x00000008   Data   RO         5186    .conststrlit        nrf_sdh.o
    0x0002c0b0   0x0002c0b0   0x0000000c   Data   RO         5296    .conststrlit        nrf_sdh_ble.o
    0x0002c0bc   0x0002c0bc   0x0000000c   Data   RO         5346    .conststrlit        nrf_sdh_soc.o
    0x0002c0c8   0x0002c0c8   0x00000020   Data   RO         5445    Region$$Table       anon$$obj.o
    0x0002c0e8   0x0002c0e8   0x00000010   Data   RO         4535    log_backends        nrf_log_default_backends.o
    0x0002c0f8   0x0002c0f8   0x00000008   Data   RO         1064    log_const_data      nrf_ble_gatt.o
    0x0002c100   0x0002c100   0x00000008   Data   RO         1727    log_const_data      nrf_drv_clock.o
    0x0002c108   0x0002c108   0x00000008   Data   RO         2069    log_const_data      nrfx_clock.o
    0x0002c110   0x0002c110   0x00000008   Data   RO         2233    log_const_data      nrfx_gpiote.o
    0x0002c118   0x0002c118   0x00000008   Data   RO         2464    log_const_data      nrfx_prs.o
    0x0002c120   0x0002c120   0x00000008   Data   RO         2543    log_const_data      nrfx_uart.o
    0x0002c128   0x0002c128   0x00000008   Data   RO         2727    log_const_data      nrfx_uarte.o
    0x0002c130   0x0002c130   0x00000008   Data   RO         2888    log_const_data      nrfx_saadc.o
    0x0002c138   0x0002c138   0x00000008   Data   RO         3027    log_const_data      app_button.o
    0x0002c140   0x0002c140   0x00000008   Data   RO         3275    log_const_data      app_timer2.o
    0x0002c148   0x0002c148   0x00000008   Data   RO         4145    log_const_data      nrf_pwr_mgmt.o
    0x0002c150   0x0002c150   0x00000008   Data   RO         4312    log_const_data      nrf_sortlist.o
    0x0002c158   0x0002c158   0x00000008   Data   RO         4602    log_const_data      nrf_log_frontend.o
    0x0002c160   0x0002c160   0x00000008   Data   RO         5188    log_const_data      nrf_sdh.o
    0x0002c168   0x0002c168   0x00000008   Data   RO         5298    log_const_data      nrf_sdh_ble.o
    0x0002c170   0x0002c170   0x00000008   Data   RO         5347    log_const_data      nrf_sdh_soc.o
    0x0002c178   0x0002c178   0x00000014   Data   RO         4603    nrf_balloc          nrf_log_frontend.o
    0x0002c18c   0x0002c18c   0x00000008   Data   RO          841    sdh_ble_observers0  ble_conn_state.o
    0x0002c194   0x0002c194   0x00000008   Data   RO          103    sdh_ble_observers1  main.o
    0x0002c19c   0x0002c19c   0x00000008   Data   RO          746    sdh_ble_observers1  ble_conn_params.o
    0x0002c1a4   0x0002c1a4   0x00000008   Data   RO         1323    sdh_ble_observers3  ble_spec.o
    0x0002c1ac   0x0002c1ac   0x00000008   Data   RO         1728    sdh_soc_observers0  nrf_drv_clock.o
    0x0002c1b4   0x0002c1b4   0x00000008   Data   RO         5299    sdh_stack_observers0  nrf_sdh_ble.o
    0x0002c1bc   0x0002c1bc   0x00000008   Data   RO         5348    sdh_stack_observers0  nrf_sdh_soc.o
    0x0002c1c4   0x0002c1c4   0x00000008   Data   RO         1729    sdh_state_observers0  nrf_drv_clock.o


    Execution Region RW_IRAM1 (Exec base: 0x200022f0, Load base: 0x0002c1cc, Size: 0x00002a00, Max: 0x0000dd10, ABSOLUTE, COMPRESSED[0x00000044])

    Exec Addr    Load Addr    Size         Type   Attr      Idx    E Section Name        Object

    0x200022f0   COMPRESSED   0x00000004   Data   RW           15    .data               system_nrf52.o
    0x200022f4   COMPRESSED   0x00000001   Data   RW           98    .data               main.o
    0x200022f5   COMPRESSED   0x00000001   PAD
    0x200022f6   COMPRESSED   0x00000002   Data   RW           99    .data               main.o
    0x200022f8   COMPRESSED   0x00000001   Data   RW          100    .data               main.o
    0x200022f9   COMPRESSED   0x00000001   Data   RW          102    .data               main.o
    0x200022fa   COMPRESSED   0x00000008   Data   RW          745    .data               ble_conn_params.o
    0x20002302   COMPRESSED   0x00000002   PAD
    0x20002304   COMPRESSED   0x00000008   Data   RW         1483    .data               app_adc.o
    0x2000230c   COMPRESSED   0x0000004a   Data   RW         1560    .data               ble_dis.o
    0x20002356   COMPRESSED   0x00000002   PAD
    0x20002358   COMPRESSED   0x0000000c   Data   RW         1610    .data               app_interrupt.o
    0x20002364   COMPRESSED   0x0000000c   Data   RW         1862    .data               nrf_drv_uart.o
    0x20002370   COMPRESSED   0x00000008   Data   RW         2068    .data               nrfx_clock.o
    0x20002378   COMPRESSED   0x00000008   Data   RW         2463    .data               nrfx_prs.o
    0x20002380   COMPRESSED   0x00000020   Data   RW         3273    .data               app_timer2.o
    0x200023a0   COMPRESSED   0x00000004   Data   RW         3274    .data               app_timer2.o
    0x200023a4   COMPRESSED   0x0000000c   Data   RW         3484    .data               drv_rtc.o
    0x200023b0   COMPRESSED   0x00000008   Data   RW         4144    .data               nrf_pwr_mgmt.o
    0x200023b8   COMPRESSED   0x00000018   Data   RW         4463    .data               nrf_log_backend_uart.o
    0x200023d0   COMPRESSED   0x00000008   Data   RW         4534    .data               nrf_log_default_backends.o
    0x200023d8   COMPRESSED   0x00000008   Data   RW         4600    .data               nrf_log_frontend.o
    0x200023e0   COMPRESSED   0x00000008   Data   RW         4601    .data               nrf_log_frontend.o
    0x200023e8   COMPRESSED   0x00000040   Data   RW         4760    .data               nrf_log_str_formatter.o
    0x20002428   COMPRESSED   0x00000003   Data   RW         5187    .data               nrf_sdh.o
    0x2000242b   COMPRESSED   0x00000001   Data   RW         5297    .data               nrf_sdh_ble.o
    0x2000242c        -       0x00000030   Zero   RW           94    .bss                main.o
    0x2000245c        -       0x0000001f   Zero   RW           95    .bss                main.o
    0x2000247b        -       0x0000001f   Zero   RW           96    .bss                main.o
    0x2000249a   COMPRESSED   0x00000002   PAD
    0x2000249c        -       0x00000010   Zero   RW           97    .bss                main.o
    0x200024ac   COMPRESSED   0x00000004   PAD
    0x200024b0        -       0x00000050   Zero   RW          744    .bss                ble_conn_params.o
    0x20002500        -       0x0000007c   Zero   RW          840    .bss                ble_conn_state.o
    0x2000257c   COMPRESSED   0x00000004   PAD
    0x20002580        -       0x00000020   Zero   RW         1481    .bss                app_adc.o
    0x200025a0        -       0x00000020   Zero   RW         1608    .bss                app_interrupt.o
    0x200025c0        -       0x00000014   Zero   RW         1721    .bss                nrf_drv_clock.o
    0x200025d4        -       0x0000005c   Zero   RW         2227    .bss                nrfx_gpiote.o
    0x20002630        -       0x0000002c   Zero   RW         2537    .bss                nrfx_uart.o
    0x2000265c        -       0x00000024   Zero   RW         2721    .bss                nrfx_uarte.o
    0x20002680        -       0x00000030   Zero   RW         2878    .bss                nrfx_saadc.o
    0x200026b0        -       0x00000010   Zero   RW         3269    .bss                app_timer2.o
    0x200026c0        -       0x00000058   Zero   RW         3270    .bss                app_timer2.o
    0x20002718        -       0x0000000c   Zero   RW         3399    .bss                app_util_platform.o
    0x20002724        -       0x0000000c   Zero   RW         4140    .bss                nrf_pwr_mgmt.o
    0x20002730        -       0x00000040   Zero   RW         4460    .bss                nrf_log_backend_uart.o
    0x20002770        -       0x000000c0   Zero   RW         4594    .bss                nrf_log_frontend.o
    0x20002830        -       0x00000080   Zero   RW         4595    .bss                nrf_log_frontend.o
    0x200028b0        -       0x00000018   Zero   RW         4596    .bss                nrf_log_frontend.o
    0x200028c8        -       0x00000424   Zero   RW         4597    .bss                nrf_log_frontend.o
    0x20002cec   COMPRESSED   0x00000004   PAD
    0x20002cf0        -       0x00002000   Zero   RW            1    STACK               arm_startup_nrf52.o


==============================================================================

Image component sizes


      Code (inc. data)   RO Data    RW Data    ZI Data      Debug   Object Name

       380         84         17          8         32      35537   app_adc.o
         0          0         19          0          0       1739   app_button.o
        22          0          0          0          0       2357   app_error.o
       132         46          0          0          0       3878   app_error_weak.o
       670        164          4         12         32      16140   app_interrupt.o
       846         88         38         36        104      15761   app_timer2.o
       124         14          0          0         12       9434   app_util_platform.o
        36          8        512          0       8192        932   arm_startup_nrf52.o
      1236          0          0          0          0      50943   ble_advdata.o
       636         44          8          8         80      11011   ble_conn_params.o
       352          6          8          0        124       6025   ble_conn_state.o
       530         12          0         74          0       5295   ble_dis.o
       886        148         12          0          0      62142   ble_spec.o
       474          6          0          0          0       3879   ble_srv_common.o
         0          0          0          0          0      45250   boards.o
       424          4         16          0          0      57794   cambien_service.o
       696         76          6         12          0      44953   drv_rtc.o
       164         30          8          5        126     120909   main.o
       326          0          0          0          0       5607   nrf_atfifo.o
        64          0          0          0          0       2772   nrf_atflags.o
       306          0          0          0          0       7551   nrf_atomic.o
       164          0          0          0          0       3440   nrf_balloc.o
       922        272        205          0          0      36611   nrf_ble_gatt.o
       276         34         30          0         20      38772   nrf_drv_clock.o
       200         26          0         12          0      17348   nrf_drv_uart.o
        50          0          0          0          0       3337   nrf_fprintf.o
       866          4         16          0          0       6314   nrf_fprintf_format.o
       200          0          0          0          0      11305   nrf_log_backend_serial.o
       232         44         44         24         64      20366   nrf_log_backend_uart.o
        28          4         33          8          0       3201   nrf_log_default_backends.o
      1474        114         44         16       1404      28718   nrf_log_frontend.o
       570        108        102         64          0       5372   nrf_log_str_formatter.o
       346          0          0          0          0       9139   nrf_memobj.o
       108         16         53          8         12      36266   nrf_pwr_mgmt.o
        28          0          0          0          0       2219   nrf_ringbuf.o
       384         46        104          3          0      38735   nrf_sdh.o
       672        230        468          1          0       5581   nrf_sdh_ble.o
        60          4         56          0          0       2324   nrf_sdh_soc.o
        78          0          0          0          0       2592   nrf_section_iter.o
        84          0         17          0          0       3825   nrf_sortlist.o
        76         10       1319          0          0       2551   nrf_strerror.o
       222         30         14          8          0      42950   nrfx_clock.o
      1182         86         19          0         92      57045   nrfx_gpiote.o
       112         16         12          8          0       4200   nrfx_prs.o
      1264        108         20          0         48      22526   nrfx_saadc.o
      1294         42         17          0         44      29093   nrfx_uart.o
      1268         42         18          0         36      24747   nrfx_uarte.o
       796         70          0          4          0      63270   system_nrf52.o

    ----------------------------------------------------------------------
     21304       2036       3324        316      10436    1031756   Object Totals
         0          0         32          0          0          0   (incl. Generated)
        44          0         53          5         14          0   (incl. Padding)

    ----------------------------------------------------------------------

      Code (inc. data)   RO Data    RW Data    ZI Data      Debug   Library Member Name

        86          0          0          0          0          0   __dczerorl2.o
         8          4        133          0          0         68   ctype_o.o
         0          0          0          0          0          0   entry.o
         0          0          0          0          0          0   entry10a.o
         0          0          0          0          0          0   entry11a.o
         8          4          0          0          0          0   entry2.o
         4          0          0          0          0          0   entry5.o
         0          0          0          0          0          0   entry7b.o
         0          0          0          0          0          0   entry8b.o
         8          4          0          0          0          0   entry9a.o
        30          0          0          0          0          0   handlers.o
        36          8          0          0          0         68   init.o
        36          0          0          0          0         68   memcpya.o
        36          0          0          0          0        108   memseta.o
        14          0          0          0          0         68   strlen.o

    ----------------------------------------------------------------------
       272         20        136          0          0        380   Library Totals
         6          0          3          0          0          0   (incl. Padding)

    ----------------------------------------------------------------------

      Code (inc. data)   RO Data    RW Data    ZI Data      Debug   Library Name

       266         20        133          0          0        380   mc_w.l

    ----------------------------------------------------------------------
       272         20        136          0          0        380   Library Totals

    ----------------------------------------------------------------------

==============================================================================


      Code (inc. data)   RO Data    RW Data    ZI Data      Debug   

     21576       2056       3460        316      10436    1005268   Grand Totals
     21576       2056       3460         68      10436    1005268   ELF Image Totals (compressed)
     21576       2056       3460         68          0          0   ROM Totals

==============================================================================

    Total RO  Size (Code + RO Data)                25036 (  24.45kB)
    Total RW  Size (RW Data + ZI Data)             10752 (  10.50kB)
    Total ROM Size (Code + RO Data + RW Data)      25104 (  24.52kB)

==============================================================================

