Component: ARM Compiler 5.06 update 6 (build 750) Tool: armlink [4d35ed]

==============================================================================

Section Cross References

    arm_startup_nrf52.o(RESET) refers to arm_startup_nrf52.o(STACK) for __initial_sp
    arm_startup_nrf52.o(RESET) refers to arm_startup_nrf52.o(.text) for Reset_Handler
    arm_startup_nrf52.o(RESET) refers to nrfx_clock.o(i.POWER_CLOCK_IRQHandler) for POWER_CLOCK_IRQHandler
    arm_startup_nrf52.o(RESET) refers to nrfx_prs.o(i.UARTE0_UART0_IRQHandler) for UARTE0_UART0_IRQHandler
    arm_startup_nrf52.o(RESET) refers to nrfx_gpiote.o(i.GPIOTE_IRQHandler) for GPIOTE_IRQHandler
    arm_startup_nrf52.o(RESET) refers to nrfx_saadc.o(i.SAADC_IRQHandler) for SAADC_IRQHandler
    arm_startup_nrf52.o(RESET) refers to drv_rtc.o(i.RTC1_IRQHandler) for RTC1_IRQHandler
    arm_startup_nrf52.o(RESET) refers to nrf_sdh.o(i.SWI2_EGU2_IRQHandler) for SWI2_EGU2_IRQHandler
    arm_startup_nrf52.o(.text) refers to system_nrf52.o(i.SystemInit) for SystemInit
    arm_startup_nrf52.o(.text) refers to entry.o(.ARM.Collect$$$$00000000) for __main
    system_nrf52.o(i.SystemCoreClockUpdate) refers to system_nrf52.o(.data) for .data
    system_nrf52.o(i.SystemInit) refers to system_nrf52.o(.data) for .data
    main.o(i.adc_handle_timer) refers to main.o(i.saadc_init) for saadc_init
    main.o(i.adc_handle_timer) refers to main.o(.data) for .data
    main.o(i.advertising_init) refers to memseta.o(.text) for __aeabi_memclr4
    main.o(i.advertising_init) refers to ble_advdata.o(i.ble_advdata_encode) for ble_advdata_encode
    main.o(i.advertising_init) refers to app_error.o(i.app_error_handler_bare) for app_error_handler_bare
    main.o(i.advertising_init) refers to main.o(.constdata) for .constdata
    main.o(i.advertising_init) refers to main.o(.bss) for .bss
    main.o(i.advertising_init) refers to main.o(.data) for .data
    main.o(i.advertising_start) refers to app_error.o(i.app_error_handler_bare) for app_error_handler_bare
    main.o(i.advertising_start) refers to main.o(.data) for .data
    main.o(i.assert_nrf_callback) refers to app_error_handler_keil.o(.emb_text) for app_error_handler
    main.o(i.ble_evt_handler) refers to cambien_service.o(i.ble_cb_ADC_change) for ble_cb_ADC_change
    main.o(i.ble_evt_handler) refers to cambien_service.o(i.check_error_ble) for check_error_ble
    main.o(i.ble_evt_handler) refers to main.o(i.advertising_start) for advertising_start
    main.o(i.ble_evt_handler) refers to app_error.o(i.app_error_handler_bare) for app_error_handler_bare
    main.o(i.ble_evt_handler) refers to main.o(.data) for .data
    main.o(i.ble_evt_handler) refers to main.o(.bss) for .bss
    main.o(i.conn_params_error_handler) refers to app_error.o(i.app_error_handler_bare) for app_error_handler_bare
    main.o(i.in_out1_handler) refers to main.o(.data) for .data
    main.o(i.in_out2_handler) refers to main.o(.data) for .data
    main.o(i.in_tu_handler) refers to main.o(.data) for .data
    main.o(i.interrupt_init) refers to nrfx_gpiote.o(i.nrfx_gpiote_init) for nrfx_gpiote_init
    main.o(i.interrupt_init) refers to main.o(i.out1_interrupt_init) for out1_interrupt_init
    main.o(i.interrupt_init) refers to main.o(i.out2_interrupt_init) for out2_interrupt_init
    main.o(i.main) refers to app_timer2.o(i.app_timer_init) for app_timer_init
    main.o(i.main) refers to app_error.o(i.app_error_handler_bare) for app_error_handler_bare
    main.o(i.main) refers to app_timer2.o(i.app_timer_create) for app_timer_create
    main.o(i.main) refers to app_timer2.o(i.app_timer_start) for app_timer_start
    main.o(i.main) refers to nrf_pwr_mgmt.o(i.nrf_pwr_mgmt_init) for nrf_pwr_mgmt_init
    main.o(i.main) refers to main.o(i.interrupt_init) for interrupt_init
    main.o(i.main) refers to main.o(i.saadc_init) for saadc_init
    main.o(i.main) refers to nrf_sdh.o(i.nrf_sdh_enable_request) for nrf_sdh_enable_request
    main.o(i.main) refers to nrf_sdh_ble.o(i.nrf_sdh_ble_default_cfg_set) for nrf_sdh_ble_default_cfg_set
    main.o(i.main) refers to nrf_sdh_ble.o(i.nrf_sdh_ble_enable) for nrf_sdh_ble_enable
    main.o(i.main) refers to nrf_ble_gatt.o(i.nrf_ble_gatt_init) for nrf_ble_gatt_init
    main.o(i.main) refers to cambien_service.o(i.ble_cb_init) for ble_cb_init
    main.o(i.main) refers to main.o(i.advertising_init) for advertising_init
    main.o(i.main) refers to memseta.o(.text) for __aeabi_memclr4
    main.o(i.main) refers to ble_conn_params.o(i.ble_conn_params_init) for ble_conn_params_init
    main.o(i.main) refers to nrfx_saadc.o(i.nrfx_saadc_sample) for nrfx_saadc_sample
    main.o(i.main) refers to main.o(i.advertising_start) for advertising_start
    main.o(i.main) refers to main.o(i.task_chuyendong) for task_chuyendong
    main.o(i.main) refers to main.o(i.task_adc) for task_adc
    main.o(i.main) refers to nrf_pwr_mgmt.o(i.nrf_pwr_mgmt_run) for nrf_pwr_mgmt_run
    main.o(i.main) refers to main.o(i.systick_handle) for systick_handle
[...]
    .ARM.Collect$$$$0000000B                 0x00026208   Section        8  entry9a.o(.ARM.Collect$$$$0000000B)
    .ARM.Collect$$$$0000000D                 0x00026210   Section        0  entry10a.o(.ARM.Collect$$$$0000000D)
    .ARM.Collect$$$$0000000F                 0x00026210   Section        0  entry11a.o(.ARM.Collect$$$$0000000F)
    .ARM.Collect$$$$00002712                 0x00026210   Section        4  entry2.o(.ARM.Collect$$$$00002712)
    __lit__00000000                          0x00026210   Data           4  entry2.o(.ARM.Collect$$$$00002712)
    .emb_text                                0x00026214   Section      200  nrf_atfifo.o(.emb_text)
    $v0                                      0x00026214   Number         0  nrf_atfifo.o(.emb_text)
    .emb_text                                0x000262dc   Section      226  nrf_atomic.o(.emb_text)
    $v0                                      0x000262dc   Number         0  nrf_atomic.o(.emb_text)
    .text                                    0x000263c0   Section       36  arm_startup_nrf52.o(.text)
    $v0                                      0x000263c0   Number         0  arm_startup_nrf52.o(.text)
    .text                                    0x000263e4   Section        0  memcpya.o(.text)
    .text                                    0x00026408   Section        0  memseta.o(.text)
    .text                                    0x0002642c   Section       36  init.o(.text)
    i.GPIOTE_IRQHandler                      0x00026450   Section        0  nrfx_gpiote.o(i.GPIOTE_IRQHandler)
    i.POWER_CLOCK_IRQHandler                 0x000265b4   Section        0  nrfx_clock.o(i.POWER_CLOCK_IRQHandler)
    i.RTC1_IRQHandler                        0x0002660c   Section        0  drv_rtc.o(i.RTC1_IRQHandler)
    i.SAADC_IRQHandler                       0x0002661c   Section        0  nrfx_saadc.o(i.SAADC_IRQHandler)
    i.SWI2_EGU2_IRQHandler                   0x00026764   Section        0  nrf_sdh.o(i.SWI2_EGU2_IRQHandler)
    i.SystemInit                             0x00026768   Section        0  system_nrf52.o(i.SystemInit)
    i.UARTE0_UART0_IRQHandler                0x00026a84   Section        0  nrfx_prs.o(i.UARTE0_UART0_IRQHandler)
    i.__scatterload_copy                     0x00026a90   Section       14  handlers.o(i.__scatterload_copy)
    i.__scatterload_null                     0x00026a9e   Section        2  handlers.o(i.__scatterload_null)
    i.__scatterload_zeroinit                 0x00026aa0   Section       14  handlers.o(i.__scatterload_zeroinit)
    i.__sd_nvic_app_accessible_irq           0x00026ab0   Section        0  nrf_sdh.o(i.__sd_nvic_app_accessible_irq)
    __sd_nvic_app_accessible_irq             0x00026ab1   Thumb Code    32  nrf_sdh.o(i.__sd_nvic_app_accessible_irq)
    i.adc_handle_timer                       0x00026ad4   Section        0  main.o(i.adc_handle_timer)
    adc_handle_timer                         0x00026ad5   Thumb Code    18  main.o(i.adc_handle_timer)
    i.advertising_init                       0x00026aec   Section        0  main.o(i.advertising_init)
    advertising_init                         0x00026aed   Thumb Code   152  main.o(i.advertising_init)
    i.advertising_start                      0x00026b90   Section        0  main.o(i.advertising_start)
    advertising_start                        0x00026b91   Thumb Code    18  main.o(i.advertising_start)
    i.app_error_fault_handler                0x00026ba8   Section        0  app_error_weak.o(i.app_error_fault_handler)
    i.app_error_handler_bare                 0x00026bd8   Section        0  app_error.o(i.app_error_handler_bare)
    i.app_timer_cnt_get                      0x00026bf0   Section        0  app_timer2.o(i.app_timer_cnt_get)
    i.app_timer_create                       0x00026bfc   Section        0  app_timer2.o(i.app_timer_create)
    i.app_timer_init                         0x00026c14   Section        0  app_timer2.o(i.app_timer_init)
    i.app_timer_start                        0x00026c70   Section        0  app_timer2.o(i.app_timer_start)
    i.app_timer_stop                         0x00026ca0   Section        0  app_timer2.o(i.app_timer_stop)
    i.app_util_critical_region_enter         0x00026cac   Section        0  app_util_platform.o(i.app_util_critical_region_enter)
    i.app_util_critical_region_exit          0x00026cf4   Section        0  app_util_platform.o(i.app_util_critical_region_exit)
    i.ble_advdata_encode                     0x00026d28   Section        0  ble_advdata.o(i.ble_advdata_encode)
    i.ble_cb_ADC_change                      0x00026eaa   Section        0  cambien_service.o(i.ble_cb_ADC_change)
    i.ble_cb_chuyendong_change               0x00026ed8   Section        0  cambien_service.o(i.ble_cb_chuyendong_change)
    i.ble_cb_init                            0x00026f08   Section        0  cambien_service.o(i.ble_cb_init)
    i.ble_cb_on_ble_evt                      0x00027008   Section        0  cambien_service.o(i.ble_cb_on_ble_evt)
    i.ble_conn_params_init                   0x0002700c   Section        0  ble_conn_params.o(i.ble_conn_params_init)
    i.ble_device_addr_encode                 0x00027074   Section        0  ble_advdata.o(i.ble_device_addr_encode)
    ble_device_addr_encode                   0x00027075   Thumb Code    96  ble_advdata.o(i.ble_device_addr_encode)
    i.ble_evt_handler                        0x000270d4   Section        0  main.o(i.ble_evt_handler)
    ble_evt_handler                          0x000270d5   Thumb Code   142  main.o(i.ble_evt_handler)
    i.ble_evt_handler                        0x0002716c   Section        0  ble_conn_params.o(i.ble_evt_handler)
    ble_evt_handler                          0x0002716d   Thumb Code   242  ble_conn_params.o(i.ble_evt_handler)
    i.ble_evt_handler                        0x00027268   Section        0  ble_conn_state.o(i.ble_evt_handler)
    ble_evt_handler                          0x00027269   Thumb Code   274  ble_conn_state.o(i.ble_evt_handler)
    i.ble_srv_is_notification_enabled        0x00027380   Section        0  ble_srv_common.o(i.ble_srv_is_notification_enabled)
    i.channel_free                           0x00027388   Section        0  nrfx_gpiote.o(i.channel_free)
    channel_free                             0x00027389   Thumb Code    22  nrfx_gpiote.o(i.channel_free)
    i.channel_port_alloc                     0x000273a4   Section        0  nrfx_gpiote.o(i.channel_port_alloc)
    channel_port_alloc                       0x000273a5   Thumb Code    66  nrfx_gpiote.o(i.channel_port_alloc)
    i.channel_port_get                       0x000273ec   Section        0  nrfx_gpiote.o(i.channel_port_get)
    channel_port_get                         0x000273ed   Thumb Code    10  nrfx_gpiote.o(i.channel_port_get)
    i.characteristic_add                     0x000273fc   Section        0  ble_srv_common.o(i.characteristic_add)
    i.check_error_ble                        0x0002758c   Section        0  cambien_service.o(i.check_error_ble)
    i.clock_clk_started_notify               0x000275ac   Section        0  nrf_drv_clock.o(i.clock_clk_started_notify)
    clock_clk_started_notify                 0x000275ad   Thumb Code    34  nrf_drv_clock.o(i.clock_clk_started_notify)
    i.clock_irq_handler                      0x000275d4   Section        0  nrf_drv_clock.o(i.clock_irq_handler)
    clock_irq_handler                        0x000275d5   Thumb Code    24  nrf_drv_clock.o(i.clock_irq_handler)
    i.compare_func                           0x000275f0   Section        0  app_timer2.o(i.compare_func)
    compare_func                             0x000275f1   Thumb Code    24  app_timer2.o(i.compare_func)
    i.conn_handle_list_get                   0x00027608   Section        0  ble_conn_state.o(i.conn_handle_list_get)
    i.conn_int_encode                        0x00027646   Section        0  ble_advdata.o(i.conn_int_encode)
    conn_int_encode                          0x00027647   Thumb Code   136  ble_advdata.o(i.conn_int_encode)
    i.conn_params_error_handler              0x000276ce   Section        0  main.o(i.conn_params_error_handler)
    conn_params_error_handler                0x000276cf   Thumb Code     4  main.o(i.conn_params_error_handler)
    i.conn_params_negotiation                0x000276d4   Section        0  ble_conn_params.o(i.conn_params_negotiation)
    conn_params_negotiation                  0x000276d5   Thumb Code    68  ble_conn_params.o(i.conn_params_negotiation)
    i.data_length_update                     0x0002771c   Section        0  nrf_ble_gatt.o(i.data_length_update)
    data_length_update                       0x0002771d   Thumb Code    30  nrf_ble_gatt.o(i.data_length_update)
    i.drv_rtc_compare_disable                0x0002773a   Section        0  drv_rtc.o(i.drv_rtc_compare_disable)
    i.drv_rtc_compare_pending                0x0002774e   Section        0  drv_rtc.o(i.drv_rtc_compare_pending)
    i.drv_rtc_compare_set                    0x0002775c   Section        0  drv_rtc.o(i.drv_rtc_compare_set)
    i.drv_rtc_counter_get                    0x000277ac   Section        0  drv_rtc.o(i.drv_rtc_counter_get)
    i.drv_rtc_init                           0x000277b4   Section        0  drv_rtc.o(i.drv_rtc_init)
    i.drv_rtc_irq_trigger                    0x0002782c   Section        0  drv_rtc.o(i.drv_rtc_irq_trigger)
    i.drv_rtc_overflow_enable                0x00027846   Section        0  drv_rtc.o(i.drv_rtc_overflow_enable)
    i.drv_rtc_overflow_pending               0x0002784e   Section        0  drv_rtc.o(i.drv_rtc_overflow_pending)
    i.drv_rtc_start                          0x00027856   Section        0  drv_rtc.o(i.drv_rtc_start)
    i.drv_rtc_stop                           0x0002785e   Section        0  drv_rtc.o(i.drv_rtc_stop)
    i.drv_rtc_windowed_compare_set           0x00027866   Section        0  drv_rtc.o(i.drv_rtc_windowed_compare_set)
    i.evt_enable                             0x00027944   Section        0  drv_rtc.o(i.evt_enable)
    evt_enable                               0x00027945   Thumb Code    18  drv_rtc.o(i.evt_enable)
    i.evt_pending                            0x00027956   Section        0  drv_rtc.o(i.evt_pending)
    evt_pending                              0x00027957   Thumb Code    20  drv_rtc.o(i.evt_pending)
    i.flag_toggle                            0x0002796a   Section        0  ble_conn_state.o(i.flag_toggle)
    flag_toggle                              0x0002796b   Thumb Code    10  ble_conn_state.o(i.flag_toggle)
    i.get_now                                0x00027974   Section        0  app_timer2.o(i.get_now)
    get_now                                  0x00027975   Thumb Code    46  app_timer2.o(i.get_now)
    i.in_out1_handler                        0x000279a8   Section        0  main.o(i.in_out1_handler)
    i.in_out2_handler                        0x000279c4   Section        0  main.o(i.in_out2_handler)
    i.instance_get                           0x000279e0   Section        0  ble_conn_params.o(i.instance_get)
    instance_get                             0x000279e1   Thumb Code    14  ble_conn_params.o(i.instance_get)
    i.interrupt_init                         0x000279f4   Section        0  main.o(i.interrupt_init)
    i.is_conn_params_ok                      0x00027a06   Section        0  ble_conn_params.o(i.is_conn_params_ok)
    is_conn_params_ok                        0x00027a07   Thumb Code    68  ble_conn_params.o(i.is_conn_params_ok)
    i.link_init                              0x00027a4a   Section        0  nrf_ble_gatt.o(i.link_init)
    link_init                                0x00027a4b   Thumb Code    20  nrf_ble_gatt.o(i.link_init)
    i.main                                   0x00027a60   Section        0  main.o(i.main)
    i.manuf_specific_data_encode             0x00027bcc   Section        0  ble_advdata.o(i.manuf_specific_data_encode)
    manuf_specific_data_encode               0x00027bcd   Thumb Code   100  ble_advdata.o(i.manuf_specific_data_encode)
    i.name_encode                            0x00027c30   Section        0  ble_advdata.o(i.name_encode)
    name_encode                              0x00027c31   Thumb Code   166  ble_advdata.o(i.name_encode)
    i.nrf_atfifo_init                        0x00027cd6   Section        0  nrf_atfifo.o(i.nrf_atfifo_init)
    i.nrf_atfifo_item_alloc                  0x00027cfc   Section        0  nrf_atfifo.o(i.nrf_atfifo_item_alloc)
    i.nrf_atfifo_item_free                   0x00027d12   Section        0  nrf_atfifo.o(i.nrf_atfifo_item_free)
    i.nrf_atfifo_item_get                    0x00027d28   Section        0  nrf_atfifo.o(i.nrf_atfifo_item_get)
    i.nrf_atfifo_item_put                    0x00027d3e   Section        0  nrf_atfifo.o(i.nrf_atfifo_item_put)
    i.nrf_atflags_clear                      0x00027d54   Section        0  nrf_atflags.o(i.nrf_atflags_clear)
    i.nrf_atflags_get                        0x00027d6a   Section        0  nrf_atflags.o(i.nrf_atflags_get)
    i.nrf_atflags_set                        0x00027d80   Section        0  nrf_atflags.o(i.nrf_atflags_set)
    i.nrf_atomic_u32_and                     0x00027d94   Section        0  nrf_atomic.o(i.nrf_atomic_u32_and)
    i.nrf_atomic_u32_or                      0x00027da0   Section        0  nrf_atomic.o(i.nrf_atomic_u32_or)
    i.nrf_bitmask_bit_is_set                 0x00027dac   Section        0  nrfx_gpiote.o(i.nrf_bitmask_bit_is_set)
    nrf_bitmask_bit_is_set                   0x00027dad   Thumb Code    16  nrfx_gpiote.o(i.nrf_bitmask_bit_is_set)
    i.nrf_bitmask_bit_set                    0x00027dbc   Section        0  nrfx_gpiote.o(i.nrf_bitmask_bit_set)
    nrf_bitmask_bit_set                      0x00027dbd   Thumb Code    20  nrfx_gpiote.o(i.nrf_bitmask_bit_set)
    i.nrf_ble_gatt_init                      0x00027dd0   Section        0  nrf_ble_gatt.o(i.nrf_ble_gatt_init)
    i.nrf_ble_gatt_on_ble_evt                0x00027df4   Section        0  nrf_ble_gatt.o(i.nrf_ble_gatt_on_ble_evt)
    i.nrf_clock_event_check                  0x00027f68   Section        0  nrfx_clock.o(i.nrf_clock_event_check)
    nrf_clock_event_check                    0x00027f69   Thumb Code    14  nrfx_clock.o(i.nrf_clock_event_check)
    i.nrf_clock_event_clear                  0x00027f76   Section        0  nrfx_clock.o(i.nrf_clock_event_clear)
    nrf_clock_event_clear                    0x00027f77   Thumb Code    16  nrfx_clock.o(i.nrf_clock_event_clear)
    i.nrf_drv_clock_init                     0x00027f88   Section        0  nrf_drv_clock.o(i.nrf_drv_clock_init)
    i.nrf_drv_clock_lfclk_release            0x00027fc0   Section        0  nrf_drv_clock.o(i.nrf_drv_clock_lfclk_release)
    i.nrf_gpio_cfg                           0x00027ff0   Section        0  nrfx_gpiote.o(i.nrf_gpio_cfg)
    nrf_gpio_cfg                             0x00027ff1   Thumb Code    36  nrfx_gpiote.o(i.nrf_gpio_cfg)
    i.nrf_gpio_cfg_sense_set                 0x00028014   Section        0  nrfx_gpiote.o(i.nrf_gpio_cfg_sense_set)
    nrf_gpio_cfg_sense_set                   0x00028015   Thumb Code    34  nrfx_gpiote.o(i.nrf_gpio_cfg_sense_set)
    i.nrf_gpio_ports_read                    0x00028038   Section        0  nrfx_gpiote.o(i.nrf_gpio_ports_read)
    nrf_gpio_ports_read                      0x00028039   Thumb Code    34  nrfx_gpiote.o(i.nrf_gpio_ports_read)
    i.nrf_gpiote_event_clear                 0x00028060   Section        0  nrfx_gpiote.o(i.nrf_gpiote_event_clear)
    nrf_gpiote_event_clear                   0x00028061   Thumb Code    16  nrfx_gpiote.o(i.nrf_gpiote_event_clear)
    i.nrf_gpiote_event_is_set                0x00028074   Section        0  nrfx_gpiote.o(i.nrf_gpiote_event_is_set)
    nrf_gpiote_event_is_set                  0x00028075   Thumb Code    12  nrfx_gpiote.o(i.nrf_gpiote_event_is_set)
    i.nrf_pwr_mgmt_init                      0x00028084   Section        0  nrf_pwr_mgmt.o(i.nrf_pwr_mgmt_init)
    i.nrf_pwr_mgmt_run                       0x000280ac   Section        0  nrf_pwr_mgmt.o(i.nrf_pwr_mgmt_run)
    i.nrf_rtc_event_clear                    0x000280f0   Section        0  drv_rtc.o(i.nrf_rtc_event_clear)
    nrf_rtc_event_clear                      0x000280f1   Thumb Code    12  drv_rtc.o(i.nrf_rtc_event_clear)
    i.nrf_saadc_buffer_init                  0x000280fc   Section        0  nrfx_saadc.o(i.nrf_saadc_buffer_init)
    nrf_saadc_buffer_init                    0x000280fd   Thumb Code    10  nrfx_saadc.o(i.nrf_saadc_buffer_init)
    i.nrf_saadc_channel_input_set            0x0002810c   Section        0  nrfx_saadc.o(i.nrf_saadc_channel_input_set)
    nrf_saadc_channel_input_set              0x0002810d   Thumb Code    16  nrfx_saadc.o(i.nrf_saadc_channel_input_set)
    i.nrf_saadc_event_check                  0x00028120   Section        0  nrfx_saadc.o(i.nrf_saadc_event_check)
    nrf_saadc_event_check                    0x00028121   Thumb Code    12  nrfx_saadc.o(i.nrf_saadc_event_check)
    i.nrf_saadc_event_clear                  0x00028130   Section        0  nrfx_saadc.o(i.nrf_saadc_event_clear)
    nrf_saadc_event_clear                    0x00028131   Thumb Code    16  nrfx_saadc.o(i.nrf_saadc_event_clear)
    i.nrf_saadc_limit_int_get                0x00028144   Section        0  nrfx_saadc.o(i.nrf_saadc_limit_int_get)
    nrf_saadc_limit_int_get                  0x00028145   Thumb Code    16  nrfx_saadc.o(i.nrf_saadc_limit_int_get)
    i.nrf_sdh_ble_app_ram_start_get          0x00028154   Section        0  nrf_sdh_ble.o(i.nrf_sdh_ble_app_ram_start_get)
    i.nrf_sdh_ble_default_cfg_set            0x00028168   Section        0  nrf_sdh_ble.o(i.nrf_sdh_ble_default_cfg_set)
    i.nrf_sdh_ble_enable                     0x000281f0   Section        0  nrf_sdh_ble.o(i.nrf_sdh_ble_enable)
    i.nrf_sdh_ble_evts_poll                  0x00028204   Section        0  nrf_sdh_ble.o(i.nrf_sdh_ble_evts_poll)
    nrf_sdh_ble_evts_poll                    0x00028205   Thumb Code    82  nrf_sdh_ble.o(i.nrf_sdh_ble_evts_poll)
    i.nrf_sdh_enable_request                 0x00028260   Section        0  nrf_sdh.o(i.nrf_sdh_enable_request)
    i.nrf_sdh_evts_poll                      0x000282d4   Section        0  nrf_sdh.o(i.nrf_sdh_evts_poll)
    i.nrf_sdh_is_enabled                     0x000282f8   Section        0  nrf_sdh.o(i.nrf_sdh_is_enabled)
    i.nrf_sdh_soc_evts_poll                  0x00028304   Section        0  nrf_sdh_soc.o(i.nrf_sdh_soc_evts_poll)
    nrf_sdh_soc_evts_poll                    0x00028305   Thumb Code    56  nrf_sdh_soc.o(i.nrf_sdh_soc_evts_poll)
    i.nrf_section_iter_init                  0x00028340   Section        0  nrf_section_iter.o(i.nrf_section_iter_init)
    i.nrf_section_iter_item_set              0x0002834a   Section        0  nrf_section_iter.o(i.nrf_section_iter_item_set)
    nrf_section_iter_item_set                0x0002834b   Thumb Code    36  nrf_section_iter.o(i.nrf_section_iter_item_set)
    i.nrf_section_iter_next                  0x0002836e   Section        0  nrf_section_iter.o(i.nrf_section_iter_next)
    i.nrf_sortlist_add                       0x0002838e   Section        0  nrf_sortlist.o(i.nrf_sortlist_add)
    i.nrf_sortlist_peek                      0x000283b0   Section        0  nrf_sortlist.o(i.nrf_sortlist_peek)
    i.nrf_sortlist_pop                       0x000283b6   Section        0  nrf_sortlist.o(i.nrf_sortlist_pop)
    i.nrf_sortlist_remove                    0x000283c4   Section        0  nrf_sortlist.o(i.nrf_sortlist_remove)
    i.nrfx_clock_enable                      0x000283e4   Section        0  nrfx_clock.o(i.nrfx_clock_enable)
    i.nrfx_clock_init                        0x00028410   Section        0  nrfx_clock.o(i.nrfx_clock_init)
    i.nrfx_clock_lfclk_stop                  0x00028430   Section        0  nrfx_clock.o(i.nrfx_clock_lfclk_stop)
    i.nrfx_coredep_delay_us                  0x0002844c   Section        0  nrfx_saadc.o(i.nrfx_coredep_delay_us)
    nrfx_coredep_delay_us                    0x0002844d   Thumb Code    12  nrfx_saadc.o(i.nrfx_coredep_delay_us)
    i.nrfx_coredep_delay_us                  0x0002845c   Section        0  drv_rtc.o(i.nrfx_coredep_delay_us)
    nrfx_coredep_delay_us                    0x0002845d   Thumb Code    12  drv_rtc.o(i.nrfx_coredep_delay_us)
    i.nrfx_gpiote_in_event_enable            0x0002846c   Section        0  nrfx_gpiote.o(i.nrfx_gpiote_in_event_enable)
    i.nrfx_gpiote_in_init                    0x00028510   Section        0  nrfx_gpiote.o(i.nrfx_gpiote_in_init)
    i.nrfx_gpiote_init                       0x000285e0   Section        0  nrfx_gpiote.o(i.nrfx_gpiote_init)
    i.nrfx_saadc_buffer_convert              0x0002864c   Section        0  nrfx_saadc.o(i.nrfx_saadc_buffer_convert)
    i.nrfx_saadc_channel_init                0x000286f0   Section        0  nrfx_saadc.o(i.nrfx_saadc_channel_init)
    i.nrfx_saadc_channel_uninit              0x0002879c   Section        0  nrfx_saadc.o(i.nrfx_saadc_channel_uninit)
    i.nrfx_saadc_init                        0x000287e0   Section        0  nrfx_saadc.o(i.nrfx_saadc_init)
    i.nrfx_saadc_limits_set                  0x00028874   Section        0  nrfx_saadc.o(i.nrfx_saadc_limits_set)
    i.nrfx_saadc_sample                      0x000288f4   Section        0  nrfx_saadc.o(i.nrfx_saadc_sample)
    i.nrfx_saadc_uninit                      0x00028920   Section        0  nrfx_saadc.o(i.nrfx_saadc_uninit)
    i.on_conn_params_evt                     0x0002898c   Section        0  main.o(i.on_conn_params_evt)
    on_conn_params_evt                       0x0002898d   Thumb Code    24  main.o(i.on_conn_params_evt)
    i.out1_interrupt_init                    0x000289a8   Section        0  main.o(i.out1_interrupt_init)
    i.out2_interrupt_init                    0x000289dc   Section        0  main.o(i.out2_interrupt_init)
    i.pin_in_use_by_port                     0x00028a10   Section        0  nrfx_gpiote.o(i.pin_in_use_by_port)
    pin_in_use_by_port                       0x00028a11   Thumb Code    20  nrfx_gpiote.o(i.pin_in_use_by_port)
    i.pin_in_use_by_te                       0x00028a28   Section        0  nrfx_gpiote.o(i.pin_in_use_by_te)
    pin_in_use_by_te                         0x00028a29   Thumb Code    20  nrfx_gpiote.o(i.pin_in_use_by_te)
    i.rtc_irq                                0x00028a40   Section        0  app_timer2.o(i.rtc_irq)
    rtc_irq                                  0x00028a41   Thumb Code    88  app_timer2.o(i.rtc_irq)
    i.rtc_schedule                           0x00028a9c   Section        0  app_timer2.o(i.rtc_schedule)
    rtc_schedule                             0x00028a9d   Thumb Code    92  app_timer2.o(i.rtc_schedule)
    i.rtc_update                             0x00028b00   Section        0  app_timer2.o(i.rtc_update)
    rtc_update                               0x00028b01   Thumb Code   108  app_timer2.o(i.rtc_update)
    i.saadc_callback                         0x00028b74   Section        0  main.o(i.saadc_callback)
    i.saadc_init                             0x00028bcc   Section        0  main.o(i.saadc_init)
    i.sd_state_evt_handler                   0x00028c1c   Section        0  nrf_drv_clock.o(i.sd_state_evt_handler)
    sd_state_evt_handler                     0x00028c1d   Thumb Code    76  nrf_drv_clock.o(i.sd_state_evt_handler)
    i.sdh_request_observer_notify            0x00028c6c   Section        0  nrf_sdh.o(i.sdh_request_observer_notify)
    sdh_request_observer_notify              0x00028c6d   Thumb Code    44  nrf_sdh.o(i.sdh_request_observer_notify)
    i.sdh_state_observer_notify              0x00028c9c   Section        0  nrf_sdh.o(i.sdh_state_observer_notify)
    sdh_state_observer_notify                0x00028c9d   Thumb Code    38  nrf_sdh.o(i.sdh_state_observer_notify)
    i.send_error_evt                         0x00028cc8   Section        0  ble_conn_params.o(i.send_error_evt)
    send_error_evt                           0x00028cc9   Thumb Code    12  ble_conn_params.o(i.send_error_evt)
    i.service_data_encode                    0x00028cd8   Section        0  ble_advdata.o(i.service_data_encode)
    service_data_encode                      0x00028cd9   Thumb Code   136  ble_advdata.o(i.service_data_encode)
    i.set_security_req                       0x00028d60   Section        0  ble_srv_common.o(i.set_security_req)
    set_security_req                         0x00028d61   Thumb Code    48  ble_srv_common.o(i.set_security_req)
    i.soc_evt_handler                        0x00028d90   Section        0  nrf_drv_clock.o(i.soc_evt_handler)
    soc_evt_handler                          0x00028d91   Thumb Code    18  nrf_drv_clock.o(i.soc_evt_handler)
    i.softdevices_evt_irq_enable             0x00028da8   Section        0  nrf_sdh.o(i.softdevices_evt_irq_enable)
    softdevices_evt_irq_enable               0x00028da9   Thumb Code    80  nrf_sdh.o(i.softdevices_evt_irq_enable)
    i.sortlist_pop                           0x00028e00   Section        0  app_timer2.o(i.sortlist_pop)
    sortlist_pop                             0x00028e01   Thumb Code     6  app_timer2.o(i.sortlist_pop)
    i.systick_handle                         0x00028e0c   Section        0  main.o(i.systick_handle)
    i.task_adc                               0x00028e1c   Section        0  main.o(i.task_adc)
    i.task_chuyendong                        0x00028e48   Section        0  main.o(i.task_chuyendong)
    i.timer_expire                           0x00028e8c   Section        0  app_timer2.o(i.timer_expire)
    timer_expire                             0x00028e8d   Thumb Code    80  app_timer2.o(i.timer_expire)
    i.timer_req_process                      0x00028ee4   Section        0  app_timer2.o(i.timer_req_process)
    timer_req_process                        0x00028ee5   Thumb Code   110  app_timer2.o(i.timer_req_process)
    i.timer_req_schedule                     0x00028f5c   Section        0  app_timer2.o(i.timer_req_schedule)
    timer_req_schedule                       0x00028f5d   Thumb Code    46  app_timer2.o(i.timer_req_schedule)
    i.uint16_encode                          0x00028f94   Section        0  ble_advdata.o(i.uint16_encode)
    uint16_encode                            0x00028f95   Thumb Code    10  ble_advdata.o(i.uint16_encode)
    i.update_timeout_handler                 0x00028fa0   Section        0  ble_conn_params.o(i.update_timeout_handler)
    update_timeout_handler                   0x00028fa1   Thumb Code    98  ble_conn_params.o(i.update_timeout_handler)
    i.uuid_list_encode                       0x00029008   Section        0  ble_advdata.o(i.uuid_list_encode)
    uuid_list_encode                         0x00029009   Thumb Code    48  ble_advdata.o(i.uuid_list_encode)
    i.uuid_list_sized_encode                 0x00029038   Section        0  ble_advdata.o(i.uuid_list_sized_encode)
    uuid_list_sized_encode                   0x00029039   Thumb Code   158  ble_advdata.o(i.uuid_list_sized_encode)
    .constdata                               0x000290d8   Section       25  main.o(.constdata)
    m_adc_id                                 0x000290d8   Data           4  main.o(.constdata)
    timer_systick_id                         0x000290dc   Data           4  main.o(.constdata)
    default_config                           0x000290e0   Data           4  main.o(.constdata)
    .constdata                               0x000290f4   Section       22  nrf_ble_gatt.o(.constdata)
    .constdata                               0x0002910c   Section       16  cambien_service.o(.constdata)
    .constdata                               0x0002911c   Section        4  nrfx_gpiote.o(.constdata)
    .constdata                               0x00029120   Section        6  nrfx_saadc.o(.constdata)
    delay_machine_code                       0x00029120   Data           6  nrfx_saadc.o(.constdata)
    .constdata                               0x00029128   Section       20  app_timer2.o(.constdata)
    m_req_fifo                               0x00029128   Data           4  app_timer2.o(.constdata)
    m_app_timer_sortlist                     0x00029130   Data          12  app_timer2.o(.constdata)
    .constdata                               0x00029140   Section        6  drv_rtc.o(.constdata)
    delay_machine_code                       0x00029140   Data           6  drv_rtc.o(.constdata)
    .constdata                               0x00029148   Section       24  nrf_pwr_mgmt.o(.constdata)
    pwr_mgmt_data_array                      0x00029148   Data          24  nrf_pwr_mgmt.o(.constdata)
    .constdata                               0x00029160   Section       12  nrf_pwr_mgmt.o(.constdata)
    pwr_mgmt_data                            0x00029160   Data          12  nrf_pwr_mgmt.o(.constdata)
    .constdata                               0x0002916c   Section       16  nrf_sdh.o(.constdata)
    sdh_req_observers_array                  0x0002916c   Data          16  nrf_sdh.o(.constdata)
    .constdata                               0x0002917c   Section       40  nrf_sdh.o(.constdata)
    sdh_req_observers                        0x00029180   Data          12  nrf_sdh.o(.constdata)
    sdh_state_observers                      0x0002918c   Data          12  nrf_sdh.o(.constdata)
    sdh_stack_observers                      0x00029198   Data          12  nrf_sdh.o(.constdata)
    .constdata                               0x000291a4   Section       16  nrf_sdh.o(.constdata)
    sdh_state_observers_array                0x000291a4   Data          16  nrf_sdh.o(.constdata)
    .constdata                               0x000291b4   Section       16  nrf_sdh.o(.constdata)
    sdh_stack_observers_array                0x000291b4   Data          16  nrf_sdh.o(.constdata)
    .constdata                               0x000291c4   Section       32  nrf_sdh_ble.o(.constdata)
    sdh_ble_observers_array                  0x000291c4   Data          32  nrf_sdh_ble.o(.constdata)
    .constdata                               0x000291e4   Section       16  nrf_sdh_ble.o(.constdata)
    sdh_ble_observers                        0x000291e8   Data          12  nrf_sdh_ble.o(.constdata)
    .constdata                               0x000291f4   Section       16  nrf_sdh_soc.o(.constdata)
    sdh_soc_observers_array                  0x000291f4   Data          16  nrf_sdh_soc.o(.constdata)
    .constdata                               0x00029204   Section       12  nrf_sdh_soc.o(.constdata)
    sdh_soc_observers                        0x00029204   Data          12  nrf_sdh_soc.o(.constdata)
    sdh_ble_observers0                       0x00029230   Section        8  ble_conn_state.o(sdh_ble_observers0)
    __tagsym$$used                           0x00029230   Number         0  ble_conn_state.o(sdh_ble_observers0)
    m_ble_evt_observer                       0x00029230   Data           8  ble_conn_state.o(sdh_ble_observers0)
    sdh_ble_observers1                       0x00029238   Section        8  main.o(sdh_ble_observers1)
    __tagsym$$used                           0x00029238   Number         0  main.o(sdh_ble_observers1)
    m_gatt_obs                               0x00029238   Data           8  main.o(sdh_ble_observers1)
    sdh_ble_observers1                       0x00029240   Section        8  ble_conn_params.o(sdh_ble_observers1)
    __tagsym$$used                           0x00029240   Number         0  ble_conn_params.o(sdh_ble_observers1)
    m_ble_observer                           0x00029240   Data           8  ble_conn_params.o(sdh_ble_observers1)
    sdh_ble_observers2                       0x00029248   Section        8  main.o(sdh_ble_observers2)
    __tagsym$$used                           0x00029248   Number         0  main.o(sdh_ble_observers2)
    m_cb_obs                                 0x00029248   Data           8  main.o(sdh_ble_observers2)
    sdh_ble_observers3                       0x00029250   Section        8  main.o(sdh_ble_observers3)
    __tagsym$$used                           0x00029250   Number         0  main.o(sdh_ble_observers3)
    m_ble_observer                           0x00029250   Data           8  main.o(sdh_ble_observers3)
    sdh_soc_observers0                       0x00029258   Section        8  nrf_drv_clock.o(sdh_soc_observers0)
    __tagsym$$used                           0x00029258   Number         0  nrf_drv_clock.o(sdh_soc_observers0)
    m_soc_evt_observer                       0x00029258   Data           8  nrf_drv_clock.o(sdh_soc_observers0)
    sdh_stack_observers0                     0x00029260   Section        8  nrf_sdh_ble.o(sdh_stack_observers0)
    __tagsym$$used                           0x00029260   Number         0  nrf_sdh_ble.o(sdh_stack_observers0)
    m_nrf_sdh_ble_evts_poll                  0x00029260   Data           8  nrf_sdh_ble.o(sdh_stack_observers0)
    sdh_stack_observers0                     0x00029268   Section        8  nrf_sdh_soc.o(sdh_stack_observers0)
    __tagsym$$used                           0x00029268   Number         0  nrf_sdh_soc.o(sdh_stack_observers0)
    m_nrf_sdh_soc_evts_poll                  0x00029268   Data           8  nrf_sdh_soc.o(sdh_stack_observers0)
    sdh_state_observers0                     0x00029270   Section        8  nrf_drv_clock.o(sdh_state_observers0)
    __tagsym$$used                           0x00029270   Number         0  nrf_drv_clock.o(sdh_state_observers0)
    m_sd_state_observer                      0x00029270   Data           8  nrf_drv_clock.o(sdh_state_observers0)
    .data                                    0x200022f0   Section        4  system_nrf52.o(.data)
    __tagsym$$used                           0x200022f0   Number         0  system_nrf52.o(.data)
    .data                                    0x200022f4   Section       40  main.o(.data)
    m_adv_handle                             0x200022f4   Data           1  main.o(.data)
    m_saadc_initialized                      0x200022f6   Data           1  main.o(.data)
    pin_8bit_value                           0x200022fb   Data           1  main.o(.data)
    m_conn_handle                            0x200022fe   Data           2  main.o(.data)
    m_buffer                                 0x20002300   Data           2  main.o(.data)
    m_adv_data                               0x2000230c   Data          16  main.o(.data)
    .data                                    0x2000231c   Section        8  ble_conn_params.o(.data)
    m_preferred_conn_params                  0x2000231c   Data           8  ble_conn_params.o(.data)
    .data                                    0x20002324   Section        8  nrfx_clock.o(.data)
    m_clock_cb                               0x20002324   Data           8  nrfx_clock.o(.data)
    .data                                    0x2000232c   Section        8  nrfx_prs.o(.data)
    m_prs_box_4                              0x2000232c   Data           8  nrfx_prs.o(.data)
    .data                                    0x20002338   Section       32  app_timer2.o(.data)
    m_global_active                          0x20002338   Data           1  app_timer2.o(.data)
    mp_active_timer                          0x2000233c   Data           4  app_timer2.o(.data)
    m_rtc_inst                               0x20002340   Data           8  app_timer2.o(.data)
    m_base_counter                           0x20002348   Data           8  app_timer2.o(.data)
    m_stamp64                                0x20002350   Data           8  app_timer2.o(.data)
    .data                                    0x20002358   Section        4  app_timer2.o(.data)
    m_app_timer_sortlist_sortlist_cb         0x20002358   Data           4  app_timer2.o(.data)
    .data                                    0x2000235c   Section       12  drv_rtc.o(.data)
    m_handlers                               0x2000235c   Data           4  drv_rtc.o(.data)
    m_cb                                     0x20002360   Data           8  drv_rtc.o(.data)
    .data                                    0x20002368   Section        8  nrf_pwr_mgmt.o(.data)
    m_pwr_mgmt_evt                           0x20002368   Data           1  nrf_pwr_mgmt.o(.data)
    m_shutdown_started                       0x20002369   Data           1  nrf_pwr_mgmt.o(.data)
    m_sysoff_mtx                             0x2000236c   Data           4  nrf_pwr_mgmt.o(.data)
    .data                                    0x20002370   Section        3  nrf_sdh.o(.data)
    m_nrf_sdh_enabled                        0x20002370   Data           1  nrf_sdh.o(.data)
    m_nrf_sdh_suspended                      0x20002371   Data           1  nrf_sdh.o(.data)
    m_nrf_sdh_continue                       0x20002372   Data           1  nrf_sdh.o(.data)
    .data                                    0x20002373   Section        1  nrf_sdh_ble.o(.data)
    m_stack_is_enabled                       0x20002373   Data           1  nrf_sdh_ble.o(.data)
    .bss                                     0x20002378   Section       32  main.o(.bss)
    m_adc_id_data                            0x20002378   Data          32  main.o(.bss)
    .bss                                     0x20002398   Section       32  main.o(.bss)
    timer_systick_id_data                    0x20002398   Data          32  main.o(.bss)
    .bss                                     0x200023b8   Section       48  main.o(.bss)
    m_gatt                                   0x200023b8   Data          20  main.o(.bss)
    m_cb                                     0x200023cc   Data          28  main.o(.bss)
    .bss                                     0x200023e8   Section       31  main.o(.bss)
    m_enc_advdata                            0x200023e8   Data          31  main.o(.bss)
    .bss                                     0x20002407   Section       31  main.o(.bss)
    m_enc_scan_response_data                 0x20002407   Data          31  main.o(.bss)
    .bss                                     0x20002428   Section       80  ble_conn_params.o(.bss)
    m_timer_data                             0x20002428   Data          32  ble_conn_params.o(.bss)
    m_conn_params_instances                  0x20002448   Data          20  ble_conn_params.o(.bss)
    m_conn_params_config                     0x2000245c   Data          28  ble_conn_params.o(.bss)
    .bss                                     0x20002478   Section      124  ble_conn_state.o(.bss)
    m_bcs                                    0x20002478   Data         124  ble_conn_state.o(.bss)
    .bss                                     0x200024f4   Section       20  nrf_drv_clock.o(.bss)
    m_clock_cb                               0x200024f4   Data          20  nrf_drv_clock.o(.bss)
    .bss                                     0x20002508   Section       92  nrfx_gpiote.o(.bss)
    m_cb                                     0x20002508   Data          92  nrfx_gpiote.o(.bss)
    .bss                                     0x20002564   Section       48  nrfx_saadc.o(.bss)
    m_cb                                     0x20002564   Data          48  nrfx_saadc.o(.bss)
    .bss                                     0x20002594   Section       16  app_timer2.o(.bss)
    m_req_fifo_inst                          0x20002594   Data          16  app_timer2.o(.bss)
    .bss                                     0x200025a4   Section       88  app_timer2.o(.bss)
    m_req_fifo_data                          0x200025a4   Data          88  app_timer2.o(.bss)
    .bss                                     0x200025fc   Section       12  app_util_platform.o(.bss)
    .bss                                     0x20002608   Section       12  nrf_pwr_mgmt.o(.bss)
    m_handlers_iter                          0x20002608   Data          12  nrf_pwr_mgmt.o(.bss)
    STACK                                    0x20002618   Section     8192  arm_startup_nrf52.o(STACK)

    Global Symbols

    Symbol Name                              Value     Ov Type        Size  Object(Section)

    BuildAttributes$$THM_ISAv4$E$P$D$K$B$S$7EM$VFPi3$EXTD16$VFPS$VFMA$PE$A:L22UL41UL21$X:L11$S22US41US21$IEEE1$IW$USESV6$~STKCKD$USESV7$~SHL$OSPACE$EBA8$MICROLIB$REQ8$EABIv2 0x00000000   Number         0  anon$$obj.o ABSOLUTE
    __ARM_use_no_argv                        0x00000000   Number         0  main.o ABSOLUTE
    __cpp_initialize__aeabi_                  - Undefined Weak Reference
    __cxa_finalize                            - Undefined Weak Reference
    __decompress                              - Undefined Weak Reference
    _clock_init                               - Undefined Weak Reference
    _microlib_exit                            - Undefined Weak Reference
    pwr_mgmt_data0$$Base                      - Undefined Reference
    pwr_mgmt_data0$$Limit                     - Undefined Reference
    pwr_mgmt_data1$$Base                      - Undefined Reference
    pwr_mgmt_data1$$Limit                     - Undefined Reference
    pwr_mgmt_data2$$Base                      - Undefined Reference
    pwr_mgmt_data2$$Limit                     - Undefined Reference
    sdh_req_observers0$$Base                  - Undefined Reference
    sdh_req_observers0$$Limit                 - Undefined Reference
    sdh_req_observers1$$Base                  - Undefined Reference
    sdh_req_observers1$$Limit                 - Undefined Reference
    sdh_soc_observers1$$Base                  - Undefined Reference
    sdh_soc_observers1$$Limit                 - Undefined Reference
    sdh_stack_observers1$$Base                - Undefined Reference
    sdh_stack_observers1$$Limit               - Undefined Reference
    sdh_state_observers1$$Base                - Undefined Reference
    sdh_state_observers1$$Limit               - Undefined Reference
    __Vectors_Size                           0x00000200   Number         0  arm_startup_nrf52.o ABSOLUTE
    __Vectors                                0x00026000   Data           4  arm_startup_nrf52.o(RESET)
    __Vectors_End                            0x00026200   Data           0  arm_startup_nrf52.o(RESET)
    __main                                   0x00026201   Thumb Code     0  entry.o(.ARM.Collect$$$$00000000)
    _main_stk                                0x00026201   Thumb Code     0  entry2.o(.ARM.Collect$$$$00000001)
    _main_scatterload                        0x00026205   Thumb Code     0  entry5.o(.ARM.Collect$$$$00000004)
    __main_after_scatterload                 0x00026209   Thumb Code     0  entry5.o(.ARM.Collect$$$$00000004)
    _main_clock                              0x00026209   Thumb Code     0  entry7b.o(.ARM.Collect$$$$00000008)
    _main_cpp_init                           0x00026209   Thumb Code     0  entry8b.o(.ARM.Collect$$$$0000000A)
    _main_init                               0x00026209   Thumb Code     0  entry9a.o(.ARM.Collect$$$$0000000B)
    __rt_final_cpp                           0x00026211   Thumb Code     0  entry10a.o(.ARM.Collect$$$$0000000D)
    __rt_final_exit                          0x00026211   Thumb Code     0  entry11a.o(.ARM.Collect$$$$0000000F)
    __asm___12_nrf_atfifo_c_51f461e1__nrf_atfifo_wspace_req 0x00026215   Thumb Code    56  nrf_atfifo.o(.emb_text)
    __asm___12_nrf_atfifo_c_51f461e1__nrf_atfifo_wspace_close 0x0002624d   Thumb Code    18  nrf_atfifo.o(.emb_text)
    __asm___12_nrf_atfifo_c_51f461e1__nrf_atfifo_rspace_req 0x0002625f   Thumb Code    58  nrf_atfifo.o(.emb_text)
    __asm___12_nrf_atfifo_c_51f461e1__nrf_atfifo_rspace_close 0x00026299   Thumb Code    18  nrf_atfifo.o(.emb_text)
    __asm___12_nrf_atfifo_c_51f461e1__nrf_atfifo_space_clear 0x000262ab   Thumb Code    50  nrf_atfifo.o(.emb_text)
    __asm___12_nrf_atomic_c_85ca2469__nrf_atomic_internal_mov 0x000262dd   Thumb Code    24  nrf_atomic.o(.emb_text)
    __asm___12_nrf_atomic_c_85ca2469__nrf_atomic_internal_orr 0x000262f5   Thumb Code    26  nrf_atomic.o(.emb_text)
    __asm___12_nrf_atomic_c_85ca2469__nrf_atomic_internal_and 0x0002630f   Thumb Code    26  nrf_atomic.o(.emb_text)
    __asm___12_nrf_atomic_c_85ca2469__nrf_atomic_internal_eor 0x00026329   Thumb Code    26  nrf_atomic.o(.emb_text)
    __asm___12_nrf_atomic_c_85ca2469__nrf_atomic_internal_add 0x00026343   Thumb Code    26  nrf_atomic.o(.emb_text)
    __asm___12_nrf_atomic_c_85ca2469__nrf_atomic_internal_sub 0x0002635d   Thumb Code    26  nrf_atomic.o(.emb_text)
    __asm___12_nrf_atomic_c_85ca2469__nrf_atomic_internal_cmp_exch 0x00026377   Thumb Code    42  nrf_atomic.o(.emb_text)
    __asm___12_nrf_atomic_c_85ca2469__nrf_atomic_internal_sub_hs 0x000263a1   Thumb Code    30  nrf_atomic.o(.emb_text)
    Reset_Handler                            0x000263c1   Thumb Code     8  arm_startup_nrf52.o(.text)
    NMI_Handler                              0x000263c9   Thumb Code     2  arm_startup_nrf52.o(.text)
    HardFault_Handler                        0x000263cb   Thumb Code     2  arm_startup_nrf52.o(.text)
    MemoryManagement_Handler                 0x000263cd   Thumb Code     2  arm_startup_nrf52.o(.text)
    BusFault_Handler                         0x000263cf   Thumb Code     2  arm_startup_nrf52.o(.text)
    UsageFault_Handler                       0x000263d1   Thumb Code     2  arm_startup_nrf52.o(.text)
    SVC_Handler                              0x000263d3   Thumb Code     2  arm_startup_nrf52.o(.text)
    DebugMon_Handler                         0x000263d5   Thumb Code     2  arm_startup_nrf52.o(.text)
    PendSV_Handler                           0x000263d7   Thumb Code     2  arm_startup_nrf52.o(.text)
    SysTick_Handler                          0x000263d9   Thumb Code     2  arm_startup_nrf52.o(.text)
    CCM_AAR_IRQHandler                       0x000263db   Thumb Code     0  arm_startup_nrf52.o(.text)
    COMP_LPCOMP_IRQHandler                   0x000263db   Thumb Code     0  arm_startup_nrf52.o(.text)
    ECB_IRQHandler                           0x000263db   Thumb Code     0  arm_startup_nrf52.o(.text)
    FPU_IRQHandler                           0x000263db   Thumb Code     0  arm_startup_nrf52.o(.text)
    I2S_IRQHandler                           0x000263db   Thumb Code     0  arm_startup_nrf52.o(.text)
    MWU_IRQHandler                           0x000263db   Thumb Code     0  arm_startup_nrf52.o(.text)
    NFCT_IRQHandler                          0x000263db   Thumb Code     0  arm_startup_nrf52.o(.text)
    PDM_IRQHandler                           0x000263db   Thumb Code     0  arm_startup_nrf52.o(.text)
    PWM0_IRQHandler                          0x000263db   Thumb Code     0  arm_startup_nrf52.o(.text)
    PWM1_IRQHandler                          0x000263db   Thumb Code     0  arm_startup_nrf52.o(.text)
    PWM2_IRQHandler                          0x000263db   Thumb Code     0  arm_startup_nrf52.o(.text)
    QDEC_IRQHandler                          0x000263db   Thumb Code     0  arm_startup_nrf52.o(.text)
    RADIO_IRQHandler                         0x000263db   Thumb Code     0  arm_startup_nrf52.o(.text)
    RNG_IRQHandler                           0x000263db   Thumb Code     0  arm_startup_nrf52.o(.text)
    RTC0_IRQHandler                          0x000263db   Thumb Code     0  arm_startup_nrf52.o(.text)
    RTC2_IRQHandler                          0x000263db   Thumb Code     0  arm_startup_nrf52.o(.text)
    SPIM0_SPIS0_TWIM0_TWIS0_SPI0_TWI0_IRQHandler 0x000263db   Thumb Code     0  arm_startup_nrf52.o(.text)
    SPIM1_SPIS1_TWIM1_TWIS1_SPI1_TWI1_IRQHandler 0x000263db   Thumb Code     0  arm_startup_nrf52.o(.text)
    SPIM2_SPIS2_SPI2_IRQHandler              0x000263db   Thumb Code     0  arm_startup_nrf52.o(.text)
    SWI0_EGU0_IRQHandler                     0x000263db   Thumb Code     0  arm_startup_nrf52.o(.text)
    SWI1_EGU1_IRQHandler                     0x000263db   Thumb Code     0  arm_startup_nrf52.o(.text)
    SWI3_EGU3_IRQHandler                     0x000263db   Thumb Code     0  arm_startup_nrf52.o(.text)
    SWI4_EGU4_IRQHandler                     0x000263db   Thumb Code     0  arm_startup_nrf52.o(.text)
    SWI5_EGU5_IRQHandler                     0x000263db   Thumb Code     0  arm_startup_nrf52.o(.text)
    TEMP_IRQHandler                          0x000263db   Thumb Code     0  arm_startup_nrf52.o(.text)
    TIMER0_IRQHandler                        0x000263db   Thumb Code     0  arm_startup_nrf52.o(.text)
    TIMER1_IRQHandler                        0x000263db   Thumb Code     0  arm_startup_nrf52.o(.text)
    TIMER2_IRQHandler                        0x000263db   Thumb Code     0  arm_startup_nrf52.o(.text)
    TIMER3_IRQHandler                        0x000263db   Thumb Code     0  arm_startup_nrf52.o(.text)
    TIMER4_IRQHandler                        0x000263db   Thumb Code     0  arm_startup_nrf52.o(.text)
    WDT_IRQHandler                           0x000263db   Thumb Code     0  arm_startup_nrf52.o(.text)
    __aeabi_memcpy                           0x000263e5   Thumb Code    36  memcpya.o(.text)
    __aeabi_memcpy4                          0x000263e5   Thumb Code     0  memcpya.o(.text)
    __aeabi_memcpy8                          0x000263e5   Thumb Code     0  memcpya.o(.text)
    __aeabi_memset                           0x00026409   Thumb Code    14  memseta.o(.text)
    __aeabi_memset4                          0x00026409   Thumb Code     0  memseta.o(.text)
    __aeabi_memset8                          0x00026409   Thumb Code     0  memseta.o(.text)
    __aeabi_memclr                           0x00026417   Thumb Code     4  memseta.o(.text)
    __aeabi_memclr4                          0x00026417   Thumb Code     0  memseta.o(.text)
    __aeabi_memclr8                          0x00026417   Thumb Code     0  memseta.o(.text)
    _memset$wrapper                          0x0002641b   Thumb Code    18  memseta.o(.text)
    __scatterload                            0x0002642d   Thumb Code    28  init.o(.text)
    __scatterload_rt2                        0x0002642d   Thumb Code     0  init.o(.text)
    GPIOTE_IRQHandler                        0x00026451   Thumb Code   346  nrfx_gpiote.o(i.GPIOTE_IRQHandler)
    POWER_CLOCK_IRQHandler                   0x000265b5   Thumb Code    82  nrfx_clock.o(i.POWER_CLOCK_IRQHandler)
    RTC1_IRQHandler                          0x0002660d   Thumb Code    12  drv_rtc.o(i.RTC1_IRQHandler)
    SAADC_IRQHandler                         0x0002661d   Thumb Code   320  nrfx_saadc.o(i.SAADC_IRQHandler)
    SWI2_EGU2_IRQHandler                     0x00026765   Thumb Code     4  nrf_sdh.o(i.SWI2_EGU2_IRQHandler)
    SystemInit                               0x00026769   Thumb Code   726  system_nrf52.o(i.SystemInit)
    UARTE0_UART0_IRQHandler                  0x00026a85   Thumb Code     6  nrfx_prs.o(i.UARTE0_UART0_IRQHandler)
    __scatterload_copy                       0x00026a91   Thumb Code    14  handlers.o(i.__scatterload_copy)
    __scatterload_null                       0x00026a9f   Thumb Code     2  handlers.o(i.__scatterload_null)
    __scatterload_zeroinit                   0x00026aa1   Thumb Code    14  handlers.o(i.__scatterload_zeroinit)
    app_error_fault_handler                  0x00026ba9   Thumb Code    40  app_error_weak.o(i.app_error_fault_handler)
    app_error_handler_bare                   0x00026bd9   Thumb Code    22  app_error.o(i.app_error_handler_bare)
    app_timer_cnt_get                        0x00026bf1   Thumb Code     6  app_timer2.o(i.app_timer_cnt_get)
    app_timer_create                         0x00026bfd   Thumb Code    22  app_timer2.o(i.app_timer_create)
    app_timer_init                           0x00026c15   Thumb Code    70  app_timer2.o(i.app_timer_init)
    app_timer_start                          0x00026c71   Thumb Code    48  app_timer2.o(i.app_timer_start)
    app_timer_stop                           0x00026ca1   Thumb Code    12  app_timer2.o(i.app_timer_stop)
    app_util_critical_region_enter           0x00026cad   Thumb Code    64  app_util_platform.o(i.app_util_critical_region_enter)
    app_util_critical_region_exit            0x00026cf5   Thumb Code    46  app_util_platform.o(i.app_util_critical_region_exit)
    ble_advdata_encode                       0x00026d29   Thumb Code   386  ble_advdata.o(i.ble_advdata_encode)
    ble_cb_ADC_change                        0x00026eab   Thumb Code    46  cambien_service.o(i.ble_cb_ADC_change)
    ble_cb_chuyendong_change                 0x00026ed9   Thumb Code    46  cambien_service.o(i.ble_cb_chuyendong_change)
    ble_cb_init                              0x00026f09   Thumb Code   252  cambien_service.o(i.ble_cb_init)
    ble_cb_on_ble_evt                        0x00027009   Thumb Code     2  cambien_service.o(i.ble_cb_on_ble_evt)
    ble_conn_params_init                     0x0002700d   Thumb Code    90  ble_conn_params.o(i.ble_conn_params_init)
    ble_srv_is_notification_enabled          0x00027381   Thumb Code     8  ble_srv_common.o(i.ble_srv_is_notification_enabled)
    characteristic_add                       0x000273fd   Thumb Code   400  ble_srv_common.o(i.characteristic_add)
    check_error_ble                          0x0002758d   Thumb Code    30  cambien_service.o(i.check_error_ble)
    conn_handle_list_get                     0x00027609   Thumb Code    62  ble_conn_state.o(i.conn_handle_list_get)
    drv_rtc_compare_disable                  0x0002773b   Thumb Code    20  drv_rtc.o(i.drv_rtc_compare_disable)
    drv_rtc_compare_pending                  0x0002774f   Thumb Code    14  drv_rtc.o(i.drv_rtc_compare_pending)
    drv_rtc_compare_set                      0x0002775d   Thumb Code    80  drv_rtc.o(i.drv_rtc_compare_set)
    drv_rtc_counter_get                      0x000277ad   Thumb Code     8  drv_rtc.o(i.drv_rtc_counter_get)
    drv_rtc_init                             0x000277b5   Thumb Code   114  drv_rtc.o(i.drv_rtc_init)
    drv_rtc_irq_trigger                      0x0002782d   Thumb Code    26  drv_rtc.o(i.drv_rtc_irq_trigger)
    drv_rtc_overflow_enable                  0x00027847   Thumb Code     8  drv_rtc.o(i.drv_rtc_overflow_enable)
    drv_rtc_overflow_pending                 0x0002784f   Thumb Code     8  drv_rtc.o(i.drv_rtc_overflow_pending)
    drv_rtc_start                            0x00027857   Thumb Code     8  drv_rtc.o(i.drv_rtc_start)
    drv_rtc_stop                             0x0002785f   Thumb Code     8  drv_rtc.o(i.drv_rtc_stop)
    drv_rtc_windowed_compare_set             0x00027867   Thumb Code   222  drv_rtc.o(i.drv_rtc_windowed_compare_set)
    in_out1_handler                          0x000279a9   Thumb Code    24  main.o(i.in_out1_handler)
    in_out2_handler                          0x000279c5   Thumb Code    24  main.o(i.in_out2_handler)
    interrupt_init                           0x000279f5   Thumb Code    18  main.o(i.interrupt_init)
    main                                     0x00027a61   Thumb Code   322  main.o(i.main)
    nrf_atfifo_init                          0x00027cd7   Thumb Code    38  nrf_atfifo.o(i.nrf_atfifo_init)
    nrf_atfifo_item_alloc                    0x00027cfd   Thumb Code    22  nrf_atfifo.o(i.nrf_atfifo_item_alloc)
    nrf_atfifo_item_free                     0x00027d13   Thumb Code    22  nrf_atfifo.o(i.nrf_atfifo_item_free)
    nrf_atfifo_item_get                      0x00027d29   Thumb Code    22  nrf_atfifo.o(i.nrf_atfifo_item_get)
    nrf_atfifo_item_put                      0x00027d3f   Thumb Code    22  nrf_atfifo.o(i.nrf_atfifo_item_put)
    nrf_atflags_clear                        0x00027d55   Thumb Code    22  nrf_atflags.o(i.nrf_atflags_clear)
    nrf_atflags_get                          0x00027d6b   Thumb Code    22  nrf_atflags.o(i.nrf_atflags_get)
    nrf_atflags_set                          0x00027d81   Thumb Code    20  nrf_atflags.o(i.nrf_atflags_set)
    nrf_atomic_u32_and                       0x00027d95   Thumb Code    12  nrf_atomic.o(i.nrf_atomic_u32_and)
    nrf_atomic_u32_or                        0x00027da1   Thumb Code    12  nrf_atomic.o(i.nrf_atomic_u32_or)
    nrf_ble_gatt_init                        0x00027dd1   Thumb Code    34  nrf_ble_gatt.o(i.nrf_ble_gatt_init)
    nrf_ble_gatt_on_ble_evt                  0x00027df5   Thumb Code   366  nrf_ble_gatt.o(i.nrf_ble_gatt_on_ble_evt)
    nrf_drv_clock_init                       0x00027f89   Thumb Code    48  nrf_drv_clock.o(i.nrf_drv_clock_init)
    nrf_drv_clock_lfclk_release              0x00027fc1   Thumb Code    42  nrf_drv_clock.o(i.nrf_drv_clock_lfclk_release)
    nrf_pwr_mgmt_init                        0x00028085   Thumb Code    28  nrf_pwr_mgmt.o(i.nrf_pwr_mgmt_init)
    nrf_pwr_mgmt_run                         0x000280ad   Thumb Code    64  nrf_pwr_mgmt.o(i.nrf_pwr_mgmt_run)
    nrf_sdh_ble_app_ram_start_get            0x00028155   Thumb Code    16  nrf_sdh_ble.o(i.nrf_sdh_ble_app_ram_start_get)
    nrf_sdh_ble_default_cfg_set              0x00028169   Thumb Code   134  nrf_sdh_ble.o(i.nrf_sdh_ble_default_cfg_set)
    nrf_sdh_ble_enable                       0x000281f1   Thumb Code    14  nrf_sdh_ble.o(i.nrf_sdh_ble_enable)
    nrf_sdh_enable_request                   0x00028261   Thumb Code   102  nrf_sdh.o(i.nrf_sdh_enable_request)
    nrf_sdh_evts_poll                        0x000282d5   Thumb Code    32  nrf_sdh.o(i.nrf_sdh_evts_poll)
    nrf_sdh_is_enabled                       0x000282f9   Thumb Code     6  nrf_sdh.o(i.nrf_sdh_is_enabled)
    nrf_section_iter_init                    0x00028341   Thumb Code    10  nrf_section_iter.o(i.nrf_section_iter_init)
    nrf_section_iter_next                    0x0002836f   Thumb Code    32  nrf_section_iter.o(i.nrf_section_iter_next)
    nrf_sortlist_add                         0x0002838f   Thumb Code    34  nrf_sortlist.o(i.nrf_sortlist_add)
    nrf_sortlist_peek                        0x000283b1   Thumb Code     6  nrf_sortlist.o(i.nrf_sortlist_peek)
    nrf_sortlist_pop                         0x000283b7   Thumb Code    14  nrf_sortlist.o(i.nrf_sortlist_pop)
    nrf_sortlist_remove                      0x000283c5   Thumb Code    30  nrf_sortlist.o(i.nrf_sortlist_remove)
    nrfx_clock_enable                        0x000283e5   Thumb Code    34  nrfx_clock.o(i.nrfx_clock_enable)
    nrfx_clock_init                          0x00028411   Thumb Code    26  nrfx_clock.o(i.nrfx_clock_init)
    nrfx_clock_lfclk_stop                    0x00028431   Thumb Code    20  nrfx_clock.o(i.nrfx_clock_lfclk_stop)
    nrfx_gpiote_in_event_enable              0x0002846d   Thumb Code   156  nrfx_gpiote.o(i.nrfx_gpiote_in_event_enable)
    nrfx_gpiote_in_init                      0x00028511   Thumb Code   194  nrfx_gpiote.o(i.nrfx_gpiote_in_init)
    nrfx_gpiote_init                         0x000285e1   Thumb Code    94  nrfx_gpiote.o(i.nrfx_gpiote_init)
    nrfx_saadc_buffer_convert                0x0002864d   Thumb Code   154  nrfx_saadc.o(i.nrfx_saadc_buffer_convert)
    nrfx_saadc_channel_init                  0x000286f1   Thumb Code   160  nrfx_saadc.o(i.nrfx_saadc_channel_init)
    nrfx_saadc_channel_uninit                0x0002879d   Thumb Code    62  nrfx_saadc.o(i.nrfx_saadc_channel_uninit)
    nrfx_saadc_init                          0x000287e1   Thumb Code   130  nrfx_saadc.o(i.nrfx_saadc_init)
    nrfx_saadc_limits_set                    0x00028875   Thumb Code   120  nrfx_saadc.o(i.nrfx_saadc_limits_set)
    nrfx_saadc_sample                        0x000288f5   Thumb Code    34  nrfx_saadc.o(i.nrfx_saadc_sample)
    nrfx_saadc_uninit                        0x00028921   Thumb Code    94  nrfx_saadc.o(i.nrfx_saadc_uninit)
    out1_interrupt_init                      0x000289a9   Thumb Code    46  main.o(i.out1_interrupt_init)
    out2_interrupt_init                      0x000289dd   Thumb Code    46  main.o(i.out2_interrupt_init)
    saadc_callback                           0x00028b75   Thumb Code    78  main.o(i.saadc_callback)
    saadc_init                               0x00028bcd   Thumb Code    66  main.o(i.saadc_init)
    systick_handle                           0x00028e0d   Thumb Code    10  main.o(i.systick_handle)
    task_adc                                 0x00028e1d   Thumb Code    34  main.o(i.task_adc)
    task_chuyendong                          0x00028e49   Thumb Code    60  main.o(i.task_chuyendong)
    m_ram_start                              0x000291e4   Data           4  nrf_sdh_ble.o(.constdata)
    Region$$Table$$Base                      0x00029210   Number         0  anon$$obj.o(Region$$Table)
    Region$$Table$$Limit                     0x00029230   Number         0  anon$$obj.o(Region$$Table)
    sdh_ble_observers0$$Base                 0x00029230   Number         0  ble_conn_state.o(sdh_ble_observers0)
    sdh_ble_observers0$$Limit                0x00029238   Number         0  ble_conn_state.o(sdh_ble_observers0)
    sdh_ble_observers1$$Base                 0x00029238   Number         0  main.o(sdh_ble_observers1)
    sdh_ble_observers1$$Limit                0x00029248   Number         0  ble_conn_params.o(sdh_ble_observers1)
    sdh_ble_observers2$$Base                 0x00029248   Number         0  main.o(sdh_ble_observers2)
    sdh_ble_observers2$$Limit                0x00029250   Number         0  main.o(sdh_ble_observers2)
    sdh_ble_observers3$$Base                 0x00029250   Number         0  main.o(sdh_ble_observers3)
    sdh_ble_observers3$$Limit                0x00029258   Number         0  main.o(sdh_ble_observers3)
    sdh_soc_observers0$$Base                 0x00029258   Number         0  nrf_drv_clock.o(sdh_soc_observers0)
    sdh_soc_observers0$$Limit                0x00029260   Number         0  nrf_drv_clock.o(sdh_soc_observers0)
    sdh_stack_observers0$$Base               0x00029260   Number         0  nrf_sdh_ble.o(sdh_stack_observers0)
    sdh_stack_observers0$$Limit              0x00029270   Number         0  nrf_sdh_soc.o(sdh_stack_observers0)
    sdh_state_observers0$$Base               0x00029270   Number         0  nrf_drv_clock.o(sdh_state_observers0)
    sdh_state_observers0$$Limit              0x00029278   Number         0  nrf_drv_clock.o(sdh_state_observers0)
    Image$$RW_IRAM1$$Base                    0x200022f0   Number         0  anon$$obj.o ABSOLUTE
    SystemCoreClock                          0x200022f0   Data           4  system_nrf52.o(.data)
    adc_flag                                 0x200022f5   Data           1  main.o(.data)
    TU_FLAG                                  0x200022f7   Data           1  main.o(.data)
    pir_pre_state                            0x200022f8   Data           1  main.o(.data)
    task_state                               0x200022f9   Data           1  main.o(.data)
    task_pre_state                           0x200022fa   Data           1  main.o(.data)
    pir_state                                0x200022fc   Data           1  main.o(.data)
    tu_logic_level                           0x200022fd   Data           1  main.o(.data)
    sys_tick                                 0x20002304   Data           4  main.o(.data)
    pir_analog_value                         0x20002308   Data           4  main.o(.data)
    nrf_nvic_state                           0x200025fc   Data          12  app_util_platform.o(.bss)
    __initial_sp                             0x20004618   Data           0  arm_startup_nrf52.o(STACK)



==============================================================================

Memory Map of the image

  Image Entry point : 0x00026201

  Load Region LR_IROM1 (Base: 0x00026000, Size: 0x000032fc, Max: 0x0005a000, ABSOLUTE)

    Execution Region ER_IROM1 (Exec base: 0x00026000, Load base: 0x00026000, Size: 0x00003278, Max: 0x0005a000, ABSOLUTE)

    Exec Addr    Load Addr    Size         Type   Attr      Idx    E Section Name        Object

    0x00026000   0x00026000   0x00000200   Data   RO            3    RESET               arm_startup_nrf52.o
    0x00026200   0x00026200   0x00000000   Code   RO         4779  * .ARM.Collect$$$$00000000  mc_w.l(entry.o)
    0x00026200   0x00026200   0x00000004   Code   RO         4803    .ARM.Collect$$$$00000001  mc_w.l(entry2.o)
    0x00026204   0x00026204   0x00000004   Code   RO         4806    .ARM.Collect$$$$00000004  mc_w.l(entry5.o)
    0x00026208   0x00026208   0x00000000   Code   RO         4808    .ARM.Collect$$$$00000008  mc_w.l(entry7b.o)
    0x00026208   0x00026208   0x00000000   Code   RO         4810    .ARM.Collect$$$$0000000A  mc_w.l(entry8b.o)
    0x00026208   0x00026208   0x00000008   Code   RO         4811    .ARM.Collect$$$$0000000B  mc_w.l(entry9a.o)
    0x00026210   0x00026210   0x00000000   Code   RO         4813    .ARM.Collect$$$$0000000D  mc_w.l(entry10a.o)
    0x00026210   0x00026210   0x00000000   Code   RO         4815    .ARM.Collect$$$$0000000F  mc_w.l(entry11a.o)
    0x00026210   0x00026210   0x00000004   Code   RO         4804    .ARM.Collect$$$$00002712  mc_w.l(entry2.o)
    0x00026214   0x00026214   0x000000c8   Code   RO         3383    .emb_text           nrf_atfifo.o
    0x000262dc   0x000262dc   0x000000e2   Code   RO         3519    .emb_text           nrf_atomic.o
    0x000263be   0x000263be   0x00000002   PAD
    0x000263c0   0x000263c0   0x00000024   Code   RO            4    .text               arm_startup_nrf52.o
    0x000263e4   0x000263e4   0x00000024   Code   RO         4789    .text               mc_w.l(memcpya.o)
    0x00026408   0x00026408   0x00000024   Code   RO         4791    .text               mc_w.l(memseta.o)
    0x0002642c   0x0002642c   0x00000024   Code   RO         4819    .text               mc_w.l(init.o)
    0x00026450   0x00026450   0x00000164   Code   RO         1887    i.GPIOTE_IRQHandler  nrfx_gpiote.o
    0x000265b4   0x000265b4   0x00000058   Code   RO         1752    i.POWER_CLOCK_IRQHandler  nrfx_clock.o
    0x0002660c   0x0002660c   0x00000010   Code   RO         3179    i.RTC1_IRQHandler   drv_rtc.o
    0x0002661c   0x0002661c   0x00000148   Code   RO         2546    i.SAADC_IRQHandler  nrfx_saadc.o
    0x00026764   0x00026764   0x00000004   Code   RO         4581    i.SWI2_EGU2_IRQHandler  nrf_sdh.o
    0x00026768   0x00026768   0x0000031c   Code   RO           14    i.SystemInit        system_nrf52.o
    0x00026a84   0x00026a84   0x0000000c   Code   RO         2153    i.UARTE0_UART0_IRQHandler  nrfx_prs.o
    0x00026a90   0x00026a90   0x0000000e   Code   RO         4823    i.__scatterload_copy  mc_w.l(handlers.o)
    0x00026a9e   0x00026a9e   0x00000002   Code   RO         4824    i.__scatterload_null  mc_w.l(handlers.o)
    0x00026aa0   0x00026aa0   0x0000000e   Code   RO         4825    i.__scatterload_zeroinit  mc_w.l(handlers.o)
    0x00026aae   0x00026aae   0x00000002   PAD
    0x00026ab0   0x00026ab0   0x00000024   Code   RO         4582    i.__sd_nvic_app_accessible_irq  nrf_sdh.o
    0x00026ad4   0x00026ad4   0x00000018   Code   RO           93    i.adc_handle_timer  main.o
    0x00026aec   0x00026aec   0x000000a4   Code   RO           94    i.advertising_init  main.o
    0x00026b90   0x00026b90   0x00000018   Code   RO           95    i.advertising_start  main.o
    0x00026ba8   0x00026ba8   0x00000030   Code   RO         2874    i.app_error_fault_handler  app_error_weak.o
    0x00026bd8   0x00026bd8   0x00000016   Code   RO         2814    i.app_error_handler_bare  app_error.o
    0x00026bee   0x00026bee   0x00000002   PAD
    0x00026bf0   0x00026bf0   0x0000000c   Code   RO         2973    i.app_timer_cnt_get  app_timer2.o
    0x00026bfc   0x00026bfc   0x00000016   Code   RO         2974    i.app_timer_create  app_timer2.o
    0x00026c12   0x00026c12   0x00000002   PAD
    0x00026c14   0x00026c14   0x0000005c   Code   RO         2975    i.app_timer_init    app_timer2.o
    0x00026c70   0x00026c70   0x00000030   Code   RO         2978    i.app_timer_start   app_timer2.o
    0x00026ca0   0x00026ca0   0x0000000c   Code   RO         2979    i.app_timer_stop    app_timer2.o
    0x00026cac   0x00026cac   0x00000048   Code   RO         3111    i.app_util_critical_region_enter  app_util_platform.o
    0x00026cf4   0x00026cf4   0x00000034   Code   RO         3112    i.app_util_critical_region_exit  app_util_platform.o
    0x00026d28   0x00026d28   0x00000182   Code   RO          695    i.ble_advdata_encode  ble_advdata.o
    0x00026eaa   0x00026eaa   0x0000002e   Code   RO         1302    i.ble_cb_ADC_change  cambien_service.o
    0x00026ed8   0x00026ed8   0x0000002e   Code   RO         1303    i.ble_cb_chuyendong_change  cambien_service.o
    0x00026f06   0x00026f06   0x00000002   PAD
    0x00026f08   0x00026f08   0x00000100   Code   RO         1304    i.ble_cb_init       cambien_service.o
    0x00027008   0x00027008   0x00000002   Code   RO         1305    i.ble_cb_on_ble_evt  cambien_service.o
    0x0002700a   0x0002700a   0x00000002   PAD
    0x0002700c   0x0002700c   0x00000068   Code   RO          829    i.ble_conn_params_init  ble_conn_params.o
    0x00027074   0x00027074   0x00000060   Code   RO          701    i.ble_device_addr_encode  ble_advdata.o
    0x000270d4   0x000270d4   0x00000098   Code   RO           97    i.ble_evt_handler   main.o
    0x0002716c   0x0002716c   0x000000fc   Code   RO          831    i.ble_evt_handler   ble_conn_params.o
    0x00027268   0x00027268   0x00000118   Code   RO          953    i.ble_evt_handler   ble_conn_state.o
    0x00027380   0x00027380   0x00000008   Code   RO         1108    i.ble_srv_is_notification_enabled  ble_srv_common.o
    0x00027388   0x00027388   0x0000001c   Code   RO         1888    i.channel_free      nrfx_gpiote.o
    0x000273a4   0x000273a4   0x00000048   Code   RO         1889    i.channel_port_alloc  nrfx_gpiote.o
    0x000273ec   0x000273ec   0x00000010   Code   RO         1890    i.channel_port_get  nrfx_gpiote.o
    0x000273fc   0x000273fc   0x00000190   Code   RO         1110    i.characteristic_add  ble_srv_common.o
    0x0002758c   0x0002758c   0x0000001e   Code   RO         1307    i.check_error_ble   cambien_service.o
    0x000275aa   0x000275aa   0x00000002   PAD
    0x000275ac   0x000275ac   0x00000028   Code   RO         1406    i.clock_clk_started_notify  nrf_drv_clock.o
    0x000275d4   0x000275d4   0x0000001c   Code   RO         1407    i.clock_irq_handler  nrf_drv_clock.o
    0x000275f0   0x000275f0   0x00000018   Code   RO         2981    i.compare_func      app_timer2.o
    0x00027608   0x00027608   0x0000003e   Code   RO          954    i.conn_handle_list_get  ble_conn_state.o
    0x00027646   0x00027646   0x00000088   Code   RO          702    i.conn_int_encode   ble_advdata.o
    0x000276ce   0x000276ce   0x00000004   Code   RO           98    i.conn_params_error_handler  main.o
    0x000276d2   0x000276d2   0x00000002   PAD
    0x000276d4   0x000276d4   0x00000048   Code   RO          832    i.conn_params_negotiation  ble_conn_params.o
    0x0002771c   0x0002771c   0x0000001e   Code   RO         1168    i.data_length_update  nrf_ble_gatt.o
    0x0002773a   0x0002773a   0x00000014   Code   RO         3180    i.drv_rtc_compare_disable  drv_rtc.o
    0x0002774e   0x0002774e   0x0000000e   Code   RO         3182    i.drv_rtc_compare_pending  drv_rtc.o
    0x0002775c   0x0002775c   0x00000050   Code   RO         3183    i.drv_rtc_compare_set  drv_rtc.o
    0x000277ac   0x000277ac   0x00000008   Code   RO         3184    i.drv_rtc_counter_get  drv_rtc.o
    0x000277b4   0x000277b4   0x00000078   Code   RO         3185    i.drv_rtc_init      drv_rtc.o
    0x0002782c   0x0002782c   0x0000001a   Code   RO         3186    i.drv_rtc_irq_trigger  drv_rtc.o
    0x00027846   0x00027846   0x00000008   Code   RO         3188    i.drv_rtc_overflow_enable  drv_rtc.o
    0x0002784e   0x0002784e   0x00000008   Code   RO         3189    i.drv_rtc_overflow_pending  drv_rtc.o
    0x00027856   0x00027856   0x00000008   Code   RO         3190    i.drv_rtc_start     drv_rtc.o
    0x0002785e   0x0002785e   0x00000008   Code   RO         3191    i.drv_rtc_stop      drv_rtc.o
    0x00027866   0x00027866   0x000000de   Code   RO         3196    i.drv_rtc_windowed_compare_set  drv_rtc.o
    0x00027944   0x00027944   0x00000012   Code   RO         3197    i.evt_enable        drv_rtc.o
    0x00027956   0x00027956   0x00000014   Code   RO         3198    i.evt_pending       drv_rtc.o
    0x0002796a   0x0002796a   0x0000000a   Code   RO          955    i.flag_toggle       ble_conn_state.o
    0x00027974   0x00027974   0x00000034   Code   RO         2982    i.get_now           app_timer2.o
    0x000279a8   0x000279a8   0x0000001c   Code   RO           99    i.in_out1_handler   main.o
    0x000279c4   0x000279c4   0x0000001c   Code   RO          100    i.in_out2_handler   main.o
    0x000279e0   0x000279e0   0x00000014   Code   RO          833    i.instance_get      ble_conn_params.o
    0x000279f4   0x000279f4   0x00000012   Code   RO          102    i.interrupt_init    main.o
    0x00027a06   0x00027a06   0x00000044   Code   RO          834    i.is_conn_params_ok  ble_conn_params.o
    0x00027a4a   0x00027a4a   0x00000014   Code   RO         1169    i.link_init         nrf_ble_gatt.o
    0x00027a5e   0x00027a5e   0x00000002   PAD
    0x00027a60   0x00027a60   0x0000016c   Code   RO          103    i.main              main.o
    0x00027bcc   0x00027bcc   0x00000064   Code   RO          703    i.manuf_specific_data_encode  ble_advdata.o
    0x00027c30   0x00027c30   0x000000a6   Code   RO          704    i.name_encode       ble_advdata.o
    0x00027cd6   0x00027cd6   0x00000026   Code   RO         3387    i.nrf_atfifo_init   nrf_atfifo.o
    0x00027cfc   0x00027cfc   0x00000016   Code   RO         3388    i.nrf_atfifo_item_alloc  nrf_atfifo.o
    0x00027d12   0x00027d12   0x00000016   Code   RO         3389    i.nrf_atfifo_item_free  nrf_atfifo.o
    0x00027d28   0x00027d28   0x00000016   Code   RO         3390    i.nrf_atfifo_item_get  nrf_atfifo.o
    0x00027d3e   0x00027d3e   0x00000016   Code   RO         3391    i.nrf_atfifo_item_put  nrf_atfifo.o
    0x00027d54   0x00027d54   0x00000016   Code   RO         3453    i.nrf_atflags_clear  nrf_atflags.o
    0x00027d6a   0x00027d6a   0x00000016   Code   RO         3458    i.nrf_atflags_get   nrf_atflags.o
    0x00027d80   0x00027d80   0x00000014   Code   RO         3460    i.nrf_atflags_set   nrf_atflags.o
    0x00027d94   0x00027d94   0x0000000c   Code   RO         3525    i.nrf_atomic_u32_and  nrf_atomic.o
    0x00027da0   0x00027da0   0x0000000c   Code   RO         3534    i.nrf_atomic_u32_or  nrf_atomic.o
    0x00027dac   0x00027dac   0x00000010   Code   RO         1891    i.nrf_bitmask_bit_is_set  nrfx_gpiote.o
    0x00027dbc   0x00027dbc   0x00000014   Code   RO         1892    i.nrf_bitmask_bit_set  nrfx_gpiote.o
    0x00027dd0   0x00027dd0   0x00000022   Code   RO         1175    i.nrf_ble_gatt_init  nrf_ble_gatt.o
    0x00027df2   0x00027df2   0x00000002   PAD
    0x00027df4   0x00027df4   0x00000174   Code   RO         1176    i.nrf_ble_gatt_on_ble_evt  nrf_ble_gatt.o
    0x00027f68   0x00027f68   0x0000000e   Code   RO         1753    i.nrf_clock_event_check  nrfx_clock.o
    0x00027f76   0x00027f76   0x00000010   Code   RO         1754    i.nrf_clock_event_clear  nrfx_clock.o
    0x00027f86   0x00027f86   0x00000002   PAD
    0x00027f88   0x00027f88   0x00000038   Code   RO         1414    i.nrf_drv_clock_init  nrf_drv_clock.o
    0x00027fc0   0x00027fc0   0x00000030   Code   RO         1418    i.nrf_drv_clock_lfclk_release  nrf_drv_clock.o
    0x00027ff0   0x00027ff0   0x00000024   Code   RO         1893    i.nrf_gpio_cfg      nrfx_gpiote.o
    0x00028014   0x00028014   0x00000022   Code   RO         1895    i.nrf_gpio_cfg_sense_set  nrfx_gpiote.o
    0x00028036   0x00028036   0x00000002   PAD
    0x00028038   0x00028038   0x00000028   Code   RO         1896    i.nrf_gpio_ports_read  nrfx_gpiote.o
    0x00028060   0x00028060   0x00000014   Code   RO         1897    i.nrf_gpiote_event_clear  nrfx_gpiote.o
    0x00028074   0x00028074   0x00000010   Code   RO         1898    i.nrf_gpiote_event_is_set  nrfx_gpiote.o
    0x00028084   0x00028084   0x00000028   Code   RO         3856    i.nrf_pwr_mgmt_init  nrf_pwr_mgmt.o
    0x000280ac   0x000280ac   0x00000044   Code   RO         3857    i.nrf_pwr_mgmt_run  nrf_pwr_mgmt.o
    0x000280f0   0x000280f0   0x0000000c   Code   RO         3199    i.nrf_rtc_event_clear  drv_rtc.o
    0x000280fc   0x000280fc   0x00000010   Code   RO         2547    i.nrf_saadc_buffer_init  nrfx_saadc.o
    0x0002810c   0x0002810c   0x00000014   Code   RO         2548    i.nrf_saadc_channel_input_set  nrfx_saadc.o
    0x00028120   0x00028120   0x00000010   Code   RO         2549    i.nrf_saadc_event_check  nrfx_saadc.o
    0x00028130   0x00028130   0x00000014   Code   RO         2550    i.nrf_saadc_event_clear  nrfx_saadc.o
    0x00028144   0x00028144   0x00000010   Code   RO         2551    i.nrf_saadc_limit_int_get  nrfx_saadc.o
    0x00028154   0x00028154   0x00000014   Code   RO         4699    i.nrf_sdh_ble_app_ram_start_get  nrf_sdh_ble.o
    0x00028168   0x00028168   0x00000086   Code   RO         4700    i.nrf_sdh_ble_default_cfg_set  nrf_sdh_ble.o
    0x000281ee   0x000281ee   0x00000002   PAD
    0x000281f0   0x000281f0   0x00000014   Code   RO         4701    i.nrf_sdh_ble_enable  nrf_sdh_ble.o
    0x00028204   0x00028204   0x0000005c   Code   RO         4702    i.nrf_sdh_ble_evts_poll  nrf_sdh_ble.o
    0x00028260   0x00028260   0x00000074   Code   RO         4584    i.nrf_sdh_enable_request  nrf_sdh.o
    0x000282d4   0x000282d4   0x00000024   Code   RO         4585    i.nrf_sdh_evts_poll  nrf_sdh.o
    0x000282f8   0x000282f8   0x0000000c   Code   RO         4586    i.nrf_sdh_is_enabled  nrf_sdh.o
    0x00028304   0x00028304   0x0000003c   Code   RO         4750    i.nrf_sdh_soc_evts_poll  nrf_sdh_soc.o
    0x00028340   0x00028340   0x0000000a   Code   RO         3991    i.nrf_section_iter_init  nrf_section_iter.o
    0x0002834a   0x0002834a   0x00000024   Code   RO         3992    i.nrf_section_iter_item_set  nrf_section_iter.o
    0x0002836e   0x0002836e   0x00000020   Code   RO         3993    i.nrf_section_iter_next  nrf_section_iter.o
    0x0002838e   0x0002838e   0x00000022   Code   RO         4026    i.nrf_sortlist_add  nrf_sortlist.o
    0x000283b0   0x000283b0   0x00000006   Code   RO         4028    i.nrf_sortlist_peek  nrf_sortlist.o
    0x000283b6   0x000283b6   0x0000000e   Code   RO         4029    i.nrf_sortlist_pop  nrf_sortlist.o
    0x000283c4   0x000283c4   0x0000001e   Code   RO         4030    i.nrf_sortlist_remove  nrf_sortlist.o
    0x000283e2   0x000283e2   0x00000002   PAD
    0x000283e4   0x000283e4   0x0000002c   Code   RO         1759    i.nrfx_clock_enable  nrfx_clock.o
    0x00028410   0x00028410   0x00000020   Code   RO         1762    i.nrfx_clock_init   nrfx_clock.o
    0x00028430   0x00028430   0x0000001c   Code   RO         1765    i.nrfx_clock_lfclk_stop  nrfx_clock.o
    0x0002844c   0x0002844c   0x00000010   Code   RO         2552    i.nrfx_coredep_delay_us  nrfx_saadc.o
    0x0002845c   0x0002845c   0x00000010   Code   RO         3200    i.nrfx_coredep_delay_us  drv_rtc.o
    0x0002846c   0x0002846c   0x000000a4   Code   RO         1903    i.nrfx_gpiote_in_event_enable  nrfx_gpiote.o
    0x00028510   0x00028510   0x000000d0   Code   RO         1904    i.nrfx_gpiote_in_init  nrfx_gpiote.o
    0x000285e0   0x000285e0   0x0000006c   Code   RO         1907    i.nrfx_gpiote_init  nrfx_gpiote.o
    0x0002864c   0x0002864c   0x000000a4   Code   RO         2554    i.nrfx_saadc_buffer_convert  nrfx_saadc.o
    0x000286f0   0x000286f0   0x000000ac   Code   RO         2556    i.nrfx_saadc_channel_init  nrfx_saadc.o
    0x0002879c   0x0002879c   0x00000044   Code   RO         2557    i.nrfx_saadc_channel_uninit  nrfx_saadc.o
    0x000287e0   0x000287e0   0x00000094   Code   RO         2558    i.nrfx_saadc_init   nrfx_saadc.o
    0x00028874   0x00028874   0x00000080   Code   RO         2560    i.nrfx_saadc_limits_set  nrfx_saadc.o
    0x000288f4   0x000288f4   0x0000002c   Code   RO         2561    i.nrfx_saadc_sample  nrfx_saadc.o
    0x00028920   0x00028920   0x0000006c   Code   RO         2564    i.nrfx_saadc_uninit  nrfx_saadc.o
    0x0002898c   0x0002898c   0x0000001c   Code   RO          104    i.on_conn_params_evt  main.o
    0x000289a8   0x000289a8   0x00000034   Code   RO          105    i.out1_interrupt_init  main.o
    0x000289dc   0x000289dc   0x00000034   Code   RO          106    i.out2_interrupt_init  main.o
    0x00028a10   0x00028a10   0x00000018   Code   RO         1924    i.pin_in_use_by_port  nrfx_gpiote.o
    0x00028a28   0x00028a28   0x00000018   Code   RO         1925    i.pin_in_use_by_te  nrfx_gpiote.o
    0x00028a40   0x00028a40   0x0000005c   Code   RO         2983    i.rtc_irq           app_timer2.o
    0x00028a9c   0x00028a9c   0x00000064   Code   RO         2984    i.rtc_schedule      app_timer2.o
    0x00028b00   0x00028b00   0x00000074   Code   RO         2985    i.rtc_update        app_timer2.o
    0x00028b74   0x00028b74   0x00000058   Code   RO          107    i.saadc_callback    main.o
    0x00028bcc   0x00028bcc   0x00000050   Code   RO          108    i.saadc_init        main.o
    0x00028c1c   0x00028c1c   0x00000050   Code   RO         1421    i.sd_state_evt_handler  nrf_drv_clock.o
    0x00028c6c   0x00028c6c   0x00000030   Code   RO         4591    i.sdh_request_observer_notify  nrf_sdh.o
    0x00028c9c   0x00028c9c   0x0000002c   Code   RO         4592    i.sdh_state_observer_notify  nrf_sdh.o
    0x00028cc8   0x00028cc8   0x00000010   Code   RO          835    i.send_error_evt    ble_conn_params.o
    0x00028cd8   0x00028cd8   0x00000088   Code   RO          705    i.service_data_encode  ble_advdata.o
    0x00028d60   0x00028d60   0x00000030   Code   RO         1112    i.set_security_req  ble_srv_common.o
    0x00028d90   0x00028d90   0x00000018   Code   RO         1422    i.soc_evt_handler   nrf_drv_clock.o
    0x00028da8   0x00028da8   0x00000058   Code   RO         4594    i.softdevices_evt_irq_enable  nrf_sdh.o
    0x00028e00   0x00028e00   0x0000000c   Code   RO         2986    i.sortlist_pop      app_timer2.o
    0x00028e0c   0x00028e0c   0x00000010   Code   RO          109    i.systick_handle    main.o
    0x00028e1c   0x00028e1c   0x0000002c   Code   RO          110    i.task_adc          main.o
    0x00028e48   0x00028e48   0x00000044   Code   RO          111    i.task_chuyendong   main.o
    0x00028e8c   0x00028e8c   0x00000058   Code   RO         2987    i.timer_expire      app_timer2.o
    0x00028ee4   0x00028ee4   0x00000078   Code   RO         2988    i.timer_req_process  app_timer2.o
    0x00028f5c   0x00028f5c   0x00000038   Code   RO         2989    i.timer_req_schedule  app_timer2.o
    0x00028f94   0x00028f94   0x0000000a   Code   RO          706    i.uint16_encode     ble_advdata.o
    0x00028f9e   0x00028f9e   0x00000002   PAD
    0x00028fa0   0x00028fa0   0x00000068   Code   RO          836    i.update_timeout_handler  ble_conn_params.o
    0x00029008   0x00029008   0x00000030   Code   RO          707    i.uuid_list_encode  ble_advdata.o
    0x00029038   0x00029038   0x0000009e   Code   RO          708    i.uuid_list_sized_encode  ble_advdata.o
    0x000290d6   0x000290d6   0x00000002   PAD
    0x000290d8   0x000290d8   0x00000019   Data   RO          119    .constdata          main.o
    0x000290f1   0x000290f1   0x00000003   PAD
    0x000290f4   0x000290f4   0x00000016   Data   RO         1177    .constdata          nrf_ble_gatt.o
    0x0002910a   0x0002910a   0x00000002   PAD
    0x0002910c   0x0002910c   0x00000010   Data   RO         1308    .constdata          cambien_service.o
    0x0002911c   0x0002911c   0x00000004   Data   RO         1927    .constdata          nrfx_gpiote.o
    0x00029120   0x00029120   0x00000006   Data   RO         2566    .constdata          nrfx_saadc.o
    0x00029126   0x00029126   0x00000002   PAD
    0x00029128   0x00029128   0x00000014   Data   RO         2992    .constdata          app_timer2.o
    0x0002913c   0x0002913c   0x00000004   PAD
    0x00029140   0x00029140   0x00000006   Data   RO         3201    .constdata          drv_rtc.o
    0x00029146   0x00029146   0x00000002   PAD
    0x00029148   0x00029148   0x00000018   Data   RO         3861    .constdata          nrf_pwr_mgmt.o
    0x00029160   0x00029160   0x0000000c   Data   RO         3862    .constdata          nrf_pwr_mgmt.o
    0x0002916c   0x0002916c   0x00000010   Data   RO         4595    .constdata          nrf_sdh.o
    0x0002917c   0x0002917c   0x00000028   Data   RO         4596    .constdata          nrf_sdh.o
    0x000291a4   0x000291a4   0x00000010   Data   RO         4597    .constdata          nrf_sdh.o
    0x000291b4   0x000291b4   0x00000010   Data   RO         4598    .constdata          nrf_sdh.o
    0x000291c4   0x000291c4   0x00000020   Data   RO         4703    .constdata          nrf_sdh_ble.o
    0x000291e4   0x000291e4   0x00000010   Data   RO         4704    .constdata          nrf_sdh_ble.o
    0x000291f4   0x000291f4   0x00000010   Data   RO         4751    .constdata          nrf_sdh_soc.o
    0x00029204   0x00029204   0x0000000c   Data   RO         4752    .constdata          nrf_sdh_soc.o
    0x00029210   0x00029210   0x00000020   Data   RO         4821    Region$$Table       anon$$obj.o
    0x00029230   0x00029230   0x00000008   Data   RO          959    sdh_ble_observers0  ble_conn_state.o
    0x00029238   0x00029238   0x00000008   Data   RO          121    sdh_ble_observers1  main.o
    0x00029240   0x00029240   0x00000008   Data   RO          839    sdh_ble_observers1  ble_conn_params.o
    0x00029248   0x00029248   0x00000008   Data   RO          122    sdh_ble_observers2  main.o
    0x00029250   0x00029250   0x00000008   Data   RO          123    sdh_ble_observers3  main.o
    0x00029258   0x00029258   0x00000008   Data   RO         1428    sdh_soc_observers0  nrf_drv_clock.o
    0x00029260   0x00029260   0x00000008   Data   RO         4706    sdh_stack_observers0  nrf_sdh_ble.o
    0x00029268   0x00029268   0x00000008   Data   RO         4753    sdh_stack_observers0  nrf_sdh_soc.o
    0x00029270   0x00029270   0x00000008   Data   RO         1429    sdh_state_observers0  nrf_drv_clock.o


    Execution Region RW_IRAM1 (Exec base: 0x200022f0, Load base: 0x00029278, Size: 0x00002328, Max: 0x0000dd10, ABSOLUTE)

    Exec Addr    Load Addr    Size         Type   Attr      Idx    E Section Name        Object

    0x200022f0   0x00029278   0x00000004   Data   RW           15    .data               system_nrf52.o
    0x200022f4   0x0002927c   0x00000028   Data   RW          120    .data               main.o
    0x2000231c   0x000292a4   0x00000008   Data   RW          838    .data               ble_conn_params.o
    0x20002324   0x000292ac   0x00000008   Data   RW         1769    .data               nrfx_clock.o
    0x2000232c   0x000292b4   0x00000008   Data   RW         2158    .data               nrfx_prs.o
    0x20002334   0x000292bc   0x00000004   PAD
    0x20002338   0x000292c0   0x00000020   Data   RW         2993    .data               app_timer2.o
    0x20002358   0x000292e0   0x00000004   Data   RW         2994    .data               app_timer2.o
    0x2000235c   0x000292e4   0x0000000c   Data   RW         3202    .data               drv_rtc.o
    0x20002368   0x000292f0   0x00000008   Data   RW         3863    .data               nrf_pwr_mgmt.o
    0x20002370   0x000292f8   0x00000003   Data   RW         4599    .data               nrf_sdh.o
    0x20002373   0x000292fb   0x00000001   Data   RW         4705    .data               nrf_sdh_ble.o
    0x20002374   0x000292fc   0x00000004   PAD
    0x20002378        -       0x00000020   Zero   RW          114    .bss                main.o
    0x20002398        -       0x00000020   Zero   RW          115    .bss                main.o
    0x200023b8        -       0x00000030   Zero   RW          116    .bss                main.o
    0x200023e8        -       0x0000001f   Zero   RW          117    .bss                main.o
    0x20002407        -       0x0000001f   Zero   RW          118    .bss                main.o
    0x20002426   0x000292fc   0x00000002   PAD
    0x20002428        -       0x00000050   Zero   RW          837    .bss                ble_conn_params.o
    0x20002478        -       0x0000007c   Zero   RW          958    .bss                ble_conn_state.o
    0x200024f4        -       0x00000014   Zero   RW         1423    .bss                nrf_drv_clock.o
    0x20002508        -       0x0000005c   Zero   RW         1926    .bss                nrfx_gpiote.o
    0x20002564        -       0x00000030   Zero   RW         2565    .bss                nrfx_saadc.o
    0x20002594        -       0x00000010   Zero   RW         2990    .bss                app_timer2.o
    0x200025a4        -       0x00000058   Zero   RW         2991    .bss                app_timer2.o
    0x200025fc        -       0x0000000c   Zero   RW         3117    .bss                app_util_platform.o
    0x20002608        -       0x0000000c   Zero   RW         3860    .bss                nrf_pwr_mgmt.o
    0x20002614   0x000292fc   0x00000004   PAD
    0x20002618        -       0x00002000   Zero   RW            1    STACK               arm_startup_nrf52.o


==============================================================================

Image component sizes


      Code (inc. data)   RO Data    RW Data    ZI Data      Debug   Object Name

         0          0          0          0          0      29256   app_button.o
        22          0          0          0          0       2365   app_error.o
        48          8          0          0          0       3874   app_error_weak.o
       846         88         20         36        104      15715   app_timer2.o
       124         14          0          0         12       9458   app_util_platform.o
        36          8        512          0       8192        936   arm_startup_nrf52.o
      1236          0          0          0          0     100863   ble_advdata.o
       636         44          8          8         80      18623   ble_conn_params.o
       352          6          8          0        124       6049   ble_conn_state.o
       456          6          0          0          0       3195   ble_srv_common.o
         0          0          0          0          0       4268   boards.o
       380          4         16          0          0      55483   cambien_service.o
       604         14          6         12          0      45037   drv_rtc.o
      1234        148         49         40        174     195051   main.o
       326          0          0          0          0       5635   nrf_atfifo.o
        64          0          0          0          0       2788   nrf_atflags.o
       250          0          0          0          0       3524   nrf_atomic.o
       456          6         22          0          0      34886   nrf_ble_gatt.o
       276         34         16          0         20      40942   nrf_drv_clock.o
       108         16         36          8         12      37489   nrf_pwr_mgmt.o
       384         46         88          3          0      38683   nrf_sdh.o
       266         20         56          1          0       5283   nrf_sdh_ble.o
        60          4         36          0          0       2220   nrf_sdh_soc.o
        78          0          0          0          0       2608   nrf_section_iter.o
        84          0          0          0          0       3512   nrf_sortlist.o
       222         30          0          8          0      39644   nrfx_clock.o
      1182         86          4          0         92      57038   nrfx_gpiote.o
        12          6          0          8          0       1902   nrfx_prs.o
      1264        108          6          0         48      22504   nrfx_saadc.o
         0          0          0          0          0       3420   nrfx_uart.o
       796         70          0          4          0      63290   system_nrf52.o

    ----------------------------------------------------------------------
     11832        766        928        132       8868     855541   Object Totals
         0          0         32          0          0          0   (incl. Generated)
        30          0         13          4         10          0   (incl. Padding)

    ----------------------------------------------------------------------

      Code (inc. data)   RO Data    RW Data    ZI Data      Debug   Library Member Name

         0          0          0          0          0          0   entry.o
         0          0          0          0          0          0   entry10a.o
         0          0          0          0          0          0   entry11a.o
         8          4          0          0          0          0   entry2.o
         4          0          0          0          0          0   entry5.o
         0          0          0          0          0          0   entry7b.o
         0          0          0          0          0          0   entry8b.o
         8          4          0          0          0          0   entry9a.o
        30          0          0          0          0          0   handlers.o
        36          8          0          0          0         68   init.o
        36          0          0          0          0         68   memcpya.o
        36          0          0          0          0        108   memseta.o

    ----------------------------------------------------------------------
       160         16          0          0          0        244   Library Totals
         2          0          0          0          0          0   (incl. Padding)

    ----------------------------------------------------------------------

      Code (inc. data)   RO Data    RW Data    ZI Data      Debug   Library Name

       158         16          0          0          0        244   mc_w.l

    ----------------------------------------------------------------------
       160         16          0          0          0        244   Library Totals

    ----------------------------------------------------------------------

==============================================================================


      Code (inc. data)   RO Data    RW Data    ZI Data      Debug   

     11992        782        928        132       8868     840437   Grand Totals
     11992        782        928        132       8868     840437   ELF Image Totals
     11992        782        928        132          0          0   ROM Totals

==============================================================================

    Total RO  Size (Code + RO Data)                12920 (  12.62kB)
    Total RW  Size (RW Data + ZI Data)              9000 (   8.79kB)
    Total ROM Size (Code + RO Data + RW Data)      13052 (  12.75kB)

==============================================================================

