<html>
<body>
<pre>
<h1>µVision Build Log</h1>
<h2>Tool Versions:</h2>
IDE-Version: µVision V5.29.0.0
Copyright (C) 2019 ARM Ltd and ARM Germany GmbH. All rights reserved.
License Information: nguyen dao, mkp, LIC=----
 
Tool Versions:
Toolchain:       MDK-Lite  Version: 5.29.0.0
Toolchain Path:  C:\Keil_v5\ARM\ARMCC\Bin
C Compiler:      Armcc.exe V5.06 update 6 (build 750)
Assembler:       Armasm.exe V5.06 update 6 (build 750)
Linker/Locator:  ArmLink.exe V5.06 update 6 (build 750)
Library Manager: ArmAr.exe V5.06 update 6 (build 750)
Hex Converter:   FromElf.exe V5.06 update 6 (build 750)
CPU DLL:         
Dialog DLL:      
Target DLL:      Segger\JL2CM3.dll V2.99.36.0
Dialog DLL:      TCM.DLL V1.36.5.0
 
<h2>Project:</h2>
D:\NRF_SDK\examples\ble_peripheral\ble_app_CBCD\pca10040\s132\arm4\ble_app_blinky_pca10040_s132.uvproj
Project File Date:  04/11/2020

<h2>Output:</h2>
*** Using Compiler 'V5.06 update 6 (build 750)', folder: 'C:\Keil_v5\ARM\ARMCC\Bin'
Build target 'nrf52832_xxaa'
compiling main.c...
..\..\..\main.c(111): warning:  #550-D: variable "pin_8bit_value"  was set but never used
  static uint8_t pin_8bit_value;
..\..\..\main.c(112): warning:  #177-D: variable "pin_value"  was declared but never referenced
  static uint32_t pin_value;
..\..\..\main.c(524): warning:  #177-D: function "log_init"  was declared but never referenced
  static void log_init(void)
..\..\..\main.c: 3 warnings, 0 errors
linking...
Program Size: Code=12024 RO-data=928 RW-data=132 ZI-data=8868  
FromELF: creating hex file...
".\_build\nrf52832_xxaa.axf" - 0 Error(s), 3 Warning(s).
Build Time Elapsed:  00:00:07
</pre>
</body>
</html>
