Component: ARM Compiler 5.06 update 6 (build 750) Tool: armlink [4d35ed]

==============================================================================

Section Cross References

    arm_startup_nrf52.o(RESET) refers to arm_startup_nrf52.o(STACK) for __initial_sp
    arm_startup_nrf52.o(RESET) refers to arm_startup_nrf52.o(.text) for Reset_Handler
    arm_startup_nrf52.o(RESET) refers to nrfx_clock.o(i.POWER_CLOCK_IRQHandler) for POWER_CLOCK_IRQHandler
    arm_startup_nrf52.o(RESET) refers to nrfx_prs.o(i.UARTE0_UART0_IRQHandler) for UARTE0_UART0_IRQHandler
    arm_startup_nrf52.o(RESET) refers to nrfx_gpiote.o(i.GPIOTE_IRQHandler) for GPIOTE_IRQHandler
    arm_startup_nrf52.o(RESET) refers to nrfx_saadc.o(i.SAADC_IRQHandler) for SAADC_IRQHandler
    arm_startup_nrf52.o(RESET) refers to drv_rtc.o(i.RTC1_IRQHandler) for RTC1_IRQHandler
    arm_startup_nrf52.o(RESET) refers to nrf_sdh.o(i.SWI2_EGU2_IRQHandler) for SWI2_EGU2_IRQHandler
    arm_startup_nrf52.o(.text) refers to system_nrf52.o(i.SystemInit) for SystemInit
    arm_startup_nrf52.o(.text) refers to entry.o(.ARM.Collect$$$$00000000) for __main
    system_nrf52.o(i.SystemCoreClockUpdate) refers to system_nrf52.o(.data) for .data
    system_nrf52.o(i.SystemInit) refers to system_nrf52.o(.data) for .data
    main.o(i.adc_handle_timer) refers to main.o(i.saadc_init) for saadc_init
    main.o(i.adc_handle_timer) refers to main.o(.data) for .data
    main.o(i.advertising_init) refers to memseta.o(.text) for __aeabi_memclr4
    main.o(i.advertising_init) refers to ble_advdata.o(i.ble_advdata_encode) for ble_advdata_encode
    main.o(i.advertising_init) refers to app_error.o(i.app_error_handler_bare) for app_error_handler_bare
    main.o(i.advertising_init) refers to main.o(.constdata) for .constdata
    main.o(i.advertising_init) refers to main.o(.bss) for .bss
    main.o(i.advertising_init) refers to main.o(.data) for .data
    main.o(i.advertising_start) refers to app_error.o(i.app_error_handler_bare) for app_error_handler_bare
    main.o(i.advertising_start) refers to main.o(.data) for .data
    main.o(i.assert_nrf_callback) refers to app_error_handler_keil.o(.emb_text) for app_error_handler
    main.o(i.ble_evt_handler) refers to nrf_log_frontend.o(i.nrf_log_frontend_std_0) for nrf_log_frontend_std_0
    main.o(i.ble_evt_handler) refers to cambien_service.o(i.ble_cb_ADC_change) for ble_cb_ADC_change
    main.o(i.ble_evt_handler) refers to cambien_service.o(i.check_error_ble) for check_error_ble
    main.o(i.ble_evt_handler) refers to main.o(i.advertising_start) for advertising_start
    main.o(i.ble_evt_handler) refers to app_error.o(i.app_error_handler_bare) for app_error_handler_bare
    main.o(i.ble_evt_handler) refers to main.o(.data) for .data
    main.o(i.ble_evt_handler) refers to nrf_log_frontend.o(log_const_data) for m_nrf_log_app_logs_data_const
    main.o(i.ble_evt_handler) refers to main.o(.bss) for .bss
    main.o(i.conn_params_error_handler) refers to app_error.o(i.app_error_handler_bare) for app_error_handler_bare
    main.o(i.in_out1_handler) refers to nrf_log_frontend.o(i.nrf_log_frontend_std_0) for nrf_log_frontend_std_0
    main.o(i.in_out1_handler) refers to main.o(.data) for .data
    main.o(i.in_out1_handler) refers to nrf_log_frontend.o(log_const_data) for m_nrf_log_app_logs_data_const
    main.o(i.in_out2_handler) refers to nrf_log_frontend.o(i.nrf_log_frontend_std_0) for nrf_log_frontend_std_0
    main.o(i.in_out2_handler) refers to main.o(.data) for .data
    main.o(i.in_out2_handler) refers to nrf_log_frontend.o(log_const_data) for m_nrf_log_app_logs_data_const
    main.o(i.in_tu_handler) refers to nrf_log_frontend.o(i.nrf_log_frontend_std_0) for nrf_log_frontend_std_0
    main.o(i.in_tu_handler) refers to main.o(.data) for .data
    main.o(i.in_tu_handler) refers to nrf_log_frontend.o(log_const_data) for m_nrf_log_app_logs_data_const
    main.o(i.interrupt_init) refers to nrfx_gpiote.o(i.nrfx_gpiote_init) for nrfx_gpiote_init
    main.o(i.interrupt_init) refers to main.o(i.tu_interrupt_init) for tu_interrupt_init
    main.o(i.interrupt_init) refers to main.o(i.out1_interrupt_init) for out1_interrupt_init
    main.o(i.interrupt_init) refers to main.o(i.out2_interrupt_init) for out2_interrupt_init
    main.o(i.main) refers to nrf_log_frontend.o(i.nrf_log_init) for nrf_log_init
    main.o(i.main) refers to app_error.o(i.app_error_handler_bare) for app_error_handler_bare
    main.o(i.main) refers to nrf_log_default_backends.o(i.nrf_log_default_backends_init) for nrf_log_default_backends_init
    main.o(i.main) refers to app_timer2.o(i.app_timer_init) for app_timer_init
    main.o(i.main) refers to app_timer2.o(i.app_timer_create) for app_timer_create
    main.o(i.main) refers to app_timer2.o(i.app_timer_start) for app_timer_start
    main.o(i.main) refers to nrf_pwr_mgmt.o(i.nrf_pwr_mgmt_init) for nrf_pwr_mgmt_init
    main.o(i.main) refers to main.o(i.interrupt_init) for interrupt_init
[...]
    i.sdh_state_observer_notify              0x0002990c   Section        0  nrf_sdh.o(i.sdh_state_observer_notify)
    sdh_state_observer_notify                0x0002990d   Thumb Code    38  nrf_sdh.o(i.sdh_state_observer_notify)
    i.send_error_evt                         0x00029938   Section        0  ble_conn_params.o(i.send_error_evt)
    send_error_evt                           0x00029939   Thumb Code    12  ble_conn_params.o(i.send_error_evt)
    i.service_data_encode                    0x00029948   Section        0  ble_advdata.o(i.service_data_encode)
    service_data_encode                      0x00029949   Thumb Code   136  ble_advdata.o(i.service_data_encode)
    i.set_security_req                       0x000299d0   Section        0  ble_srv_common.o(i.set_security_req)
    set_security_req                         0x000299d1   Thumb Code    48  ble_srv_common.o(i.set_security_req)
    i.soc_evt_handler                        0x00029a00   Section        0  nrf_drv_clock.o(i.soc_evt_handler)
    soc_evt_handler                          0x00029a01   Thumb Code    18  nrf_drv_clock.o(i.soc_evt_handler)
    i.softdevices_evt_irq_enable             0x00029a18   Section        0  nrf_sdh.o(i.softdevices_evt_irq_enable)
    softdevices_evt_irq_enable               0x00029a19   Thumb Code    80  nrf_sdh.o(i.softdevices_evt_irq_enable)
    i.sortlist_pop                           0x00029a70   Section        0  app_timer2.o(i.sortlist_pop)
    sortlist_pop                             0x00029a71   Thumb Code     6  app_timer2.o(i.sortlist_pop)
    i.std_n                                  0x00029a7c   Section        0  nrf_log_frontend.o(i.std_n)
    std_n                                    0x00029a7d   Thumb Code   136  nrf_log_frontend.o(i.std_n)
    i.systick_handle                         0x00029b08   Section        0  main.o(i.systick_handle)
    i.task_adc                               0x00029b18   Section        0  main.o(i.task_adc)
    i.task_chuyendong                        0x00029b44   Section        0  main.o(i.task_chuyendong)
    i.task_tu                                0x00029b88   Section        0  main.o(i.task_tu)
    i.timer_expire                           0x00029bb0   Section        0  app_timer2.o(i.timer_expire)
    timer_expire                             0x00029bb1   Thumb Code    80  app_timer2.o(i.timer_expire)
    i.timer_req_process                      0x00029c08   Section        0  app_timer2.o(i.timer_req_process)
    timer_req_process                        0x00029c09   Thumb Code   110  app_timer2.o(i.timer_req_process)
    i.timer_req_schedule                     0x00029c80   Section        0  app_timer2.o(i.timer_req_schedule)
    timer_req_schedule                       0x00029c81   Thumb Code    46  app_timer2.o(i.timer_req_schedule)
    i.tu_interrupt_init                      0x00029cb8   Section        0  main.o(i.tu_interrupt_init)
    i.uint16_encode                          0x00029ce8   Section        0  ble_advdata.o(i.uint16_encode)
    uint16_encode                            0x00029ce9   Thumb Code    10  ble_advdata.o(i.uint16_encode)
    i.update_timeout_handler                 0x00029cf4   Section        0  ble_conn_params.o(i.update_timeout_handler)
    update_timeout_handler                   0x00029cf5   Thumb Code    98  ble_conn_params.o(i.update_timeout_handler)
    i.uuid_list_encode                       0x00029d5c   Section        0  ble_advdata.o(i.uuid_list_encode)
    uuid_list_encode                         0x00029d5d   Thumb Code    48  ble_advdata.o(i.uuid_list_encode)
    i.uuid_list_sized_encode                 0x00029d8c   Section        0  ble_advdata.o(i.uuid_list_sized_encode)
    uuid_list_sized_encode                   0x00029d8d   Thumb Code   158  ble_advdata.o(i.uuid_list_sized_encode)
    .constdata                               0x00029e2c   Section       25  main.o(.constdata)
    m_adc_id                                 0x00029e2c   Data           4  main.o(.constdata)
    timer_systick_id                         0x00029e30   Data           4  main.o(.constdata)
    default_config                           0x00029e34   Data           4  main.o(.constdata)
    .constdata                               0x00029e48   Section       22  nrf_ble_gatt.o(.constdata)
    .constdata                               0x00029e60   Section       16  cambien_service.o(.constdata)
    .constdata                               0x00029e70   Section        4  nrfx_gpiote.o(.constdata)
    .constdata                               0x00029e80   Section        6  nrfx_saadc.o(.constdata)
    delay_machine_code                       0x00029e80   Data           6  nrfx_saadc.o(.constdata)
    .constdata                               0x00029e88   Section       20  app_timer2.o(.constdata)
    m_req_fifo                               0x00029e88   Data           4  app_timer2.o(.constdata)
    m_app_timer_sortlist                     0x00029e90   Data          12  app_timer2.o(.constdata)
    .constdata                               0x00029ea0   Section        6  drv_rtc.o(.constdata)
    delay_machine_code                       0x00029ea0   Data           6  drv_rtc.o(.constdata)
    .constdata                               0x00029ea8   Section       24  nrf_pwr_mgmt.o(.constdata)
    pwr_mgmt_data_array                      0x00029ea8   Data          24  nrf_pwr_mgmt.o(.constdata)
    .constdata                               0x00029ec0   Section       12  nrf_pwr_mgmt.o(.constdata)
    pwr_mgmt_data                            0x00029ec0   Data          12  nrf_pwr_mgmt.o(.constdata)
    .constdata                               0x00029ecc   Section      316  nrf_strerror.o(.constdata)
    m_unknown_str                            0x00029ecc   Data          19  nrf_strerror.o(.constdata)
    nrf_strerror_array                       0x00029ee0   Data         296  nrf_strerror.o(.constdata)
    .constdata                               0x0002a008   Section       12  nrf_log_frontend.o(.constdata)
    m_log_push_ringbuf                       0x0002a008   Data          12  nrf_log_frontend.o(.constdata)
    .constdata                               0x0002a014   Section       16  nrf_sdh.o(.constdata)
    sdh_req_observers_array                  0x0002a014   Data          16  nrf_sdh.o(.constdata)
    .constdata                               0x0002a024   Section       40  nrf_sdh.o(.constdata)
    sdh_req_observers                        0x0002a028   Data          12  nrf_sdh.o(.constdata)
    sdh_state_observers                      0x0002a034   Data          12  nrf_sdh.o(.constdata)
    sdh_stack_observers                      0x0002a040   Data          12  nrf_sdh.o(.constdata)
    .constdata                               0x0002a04c   Section       16  nrf_sdh.o(.constdata)
    sdh_state_observers_array                0x0002a04c   Data          16  nrf_sdh.o(.constdata)
    .constdata                               0x0002a05c   Section       16  nrf_sdh.o(.constdata)
    sdh_stack_observers_array                0x0002a05c   Data          16  nrf_sdh.o(.constdata)
    .constdata                               0x0002a06c   Section       32  nrf_sdh_ble.o(.constdata)
    sdh_ble_observers_array                  0x0002a06c   Data          32  nrf_sdh_ble.o(.constdata)
    .constdata                               0x0002a08c   Section       16  nrf_sdh_ble.o(.constdata)
    sdh_ble_observers                        0x0002a090   Data          12  nrf_sdh_ble.o(.constdata)
    .constdata                               0x0002a09c   Section       16  nrf_sdh_soc.o(.constdata)
    sdh_soc_observers_array                  0x0002a09c   Data          16  nrf_sdh_soc.o(.constdata)
    .constdata                               0x0002a0ac   Section       12  nrf_sdh_soc.o(.constdata)
    sdh_soc_observers                        0x0002a0ac   Data          12  nrf_sdh_soc.o(.constdata)
    .conststring                             0x0002a0b8   Section      162  nrf_ble_gatt.o(.conststring)
    .conststring                             0x0002a15c   Section     1003  nrf_strerror.o(.conststring)
    .conststring                             0x0002a548   Section      392  nrf_sdh_ble.o(.conststring)
    .conststrlit                             0x0002a6d0   Section       13  nrf_ble_gatt.o(.conststrlit)
    .conststrlit                             0x0002a6e0   Section        6  nrf_drv_clock.o(.conststrlit)
    .conststrlit                             0x0002a6e8   Section        6  nrfx_clock.o(.conststrlit)
    .conststrlit                             0x0002a6f0   Section        7  nrfx_gpiote.o(.conststrlit)
    .conststrlit                             0x0002a6f8   Section        4  nrfx_prs.o(.conststrlit)
    .conststrlit                             0x0002a6fc   Section        5  nrfx_uart.o(.conststrlit)
    .conststrlit                             0x0002a704   Section        6  nrfx_uarte.o(.conststrlit)
    .conststrlit                             0x0002a70c   Section        6  nrfx_saadc.o(.conststrlit)
    .conststrlit                             0x0002a714   Section       11  app_button.o(.conststrlit)
    .conststrlit                             0x0002a720   Section       10  app_timer2.o(.conststrlit)
    .conststrlit                             0x0002a72c   Section        9  nrf_pwr_mgmt.o(.conststrlit)
    .conststrlit                             0x0002a738   Section        9  nrf_sortlist.o(.conststrlit)
    .conststrlit                             0x0002a744   Section        4  nrf_log_frontend.o(.conststrlit)
    .conststrlit                             0x0002a748   Section        8  nrf_sdh.o(.conststrlit)
    .conststrlit                             0x0002a750   Section       12  nrf_sdh_ble.o(.conststrlit)
    .conststrlit                             0x0002a75c   Section       12  nrf_sdh_soc.o(.conststrlit)
    log_const_data                           0x0002a788   Section        8  nrf_ble_gatt.o(log_const_data)
    __tagsym$$used                           0x0002a788   Number         0  nrf_ble_gatt.o(log_const_data)
    log_const_data                           0x0002a790   Section        8  nrf_drv_clock.o(log_const_data)
    __tagsym$$used                           0x0002a790   Number         0  nrf_drv_clock.o(log_const_data)
    log_const_data                           0x0002a798   Section        8  nrfx_clock.o(log_const_data)
    __tagsym$$used                           0x0002a798   Number         0  nrfx_clock.o(log_const_data)
    log_const_data                           0x0002a7a0   Section        8  nrfx_gpiote.o(log_const_data)
    __tagsym$$used                           0x0002a7a0   Number         0  nrfx_gpiote.o(log_const_data)
    log_const_data                           0x0002a7a8   Section        8  nrfx_prs.o(log_const_data)
    __tagsym$$used                           0x0002a7a8   Number         0  nrfx_prs.o(log_const_data)
    log_const_data                           0x0002a7b0   Section        8  nrfx_uart.o(log_const_data)
    __tagsym$$used                           0x0002a7b0   Number         0  nrfx_uart.o(log_const_data)
    log_const_data                           0x0002a7b8   Section        8  nrfx_uarte.o(log_const_data)
    __tagsym$$used                           0x0002a7b8   Number         0  nrfx_uarte.o(log_const_data)
    log_const_data                           0x0002a7c0   Section        8  nrfx_saadc.o(log_const_data)
    __tagsym$$used                           0x0002a7c0   Number         0  nrfx_saadc.o(log_const_data)
    log_const_data                           0x0002a7c8   Section        8  app_button.o(log_const_data)
    __tagsym$$used                           0x0002a7c8   Number         0  app_button.o(log_const_data)
    log_const_data                           0x0002a7d0   Section        8  app_timer2.o(log_const_data)
    __tagsym$$used                           0x0002a7d0   Number         0  app_timer2.o(log_const_data)
    log_const_data                           0x0002a7d8   Section        8  nrf_pwr_mgmt.o(log_const_data)
    __tagsym$$used                           0x0002a7d8   Number         0  nrf_pwr_mgmt.o(log_const_data)
    log_const_data                           0x0002a7e0   Section        8  nrf_sortlist.o(log_const_data)
    __tagsym$$used                           0x0002a7e0   Number         0  nrf_sortlist.o(log_const_data)
    log_const_data                           0x0002a7e8   Section        8  nrf_log_frontend.o(log_const_data)
    __tagsym$$used                           0x0002a7e8   Number         0  nrf_log_frontend.o(log_const_data)
    log_const_data                           0x0002a7f0   Section        8  nrf_sdh.o(log_const_data)
    __tagsym$$used                           0x0002a7f0   Number         0  nrf_sdh.o(log_const_data)
    log_const_data                           0x0002a7f8   Section        8  nrf_sdh_ble.o(log_const_data)
    __tagsym$$used                           0x0002a7f8   Number         0  nrf_sdh_ble.o(log_const_data)
    log_const_data                           0x0002a800   Section        8  nrf_sdh_soc.o(log_const_data)
    __tagsym$$used                           0x0002a800   Number         0  nrf_sdh_soc.o(log_const_data)
    nrf_balloc                               0x0002a808   Section       20  nrf_log_frontend.o(nrf_balloc)
    __tagsym$$used                           0x0002a808   Number         0  nrf_log_frontend.o(nrf_balloc)
    sdh_ble_observers0                       0x0002a81c   Section        8  ble_conn_state.o(sdh_ble_observers0)
    __tagsym$$used                           0x0002a81c   Number         0  ble_conn_state.o(sdh_ble_observers0)
    m_ble_evt_observer                       0x0002a81c   Data           8  ble_conn_state.o(sdh_ble_observers0)
    sdh_ble_observers1                       0x0002a824   Section        8  main.o(sdh_ble_observers1)
    __tagsym$$used                           0x0002a824   Number         0  main.o(sdh_ble_observers1)
    m_gatt_obs                               0x0002a824   Data           8  main.o(sdh_ble_observers1)
    sdh_ble_observers1                       0x0002a82c   Section        8  ble_conn_params.o(sdh_ble_observers1)
    __tagsym$$used                           0x0002a82c   Number         0  ble_conn_params.o(sdh_ble_observers1)
    m_ble_observer                           0x0002a82c   Data           8  ble_conn_params.o(sdh_ble_observers1)
    sdh_ble_observers2                       0x0002a834   Section        8  main.o(sdh_ble_observers2)
    __tagsym$$used                           0x0002a834   Number         0  main.o(sdh_ble_observers2)
    m_cb_obs                                 0x0002a834   Data           8  main.o(sdh_ble_observers2)
    sdh_ble_observers3                       0x0002a83c   Section        8  main.o(sdh_ble_observers3)
    __tagsym$$used                           0x0002a83c   Number         0  main.o(sdh_ble_observers3)
    m_ble_observer                           0x0002a83c   Data           8  main.o(sdh_ble_observers3)
    sdh_soc_observers0                       0x0002a844   Section        8  nrf_drv_clock.o(sdh_soc_observers0)
    __tagsym$$used                           0x0002a844   Number         0  nrf_drv_clock.o(sdh_soc_observers0)
    m_soc_evt_observer                       0x0002a844   Data           8  nrf_drv_clock.o(sdh_soc_observers0)
    sdh_stack_observers0                     0x0002a84c   Section        8  nrf_sdh_ble.o(sdh_stack_observers0)
    __tagsym$$used                           0x0002a84c   Number         0  nrf_sdh_ble.o(sdh_stack_observers0)
    m_nrf_sdh_ble_evts_poll                  0x0002a84c   Data           8  nrf_sdh_ble.o(sdh_stack_observers0)
    sdh_stack_observers0                     0x0002a854   Section        8  nrf_sdh_soc.o(sdh_stack_observers0)
    __tagsym$$used                           0x0002a854   Number         0  nrf_sdh_soc.o(sdh_stack_observers0)
    m_nrf_sdh_soc_evts_poll                  0x0002a854   Data           8  nrf_sdh_soc.o(sdh_stack_observers0)
    sdh_state_observers0                     0x0002a85c   Section        8  nrf_drv_clock.o(sdh_state_observers0)
    __tagsym$$used                           0x0002a85c   Number         0  nrf_drv_clock.o(sdh_state_observers0)
    m_sd_state_observer                      0x0002a85c   Data           8  nrf_drv_clock.o(sdh_state_observers0)
    .data                                    0x200022f0   Section        4  system_nrf52.o(.data)
    __tagsym$$used                           0x200022f0   Number         0  system_nrf52.o(.data)
    .data                                    0x200022f4   Section       36  main.o(.data)
    m_adv_handle                             0x200022f4   Data           1  main.o(.data)
    m_saadc_initialized                      0x200022f6   Data           1  main.o(.data)
    m_conn_handle                            0x200022fe   Data           2  main.o(.data)
    m_buffer                                 0x20002300   Data           2  main.o(.data)
    m_adv_data                               0x20002308   Data          16  main.o(.data)
    .data                                    0x20002318   Section        8  ble_conn_params.o(.data)
    m_preferred_conn_params                  0x20002318   Data           8  ble_conn_params.o(.data)
    .data                                    0x20002320   Section        8  nrfx_clock.o(.data)
    m_clock_cb                               0x20002320   Data           8  nrfx_clock.o(.data)
    .data                                    0x20002328   Section        8  nrfx_prs.o(.data)
    m_prs_box_4                              0x20002328   Data           8  nrfx_prs.o(.data)
    .data                                    0x20002330   Section       32  app_timer2.o(.data)
    m_global_active                          0x20002330   Data           1  app_timer2.o(.data)
    mp_active_timer                          0x20002334   Data           4  app_timer2.o(.data)
    m_rtc_inst                               0x20002338   Data           8  app_timer2.o(.data)
    m_base_counter                           0x20002340   Data           8  app_timer2.o(.data)
    m_stamp64                                0x20002348   Data           8  app_timer2.o(.data)
    .data                                    0x20002350   Section        4  app_timer2.o(.data)
    m_app_timer_sortlist_sortlist_cb         0x20002350   Data           4  app_timer2.o(.data)
    .data                                    0x20002354   Section       12  drv_rtc.o(.data)
    m_handlers                               0x20002354   Data           4  drv_rtc.o(.data)
    m_cb                                     0x20002358   Data           8  drv_rtc.o(.data)
    .data                                    0x20002360   Section        8  nrf_pwr_mgmt.o(.data)
    m_pwr_mgmt_evt                           0x20002360   Data           1  nrf_pwr_mgmt.o(.data)
    m_shutdown_started                       0x20002361   Data           1  nrf_pwr_mgmt.o(.data)
    m_sysoff_mtx                             0x20002364   Data           4  nrf_pwr_mgmt.o(.data)
    .data                                    0x20002368   Section        8  nrf_log_frontend.o(.data)
    log_mempool_nrf_balloc_pool_stack        0x20002368   Data           8  nrf_log_frontend.o(.data)
    .data                                    0x20002370   Section        8  nrf_log_frontend.o(.data)
    log_mempool_nrf_balloc_cb                0x20002370   Data           8  nrf_log_frontend.o(.data)
    .data                                    0x20002378   Section        3  nrf_sdh.o(.data)
    m_nrf_sdh_enabled                        0x20002378   Data           1  nrf_sdh.o(.data)
    m_nrf_sdh_suspended                      0x20002379   Data           1  nrf_sdh.o(.data)
    m_nrf_sdh_continue                       0x2000237a   Data           1  nrf_sdh.o(.data)
    .data                                    0x2000237b   Section        1  nrf_sdh_ble.o(.data)
    m_stack_is_enabled                       0x2000237b   Data           1  nrf_sdh_ble.o(.data)
    .bss                                     0x20002380   Section       32  main.o(.bss)
    m_adc_id_data                            0x20002380   Data          32  main.o(.bss)
    .bss                                     0x200023a0   Section       32  main.o(.bss)
    timer_systick_id_data                    0x200023a0   Data          32  main.o(.bss)
    .bss                                     0x200023c0   Section       48  main.o(.bss)
    m_gatt                                   0x200023c0   Data          20  main.o(.bss)
    m_cb                                     0x200023d4   Data          28  main.o(.bss)
    .bss                                     0x200023f0   Section       31  main.o(.bss)
    m_enc_advdata                            0x200023f0   Data          31  main.o(.bss)
    .bss                                     0x2000240f   Section       31  main.o(.bss)
    m_enc_scan_response_data                 0x2000240f   Data          31  main.o(.bss)
    .bss                                     0x20002430   Section       80  ble_conn_params.o(.bss)
    m_timer_data                             0x20002430   Data          32  ble_conn_params.o(.bss)
    m_conn_params_instances                  0x20002450   Data          20  ble_conn_params.o(.bss)
    m_conn_params_config                     0x20002464   Data          28  ble_conn_params.o(.bss)
    .bss                                     0x20002480   Section      124  ble_conn_state.o(.bss)
    m_bcs                                    0x20002480   Data         124  ble_conn_state.o(.bss)
    .bss                                     0x200024fc   Section       20  nrf_drv_clock.o(.bss)
    m_clock_cb                               0x200024fc   Data          20  nrf_drv_clock.o(.bss)
    .bss                                     0x20002510   Section       92  nrfx_gpiote.o(.bss)
    m_cb                                     0x20002510   Data          92  nrfx_gpiote.o(.bss)
    .bss                                     0x2000256c   Section       48  nrfx_saadc.o(.bss)
    m_cb                                     0x2000256c   Data          48  nrfx_saadc.o(.bss)
    .bss                                     0x2000259c   Section       16  app_timer2.o(.bss)
    m_req_fifo_inst                          0x2000259c   Data          16  app_timer2.o(.bss)
    .bss                                     0x200025ac   Section       88  app_timer2.o(.bss)
    m_req_fifo_data                          0x200025ac   Data          88  app_timer2.o(.bss)
    .bss                                     0x20002604   Section       12  app_util_platform.o(.bss)
    .bss                                     0x20002610   Section       12  nrf_pwr_mgmt.o(.bss)
    m_handlers_iter                          0x20002610   Data          12  nrf_pwr_mgmt.o(.bss)
    .bss                                     0x2000261c   Section      192  nrf_log_frontend.o(.bss)
    log_mempool_nrf_balloc_pool_mem          0x2000261c   Data         192  nrf_log_frontend.o(.bss)
    .bss                                     0x200026dc   Section      128  nrf_log_frontend.o(.bss)
    m_log_push_ringbuf_buf                   0x200026dc   Data         128  nrf_log_frontend.o(.bss)
    .bss                                     0x2000275c   Section       24  nrf_log_frontend.o(.bss)
    m_log_push_ringbuf_cb                    0x2000275c   Data          24  nrf_log_frontend.o(.bss)
    .bss                                     0x20002774   Section     1060  nrf_log_frontend.o(.bss)
    m_log_data                               0x20002774   Data        1060  nrf_log_frontend.o(.bss)
    STACK                                    0x20002b98   Section     8192  arm_startup_nrf52.o(STACK)

    Global Symbols

    Symbol Name                              Value     Ov Type        Size  Object(Section)

    BuildAttributes$$THM_ISAv4$E$P$D$K$B$S$7EM$VFPi3$EXTD16$VFPS$VFMA$PE$A:L22UL41UL21$X:L11$S22US41US21$IEEE1$IW$USESV6$~STKCKD$USESV7$~SHL$OSPACE$EBA8$MICROLIB$REQ8$EABIv2 0x00000000   Number         0  anon$$obj.o ABSOLUTE
    __ARM_use_no_argv                        0x00000000   Number         0  main.o ABSOLUTE
    __use_no_errno                           0x00000000   Number         0  useno.o ABSOLUTE
    __use_no_exception_handling              0x00000000   Number         0  useno.o ABSOLUTE
    __use_no_fp                              0x00000000   Number         0  useno.o ABSOLUTE
    __use_no_heap                            0x00000000   Number         0  useno.o ABSOLUTE
    __use_no_heap_region                     0x00000000   Number         0  useno.o ABSOLUTE
    __use_no_semihosting                     0x00000000   Number         0  useno.o ABSOLUTE
    __use_no_semihosting_swi                 0x00000000   Number         0  useno.o ABSOLUTE
    __use_no_signal_handling                 0x00000000   Number         0  useno.o ABSOLUTE
    __cpp_initialize__aeabi_                  - Undefined Weak Reference
    __cxa_finalize                            - Undefined Weak Reference
    __decompress                              - Undefined Weak Reference
    _clock_init                               - Undefined Weak Reference
    _microlib_exit                            - Undefined Weak Reference
    log_dynamic_data$$Base                    - Undefined Reference
    pwr_mgmt_data0$$Base                      - Undefined Reference
    pwr_mgmt_data0$$Limit                     - Undefined Reference
    pwr_mgmt_data1$$Base                      - Undefined Reference
    pwr_mgmt_data1$$Limit                     - Undefined Reference
    pwr_mgmt_data2$$Base                      - Undefined Reference
    pwr_mgmt_data2$$Limit                     - Undefined Reference
    sdh_req_observers0$$Base                  - Undefined Reference
    sdh_req_observers0$$Limit                 - Undefined Reference
    sdh_req_observers1$$Base                  - Undefined Reference
    sdh_req_observers1$$Limit                 - Undefined Reference
    sdh_soc_observers1$$Base                  - Undefined Reference
    sdh_soc_observers1$$Limit                 - Undefined Reference
    sdh_stack_observers1$$Base                - Undefined Reference
    sdh_stack_observers1$$Limit               - Undefined Reference
    sdh_state_observers1$$Base                - Undefined Reference
    sdh_state_observers1$$Limit               - Undefined Reference
    __Vectors_Size                           0x00000200   Number         0  arm_startup_nrf52.o ABSOLUTE
    __Vectors                                0x00026000   Data           4  arm_startup_nrf52.o(RESET)
    __Vectors_End                            0x00026200   Data           0  arm_startup_nrf52.o(RESET)
    __main                                   0x00026201   Thumb Code     0  entry.o(.ARM.Collect$$$$00000000)
    _main_stk                                0x00026201   Thumb Code     0  entry2.o(.ARM.Collect$$$$00000001)
    _main_scatterload                        0x00026205   Thumb Code     0  entry5.o(.ARM.Collect$$$$00000004)
    __main_after_scatterload                 0x00026209   Thumb Code     0  entry5.o(.ARM.Collect$$$$00000004)
    _main_clock                              0x00026209   Thumb Code     0  entry7b.o(.ARM.Collect$$$$00000008)
    _main_cpp_init                           0x00026209   Thumb Code     0  entry8b.o(.ARM.Collect$$$$0000000A)
    _main_init                               0x00026209   Thumb Code     0  entry9a.o(.ARM.Collect$$$$0000000B)
    __rt_final_cpp                           0x00026211   Thumb Code     0  entry10a.o(.ARM.Collect$$$$0000000D)
    __rt_final_exit                          0x00026211   Thumb Code     0  entry11a.o(.ARM.Collect$$$$0000000F)
    __asm___12_nrf_atfifo_c_51f461e1__nrf_atfifo_wspace_req 0x00026215   Thumb Code    56  nrf_atfifo.o(.emb_text)
    __asm___12_nrf_atfifo_c_51f461e1__nrf_atfifo_wspace_close 0x0002624d   Thumb Code    18  nrf_atfifo.o(.emb_text)
    __asm___12_nrf_atfifo_c_51f461e1__nrf_atfifo_rspace_req 0x0002625f   Thumb Code    58  nrf_atfifo.o(.emb_text)
    __asm___12_nrf_atfifo_c_51f461e1__nrf_atfifo_rspace_close 0x00026299   Thumb Code    18  nrf_atfifo.o(.emb_text)
    __asm___12_nrf_atfifo_c_51f461e1__nrf_atfifo_space_clear 0x000262ab   Thumb Code    50  nrf_atfifo.o(.emb_text)
    __asm___12_nrf_atomic_c_85ca2469__nrf_atomic_internal_mov 0x000262dd   Thumb Code    24  nrf_atomic.o(.emb_text)
    __asm___12_nrf_atomic_c_85ca2469__nrf_atomic_internal_orr 0x000262f5   Thumb Code    26  nrf_atomic.o(.emb_text)
    __asm___12_nrf_atomic_c_85ca2469__nrf_atomic_internal_and 0x0002630f   Thumb Code    26  nrf_atomic.o(.emb_text)
    __asm___12_nrf_atomic_c_85ca2469__nrf_atomic_internal_eor 0x00026329   Thumb Code    26  nrf_atomic.o(.emb_text)
    __asm___12_nrf_atomic_c_85ca2469__nrf_atomic_internal_add 0x00026343   Thumb Code    26  nrf_atomic.o(.emb_text)
    __asm___12_nrf_atomic_c_85ca2469__nrf_atomic_internal_sub 0x0002635d   Thumb Code    26  nrf_atomic.o(.emb_text)
    __asm___12_nrf_atomic_c_85ca2469__nrf_atomic_internal_cmp_exch 0x00026377   Thumb Code    42  nrf_atomic.o(.emb_text)
    __asm___12_nrf_atomic_c_85ca2469__nrf_atomic_internal_sub_hs 0x000263a1   Thumb Code    30  nrf_atomic.o(.emb_text)
    Reset_Handler                            0x000263c1   Thumb Code     8  arm_startup_nrf52.o(.text)
    NMI_Handler                              0x000263c9   Thumb Code     2  arm_startup_nrf52.o(.text)
    HardFault_Handler                        0x000263cb   Thumb Code     2  arm_startup_nrf52.o(.text)
    MemoryManagement_Handler                 0x000263cd   Thumb Code     2  arm_startup_nrf52.o(.text)
    BusFault_Handler                         0x000263cf   Thumb Code     2  arm_startup_nrf52.o(.text)
    UsageFault_Handler                       0x000263d1   Thumb Code     2  arm_startup_nrf52.o(.text)
    SVC_Handler                              0x000263d3   Thumb Code     2  arm_startup_nrf52.o(.text)
    DebugMon_Handler                         0x000263d5   Thumb Code     2  arm_startup_nrf52.o(.text)
    PendSV_Handler                           0x000263d7   Thumb Code     2  arm_startup_nrf52.o(.text)
    SysTick_Handler                          0x000263d9   Thumb Code     2  arm_startup_nrf52.o(.text)
    CCM_AAR_IRQHandler                       0x000263db   Thumb Code     0  arm_startup_nrf52.o(.text)
    COMP_LPCOMP_IRQHandler                   0x000263db   Thumb Code     0  arm_startup_nrf52.o(.text)
    ECB_IRQHandler                           0x000263db   Thumb Code     0  arm_startup_nrf52.o(.text)
    FPU_IRQHandler                           0x000263db   Thumb Code     0  arm_startup_nrf52.o(.text)
    I2S_IRQHandler                           0x000263db   Thumb Code     0  arm_startup_nrf52.o(.text)
    MWU_IRQHandler                           0x000263db   Thumb Code     0  arm_startup_nrf52.o(.text)
    NFCT_IRQHandler                          0x000263db   Thumb Code     0  arm_startup_nrf52.o(.text)
    PDM_IRQHandler                           0x000263db   Thumb Code     0  arm_startup_nrf52.o(.text)
    PWM0_IRQHandler                          0x000263db   Thumb Code     0  arm_startup_nrf52.o(.text)
    PWM1_IRQHandler                          0x000263db   Thumb Code     0  arm_startup_nrf52.o(.text)
    PWM2_IRQHandler                          0x000263db   Thumb Code     0  arm_startup_nrf52.o(.text)
    QDEC_IRQHandler                          0x000263db   Thumb Code     0  arm_startup_nrf52.o(.text)
    RADIO_IRQHandler                         0x000263db   Thumb Code     0  arm_startup_nrf52.o(.text)
    RNG_IRQHandler                           0x000263db   Thumb Code     0  arm_startup_nrf52.o(.text)
    RTC0_IRQHandler                          0x000263db   Thumb Code     0  arm_startup_nrf52.o(.text)
    RTC2_IRQHandler                          0x000263db   Thumb Code     0  arm_startup_nrf52.o(.text)
    SPIM0_SPIS0_TWIM0_TWIS0_SPI0_TWI0_IRQHandler 0x000263db   Thumb Code     0  arm_startup_nrf52.o(.text)
    SPIM1_SPIS1_TWIM1_TWIS1_SPI1_TWI1_IRQHandler 0x000263db   Thumb Code     0  arm_startup_nrf52.o(.text)
    SPIM2_SPIS2_SPI2_IRQHandler              0x000263db   Thumb Code     0  arm_startup_nrf52.o(.text)
    SWI0_EGU0_IRQHandler                     0x000263db   Thumb Code     0  arm_startup_nrf52.o(.text)
    SWI1_EGU1_IRQHandler                     0x000263db   Thumb Code     0  arm_startup_nrf52.o(.text)
    SWI3_EGU3_IRQHandler                     0x000263db   Thumb Code     0  arm_startup_nrf52.o(.text)
    SWI4_EGU4_IRQHandler                     0x000263db   Thumb Code     0  arm_startup_nrf52.o(.text)
    SWI5_EGU5_IRQHandler                     0x000263db   Thumb Code     0  arm_startup_nrf52.o(.text)
    TEMP_IRQHandler                          0x000263db   Thumb Code     0  arm_startup_nrf52.o(.text)
    TIMER0_IRQHandler                        0x000263db   Thumb Code     0  arm_startup_nrf52.o(.text)
    TIMER1_IRQHandler                        0x000263db   Thumb Code     0  arm_startup_nrf52.o(.text)
    TIMER2_IRQHandler                        0x000263db   Thumb Code     0  arm_startup_nrf52.o(.text)
    TIMER3_IRQHandler                        0x000263db   Thumb Code     0  arm_startup_nrf52.o(.text)
    TIMER4_IRQHandler                        0x000263db   Thumb Code     0  arm_startup_nrf52.o(.text)
    WDT_IRQHandler                           0x000263db   Thumb Code     0  arm_startup_nrf52.o(.text)
    __aeabi_memcpy                           0x000263e5   Thumb Code    36  memcpya.o(.text)
    __aeabi_memcpy4                          0x000263e5   Thumb Code     0  memcpya.o(.text)
    __aeabi_memcpy8                          0x000263e5   Thumb Code     0  memcpya.o(.text)
    __aeabi_memset                           0x00026409   Thumb Code    14  memseta.o(.text)
    __aeabi_memset4                          0x00026409   Thumb Code     0  memseta.o(.text)
    __aeabi_memset8                          0x00026409   Thumb Code     0  memseta.o(.text)
    __aeabi_memclr                           0x00026417   Thumb Code     4  memseta.o(.text)
    __aeabi_memclr4                          0x00026417   Thumb Code     0  memseta.o(.text)
    __aeabi_memclr8                          0x00026417   Thumb Code     0  memseta.o(.text)
    _memset$wrapper                          0x0002641b   Thumb Code    18  memseta.o(.text)
    __scatterload                            0x0002642d   Thumb Code    28  init.o(.text)
    __scatterload_rt2                        0x0002642d   Thumb Code     0  init.o(.text)
    GPIOTE_IRQHandler                        0x00026451   Thumb Code   346  nrfx_gpiote.o(i.GPIOTE_IRQHandler)
    POWER_CLOCK_IRQHandler                   0x000265b5   Thumb Code    82  nrfx_clock.o(i.POWER_CLOCK_IRQHandler)
    RTC1_IRQHandler                          0x0002660d   Thumb Code    12  drv_rtc.o(i.RTC1_IRQHandler)
    SAADC_IRQHandler                         0x0002661d   Thumb Code   320  nrfx_saadc.o(i.SAADC_IRQHandler)
    SWI2_EGU2_IRQHandler                     0x00026765   Thumb Code     4  nrf_sdh.o(i.SWI2_EGU2_IRQHandler)
    SystemInit                               0x00026769   Thumb Code   726  system_nrf52.o(i.SystemInit)
    UARTE0_UART0_IRQHandler                  0x00026a85   Thumb Code     6  nrfx_prs.o(i.UARTE0_UART0_IRQHandler)
    __scatterload_copy                       0x00026a91   Thumb Code    14  handlers.o(i.__scatterload_copy)
    __scatterload_null                       0x00026a9f   Thumb Code     2  handlers.o(i.__scatterload_null)
    __scatterload_zeroinit                   0x00026aa1   Thumb Code    14  handlers.o(i.__scatterload_zeroinit)
    app_error_fault_handler                  0x00026ba9   Thumb Code    86  app_error_weak.o(i.app_error_fault_handler)
    app_error_handler_bare                   0x00026c2d   Thumb Code    22  app_error.o(i.app_error_handler_bare)
    app_timer_cnt_get                        0x00026c45   Thumb Code     6  app_timer2.o(i.app_timer_cnt_get)
    app_timer_create                         0x00026c51   Thumb Code    22  app_timer2.o(i.app_timer_create)
    app_timer_init                           0x00026c69   Thumb Code    70  app_timer2.o(i.app_timer_init)
    app_timer_start                          0x00026cc5   Thumb Code    48  app_timer2.o(i.app_timer_start)
    app_timer_stop                           0x00026cf5   Thumb Code    12  app_timer2.o(i.app_timer_stop)
    app_util_critical_region_enter           0x00026d01   Thumb Code    64  app_util_platform.o(i.app_util_critical_region_enter)
    app_util_critical_region_exit            0x00026d49   Thumb Code    46  app_util_platform.o(i.app_util_critical_region_exit)
    ble_advdata_encode                       0x00026d7d   Thumb Code   386  ble_advdata.o(i.ble_advdata_encode)
    ble_cb_ADC_change                        0x00026eff   Thumb Code    46  cambien_service.o(i.ble_cb_ADC_change)
    ble_cb_chuyendong_change                 0x00026f2d   Thumb Code    46  cambien_service.o(i.ble_cb_chuyendong_change)
    ble_cb_init                              0x00026f5d   Thumb Code   252  cambien_service.o(i.ble_cb_init)
    ble_cb_on_ble_evt                        0x0002705d   Thumb Code     2  cambien_service.o(i.ble_cb_on_ble_evt)
    ble_cb_tu_change                         0x0002705f   Thumb Code    46  cambien_service.o(i.ble_cb_tu_change)
    ble_conn_params_init                     0x0002708d   Thumb Code    90  ble_conn_params.o(i.ble_conn_params_init)
    ble_srv_is_notification_enabled          0x00027445   Thumb Code     8  ble_srv_common.o(i.ble_srv_is_notification_enabled)
    buffer_is_empty                          0x000274dd   Thumb Code    16  nrf_log_frontend.o(i.buffer_is_empty)
    characteristic_add                       0x00027565   Thumb Code   400  ble_srv_common.o(i.characteristic_add)
    check_error_ble                          0x000276f5   Thumb Code    30  cambien_service.o(i.check_error_ble)
    conn_handle_list_get                     0x00027771   Thumb Code    62  ble_conn_state.o(i.conn_handle_list_get)
    drv_rtc_compare_disable                  0x00027959   Thumb Code    20  drv_rtc.o(i.drv_rtc_compare_disable)
    drv_rtc_compare_pending                  0x0002796d   Thumb Code    14  drv_rtc.o(i.drv_rtc_compare_pending)
    drv_rtc_compare_set                      0x0002797b   Thumb Code    80  drv_rtc.o(i.drv_rtc_compare_set)
    drv_rtc_counter_get                      0x000279cb   Thumb Code     8  drv_rtc.o(i.drv_rtc_counter_get)
    drv_rtc_init                             0x000279d5   Thumb Code   144  drv_rtc.o(i.drv_rtc_init)
    drv_rtc_irq_trigger                      0x00027aa9   Thumb Code    26  drv_rtc.o(i.drv_rtc_irq_trigger)
    drv_rtc_overflow_enable                  0x00027ac3   Thumb Code     8  drv_rtc.o(i.drv_rtc_overflow_enable)
    drv_rtc_overflow_pending                 0x00027acb   Thumb Code     8  drv_rtc.o(i.drv_rtc_overflow_pending)
    drv_rtc_start                            0x00027ad3   Thumb Code     8  drv_rtc.o(i.drv_rtc_start)
    drv_rtc_stop                             0x00027adb   Thumb Code     8  drv_rtc.o(i.drv_rtc_stop)
    drv_rtc_windowed_compare_set             0x00027ae3   Thumb Code   222  drv_rtc.o(i.drv_rtc_windowed_compare_set)
    in_out1_handler                          0x00027c25   Thumb Code    48  main.o(i.in_out1_handler)
    in_out2_handler                          0x00027c69   Thumb Code    48  main.o(i.in_out2_handler)
    in_tu_handler                            0x00027cad   Thumb Code    62  main.o(i.in_tu_handler)
    interrupt_init                           0x00027d2d   Thumb Code    22  main.o(i.interrupt_init)
    main                                     0x00027e6d   Thumb Code   358  main.o(i.main)
    nrf_atfifo_init                          0x0002819d   Thumb Code    38  nrf_atfifo.o(i.nrf_atfifo_init)
    nrf_atfifo_item_alloc                    0x000281c3   Thumb Code    22  nrf_atfifo.o(i.nrf_atfifo_item_alloc)
    nrf_atfifo_item_free                     0x000281d9   Thumb Code    22  nrf_atfifo.o(i.nrf_atfifo_item_free)
    nrf_atfifo_item_get                      0x000281ef   Thumb Code    22  nrf_atfifo.o(i.nrf_atfifo_item_get)
    nrf_atfifo_item_put                      0x00028205   Thumb Code    22  nrf_atfifo.o(i.nrf_atfifo_item_put)
    nrf_atflags_clear                        0x0002821b   Thumb Code    22  nrf_atflags.o(i.nrf_atflags_clear)
    nrf_atflags_get                          0x00028231   Thumb Code    22  nrf_atflags.o(i.nrf_atflags_get)
    nrf_atflags_set                          0x00028247   Thumb Code    20  nrf_atflags.o(i.nrf_atflags_set)
    nrf_atomic_flag_clear_fetch              0x0002825b   Thumb Code     6  nrf_atomic.o(i.nrf_atomic_flag_clear_fetch)
    nrf_atomic_flag_set                      0x00028261   Thumb Code     6  nrf_atomic.o(i.nrf_atomic_flag_set)
    nrf_atomic_u32_add                       0x00028267   Thumb Code    12  nrf_atomic.o(i.nrf_atomic_u32_add)
    nrf_atomic_u32_and                       0x00028273   Thumb Code    12  nrf_atomic.o(i.nrf_atomic_u32_and)
    nrf_atomic_u32_fetch_and                 0x0002827f   Thumb Code    10  nrf_atomic.o(i.nrf_atomic_u32_fetch_and)
    nrf_atomic_u32_fetch_store               0x00028289   Thumb Code    10  nrf_atomic.o(i.nrf_atomic_u32_fetch_store)
    nrf_atomic_u32_or                        0x00028293   Thumb Code    12  nrf_atomic.o(i.nrf_atomic_u32_or)
    nrf_atomic_u32_sub                       0x0002829f   Thumb Code    12  nrf_atomic.o(i.nrf_atomic_u32_sub)
    nrf_balloc_alloc                         0x000282ab   Thumb Code    68  nrf_balloc.o(i.nrf_balloc_alloc)
    nrf_balloc_free                          0x000282ef   Thumb Code    48  nrf_balloc.o(i.nrf_balloc_free)
    nrf_balloc_init                          0x0002831f   Thumb Code    48  nrf_balloc.o(i.nrf_balloc_init)
    nrf_ble_gatt_init                        0x00028373   Thumb Code    34  nrf_ble_gatt.o(i.nrf_ble_gatt_init)
    nrf_ble_gatt_on_ble_evt                  0x00028395   Thumb Code   270  nrf_ble_gatt.o(i.nrf_ble_gatt_on_ble_evt)
    nrf_drv_clock_init                       0x00028505   Thumb Code    48  nrf_drv_clock.o(i.nrf_drv_clock_init)
    nrf_drv_clock_lfclk_release              0x0002853d   Thumb Code    42  nrf_drv_clock.o(i.nrf_drv_clock_lfclk_release)
    nrf_log_default_backends_init            0x00028601   Thumb Code     2  nrf_log_default_backends.o(i.nrf_log_default_backends_init)
    nrf_log_frontend_dequeue                 0x00028605   Thumb Code   528  nrf_log_frontend.o(i.nrf_log_frontend_dequeue)
    nrf_log_frontend_std_0                   0x00028839   Thumb Code     8  nrf_log_frontend.o(i.nrf_log_frontend_std_0)
    nrf_log_frontend_std_1                   0x00028841   Thumb Code    14  nrf_log_frontend.o(i.nrf_log_frontend_std_1)
    nrf_log_frontend_std_2                   0x0002884f   Thumb Code    16  nrf_log_frontend.o(i.nrf_log_frontend_std_2)
    nrf_log_init                             0x00028861   Thumb Code    46  nrf_log_frontend.o(i.nrf_log_init)
    nrf_log_panic                            0x0002889d   Thumb Code    38  nrf_log_frontend.o(i.nrf_log_panic)
    nrf_memobj_alloc                         0x000288c9   Thumb Code    96  nrf_memobj.o(i.nrf_memobj_alloc)
    nrf_memobj_free                          0x00028929   Thumb Code    50  nrf_memobj.o(i.nrf_memobj_free)
    nrf_memobj_get                           0x0002895b   Thumb Code     8  nrf_memobj.o(i.nrf_memobj_get)
    nrf_memobj_pool_init                     0x00028963   Thumb Code     4  nrf_memobj.o(i.nrf_memobj_pool_init)
    nrf_memobj_put                           0x00028967   Thumb Code    30  nrf_memobj.o(i.nrf_memobj_put)
    nrf_memobj_write                         0x00028985   Thumb Code    16  nrf_memobj.o(i.nrf_memobj_write)
    nrf_pwr_mgmt_init                        0x00028995   Thumb Code    28  nrf_pwr_mgmt.o(i.nrf_pwr_mgmt_init)
    nrf_pwr_mgmt_run                         0x000289bd   Thumb Code    64  nrf_pwr_mgmt.o(i.nrf_pwr_mgmt_run)
    nrf_ringbuf_init                         0x00028a01   Thumb Code    28  nrf_ringbuf.o(i.nrf_ringbuf_init)
    nrf_sdh_ble_app_ram_start_get            0x00028a81   Thumb Code    16  nrf_sdh_ble.o(i.nrf_sdh_ble_app_ram_start_get)
    nrf_sdh_ble_default_cfg_set              0x00028a95   Thumb Code   228  nrf_sdh_ble.o(i.nrf_sdh_ble_default_cfg_set)
    nrf_sdh_ble_enable                       0x00028b95   Thumb Code   116  nrf_sdh_ble.o(i.nrf_sdh_ble_enable)
    nrf_sdh_enable_request                   0x00028d21   Thumb Code   102  nrf_sdh.o(i.nrf_sdh_enable_request)
    nrf_sdh_evts_poll                        0x00028d95   Thumb Code    32  nrf_sdh.o(i.nrf_sdh_evts_poll)
    nrf_sdh_is_enabled                       0x00028db9   Thumb Code     6  nrf_sdh.o(i.nrf_sdh_is_enabled)
    nrf_section_iter_init                    0x00028e01   Thumb Code    10  nrf_section_iter.o(i.nrf_section_iter_init)
    nrf_section_iter_next                    0x00028e2f   Thumb Code    32  nrf_section_iter.o(i.nrf_section_iter_next)
    nrf_sortlist_add                         0x00028e4f   Thumb Code    34  nrf_sortlist.o(i.nrf_sortlist_add)
    nrf_sortlist_peek                        0x00028e71   Thumb Code     6  nrf_sortlist.o(i.nrf_sortlist_peek)
    nrf_sortlist_pop                         0x00028e77   Thumb Code    14  nrf_sortlist.o(i.nrf_sortlist_pop)
    nrf_sortlist_remove                      0x00028e85   Thumb Code    30  nrf_sortlist.o(i.nrf_sortlist_remove)
    nrf_strerror_find                        0x00028ea5   Thumb Code    52  nrf_strerror.o(i.nrf_strerror_find)
    nrf_strerror_get                         0x00028edd   Thumb Code    14  nrf_strerror.o(i.nrf_strerror_get)
    nrfx_clock_enable                        0x00028ef1   Thumb Code    34  nrfx_clock.o(i.nrfx_clock_enable)
    nrfx_clock_init                          0x00028f1d   Thumb Code    26  nrfx_clock.o(i.nrfx_clock_init)
    nrfx_clock_lfclk_stop                    0x00028f3d   Thumb Code    20  nrfx_clock.o(i.nrfx_clock_lfclk_stop)
    nrfx_gpiote_in_event_enable              0x00028f79   Thumb Code   156  nrfx_gpiote.o(i.nrfx_gpiote_in_event_enable)
    nrfx_gpiote_in_init                      0x0002901d   Thumb Code   194  nrfx_gpiote.o(i.nrfx_gpiote_in_init)
    nrfx_gpiote_init                         0x000290ed   Thumb Code    94  nrfx_gpiote.o(i.nrfx_gpiote_init)
    nrfx_saadc_buffer_convert                0x00029159   Thumb Code   154  nrfx_saadc.o(i.nrfx_saadc_buffer_convert)
    nrfx_saadc_channel_init                  0x000291fd   Thumb Code   160  nrfx_saadc.o(i.nrfx_saadc_channel_init)
    nrfx_saadc_channel_uninit                0x000292a9   Thumb Code    62  nrfx_saadc.o(i.nrfx_saadc_channel_uninit)
    nrfx_saadc_init                          0x000292ed   Thumb Code   130  nrfx_saadc.o(i.nrfx_saadc_init)
    nrfx_saadc_limits_set                    0x00029381   Thumb Code   120  nrfx_saadc.o(i.nrfx_saadc_limits_set)
    nrfx_saadc_sample                        0x00029401   Thumb Code    34  nrfx_saadc.o(i.nrfx_saadc_sample)
    nrfx_saadc_uninit                        0x0002942d   Thumb Code    94  nrfx_saadc.o(i.nrfx_saadc_uninit)
    out1_interrupt_init                      0x00029609   Thumb Code    46  main.o(i.out1_interrupt_init)
    out2_interrupt_init                      0x0002963d   Thumb Code    46  main.o(i.out2_interrupt_init)
    saadc_callback                           0x000297d5   Thumb Code    80  main.o(i.saadc_callback)
    saadc_init                               0x0002983d   Thumb Code    66  main.o(i.saadc_init)
    systick_handle                           0x00029b09   Thumb Code    10  main.o(i.systick_handle)
    task_adc                                 0x00029b19   Thumb Code    34  main.o(i.task_adc)
    task_chuyendong                          0x00029b45   Thumb Code    60  main.o(i.task_chuyendong)
    task_tu                                  0x00029b89   Thumb Code    30  main.o(i.task_tu)
    tu_interrupt_init                        0x00029cb9   Thumb Code    44  main.o(i.tu_interrupt_init)
    m_ram_start                              0x0002a08c   Data           4  nrf_sdh_ble.o(.constdata)
    Region$$Table$$Base                      0x0002a768   Number         0  anon$$obj.o(Region$$Table)
    Region$$Table$$Limit                     0x0002a788   Number         0  anon$$obj.o(Region$$Table)
    log_const_data$$Base                     0x0002a788   Number         0  nrf_ble_gatt.o(log_const_data)
    m_nrf_log_nrf_ble_gatt_logs_data_const   0x0002a788   Data           8  nrf_ble_gatt.o(log_const_data)
    m_nrf_log_clock_logs_data_const          0x0002a790   Data           8  nrf_drv_clock.o(log_const_data)
    m_nrf_log_CLOCK_logs_data_const          0x0002a798   Data           8  nrfx_clock.o(log_const_data)
    m_nrf_log_GPIOTE_logs_data_const         0x0002a7a0   Data           8  nrfx_gpiote.o(log_const_data)
    m_nrf_log_PRS_logs_data_const            0x0002a7a8   Data           8  nrfx_prs.o(log_const_data)
    m_nrf_log_UART_logs_data_const           0x0002a7b0   Data           8  nrfx_uart.o(log_const_data)
    m_nrf_log_UARTE_logs_data_const          0x0002a7b8   Data           8  nrfx_uarte.o(log_const_data)
    m_nrf_log_SAADC_logs_data_const          0x0002a7c0   Data           8  nrfx_saadc.o(log_const_data)
    m_nrf_log_app_button_logs_data_const     0x0002a7c8   Data           8  app_button.o(log_const_data)
    m_nrf_log_app_timer_logs_data_const      0x0002a7d0   Data           8  app_timer2.o(log_const_data)
    m_nrf_log_pwr_mgmt_logs_data_const       0x0002a7d8   Data           8  nrf_pwr_mgmt.o(log_const_data)
    m_nrf_log_sortlist_logs_data_const       0x0002a7e0   Data           8  nrf_sortlist.o(log_const_data)
    m_nrf_log_app_logs_data_const            0x0002a7e8   Data           8  nrf_log_frontend.o(log_const_data)
    m_nrf_log_nrf_sdh_logs_data_const        0x0002a7f0   Data           8  nrf_sdh.o(log_const_data)
    m_nrf_log_nrf_sdh_ble_logs_data_const    0x0002a7f8   Data           8  nrf_sdh_ble.o(log_const_data)
    m_nrf_log_nrf_sdh_soc_logs_data_const    0x0002a800   Data           8  nrf_sdh_soc.o(log_const_data)
    log_const_data$$Limit                    0x0002a808   Number         0  nrf_sdh_soc.o(log_const_data)
    log_mempool                              0x0002a808   Data          20  nrf_log_frontend.o(nrf_balloc)
    sdh_ble_observers0$$Base                 0x0002a81c   Number         0  ble_conn_state.o(sdh_ble_observers0)
    sdh_ble_observers0$$Limit                0x0002a824   Number         0  ble_conn_state.o(sdh_ble_observers0)
    sdh_ble_observers1$$Base                 0x0002a824   Number         0  main.o(sdh_ble_observers1)
    sdh_ble_observers1$$Limit                0x0002a834   Number         0  ble_conn_params.o(sdh_ble_observers1)
    sdh_ble_observers2$$Base                 0x0002a834   Number         0  main.o(sdh_ble_observers2)
    sdh_ble_observers2$$Limit                0x0002a83c   Number         0  main.o(sdh_ble_observers2)
    sdh_ble_observers3$$Base                 0x0002a83c   Number         0  main.o(sdh_ble_observers3)
    sdh_ble_observers3$$Limit                0x0002a844   Number         0  main.o(sdh_ble_observers3)
    sdh_soc_observers0$$Base                 0x0002a844   Number         0  nrf_drv_clock.o(sdh_soc_observers0)
    sdh_soc_observers0$$Limit                0x0002a84c   Number         0  nrf_drv_clock.o(sdh_soc_observers0)
    sdh_stack_observers0$$Base               0x0002a84c   Number         0  nrf_sdh_ble.o(sdh_stack_observers0)
    sdh_stack_observers0$$Limit              0x0002a85c   Number         0  nrf_sdh_soc.o(sdh_stack_observers0)
    sdh_state_observers0$$Base               0x0002a85c   Number         0  nrf_drv_clock.o(sdh_state_observers0)
    sdh_state_observers0$$Limit              0x0002a864   Number         0  nrf_drv_clock.o(sdh_state_observers0)
    Image$$RW_IRAM1$$Base                    0x200022f0   Number         0  anon$$obj.o ABSOLUTE
    SystemCoreClock                          0x200022f0   Data           4  system_nrf52.o(.data)
    adc_flag                                 0x200022f5   Data           1  main.o(.data)
    TU_FLAG                                  0x200022f7   Data           1  main.o(.data)
    pir_pre_state                            0x200022f8   Data           1  main.o(.data)
    task_state                               0x200022f9   Data           1  main.o(.data)
    task_pre_state                           0x200022fa   Data           1  main.o(.data)
    pir_state                                0x200022fb   Data           1  main.o(.data)
    tu_logic_level                           0x200022fc   Data           1  main.o(.data)
    pir_analog_value                         0x20002302   Data           2  main.o(.data)
    sys_tick                                 0x20002304   Data           4  main.o(.data)
    nrf_nvic_state                           0x20002604   Data          12  app_util_platform.o(.bss)
    __initial_sp                             0x20004b98   Data           0  arm_startup_nrf52.o(STACK)



==============================================================================

Memory Map of the image

  Image Entry point : 0x00026201

  Load Region LR_IROM1 (Base: 0x00026000, Size: 0x000048f0, Max: 0x0005a000, ABSOLUTE)

    Execution Region ER_IROM1 (Exec base: 0x00026000, Load base: 0x00026000, Size: 0x00004864, Max: 0x0005a000, ABSOLUTE)

    Exec Addr    Load Addr    Size         Type   Attr      Idx    E Section Name        Object

    0x00026000   0x00026000   0x00000200   Data   RO            3    RESET               arm_startup_nrf52.o
    0x00026200   0x00026200   0x00000000   Code   RO         5080  * .ARM.Collect$$$$00000000  mc_w.l(entry.o)
    0x00026200   0x00026200   0x00000004   Code   RO         5132    .ARM.Collect$$$$00000001  mc_w.l(entry2.o)
    0x00026204   0x00026204   0x00000004   Code   RO         5135    .ARM.Collect$$$$00000004  mc_w.l(entry5.o)
    0x00026208   0x00026208   0x00000000   Code   RO         5137    .ARM.Collect$$$$00000008  mc_w.l(entry7b.o)
    0x00026208   0x00026208   0x00000000   Code   RO         5139    .ARM.Collect$$$$0000000A  mc_w.l(entry8b.o)
    0x00026208   0x00026208   0x00000008   Code   RO         5140    .ARM.Collect$$$$0000000B  mc_w.l(entry9a.o)
    0x00026210   0x00026210   0x00000000   Code   RO         5142    .ARM.Collect$$$$0000000D  mc_w.l(entry10a.o)
    0x00026210   0x00026210   0x00000000   Code   RO         5144    .ARM.Collect$$$$0000000F  mc_w.l(entry11a.o)
    0x00026210   0x00026210   0x00000004   Code   RO         5133    .ARM.Collect$$$$00002712  mc_w.l(entry2.o)
    0x00026214   0x00026214   0x000000c8   Code   RO         3444    .emb_text           nrf_atfifo.o
    0x000262dc   0x000262dc   0x000000e2   Code   RO         3580    .emb_text           nrf_atomic.o
    0x000263be   0x000263be   0x00000002   PAD
    0x000263c0   0x000263c0   0x00000024   Code   RO            4    .text               arm_startup_nrf52.o
    0x000263e4   0x000263e4   0x00000024   Code   RO         5118    .text               mc_w.l(memcpya.o)
    0x00026408   0x00026408   0x00000024   Code   RO         5120    .text               mc_w.l(memseta.o)
    0x0002642c   0x0002642c   0x00000024   Code   RO         5148    .text               mc_w.l(init.o)
    0x00026450   0x00026450   0x00000164   Code   RO         1914    i.GPIOTE_IRQHandler  nrfx_gpiote.o
    0x000265b4   0x000265b4   0x00000058   Code   RO         1776    i.POWER_CLOCK_IRQHandler  nrfx_clock.o
    0x0002660c   0x0002660c   0x00000010   Code   RO         3236    i.RTC1_IRQHandler   drv_rtc.o
    0x0002661c   0x0002661c   0x00000148   Code   RO         2585    i.SAADC_IRQHandler  nrfx_saadc.o
    0x00026764   0x00026764   0x00000004   Code   RO         4873    i.SWI2_EGU2_IRQHandler  nrf_sdh.o
    0x00026768   0x00026768   0x0000031c   Code   RO           14    i.SystemInit        system_nrf52.o
    0x00026a84   0x00026a84   0x0000000c   Code   RO         2183    i.UARTE0_UART0_IRQHandler  nrfx_prs.o
    0x00026a90   0x00026a90   0x0000000e   Code   RO         5152    i.__scatterload_copy  mc_w.l(handlers.o)
    0x00026a9e   0x00026a9e   0x00000002   Code   RO         5153    i.__scatterload_null  mc_w.l(handlers.o)
    0x00026aa0   0x00026aa0   0x0000000e   Code   RO         5154    i.__scatterload_zeroinit  mc_w.l(handlers.o)
    0x00026aae   0x00026aae   0x00000002   PAD
    0x00026ab0   0x00026ab0   0x00000024   Code   RO         4874    i.__sd_nvic_app_accessible_irq  nrf_sdh.o
    0x00026ad4   0x00026ad4   0x00000018   Code   RO           93    i.adc_handle_timer  main.o
    0x00026aec   0x00026aec   0x000000a4   Code   RO           94    i.advertising_init  main.o
    0x00026b90   0x00026b90   0x00000018   Code   RO           95    i.advertising_start  main.o
    0x00026ba8   0x00026ba8   0x00000084   Code   RO         2919    i.app_error_fault_handler  app_error_weak.o
    0x00026c2c   0x00026c2c   0x00000016   Code   RO         2859    i.app_error_handler_bare  app_error.o
    0x00026c42   0x00026c42   0x00000002   PAD
    0x00026c44   0x00026c44   0x0000000c   Code   RO         3027    i.app_timer_cnt_get  app_timer2.o
    0x00026c50   0x00026c50   0x00000016   Code   RO         3028    i.app_timer_create  app_timer2.o
    0x00026c66   0x00026c66   0x00000002   PAD
    0x00026c68   0x00026c68   0x0000005c   Code   RO         3029    i.app_timer_init    app_timer2.o
    0x00026cc4   0x00026cc4   0x00000030   Code   RO         3032    i.app_timer_start   app_timer2.o
    0x00026cf4   0x00026cf4   0x0000000c   Code   RO         3033    i.app_timer_stop    app_timer2.o
    0x00026d00   0x00026d00   0x00000048   Code   RO         3168    i.app_util_critical_region_enter  app_util_platform.o
    0x00026d48   0x00026d48   0x00000034   Code   RO         3169    i.app_util_critical_region_exit  app_util_platform.o
    0x00026d7c   0x00026d7c   0x00000182   Code   RO          707    i.ble_advdata_encode  ble_advdata.o
    0x00026efe   0x00026efe   0x0000002e   Code   RO         1323    i.ble_cb_ADC_change  cambien_service.o
    0x00026f2c   0x00026f2c   0x0000002e   Code   RO         1324    i.ble_cb_chuyendong_change  cambien_service.o
    0x00026f5a   0x00026f5a   0x00000002   PAD
    0x00026f5c   0x00026f5c   0x00000100   Code   RO         1325    i.ble_cb_init       cambien_service.o
    0x0002705c   0x0002705c   0x00000002   Code   RO         1326    i.ble_cb_on_ble_evt  cambien_service.o
    0x0002705e   0x0002705e   0x0000002e   Code   RO         1327    i.ble_cb_tu_change  cambien_service.o
    0x0002708c   0x0002708c   0x00000068   Code   RO          841    i.ble_conn_params_init  ble_conn_params.o
    0x000270f4   0x000270f4   0x00000060   Code   RO          713    i.ble_device_addr_encode  ble_advdata.o
    0x00027154   0x00027154   0x000000dc   Code   RO           97    i.ble_evt_handler   main.o
    0x00027230   0x00027230   0x000000fc   Code   RO          843    i.ble_evt_handler   ble_conn_params.o
    0x0002732c   0x0002732c   0x00000118   Code   RO          962    i.ble_evt_handler   ble_conn_state.o
    0x00027444   0x00027444   0x00000008   Code   RO         1117    i.ble_srv_is_notification_enabled  ble_srv_common.o
    0x0002744c   0x0002744c   0x00000090   Code   RO         4273    i.buf_prealloc      nrf_log_frontend.o
    0x000274dc   0x000274dc   0x00000014   Code   RO         4274    i.buffer_is_empty   nrf_log_frontend.o
    0x000274f0   0x000274f0   0x0000001c   Code   RO         1915    i.channel_free      nrfx_gpiote.o
    0x0002750c   0x0002750c   0x00000048   Code   RO         1916    i.channel_port_alloc  nrfx_gpiote.o
    0x00027554   0x00027554   0x00000010   Code   RO         1917    i.channel_port_get  nrfx_gpiote.o
    0x00027564   0x00027564   0x00000190   Code   RO         1119    i.characteristic_add  ble_srv_common.o
    0x000276f4   0x000276f4   0x0000001e   Code   RO         1328    i.check_error_ble   cambien_service.o
    0x00027712   0x00027712   0x00000002   PAD
    0x00027714   0x00027714   0x00000028   Code   RO         1427    i.clock_clk_started_notify  nrf_drv_clock.o
    0x0002773c   0x0002773c   0x0000001c   Code   RO         1428    i.clock_irq_handler  nrf_drv_clock.o
    0x00027758   0x00027758   0x00000018   Code   RO         3035    i.compare_func      app_timer2.o
    0x00027770   0x00027770   0x0000003e   Code   RO          963    i.conn_handle_list_get  ble_conn_state.o
    0x000277ae   0x000277ae   0x00000088   Code   RO          714    i.conn_int_encode   ble_advdata.o
    0x00027836   0x00027836   0x00000004   Code   RO           98    i.conn_params_error_handler  main.o
    0x0002783a   0x0002783a   0x00000002   PAD
    0x0002783c   0x0002783c   0x00000048   Code   RO          844    i.conn_params_negotiation  ble_conn_params.o
    0x00027884   0x00027884   0x000000c0   Code   RO         1177    i.data_length_update  nrf_ble_gatt.o
    0x00027944   0x00027944   0x00000014   Code   RO         4275    i.dropped_sat16_get  nrf_log_frontend.o
    0x00027958   0x00027958   0x00000014   Code   RO         3237    i.drv_rtc_compare_disable  drv_rtc.o
    0x0002796c   0x0002796c   0x0000000e   Code   RO         3239    i.drv_rtc_compare_pending  drv_rtc.o
    0x0002797a   0x0002797a   0x00000050   Code   RO         3240    i.drv_rtc_compare_set  drv_rtc.o
    0x000279ca   0x000279ca   0x00000008   Code   RO         3241    i.drv_rtc_counter_get  drv_rtc.o
    0x000279d2   0x000279d2   0x00000002   PAD
    0x000279d4   0x000279d4   0x000000d4   Code   RO         3242    i.drv_rtc_init      drv_rtc.o
    0x00027aa8   0x00027aa8   0x0000001a   Code   RO         3243    i.drv_rtc_irq_trigger  drv_rtc.o
    0x00027ac2   0x00027ac2   0x00000008   Code   RO         3245    i.drv_rtc_overflow_enable  drv_rtc.o
    0x00027aca   0x00027aca   0x00000008   Code   RO         3246    i.drv_rtc_overflow_pending  drv_rtc.o
    0x00027ad2   0x00027ad2   0x00000008   Code   RO         3247    i.drv_rtc_start     drv_rtc.o
    0x00027ada   0x00027ada   0x00000008   Code   RO         3248    i.drv_rtc_stop      drv_rtc.o
    0x00027ae2   0x00027ae2   0x000000de   Code   RO         3253    i.drv_rtc_windowed_compare_set  drv_rtc.o
    0x00027bc0   0x00027bc0   0x00000012   Code   RO         3254    i.evt_enable        drv_rtc.o
    0x00027bd2   0x00027bd2   0x00000014   Code   RO         3255    i.evt_pending       drv_rtc.o
    0x00027be6   0x00027be6   0x0000000a   Code   RO          964    i.flag_toggle       ble_conn_state.o
    0x00027bf0   0x00027bf0   0x00000034   Code   RO         3036    i.get_now           app_timer2.o
    0x00027c24   0x00027c24   0x00000044   Code   RO           99    i.in_out1_handler   main.o
    0x00027c68   0x00027c68   0x00000044   Code   RO          100    i.in_out2_handler   main.o
    0x00027cac   0x00027cac   0x0000006c   Code   RO          101    i.in_tu_handler     main.o
    0x00027d18   0x00027d18   0x00000014   Code   RO          845    i.instance_get      ble_conn_params.o
    0x00027d2c   0x00027d2c   0x00000016   Code   RO          102    i.interrupt_init    main.o
    0x00027d42   0x00027d42   0x00000034   Code   RO         4276    i.invalid_packets_omit  nrf_log_frontend.o
    0x00027d76   0x00027d76   0x00000044   Code   RO          846    i.is_conn_params_ok  ble_conn_params.o
    0x00027dba   0x00027dba   0x00000014   Code   RO         1178    i.link_init         nrf_ble_gatt.o
    0x00027dce   0x00027dce   0x00000002   PAD
    0x00027dd0   0x00027dd0   0x0000009c   Code   RO         4277    i.log_skip          nrf_log_frontend.o
    0x00027e6c   0x00027e6c   0x000001a8   Code   RO          103    i.main              main.o
    0x00028014   0x00028014   0x00000064   Code   RO          715    i.manuf_specific_data_encode  ble_advdata.o
    0x00028078   0x00028078   0x0000007e   Code   RO         3832    i.memobj_op         nrf_memobj.o
    0x000280f6   0x000280f6   0x000000a6   Code   RO          716    i.name_encode       ble_advdata.o
    0x0002819c   0x0002819c   0x00000026   Code   RO         3448    i.nrf_atfifo_init   nrf_atfifo.o
    0x000281c2   0x000281c2   0x00000016   Code   RO         3449    i.nrf_atfifo_item_alloc  nrf_atfifo.o
    0x000281d8   0x000281d8   0x00000016   Code   RO         3450    i.nrf_atfifo_item_free  nrf_atfifo.o
    0x000281ee   0x000281ee   0x00000016   Code   RO         3451    i.nrf_atfifo_item_get  nrf_atfifo.o
    0x00028204   0x00028204   0x00000016   Code   RO         3452    i.nrf_atfifo_item_put  nrf_atfifo.o
    0x0002821a   0x0002821a   0x00000016   Code   RO         3514    i.nrf_atflags_clear  nrf_atflags.o
    0x00028230   0x00028230   0x00000016   Code   RO         3519    i.nrf_atflags_get   nrf_atflags.o
    0x00028246   0x00028246   0x00000014   Code   RO         3521    i.nrf_atflags_set   nrf_atflags.o
    0x0002825a   0x0002825a   0x00000006   Code   RO         3582    i.nrf_atomic_flag_clear_fetch  nrf_atomic.o
    0x00028260   0x00028260   0x00000006   Code   RO         3583    i.nrf_atomic_flag_set  nrf_atomic.o
    0x00028266   0x00028266   0x0000000c   Code   RO         3585    i.nrf_atomic_u32_add  nrf_atomic.o
    0x00028272   0x00028272   0x0000000c   Code   RO         3586    i.nrf_atomic_u32_and  nrf_atomic.o
    0x0002827e   0x0002827e   0x0000000a   Code   RO         3589    i.nrf_atomic_u32_fetch_and  nrf_atomic.o
    0x00028288   0x00028288   0x0000000a   Code   RO         3591    i.nrf_atomic_u32_fetch_store  nrf_atomic.o
    0x00028292   0x00028292   0x0000000c   Code   RO         3595    i.nrf_atomic_u32_or  nrf_atomic.o
    0x0002829e   0x0002829e   0x0000000c   Code   RO         3597    i.nrf_atomic_u32_sub  nrf_atomic.o
    0x000282aa   0x000282aa   0x00000044   Code   RO         3716    i.nrf_balloc_alloc  nrf_balloc.o
    0x000282ee   0x000282ee   0x00000030   Code   RO         3717    i.nrf_balloc_free   nrf_balloc.o
    0x0002831e   0x0002831e   0x00000030   Code   RO         3718    i.nrf_balloc_init   nrf_balloc.o
    0x0002834e   0x0002834e   0x00000010   Code   RO         1918    i.nrf_bitmask_bit_is_set  nrfx_gpiote.o
    0x0002835e   0x0002835e   0x00000014   Code   RO         1919    i.nrf_bitmask_bit_set  nrfx_gpiote.o
    0x00028372   0x00028372   0x00000022   Code   RO         1184    i.nrf_ble_gatt_init  nrf_ble_gatt.o
    0x00028394   0x00028394   0x00000150   Code   RO         1185    i.nrf_ble_gatt_on_ble_evt  nrf_ble_gatt.o
    0x000284e4   0x000284e4   0x0000000e   Code   RO         1777    i.nrf_clock_event_check  nrfx_clock.o
    0x000284f2   0x000284f2   0x00000010   Code   RO         1778    i.nrf_clock_event_clear  nrfx_clock.o
    0x00028502   0x00028502   0x00000002   PAD
    0x00028504   0x00028504   0x00000038   Code   RO         1435    i.nrf_drv_clock_init  nrf_drv_clock.o
    0x0002853c   0x0002853c   0x00000030   Code   RO         1439    i.nrf_drv_clock_lfclk_release  nrf_drv_clock.o
    0x0002856c   0x0002856c   0x00000024   Code   RO         1920    i.nrf_gpio_cfg      nrfx_gpiote.o
    0x00028590   0x00028590   0x00000022   Code   RO         1922    i.nrf_gpio_cfg_sense_set  nrfx_gpiote.o
    0x000285b2   0x000285b2   0x00000002   PAD
    0x000285b4   0x000285b4   0x00000028   Code   RO         1923    i.nrf_gpio_ports_read  nrfx_gpiote.o
    0x000285dc   0x000285dc   0x00000014   Code   RO         1924    i.nrf_gpiote_event_clear  nrfx_gpiote.o
    0x000285f0   0x000285f0   0x00000010   Code   RO         1925    i.nrf_gpiote_event_is_set  nrfx_gpiote.o
    0x00028600   0x00028600   0x00000002   Code   RO         4249    i.nrf_log_default_backends_init  nrf_log_default_backends.o
    0x00028602   0x00028602   0x00000002   PAD
    0x00028604   0x00028604   0x00000234   Code   RO         4282    i.nrf_log_frontend_dequeue  nrf_log_frontend.o
    0x00028838   0x00028838   0x00000008   Code   RO         4284    i.nrf_log_frontend_std_0  nrf_log_frontend.o
    0x00028840   0x00028840   0x0000000e   Code   RO         4285    i.nrf_log_frontend_std_1  nrf_log_frontend.o
    0x0002884e   0x0002884e   0x00000010   Code   RO         4286    i.nrf_log_frontend_std_2  nrf_log_frontend.o
    0x0002885e   0x0002885e   0x00000002   PAD
    0x00028860   0x00028860   0x0000003c   Code   RO         4291    i.nrf_log_init      nrf_log_frontend.o
    0x0002889c   0x0002889c   0x0000002c   Code   RO         4296    i.nrf_log_panic     nrf_log_frontend.o
    0x000288c8   0x000288c8   0x00000060   Code   RO         3833    i.nrf_memobj_alloc  nrf_memobj.o
    0x00028928   0x00028928   0x00000032   Code   RO         3834    i.nrf_memobj_free   nrf_memobj.o
    0x0002895a   0x0002895a   0x00000008   Code   RO         3835    i.nrf_memobj_get    nrf_memobj.o
    0x00028962   0x00028962   0x00000004   Code   RO         3836    i.nrf_memobj_pool_init  nrf_memobj.o
    0x00028966   0x00028966   0x0000001e   Code   RO         3837    i.nrf_memobj_put    nrf_memobj.o
    0x00028984   0x00028984   0x00000010   Code   RO         3839    i.nrf_memobj_write  nrf_memobj.o
    0x00028994   0x00028994   0x00000028   Code   RO         3911    i.nrf_pwr_mgmt_init  nrf_pwr_mgmt.o
    0x000289bc   0x000289bc   0x00000044   Code   RO         3912    i.nrf_pwr_mgmt_run  nrf_pwr_mgmt.o
    0x00028a00   0x00028a00   0x0000001c   Code   RO         3991    i.nrf_ringbuf_init  nrf_ringbuf.o
    0x00028a1c   0x00028a1c   0x0000000c   Code   RO         3256    i.nrf_rtc_event_clear  drv_rtc.o
    0x00028a28   0x00028a28   0x00000010   Code   RO         2586    i.nrf_saadc_buffer_init  nrfx_saadc.o
    0x00028a38   0x00028a38   0x00000014   Code   RO         2587    i.nrf_saadc_channel_input_set  nrfx_saadc.o
    0x00028a4c   0x00028a4c   0x00000010   Code   RO         2588    i.nrf_saadc_event_check  nrfx_saadc.o
    0x00028a5c   0x00028a5c   0x00000014   Code   RO         2589    i.nrf_saadc_event_clear  nrfx_saadc.o
    0x00028a70   0x00028a70   0x00000010   Code   RO         2590    i.nrf_saadc_limit_int_get  nrfx_saadc.o
    0x00028a80   0x00028a80   0x00000014   Code   RO         4994    i.nrf_sdh_ble_app_ram_start_get  nrf_sdh_ble.o
    0x00028a94   0x00028a94   0x00000100   Code   RO         4995    i.nrf_sdh_ble_default_cfg_set  nrf_sdh_ble.o
    0x00028b94   0x00028b94   0x00000130   Code   RO         4996    i.nrf_sdh_ble_enable  nrf_sdh_ble.o
    0x00028cc4   0x00028cc4   0x0000005c   Code   RO         4997    i.nrf_sdh_ble_evts_poll  nrf_sdh_ble.o
    0x00028d20   0x00028d20   0x00000074   Code   RO         4876    i.nrf_sdh_enable_request  nrf_sdh.o
    0x00028d94   0x00028d94   0x00000024   Code   RO         4877    i.nrf_sdh_evts_poll  nrf_sdh.o
    0x00028db8   0x00028db8   0x0000000c   Code   RO         4878    i.nrf_sdh_is_enabled  nrf_sdh.o
    0x00028dc4   0x00028dc4   0x0000003c   Code   RO         5048    i.nrf_sdh_soc_evts_poll  nrf_sdh_soc.o
    0x00028e00   0x00028e00   0x0000000a   Code   RO         4049    i.nrf_section_iter_init  nrf_section_iter.o
    0x00028e0a   0x00028e0a   0x00000024   Code   RO         4050    i.nrf_section_iter_item_set  nrf_section_iter.o
    0x00028e2e   0x00028e2e   0x00000020   Code   RO         4051    i.nrf_section_iter_next  nrf_section_iter.o
    0x00028e4e   0x00028e4e   0x00000022   Code   RO         4084    i.nrf_sortlist_add  nrf_sortlist.o
    0x00028e70   0x00028e70   0x00000006   Code   RO         4086    i.nrf_sortlist_peek  nrf_sortlist.o
    0x00028e76   0x00028e76   0x0000000e   Code   RO         4087    i.nrf_sortlist_pop  nrf_sortlist.o
    0x00028e84   0x00028e84   0x0000001e   Code   RO         4088    i.nrf_sortlist_remove  nrf_sortlist.o
    0x00028ea2   0x00028ea2   0x00000002   PAD
    0x00028ea4   0x00028ea4   0x00000038   Code   RO         4140    i.nrf_strerror_find  nrf_strerror.o
    0x00028edc   0x00028edc   0x00000014   Code   RO         4141    i.nrf_strerror_get  nrf_strerror.o
    0x00028ef0   0x00028ef0   0x0000002c   Code   RO         1783    i.nrfx_clock_enable  nrfx_clock.o
    0x00028f1c   0x00028f1c   0x00000020   Code   RO         1786    i.nrfx_clock_init   nrfx_clock.o
    0x00028f3c   0x00028f3c   0x0000001c   Code   RO         1789    i.nrfx_clock_lfclk_stop  nrfx_clock.o
    0x00028f58   0x00028f58   0x00000010   Code   RO         2591    i.nrfx_coredep_delay_us  nrfx_saadc.o
    0x00028f68   0x00028f68   0x00000010   Code   RO         3257    i.nrfx_coredep_delay_us  drv_rtc.o
    0x00028f78   0x00028f78   0x000000a4   Code   RO         1930    i.nrfx_gpiote_in_event_enable  nrfx_gpiote.o
    0x0002901c   0x0002901c   0x000000d0   Code   RO         1931    i.nrfx_gpiote_in_init  nrfx_gpiote.o
    0x000290ec   0x000290ec   0x0000006c   Code   RO         1934    i.nrfx_gpiote_init  nrfx_gpiote.o
    0x00029158   0x00029158   0x000000a4   Code   RO         2593    i.nrfx_saadc_buffer_convert  nrfx_saadc.o
    0x000291fc   0x000291fc   0x000000ac   Code   RO         2595    i.nrfx_saadc_channel_init  nrfx_saadc.o
    0x000292a8   0x000292a8   0x00000044   Code   RO         2596    i.nrfx_saadc_channel_uninit  nrfx_saadc.o
    0x000292ec   0x000292ec   0x00000094   Code   RO         2597    i.nrfx_saadc_init   nrfx_saadc.o
    0x00029380   0x00029380   0x00000080   Code   RO         2599    i.nrfx_saadc_limits_set  nrfx_saadc.o
    0x00029400   0x00029400   0x0000002c   Code   RO         2600    i.nrfx_saadc_sample  nrfx_saadc.o
    0x0002942c   0x0002942c   0x0000006c   Code   RO         2603    i.nrfx_saadc_uninit  nrfx_saadc.o
    0x00029498   0x00029498   0x0000001c   Code   RO          104    i.on_conn_params_evt  main.o
    0x000294b4   0x000294b4   0x000000a8   Code   RO         1186    i.on_connected_evt  nrf_ble_gatt.o
    0x0002955c   0x0002955c   0x000000ac   Code   RO         1187    i.on_exchange_mtu_request_evt  nrf_ble_gatt.o
    0x00029608   0x00029608   0x00000034   Code   RO          105    i.out1_interrupt_init  main.o
    0x0002963c   0x0002963c   0x00000034   Code   RO          106    i.out2_interrupt_init  main.o
    0x00029670   0x00029670   0x00000018   Code   RO         1951    i.pin_in_use_by_port  nrfx_gpiote.o
    0x00029688   0x00029688   0x00000018   Code   RO         1952    i.pin_in_use_by_te  nrfx_gpiote.o
    0x000296a0   0x000296a0   0x0000005c   Code   RO         3037    i.rtc_irq           app_timer2.o
    0x000296fc   0x000296fc   0x00000064   Code   RO         3038    i.rtc_schedule      app_timer2.o
    0x00029760   0x00029760   0x00000074   Code   RO         3039    i.rtc_update        app_timer2.o
    0x000297d4   0x000297d4   0x00000068   Code   RO          107    i.saadc_callback    main.o
    0x0002983c   0x0002983c   0x00000050   Code   RO          108    i.saadc_init        main.o
    0x0002988c   0x0002988c   0x00000050   Code   RO         1442    i.sd_state_evt_handler  nrf_drv_clock.o
    0x000298dc   0x000298dc   0x00000030   Code   RO         4883    i.sdh_request_observer_notify  nrf_sdh.o
    0x0002990c   0x0002990c   0x0000002c   Code   RO         4884    i.sdh_state_observer_notify  nrf_sdh.o
    0x00029938   0x00029938   0x00000010   Code   RO          847    i.send_error_evt    ble_conn_params.o
    0x00029948   0x00029948   0x00000088   Code   RO          717    i.service_data_encode  ble_advdata.o
    0x000299d0   0x000299d0   0x00000030   Code   RO         1121    i.set_security_req  ble_srv_common.o
    0x00029a00   0x00029a00   0x00000018   Code   RO         1443    i.soc_evt_handler   nrf_drv_clock.o
    0x00029a18   0x00029a18   0x00000058   Code   RO         4886    i.softdevices_evt_irq_enable  nrf_sdh.o
    0x00029a70   0x00029a70   0x0000000c   Code   RO         3040    i.sortlist_pop      app_timer2.o
    0x00029a7c   0x00029a7c   0x0000008c   Code   RO         4298    i.std_n             nrf_log_frontend.o
    0x00029b08   0x00029b08   0x00000010   Code   RO          109    i.systick_handle    main.o
    0x00029b18   0x00029b18   0x0000002c   Code   RO          110    i.task_adc          main.o
    0x00029b44   0x00029b44   0x00000044   Code   RO          111    i.task_chuyendong   main.o
    0x00029b88   0x00029b88   0x00000028   Code   RO          112    i.task_tu           main.o
    0x00029bb0   0x00029bb0   0x00000058   Code   RO         3041    i.timer_expire      app_timer2.o
    0x00029c08   0x00029c08   0x00000078   Code   RO         3042    i.timer_req_process  app_timer2.o
    0x00029c80   0x00029c80   0x00000038   Code   RO         3043    i.timer_req_schedule  app_timer2.o
    0x00029cb8   0x00029cb8   0x00000030   Code   RO          113    i.tu_interrupt_init  main.o
    0x00029ce8   0x00029ce8   0x0000000a   Code   RO          718    i.uint16_encode     ble_advdata.o
    0x00029cf2   0x00029cf2   0x00000002   PAD
    0x00029cf4   0x00029cf4   0x00000068   Code   RO          848    i.update_timeout_handler  ble_conn_params.o
    0x00029d5c   0x00029d5c   0x00000030   Code   RO          719    i.uuid_list_encode  ble_advdata.o
    0x00029d8c   0x00029d8c   0x0000009e   Code   RO          720    i.uuid_list_sized_encode  ble_advdata.o
    0x00029e2a   0x00029e2a   0x00000002   PAD
    0x00029e2c   0x00029e2c   0x00000019   Data   RO          119    .constdata          main.o
    0x00029e45   0x00029e45   0x00000003   PAD
    0x00029e48   0x00029e48   0x00000016   Data   RO         1188    .constdata          nrf_ble_gatt.o
    0x00029e5e   0x00029e5e   0x00000002   PAD
    0x00029e60   0x00029e60   0x00000010   Data   RO         1329    .constdata          cambien_service.o
    0x00029e70   0x00029e70   0x00000004   Data   RO         1954    .constdata          nrfx_gpiote.o
    0x00029e74   0x00029e74   0x0000000c   PAD
    0x00029e80   0x00029e80   0x00000006   Data   RO         2605    .constdata          nrfx_saadc.o
    0x00029e86   0x00029e86   0x00000002   PAD
    0x00029e88   0x00029e88   0x00000014   Data   RO         3046    .constdata          app_timer2.o
    0x00029e9c   0x00029e9c   0x00000004   PAD
    0x00029ea0   0x00029ea0   0x00000006   Data   RO         3258    .constdata          drv_rtc.o
    0x00029ea6   0x00029ea6   0x00000002   PAD
    0x00029ea8   0x00029ea8   0x00000018   Data   RO         3916    .constdata          nrf_pwr_mgmt.o
    0x00029ec0   0x00029ec0   0x0000000c   Data   RO         3917    .constdata          nrf_pwr_mgmt.o
    0x00029ecc   0x00029ecc   0x0000013c   Data   RO         4142    .constdata          nrf_strerror.o
    0x0002a008   0x0002a008   0x0000000c   Data   RO         4303    .constdata          nrf_log_frontend.o
    0x0002a014   0x0002a014   0x00000010   Data   RO         4887    .constdata          nrf_sdh.o
    0x0002a024   0x0002a024   0x00000028   Data   RO         4888    .constdata          nrf_sdh.o
    0x0002a04c   0x0002a04c   0x00000010   Data   RO         4889    .constdata          nrf_sdh.o
    0x0002a05c   0x0002a05c   0x00000010   Data   RO         4890    .constdata          nrf_sdh.o
    0x0002a06c   0x0002a06c   0x00000020   Data   RO         4998    .constdata          nrf_sdh_ble.o
    0x0002a08c   0x0002a08c   0x00000010   Data   RO         4999    .constdata          nrf_sdh_ble.o
    0x0002a09c   0x0002a09c   0x00000010   Data   RO         5049    .constdata          nrf_sdh_soc.o
    0x0002a0ac   0x0002a0ac   0x0000000c   Data   RO         5050    .constdata          nrf_sdh_soc.o
    0x0002a0b8   0x0002a0b8   0x000000a2   Data   RO         1189    .conststring        nrf_ble_gatt.o
    0x0002a15a   0x0002a15a   0x00000002   PAD
    0x0002a15c   0x0002a15c   0x000003eb   Data   RO         4143    .conststring        nrf_strerror.o
    0x0002a547   0x0002a547   0x00000001   PAD
    0x0002a548   0x0002a548   0x00000188   Data   RO         5000    .conststring        nrf_sdh_ble.o
    0x0002a6d0   0x0002a6d0   0x0000000d   Data   RO         1190    .conststrlit        nrf_ble_gatt.o
    0x0002a6dd   0x0002a6dd   0x00000003   PAD
    0x0002a6e0   0x0002a6e0   0x00000006   Data   RO         1449    .conststrlit        nrf_drv_clock.o
    0x0002a6e6   0x0002a6e6   0x00000002   PAD
    0x0002a6e8   0x0002a6e8   0x00000006   Data   RO         1793    .conststrlit        nrfx_clock.o
    0x0002a6ee   0x0002a6ee   0x00000002   PAD
    0x0002a6f0   0x0002a6f0   0x00000007   Data   RO         1958    .conststrlit        nrfx_gpiote.o
    0x0002a6f7   0x0002a6f7   0x00000001   PAD
    0x0002a6f8   0x0002a6f8   0x00000004   Data   RO         2188    .conststrlit        nrfx_prs.o
    0x0002a6fc   0x0002a6fc   0x00000005   Data   RO         2268    .conststrlit        nrfx_uart.o
    0x0002a701   0x0002a701   0x00000003   PAD
    0x0002a704   0x0002a704   0x00000006   Data   RO         2452    .conststrlit        nrfx_uarte.o
    0x0002a70a   0x0002a70a   0x00000002   PAD
    0x0002a70c   0x0002a70c   0x00000006   Data   RO         2613    .conststrlit        nrfx_saadc.o
    0x0002a712   0x0002a712   0x00000002   PAD
    0x0002a714   0x0002a714   0x0000000b   Data   RO         2751    .conststrlit        app_button.o
    0x0002a71f   0x0002a71f   0x00000001   PAD
    0x0002a720   0x0002a720   0x0000000a   Data   RO         3047    .conststrlit        app_timer2.o
    0x0002a72a   0x0002a72a   0x00000002   PAD
    0x0002a72c   0x0002a72c   0x00000009   Data   RO         3918    .conststrlit        nrf_pwr_mgmt.o
    0x0002a735   0x0002a735   0x00000003   PAD
    0x0002a738   0x0002a738   0x00000009   Data   RO         4089    .conststrlit        nrf_sortlist.o
    0x0002a741   0x0002a741   0x00000003   PAD
    0x0002a744   0x0002a744   0x00000004   Data   RO         4304    .conststrlit        nrf_log_frontend.o
    0x0002a748   0x0002a748   0x00000008   Data   RO         4891    .conststrlit        nrf_sdh.o
    0x0002a750   0x0002a750   0x0000000c   Data   RO         5001    .conststrlit        nrf_sdh_ble.o
    0x0002a75c   0x0002a75c   0x0000000c   Data   RO         5051    .conststrlit        nrf_sdh_soc.o
    0x0002a768   0x0002a768   0x00000020   Data   RO         5150    Region$$Table       anon$$obj.o
    0x0002a788   0x0002a788   0x00000008   Data   RO         1191    log_const_data      nrf_ble_gatt.o
    0x0002a790   0x0002a790   0x00000008   Data   RO         1450    log_const_data      nrf_drv_clock.o
    0x0002a798   0x0002a798   0x00000008   Data   RO         1795    log_const_data      nrfx_clock.o
    0x0002a7a0   0x0002a7a0   0x00000008   Data   RO         1959    log_const_data      nrfx_gpiote.o
    0x0002a7a8   0x0002a7a8   0x00000008   Data   RO         2190    log_const_data      nrfx_prs.o
    0x0002a7b0   0x0002a7b0   0x00000008   Data   RO         2269    log_const_data      nrfx_uart.o
    0x0002a7b8   0x0002a7b8   0x00000008   Data   RO         2453    log_const_data      nrfx_uarte.o
    0x0002a7c0   0x0002a7c0   0x00000008   Data   RO         2614    log_const_data      nrfx_saadc.o
    0x0002a7c8   0x0002a7c8   0x00000008   Data   RO         2753    log_const_data      app_button.o
    0x0002a7d0   0x0002a7d0   0x00000008   Data   RO         3050    log_const_data      app_timer2.o
    0x0002a7d8   0x0002a7d8   0x00000008   Data   RO         3920    log_const_data      nrf_pwr_mgmt.o
    0x0002a7e0   0x0002a7e0   0x00000008   Data   RO         4090    log_const_data      nrf_sortlist.o
    0x0002a7e8   0x0002a7e8   0x00000008   Data   RO         4307    log_const_data      nrf_log_frontend.o
    0x0002a7f0   0x0002a7f0   0x00000008   Data   RO         4893    log_const_data      nrf_sdh.o
    0x0002a7f8   0x0002a7f8   0x00000008   Data   RO         5003    log_const_data      nrf_sdh_ble.o
    0x0002a800   0x0002a800   0x00000008   Data   RO         5052    log_const_data      nrf_sdh_soc.o
    0x0002a808   0x0002a808   0x00000014   Data   RO         4308    nrf_balloc          nrf_log_frontend.o
    0x0002a81c   0x0002a81c   0x00000008   Data   RO          968    sdh_ble_observers0  ble_conn_state.o
    0x0002a824   0x0002a824   0x00000008   Data   RO          121    sdh_ble_observers1  main.o
    0x0002a82c   0x0002a82c   0x00000008   Data   RO          851    sdh_ble_observers1  ble_conn_params.o
    0x0002a834   0x0002a834   0x00000008   Data   RO          122    sdh_ble_observers2  main.o
    0x0002a83c   0x0002a83c   0x00000008   Data   RO          123    sdh_ble_observers3  main.o
    0x0002a844   0x0002a844   0x00000008   Data   RO         1451    sdh_soc_observers0  nrf_drv_clock.o
    0x0002a84c   0x0002a84c   0x00000008   Data   RO         5004    sdh_stack_observers0  nrf_sdh_ble.o
    0x0002a854   0x0002a854   0x00000008   Data   RO         5053    sdh_stack_observers0  nrf_sdh_soc.o
    0x0002a85c   0x0002a85c   0x00000008   Data   RO         1452    sdh_state_observers0  nrf_drv_clock.o


    Execution Region RW_IRAM1 (Exec base: 0x200022f0, Load base: 0x0002a864, Size: 0x000028a8, Max: 0x0000dd10, ABSOLUTE)

    Exec Addr    Load Addr    Size         Type   Attr      Idx    E Section Name        Object

    0x200022f0   0x0002a864   0x00000004   Data   RW           15    .data               system_nrf52.o
    0x200022f4   0x0002a868   0x00000024   Data   RW          120    .data               main.o
    0x20002318   0x0002a88c   0x00000008   Data   RW          850    .data               ble_conn_params.o
    0x20002320   0x0002a894   0x00000008   Data   RW         1794    .data               nrfx_clock.o
    0x20002328   0x0002a89c   0x00000008   Data   RW         2189    .data               nrfx_prs.o
    0x20002330   0x0002a8a4   0x00000020   Data   RW         3048    .data               app_timer2.o
    0x20002350   0x0002a8c4   0x00000004   Data   RW         3049    .data               app_timer2.o
    0x20002354   0x0002a8c8   0x0000000c   Data   RW         3259    .data               drv_rtc.o
    0x20002360   0x0002a8d4   0x00000008   Data   RW         3919    .data               nrf_pwr_mgmt.o
    0x20002368   0x0002a8dc   0x00000008   Data   RW         4305    .data               nrf_log_frontend.o
    0x20002370   0x0002a8e4   0x00000008   Data   RW         4306    .data               nrf_log_frontend.o
    0x20002378   0x0002a8ec   0x00000003   Data   RW         4892    .data               nrf_sdh.o
    0x2000237b   0x0002a8ef   0x00000001   Data   RW         5002    .data               nrf_sdh_ble.o
    0x2000237c   0x0002a8f0   0x00000004   PAD
    0x20002380        -       0x00000020   Zero   RW          114    .bss                main.o
    0x200023a0        -       0x00000020   Zero   RW          115    .bss                main.o
    0x200023c0        -       0x00000030   Zero   RW          116    .bss                main.o
    0x200023f0        -       0x0000001f   Zero   RW          117    .bss                main.o
    0x2000240f        -       0x0000001f   Zero   RW          118    .bss                main.o
    0x2000242e   0x0002a8f0   0x00000002   PAD
    0x20002430        -       0x00000050   Zero   RW          849    .bss                ble_conn_params.o
    0x20002480        -       0x0000007c   Zero   RW          967    .bss                ble_conn_state.o
    0x200024fc        -       0x00000014   Zero   RW         1444    .bss                nrf_drv_clock.o
    0x20002510        -       0x0000005c   Zero   RW         1953    .bss                nrfx_gpiote.o
    0x2000256c        -       0x00000030   Zero   RW         2604    .bss                nrfx_saadc.o
    0x2000259c        -       0x00000010   Zero   RW         3044    .bss                app_timer2.o
    0x200025ac        -       0x00000058   Zero   RW         3045    .bss                app_timer2.o
    0x20002604        -       0x0000000c   Zero   RW         3174    .bss                app_util_platform.o
    0x20002610        -       0x0000000c   Zero   RW         3915    .bss                nrf_pwr_mgmt.o
    0x2000261c        -       0x000000c0   Zero   RW         4299    .bss                nrf_log_frontend.o
    0x200026dc        -       0x00000080   Zero   RW         4300    .bss                nrf_log_frontend.o
    0x2000275c        -       0x00000018   Zero   RW         4301    .bss                nrf_log_frontend.o
    0x20002774        -       0x00000424   Zero   RW         4302    .bss                nrf_log_frontend.o
    0x20002b98        -       0x00002000   Zero   RW            1    STACK               arm_startup_nrf52.o


==============================================================================

Image component sizes


      Code (inc. data)   RO Data    RW Data    ZI Data      Debug   Object Name

         0          0         19          0          0      35351   app_button.o
        22          0          0          0          0       2365   app_error.o
       132         46          0          0          0       9990   app_error_weak.o
       846         88         38         36        104      15833   app_timer2.o
       124         14          0          0         12       9458   app_util_platform.o
        36          8        512          0       8192        936   arm_startup_nrf52.o
      1236          0          0          0          0     100863   ble_advdata.o
       636         44          8          8         80      19515   ble_conn_params.o
       352          6          8          0        124       6049   ble_conn_state.o
       456          6          0          0          0       3195   ble_srv_common.o
         0          0          0          0          0       4792   boards.o
       426          4         16          0          0      56218   cambien_service.o
       696         76          6         12          0      45037   drv_rtc.o
      1658        310         49         36        174     197037   main.o
       326          0          0          0          0       5635   nrf_atfifo.o
        64          0          0          0          0       2788   nrf_atflags.o
       306          0          0          0          0       7591   nrf_atomic.o
       164          0          0          0          0       3456   nrf_balloc.o
       922        272        205          0          0      36659   nrf_ble_gatt.o
       276         34         30          0         20      41048   nrf_drv_clock.o
         2          0          0          0          0        628   nrf_log_default_backends.o
      1238         82         44         16       1404      24563   nrf_log_frontend.o
       330          0          0          0          0       8429   nrf_memobj.o
       108         16         53          8         12      37598   nrf_pwr_mgmt.o
        28          0          0          0          0       2231   nrf_ringbuf.o
       384         46        104          3          0      38787   nrf_sdh.o
       672        230        468          1          0       5605   nrf_sdh_ble.o
        60          4         56          0          0       2336   nrf_sdh_soc.o
        78          0          0          0          0       2608   nrf_section_iter.o
        84          0         17          0          0       3849   nrf_sortlist.o
        76         10       1319          0          0       2567   nrf_strerror.o
       222         30         14          8          0      43010   nrfx_clock.o
      1182         86         19          0         92      57141   nrfx_gpiote.o
        12          6         12          8          0       1998   nrfx_prs.o
      1264        108         20          0         48      22602   nrfx_saadc.o
         0          0         13          0          0      10616   nrfx_uart.o
         0          0         14          0          0      10422   nrfx_uarte.o
       796         70          0          4          0      63290   system_nrf52.o

    ----------------------------------------------------------------------
     15244       1596       3128        140      10268     942096   Object Totals
         0          0         32          0          0          0   (incl. Generated)
        30          0         52          0          6          0   (incl. Padding)

    ----------------------------------------------------------------------

      Code (inc. data)   RO Data    RW Data    ZI Data      Debug   Library Member Name

         0          0          0          0          0          0   entry.o
         0          0          0          0          0          0   entry10a.o
         0          0          0          0          0          0   entry11a.o
         8          4          0          0          0          0   entry2.o
         4          0          0          0          0          0   entry5.o
         0          0          0          0          0          0   entry7b.o
         0          0          0          0          0          0   entry8b.o
         8          4          0          0          0          0   entry9a.o
        30          0          0          0          0          0   handlers.o
        36          8          0          0          0         68   init.o
        36          0          0          0          0         68   memcpya.o
        36          0          0          0          0        108   memseta.o

    ----------------------------------------------------------------------
       160         16          0          0          0        244   Library Totals
         2          0          0          0          0          0   (incl. Padding)

    ----------------------------------------------------------------------

      Code (inc. data)   RO Data    RW Data    ZI Data      Debug   Library Name

       158         16          0          0          0        244   mc_w.l

    ----------------------------------------------------------------------
       160         16          0          0          0        244   Library Totals

    ----------------------------------------------------------------------

==============================================================================


      Code (inc. data)   RO Data    RW Data    ZI Data      Debug   

     15404       1612       3128        140      10268     923392   Grand Totals
     15404       1612       3128        140      10268     923392   ELF Image Totals
     15404       1612       3128        140          0          0   ROM Totals

==============================================================================

    Total RO  Size (Code + RO Data)                18532 (  18.10kB)
    Total RW  Size (RW Data + ZI Data)             10408 (  10.16kB)
    Total ROM Size (Code + RO Data + RW Data)      18672 (  18.23kB)

==============================================================================

