Component: ARM Compiler 5.06 update 6 (build 750) Tool: armlink [4d35ed]

==============================================================================

Section Cross References

    arm_startup_nrf52.o(RESET) refers to arm_startup_nrf52.o(STACK) for __initial_sp
    arm_startup_nrf52.o(RESET) refers to arm_startup_nrf52.o(.text) for Reset_Handler
    arm_startup_nrf52.o(RESET) refers to nrfx_clock.o(i.POWER_CLOCK_IRQHandler) for POWER_CLOCK_IRQHandler
    arm_startup_nrf52.o(RESET) refers to nrfx_prs.o(i.UARTE0_UART0_IRQHandler) for UARTE0_UART0_IRQHandler
    arm_startup_nrf52.o(RESET) refers to nrfx_gpiote.o(i.GPIOTE_IRQHandler) for GPIOTE_IRQHandler
    arm_startup_nrf52.o(RESET) refers to drv_rtc.o(i.RTC1_IRQHandler) for RTC1_IRQHandler
    arm_startup_nrf52.o(RESET) refers to nrf_sdh.o(i.SWI2_EGU2_IRQHandler) for SWI2_EGU2_IRQHandler
    arm_startup_nrf52.o(.text) refers to system_nrf52.o(i.SystemInit) for SystemInit
    arm_startup_nrf52.o(.text) refers to entry.o(.ARM.Collect$$$$00000000) for __main
    system_nrf52.o(i.SystemCoreClockUpdate) refers to system_nrf52.o(.data) for .data
    system_nrf52.o(i.SystemInit) refers to system_nrf52.o(.data) for .data
    main.o(i.advertising_init) refers to memseta.o(.text) for __aeabi_memclr4
    main.o(i.advertising_init) refers to ble_advdata.o(i.ble_advdata_encode) for ble_advdata_encode
    main.o(i.advertising_init) refers to app_error.o(i.app_error_handler_bare) for app_error_handler_bare
    main.o(i.advertising_init) refers to main.o(.constdata) for .constdata
    main.o(i.advertising_init) refers to main.o(.bss) for .bss
    main.o(i.advertising_init) refers to main.o(.data) for .data
    main.o(i.advertising_start) refers to app_error.o(i.app_error_handler_bare) for app_error_handler_bare
    main.o(i.advertising_start) refers to main.o(.data) for .data
    main.o(i.assert_nrf_callback) refers to app_error_handler_keil.o(.emb_text) for app_error_handler
    main.o(i.ble_evt_handler) refers to nrf_log_frontend.o(i.nrf_log_frontend_std_0) for nrf_log_frontend_std_0
    main.o(i.ble_evt_handler) refers to main.o(i.advertising_start) for advertising_start
    main.o(i.ble_evt_handler) refers to app_error.o(i.app_error_handler_bare) for app_error_handler_bare
    main.o(i.ble_evt_handler) refers to main.o(.data) for .data
    main.o(i.ble_evt_handler) refers to nrf_log_frontend.o(log_const_data) for m_nrf_log_app_logs_data_const
    main.o(i.conn_params_error_handler) refers to app_error.o(i.app_error_handler_bare) for app_error_handler_bare
    main.o(i.in_out1_handler) refers to nrf_log_frontend.o(i.nrf_log_frontend_std_0) for nrf_log_frontend_std_0
    main.o(i.in_out1_handler) refers to main.o(.data) for .data
    main.o(i.in_out1_handler) refers to nrf_log_frontend.o(log_const_data) for m_nrf_log_app_logs_data_const
    main.o(i.in_out2_handler) refers to nrf_log_frontend.o(i.nrf_log_frontend_std_0) for nrf_log_frontend_std_0
    main.o(i.in_out2_handler) refers to main.o(.data) for .data
    main.o(i.in_out2_handler) refers to nrf_log_frontend.o(log_const_data) for m_nrf_log_app_logs_data_const
    main.o(i.in_tu_handler) refers to nrf_log_frontend.o(i.nrf_log_frontend_std_0) for nrf_log_frontend_std_0
    main.o(i.in_tu_handler) refers to main.o(.data) for .data
    main.o(i.in_tu_handler) refers to nrf_log_frontend.o(log_const_data) for m_nrf_log_app_logs_data_const
    main.o(i.interrupt_init) refers to nrfx_gpiote.o(i.nrfx_gpiote_init) for nrfx_gpiote_init
    main.o(i.interrupt_init) refers to main.o(i.tu_interrupt_init) for tu_interrupt_init
    main.o(i.interrupt_init) refers to main.o(i.out1_interrupt_init) for out1_interrupt_init
    main.o(i.interrupt_init) refers to main.o(i.out2_interrupt_init) for out2_interrupt_init
    main.o(i.main) refers to nrf_log_frontend.o(i.nrf_log_init) for nrf_log_init
    main.o(i.main) refers to app_error.o(i.app_error_handler_bare) for app_error_handler_bare
    main.o(i.main) refers to nrf_log_default_backends.o(i.nrf_log_default_backends_init) for nrf_log_default_backends_init
    main.o(i.main) refers to app_timer2.o(i.app_timer_init) for app_timer_init
    main.o(i.main) refers to nrf_pwr_mgmt.o(i.nrf_pwr_mgmt_init) for nrf_pwr_mgmt_init
    main.o(i.main) refers to main.o(i.interrupt_init) for interrupt_init
    main.o(i.main) refers to nrf_sdh.o(i.nrf_sdh_enable_request) for nrf_sdh_enable_request
    main.o(i.main) refers to nrf_sdh_ble.o(i.nrf_sdh_ble_default_cfg_set) for nrf_sdh_ble_default_cfg_set
    main.o(i.main) refers to nrf_sdh_ble.o(i.nrf_sdh_ble_enable) for nrf_sdh_ble_enable
    main.o(i.main) refers to nrf_ble_gatt.o(i.nrf_ble_gatt_init) for nrf_ble_gatt_init
    main.o(i.main) refers to cambien_service.o(i.ble_cb_init) for ble_cb_init
    main.o(i.main) refers to main.o(i.advertising_init) for advertising_init
    main.o(i.main) refers to memseta.o(.text) for __aeabi_memclr4
    main.o(i.main) refers to ble_conn_params.o(i.ble_conn_params_init) for ble_conn_params_init
[...]
    uart_log_backend                         0x0002b600   Data          16  nrf_log_default_backends.o(log_backends)
    log_const_data                           0x0002b610   Section        8  nrf_ble_gatt.o(log_const_data)
    __tagsym$$used                           0x0002b610   Number         0  nrf_ble_gatt.o(log_const_data)
    log_const_data                           0x0002b618   Section        8  nrf_drv_clock.o(log_const_data)
    __tagsym$$used                           0x0002b618   Number         0  nrf_drv_clock.o(log_const_data)
    log_const_data                           0x0002b620   Section        8  nrfx_clock.o(log_const_data)
    __tagsym$$used                           0x0002b620   Number         0  nrfx_clock.o(log_const_data)
    log_const_data                           0x0002b628   Section        8  nrfx_gpiote.o(log_const_data)
    __tagsym$$used                           0x0002b628   Number         0  nrfx_gpiote.o(log_const_data)
    log_const_data                           0x0002b630   Section        8  nrfx_prs.o(log_const_data)
    __tagsym$$used                           0x0002b630   Number         0  nrfx_prs.o(log_const_data)
    log_const_data                           0x0002b638   Section        8  nrfx_uart.o(log_const_data)
    __tagsym$$used                           0x0002b638   Number         0  nrfx_uart.o(log_const_data)
    log_const_data                           0x0002b640   Section        8  nrfx_uarte.o(log_const_data)
    __tagsym$$used                           0x0002b640   Number         0  nrfx_uarte.o(log_const_data)
    log_const_data                           0x0002b648   Section        8  app_button.o(log_const_data)
    __tagsym$$used                           0x0002b648   Number         0  app_button.o(log_const_data)
    log_const_data                           0x0002b650   Section        8  app_timer2.o(log_const_data)
    __tagsym$$used                           0x0002b650   Number         0  app_timer2.o(log_const_data)
    log_const_data                           0x0002b658   Section        8  nrf_pwr_mgmt.o(log_const_data)
    __tagsym$$used                           0x0002b658   Number         0  nrf_pwr_mgmt.o(log_const_data)
    log_const_data                           0x0002b660   Section        8  nrf_sortlist.o(log_const_data)
    __tagsym$$used                           0x0002b660   Number         0  nrf_sortlist.o(log_const_data)
    log_const_data                           0x0002b668   Section        8  nrf_log_frontend.o(log_const_data)
    __tagsym$$used                           0x0002b668   Number         0  nrf_log_frontend.o(log_const_data)
    log_const_data                           0x0002b670   Section        8  nrf_sdh.o(log_const_data)
    __tagsym$$used                           0x0002b670   Number         0  nrf_sdh.o(log_const_data)
    log_const_data                           0x0002b678   Section        8  nrf_sdh_ble.o(log_const_data)
    __tagsym$$used                           0x0002b678   Number         0  nrf_sdh_ble.o(log_const_data)
    log_const_data                           0x0002b680   Section        8  nrf_sdh_soc.o(log_const_data)
    __tagsym$$used                           0x0002b680   Number         0  nrf_sdh_soc.o(log_const_data)
    nrf_balloc                               0x0002b688   Section       20  nrf_log_frontend.o(nrf_balloc)
    __tagsym$$used                           0x0002b688   Number         0  nrf_log_frontend.o(nrf_balloc)
    sdh_ble_observers0                       0x0002b69c   Section        8  ble_conn_state.o(sdh_ble_observers0)
    __tagsym$$used                           0x0002b69c   Number         0  ble_conn_state.o(sdh_ble_observers0)
    m_ble_evt_observer                       0x0002b69c   Data           8  ble_conn_state.o(sdh_ble_observers0)
    sdh_ble_observers1                       0x0002b6a4   Section        8  main.o(sdh_ble_observers1)
    __tagsym$$used                           0x0002b6a4   Number         0  main.o(sdh_ble_observers1)
    m_gatt_obs                               0x0002b6a4   Data           8  main.o(sdh_ble_observers1)
    sdh_ble_observers1                       0x0002b6ac   Section        8  ble_conn_params.o(sdh_ble_observers1)
    __tagsym$$used                           0x0002b6ac   Number         0  ble_conn_params.o(sdh_ble_observers1)
    m_ble_observer                           0x0002b6ac   Data           8  ble_conn_params.o(sdh_ble_observers1)
    sdh_ble_observers2                       0x0002b6b4   Section        8  main.o(sdh_ble_observers2)
    __tagsym$$used                           0x0002b6b4   Number         0  main.o(sdh_ble_observers2)
    m_cb_obs                                 0x0002b6b4   Data           8  main.o(sdh_ble_observers2)
    sdh_ble_observers3                       0x0002b6bc   Section        8  main.o(sdh_ble_observers3)
    __tagsym$$used                           0x0002b6bc   Number         0  main.o(sdh_ble_observers3)
    m_ble_observer                           0x0002b6bc   Data           8  main.o(sdh_ble_observers3)
    sdh_soc_observers0                       0x0002b6c4   Section        8  nrf_drv_clock.o(sdh_soc_observers0)
    __tagsym$$used                           0x0002b6c4   Number         0  nrf_drv_clock.o(sdh_soc_observers0)
    m_soc_evt_observer                       0x0002b6c4   Data           8  nrf_drv_clock.o(sdh_soc_observers0)
    sdh_stack_observers0                     0x0002b6cc   Section        8  nrf_sdh_ble.o(sdh_stack_observers0)
    __tagsym$$used                           0x0002b6cc   Number         0  nrf_sdh_ble.o(sdh_stack_observers0)
    m_nrf_sdh_ble_evts_poll                  0x0002b6cc   Data           8  nrf_sdh_ble.o(sdh_stack_observers0)
    sdh_stack_observers0                     0x0002b6d4   Section        8  nrf_sdh_soc.o(sdh_stack_observers0)
    __tagsym$$used                           0x0002b6d4   Number         0  nrf_sdh_soc.o(sdh_stack_observers0)
    m_nrf_sdh_soc_evts_poll                  0x0002b6d4   Data           8  nrf_sdh_soc.o(sdh_stack_observers0)
    sdh_state_observers0                     0x0002b6dc   Section        8  nrf_drv_clock.o(sdh_state_observers0)
    __tagsym$$used                           0x0002b6dc   Number         0  nrf_drv_clock.o(sdh_state_observers0)
    m_sd_state_observer                      0x0002b6dc   Data           8  nrf_drv_clock.o(sdh_state_observers0)
    .data                                    0x200022f0   Section        4  system_nrf52.o(.data)
    __tagsym$$used                           0x200022f0   Number         0  system_nrf52.o(.data)
    .data                                    0x200022f4   Section       28  main.o(.data)
    m_adv_handle                             0x200022f4   Data           1  main.o(.data)
    m_conn_handle                            0x200022fc   Data           2  main.o(.data)
    m_adv_data                               0x20002300   Data          16  main.o(.data)
    .data                                    0x20002310   Section        8  ble_conn_params.o(.data)
    m_preferred_conn_params                  0x20002310   Data           8  ble_conn_params.o(.data)
    .data                                    0x20002318   Section       12  nrf_drv_uart.o(.data)
    m_handlers                               0x2000231c   Data           4  nrf_drv_uart.o(.data)
    m_contexts                               0x20002320   Data           4  nrf_drv_uart.o(.data)
    .data                                    0x20002324   Section        8  nrfx_clock.o(.data)
    m_clock_cb                               0x20002324   Data           8  nrfx_clock.o(.data)
    .data                                    0x2000232c   Section        8  nrfx_prs.o(.data)
    m_prs_box_4                              0x2000232c   Data           8  nrfx_prs.o(.data)
    .data                                    0x20002338   Section       32  app_timer2.o(.data)
    m_global_active                          0x20002338   Data           1  app_timer2.o(.data)
    mp_active_timer                          0x2000233c   Data           4  app_timer2.o(.data)
    m_rtc_inst                               0x20002340   Data           8  app_timer2.o(.data)
    m_base_counter                           0x20002348   Data           8  app_timer2.o(.data)
    m_stamp64                                0x20002350   Data           8  app_timer2.o(.data)
    .data                                    0x20002358   Section        4  app_timer2.o(.data)
    m_app_timer_sortlist_sortlist_cb         0x20002358   Data           4  app_timer2.o(.data)
    .data                                    0x2000235c   Section       12  drv_rtc.o(.data)
    m_handlers                               0x2000235c   Data           4  drv_rtc.o(.data)
    m_cb                                     0x20002360   Data           8  drv_rtc.o(.data)
    .data                                    0x20002368   Section        8  nrf_pwr_mgmt.o(.data)
    m_pwr_mgmt_evt                           0x20002368   Data           1  nrf_pwr_mgmt.o(.data)
    m_shutdown_started                       0x20002369   Data           1  nrf_pwr_mgmt.o(.data)
    m_sysoff_mtx                             0x2000236c   Data           4  nrf_pwr_mgmt.o(.data)
    .data                                    0x20002370   Section       24  nrf_log_backend_uart.o(.data)
    m_xfer_done                              0x20002370   Data           1  nrf_log_backend_uart.o(.data)
    m_async_mode                             0x20002371   Data           1  nrf_log_backend_uart.o(.data)
    .data                                    0x20002388   Section        8  nrf_log_default_backends.o(.data)
    log_backend_cb_uart_log_backend          0x20002388   Data           8  nrf_log_default_backends.o(.data)
    .data                                    0x20002390   Section        8  nrf_log_frontend.o(.data)
    log_mempool_nrf_balloc_pool_stack        0x20002390   Data           8  nrf_log_frontend.o(.data)
    .data                                    0x20002398   Section        8  nrf_log_frontend.o(.data)
    log_mempool_nrf_balloc_cb                0x20002398   Data           8  nrf_log_frontend.o(.data)
    .data                                    0x200023a0   Section       64  nrf_log_str_formatter.o(.data)
    m_freq                                   0x200023a0   Data           4  nrf_log_str_formatter.o(.data)
    m_timestamp_div                          0x200023a4   Data           4  nrf_log_str_formatter.o(.data)
    severity_names                           0x200023a8   Data          20  nrf_log_str_formatter.o(.data)
    m_colors                                 0x200023bc   Data          36  nrf_log_str_formatter.o(.data)
    .data                                    0x200023e0   Section        3  nrf_sdh.o(.data)
    m_nrf_sdh_enabled                        0x200023e0   Data           1  nrf_sdh.o(.data)
    m_nrf_sdh_suspended                      0x200023e1   Data           1  nrf_sdh.o(.data)
    m_nrf_sdh_continue                       0x200023e2   Data           1  nrf_sdh.o(.data)
    .data                                    0x200023e3   Section        1  nrf_sdh_ble.o(.data)
    m_stack_is_enabled                       0x200023e3   Data           1  nrf_sdh_ble.o(.data)
    .bss                                     0x200023e4   Section       48  main.o(.bss)
    m_gatt                                   0x200023e4   Data          20  main.o(.bss)
    m_cb                                     0x200023f8   Data          28  main.o(.bss)
    .bss                                     0x20002414   Section       31  main.o(.bss)
    m_enc_advdata                            0x20002414   Data          31  main.o(.bss)
    .bss                                     0x20002433   Section       31  main.o(.bss)
    m_enc_scan_response_data                 0x20002433   Data          31  main.o(.bss)
    .bss                                     0x20002458   Section       80  ble_conn_params.o(.bss)
    m_timer_data                             0x20002458   Data          32  ble_conn_params.o(.bss)
    m_conn_params_instances                  0x20002478   Data          20  ble_conn_params.o(.bss)
    m_conn_params_config                     0x2000248c   Data          28  ble_conn_params.o(.bss)
    .bss                                     0x200024a8   Section      124  ble_conn_state.o(.bss)
    m_bcs                                    0x200024a8   Data         124  ble_conn_state.o(.bss)
    .bss                                     0x20002524   Section       20  nrf_drv_clock.o(.bss)
    m_clock_cb                               0x20002524   Data          20  nrf_drv_clock.o(.bss)
    .bss                                     0x20002538   Section       92  nrfx_gpiote.o(.bss)
    m_cb                                     0x20002538   Data          92  nrfx_gpiote.o(.bss)
    .bss                                     0x20002594   Section       44  nrfx_uart.o(.bss)
    m_cb                                     0x20002594   Data          44  nrfx_uart.o(.bss)
    .bss                                     0x200025c0   Section       36  nrfx_uarte.o(.bss)
    m_cb                                     0x200025c0   Data          36  nrfx_uarte.o(.bss)
    .bss                                     0x200025e4   Section       16  app_timer2.o(.bss)
    m_req_fifo_inst                          0x200025e4   Data          16  app_timer2.o(.bss)
    .bss                                     0x200025f4   Section       88  app_timer2.o(.bss)
    m_req_fifo_data                          0x200025f4   Data          88  app_timer2.o(.bss)
    .bss                                     0x2000264c   Section       12  app_util_platform.o(.bss)
    .bss                                     0x20002658   Section       12  nrf_pwr_mgmt.o(.bss)
    m_handlers_iter                          0x20002658   Data          12  nrf_pwr_mgmt.o(.bss)
    .bss                                     0x20002664   Section       64  nrf_log_backend_uart.o(.bss)
    m_string_buff                            0x20002664   Data          64  nrf_log_backend_uart.o(.bss)
    .bss                                     0x200026a4   Section      192  nrf_log_frontend.o(.bss)
    log_mempool_nrf_balloc_pool_mem          0x200026a4   Data         192  nrf_log_frontend.o(.bss)
    .bss                                     0x20002764   Section      128  nrf_log_frontend.o(.bss)
    m_log_push_ringbuf_buf                   0x20002764   Data         128  nrf_log_frontend.o(.bss)
    .bss                                     0x200027e4   Section       24  nrf_log_frontend.o(.bss)
    m_log_push_ringbuf_cb                    0x200027e4   Data          24  nrf_log_frontend.o(.bss)
    .bss                                     0x200027fc   Section     1060  nrf_log_frontend.o(.bss)
    m_log_data                               0x200027fc   Data        1060  nrf_log_frontend.o(.bss)
    STACK                                    0x20002c20   Section     8192  arm_startup_nrf52.o(STACK)

    Global Symbols

    Symbol Name                              Value     Ov Type        Size  Object(Section)

    BuildAttributes$$THM_ISAv4$E$P$D$K$B$S$7EM$VFPi3$EXTD16$VFPS$VFMA$PE$A:L22UL41UL21$X:L11$S22US41US21$IEEE1$IW$USESV6$~STKCKD$USESV7$~SHL$OSPACE$EBA8$MICROLIB$REQ8$EABIv2 0x00000000   Number         0  anon$$obj.o ABSOLUTE
    __ARM_use_no_argv                        0x00000000   Number         0  main.o ABSOLUTE
    __use_no_errno                           0x00000000   Number         0  useno.o ABSOLUTE
    __use_no_exception_handling              0x00000000   Number         0  useno.o ABSOLUTE
    __use_no_fp                              0x00000000   Number         0  useno.o ABSOLUTE
    __use_no_heap                            0x00000000   Number         0  useno.o ABSOLUTE
    __use_no_heap_region                     0x00000000   Number         0  useno.o ABSOLUTE
    __use_no_semihosting                     0x00000000   Number         0  useno.o ABSOLUTE
    __use_no_semihosting_swi                 0x00000000   Number         0  useno.o ABSOLUTE
    __use_no_signal_handling                 0x00000000   Number         0  useno.o ABSOLUTE
    __cpp_initialize__aeabi_                  - Undefined Weak Reference
    __cxa_finalize                            - Undefined Weak Reference
    __decompress                              - Undefined Weak Reference
    _clock_init                               - Undefined Weak Reference
    _microlib_exit                            - Undefined Weak Reference
    log_dynamic_data$$Base                    - Undefined Reference
    pwr_mgmt_data0$$Base                      - Undefined Reference
    pwr_mgmt_data0$$Limit                     - Undefined Reference
    pwr_mgmt_data1$$Base                      - Undefined Reference
    pwr_mgmt_data1$$Limit                     - Undefined Reference
    pwr_mgmt_data2$$Base                      - Undefined Reference
    pwr_mgmt_data2$$Limit                     - Undefined Reference
    sdh_req_observers0$$Base                  - Undefined Reference
    sdh_req_observers0$$Limit                 - Undefined Reference
    sdh_req_observers1$$Base                  - Undefined Reference
    sdh_req_observers1$$Limit                 - Undefined Reference
    sdh_soc_observers1$$Base                  - Undefined Reference
    sdh_soc_observers1$$Limit                 - Undefined Reference
    sdh_stack_observers1$$Base                - Undefined Reference
    sdh_stack_observers1$$Limit               - Undefined Reference
    sdh_state_observers1$$Base                - Undefined Reference
    sdh_state_observers1$$Limit               - Undefined Reference
    __Vectors_Size                           0x00000200   Number         0  arm_startup_nrf52.o ABSOLUTE
    __Vectors                                0x00026000   Data           4  arm_startup_nrf52.o(RESET)
    __Vectors_End                            0x00026200   Data           0  arm_startup_nrf52.o(RESET)
    __main                                   0x00026201   Thumb Code     0  entry.o(.ARM.Collect$$$$00000000)
    _main_stk                                0x00026201   Thumb Code     0  entry2.o(.ARM.Collect$$$$00000001)
    _main_scatterload                        0x00026205   Thumb Code     0  entry5.o(.ARM.Collect$$$$00000004)
    __main_after_scatterload                 0x00026209   Thumb Code     0  entry5.o(.ARM.Collect$$$$00000004)
    _main_clock                              0x00026209   Thumb Code     0  entry7b.o(.ARM.Collect$$$$00000008)
    _main_cpp_init                           0x00026209   Thumb Code     0  entry8b.o(.ARM.Collect$$$$0000000A)
    _main_init                               0x00026209   Thumb Code     0  entry9a.o(.ARM.Collect$$$$0000000B)
    __rt_final_cpp                           0x00026211   Thumb Code     0  entry10a.o(.ARM.Collect$$$$0000000D)
    __rt_final_exit                          0x00026211   Thumb Code     0  entry11a.o(.ARM.Collect$$$$0000000F)
    __asm___12_nrf_atfifo_c_51f461e1__nrf_atfifo_wspace_req 0x00026215   Thumb Code    56  nrf_atfifo.o(.emb_text)
    __asm___12_nrf_atfifo_c_51f461e1__nrf_atfifo_wspace_close 0x0002624d   Thumb Code    18  nrf_atfifo.o(.emb_text)
    __asm___12_nrf_atfifo_c_51f461e1__nrf_atfifo_rspace_req 0x0002625f   Thumb Code    58  nrf_atfifo.o(.emb_text)
    __asm___12_nrf_atfifo_c_51f461e1__nrf_atfifo_rspace_close 0x00026299   Thumb Code    18  nrf_atfifo.o(.emb_text)
    __asm___12_nrf_atfifo_c_51f461e1__nrf_atfifo_space_clear 0x000262ab   Thumb Code    50  nrf_atfifo.o(.emb_text)
    __asm___12_nrf_atomic_c_85ca2469__nrf_atomic_internal_mov 0x000262dd   Thumb Code    24  nrf_atomic.o(.emb_text)
    __asm___12_nrf_atomic_c_85ca2469__nrf_atomic_internal_orr 0x000262f5   Thumb Code    26  nrf_atomic.o(.emb_text)
    __asm___12_nrf_atomic_c_85ca2469__nrf_atomic_internal_and 0x0002630f   Thumb Code    26  nrf_atomic.o(.emb_text)
    __asm___12_nrf_atomic_c_85ca2469__nrf_atomic_internal_eor 0x00026329   Thumb Code    26  nrf_atomic.o(.emb_text)
    __asm___12_nrf_atomic_c_85ca2469__nrf_atomic_internal_add 0x00026343   Thumb Code    26  nrf_atomic.o(.emb_text)
    __asm___12_nrf_atomic_c_85ca2469__nrf_atomic_internal_sub 0x0002635d   Thumb Code    26  nrf_atomic.o(.emb_text)
    __asm___12_nrf_atomic_c_85ca2469__nrf_atomic_internal_cmp_exch 0x00026377   Thumb Code    42  nrf_atomic.o(.emb_text)
    __asm___12_nrf_atomic_c_85ca2469__nrf_atomic_internal_sub_hs 0x000263a1   Thumb Code    30  nrf_atomic.o(.emb_text)
    Reset_Handler                            0x000263c1   Thumb Code     8  arm_startup_nrf52.o(.text)
    NMI_Handler                              0x000263c9   Thumb Code     2  arm_startup_nrf52.o(.text)
    HardFault_Handler                        0x000263cb   Thumb Code     2  arm_startup_nrf52.o(.text)
    MemoryManagement_Handler                 0x000263cd   Thumb Code     2  arm_startup_nrf52.o(.text)
    BusFault_Handler                         0x000263cf   Thumb Code     2  arm_startup_nrf52.o(.text)
    UsageFault_Handler                       0x000263d1   Thumb Code     2  arm_startup_nrf52.o(.text)
    SVC_Handler                              0x000263d3   Thumb Code     2  arm_startup_nrf52.o(.text)
    DebugMon_Handler                         0x000263d5   Thumb Code     2  arm_startup_nrf52.o(.text)
    PendSV_Handler                           0x000263d7   Thumb Code     2  arm_startup_nrf52.o(.text)
    SysTick_Handler                          0x000263d9   Thumb Code     2  arm_startup_nrf52.o(.text)
    CCM_AAR_IRQHandler                       0x000263db   Thumb Code     0  arm_startup_nrf52.o(.text)
    COMP_LPCOMP_IRQHandler                   0x000263db   Thumb Code     0  arm_startup_nrf52.o(.text)
    ECB_IRQHandler                           0x000263db   Thumb Code     0  arm_startup_nrf52.o(.text)
    FPU_IRQHandler                           0x000263db   Thumb Code     0  arm_startup_nrf52.o(.text)
    I2S_IRQHandler                           0x000263db   Thumb Code     0  arm_startup_nrf52.o(.text)
    MWU_IRQHandler                           0x000263db   Thumb Code     0  arm_startup_nrf52.o(.text)
    NFCT_IRQHandler                          0x000263db   Thumb Code     0  arm_startup_nrf52.o(.text)
    PDM_IRQHandler                           0x000263db   Thumb Code     0  arm_startup_nrf52.o(.text)
    PWM0_IRQHandler                          0x000263db   Thumb Code     0  arm_startup_nrf52.o(.text)
    PWM1_IRQHandler                          0x000263db   Thumb Code     0  arm_startup_nrf52.o(.text)
    PWM2_IRQHandler                          0x000263db   Thumb Code     0  arm_startup_nrf52.o(.text)
    QDEC_IRQHandler                          0x000263db   Thumb Code     0  arm_startup_nrf52.o(.text)
    RADIO_IRQHandler                         0x000263db   Thumb Code     0  arm_startup_nrf52.o(.text)
    RNG_IRQHandler                           0x000263db   Thumb Code     0  arm_startup_nrf52.o(.text)
    RTC0_IRQHandler                          0x000263db   Thumb Code     0  arm_startup_nrf52.o(.text)
    RTC2_IRQHandler                          0x000263db   Thumb Code     0  arm_startup_nrf52.o(.text)
    SAADC_IRQHandler                         0x000263db   Thumb Code     0  arm_startup_nrf52.o(.text)
    SPIM0_SPIS0_TWIM0_TWIS0_SPI0_TWI0_IRQHandler 0x000263db   Thumb Code     0  arm_startup_nrf52.o(.text)
    SPIM1_SPIS1_TWIM1_TWIS1_SPI1_TWI1_IRQHandler 0x000263db   Thumb Code     0  arm_startup_nrf52.o(.text)
    SPIM2_SPIS2_SPI2_IRQHandler              0x000263db   Thumb Code     0  arm_startup_nrf52.o(.text)
    SWI0_EGU0_IRQHandler                     0x000263db   Thumb Code     0  arm_startup_nrf52.o(.text)
    SWI1_EGU1_IRQHandler                     0x000263db   Thumb Code     0  arm_startup_nrf52.o(.text)
    SWI3_EGU3_IRQHandler                     0x000263db   Thumb Code     0  arm_startup_nrf52.o(.text)
    SWI4_EGU4_IRQHandler                     0x000263db   Thumb Code     0  arm_startup_nrf52.o(.text)
    SWI5_EGU5_IRQHandler                     0x000263db   Thumb Code     0  arm_startup_nrf52.o(.text)
    TEMP_IRQHandler                          0x000263db   Thumb Code     0  arm_startup_nrf52.o(.text)
    TIMER0_IRQHandler                        0x000263db   Thumb Code     0  arm_startup_nrf52.o(.text)
    TIMER1_IRQHandler                        0x000263db   Thumb Code     0  arm_startup_nrf52.o(.text)
    TIMER2_IRQHandler                        0x000263db   Thumb Code     0  arm_startup_nrf52.o(.text)
    TIMER3_IRQHandler                        0x000263db   Thumb Code     0  arm_startup_nrf52.o(.text)
    TIMER4_IRQHandler                        0x000263db   Thumb Code     0  arm_startup_nrf52.o(.text)
    WDT_IRQHandler                           0x000263db   Thumb Code     0  arm_startup_nrf52.o(.text)
    __rt_ctype_table                         0x000263e5   Thumb Code     4  ctype_o.o(.text)
    __aeabi_memcpy                           0x000263ed   Thumb Code    36  memcpya.o(.text)
    __aeabi_memcpy4                          0x000263ed   Thumb Code     0  memcpya.o(.text)
    __aeabi_memcpy8                          0x000263ed   Thumb Code     0  memcpya.o(.text)
    __aeabi_memset                           0x00026411   Thumb Code    14  memseta.o(.text)
    __aeabi_memset4                          0x00026411   Thumb Code     0  memseta.o(.text)
    __aeabi_memset8                          0x00026411   Thumb Code     0  memseta.o(.text)
    __aeabi_memclr                           0x0002641f   Thumb Code     4  memseta.o(.text)
    __aeabi_memclr4                          0x0002641f   Thumb Code     0  memseta.o(.text)
    __aeabi_memclr8                          0x0002641f   Thumb Code     0  memseta.o(.text)
    _memset$wrapper                          0x00026423   Thumb Code    18  memseta.o(.text)
    strlen                                   0x00026435   Thumb Code    14  strlen.o(.text)
    __scatterload                            0x00026445   Thumb Code    28  init.o(.text)
    __scatterload_rt2                        0x00026445   Thumb Code     0  init.o(.text)
    GPIOTE_IRQHandler                        0x00026469   Thumb Code   346  nrfx_gpiote.o(i.GPIOTE_IRQHandler)
    POWER_CLOCK_IRQHandler                   0x000265cd   Thumb Code    82  nrfx_clock.o(i.POWER_CLOCK_IRQHandler)
    RTC1_IRQHandler                          0x00026625   Thumb Code    12  drv_rtc.o(i.RTC1_IRQHandler)
    SWI2_EGU2_IRQHandler                     0x00026635   Thumb Code     4  nrf_sdh.o(i.SWI2_EGU2_IRQHandler)
    SystemInit                               0x00026639   Thumb Code   726  system_nrf52.o(i.SystemInit)
    UARTE0_UART0_IRQHandler                  0x00026955   Thumb Code     6  nrfx_prs.o(i.UARTE0_UART0_IRQHandler)
    __scatterload_copy                       0x00026961   Thumb Code    14  handlers.o(i.__scatterload_copy)
    __scatterload_null                       0x0002696f   Thumb Code     2  handlers.o(i.__scatterload_null)
    __scatterload_zeroinit                   0x00026971   Thumb Code    14  handlers.o(i.__scatterload_zeroinit)
    app_error_fault_handler                  0x00026a61   Thumb Code    86  app_error_weak.o(i.app_error_fault_handler)
    app_error_handler_bare                   0x00026ae5   Thumb Code    22  app_error.o(i.app_error_handler_bare)
    app_timer_cnt_get                        0x00026afd   Thumb Code     6  app_timer2.o(i.app_timer_cnt_get)
    app_timer_create                         0x00026b09   Thumb Code    22  app_timer2.o(i.app_timer_create)
    app_timer_init                           0x00026b21   Thumb Code    70  app_timer2.o(i.app_timer_init)
    app_timer_start                          0x00026b7d   Thumb Code    48  app_timer2.o(i.app_timer_start)
    app_timer_stop                           0x00026bad   Thumb Code    12  app_timer2.o(i.app_timer_stop)
    app_util_critical_region_enter           0x00026bb9   Thumb Code    64  app_util_platform.o(i.app_util_critical_region_enter)
    app_util_critical_region_exit            0x00026c01   Thumb Code    46  app_util_platform.o(i.app_util_critical_region_exit)
    ble_advdata_encode                       0x00026d45   Thumb Code   386  ble_advdata.o(i.ble_advdata_encode)
    ble_cb_chuyendong_change                 0x00026ec7   Thumb Code    46  cambien_service.o(i.ble_cb_chuyendong_change)
    ble_cb_init                              0x00026ef5   Thumb Code   252  cambien_service.o(i.ble_cb_init)
    ble_cb_on_ble_evt                        0x00026ff5   Thumb Code     2  cambien_service.o(i.ble_cb_on_ble_evt)
    ble_cb_tu_change                         0x00026ff7   Thumb Code    46  cambien_service.o(i.ble_cb_tu_change)
    ble_conn_params_init                     0x00027025   Thumb Code    90  ble_conn_params.o(i.ble_conn_params_init)
    ble_srv_is_notification_enabled          0x000273cd   Thumb Code     8  ble_srv_common.o(i.ble_srv_is_notification_enabled)
    buffer_is_empty                          0x00027495   Thumb Code    16  nrf_log_frontend.o(i.buffer_is_empty)
    characteristic_add                       0x0002751d   Thumb Code   400  ble_srv_common.o(i.characteristic_add)
    check_error_ble                          0x000276ad   Thumb Code    30  cambien_service.o(i.check_error_ble)
    conn_handle_list_get                     0x00027729   Thumb Code    62  ble_conn_state.o(i.conn_handle_list_get)
    drv_rtc_compare_disable                  0x00027911   Thumb Code    20  drv_rtc.o(i.drv_rtc_compare_disable)
    drv_rtc_compare_pending                  0x00027925   Thumb Code    14  drv_rtc.o(i.drv_rtc_compare_pending)
    drv_rtc_compare_set                      0x00027933   Thumb Code    80  drv_rtc.o(i.drv_rtc_compare_set)
    drv_rtc_counter_get                      0x00027983   Thumb Code     8  drv_rtc.o(i.drv_rtc_counter_get)
    drv_rtc_init                             0x0002798d   Thumb Code   144  drv_rtc.o(i.drv_rtc_init)
    drv_rtc_irq_trigger                      0x00027a61   Thumb Code    26  drv_rtc.o(i.drv_rtc_irq_trigger)
    drv_rtc_overflow_enable                  0x00027a7b   Thumb Code     8  drv_rtc.o(i.drv_rtc_overflow_enable)
    drv_rtc_overflow_pending                 0x00027a83   Thumb Code     8  drv_rtc.o(i.drv_rtc_overflow_pending)
    drv_rtc_start                            0x00027a8b   Thumb Code     8  drv_rtc.o(i.drv_rtc_start)
    drv_rtc_stop                             0x00027a93   Thumb Code     8  drv_rtc.o(i.drv_rtc_stop)
    drv_rtc_windowed_compare_set             0x00027a9b   Thumb Code   222  drv_rtc.o(i.drv_rtc_windowed_compare_set)
    in_out1_handler                          0x00027bdd   Thumb Code    58  main.o(i.in_out1_handler)
    in_out2_handler                          0x00027c2d   Thumb Code    58  main.o(i.in_out2_handler)
    in_tu_handler                            0x00027c7d   Thumb Code    62  main.o(i.in_tu_handler)
    interrupt_init                           0x00027da3   Thumb Code    22  main.o(i.interrupt_init)
    main                                     0x00027f65   Thumb Code   290  main.o(i.main)
    nrf_atfifo_init                          0x0002827b   Thumb Code    38  nrf_atfifo.o(i.nrf_atfifo_init)
    nrf_atfifo_item_alloc                    0x000282a1   Thumb Code    22  nrf_atfifo.o(i.nrf_atfifo_item_alloc)
    nrf_atfifo_item_free                     0x000282b7   Thumb Code    22  nrf_atfifo.o(i.nrf_atfifo_item_free)
    nrf_atfifo_item_get                      0x000282cd   Thumb Code    22  nrf_atfifo.o(i.nrf_atfifo_item_get)
    nrf_atfifo_item_put                      0x000282e3   Thumb Code    22  nrf_atfifo.o(i.nrf_atfifo_item_put)
    nrf_atflags_clear                        0x000282f9   Thumb Code    22  nrf_atflags.o(i.nrf_atflags_clear)
    nrf_atflags_get                          0x0002830f   Thumb Code    22  nrf_atflags.o(i.nrf_atflags_get)
    nrf_atflags_set                          0x00028325   Thumb Code    20  nrf_atflags.o(i.nrf_atflags_set)
    nrf_atomic_flag_clear_fetch              0x00028339   Thumb Code     6  nrf_atomic.o(i.nrf_atomic_flag_clear_fetch)
    nrf_atomic_flag_set                      0x0002833f   Thumb Code     6  nrf_atomic.o(i.nrf_atomic_flag_set)
    nrf_atomic_u32_add                       0x00028345   Thumb Code    12  nrf_atomic.o(i.nrf_atomic_u32_add)
    nrf_atomic_u32_and                       0x00028351   Thumb Code    12  nrf_atomic.o(i.nrf_atomic_u32_and)
    nrf_atomic_u32_fetch_and                 0x0002835d   Thumb Code    10  nrf_atomic.o(i.nrf_atomic_u32_fetch_and)
    nrf_atomic_u32_fetch_store               0x00028367   Thumb Code    10  nrf_atomic.o(i.nrf_atomic_u32_fetch_store)
    nrf_atomic_u32_or                        0x00028371   Thumb Code    12  nrf_atomic.o(i.nrf_atomic_u32_or)
    nrf_atomic_u32_sub                       0x0002837d   Thumb Code    12  nrf_atomic.o(i.nrf_atomic_u32_sub)
    nrf_balloc_alloc                         0x00028389   Thumb Code    68  nrf_balloc.o(i.nrf_balloc_alloc)
    nrf_balloc_free                          0x000283cd   Thumb Code    48  nrf_balloc.o(i.nrf_balloc_free)
    nrf_balloc_init                          0x000283fd   Thumb Code    48  nrf_balloc.o(i.nrf_balloc_init)
    nrf_ble_gatt_init                        0x00028451   Thumb Code    34  nrf_ble_gatt.o(i.nrf_ble_gatt_init)
    nrf_ble_gatt_on_ble_evt                  0x00028475   Thumb Code   270  nrf_ble_gatt.o(i.nrf_ble_gatt_on_ble_evt)
    nrf_drv_clock_init                       0x000285e5   Thumb Code    48  nrf_drv_clock.o(i.nrf_drv_clock_init)
    nrf_drv_clock_lfclk_release              0x0002861d   Thumb Code    42  nrf_drv_clock.o(i.nrf_drv_clock_lfclk_release)
    nrf_drv_uart_init                        0x0002864d   Thumb Code    90  nrf_drv_uart.o(i.nrf_drv_uart_init)
    nrf_fprintf                              0x000286b5   Thumb Code    26  nrf_fprintf.o(i.nrf_fprintf)
    nrf_fprintf_buffer_flush                 0x000286cf   Thumb Code    24  nrf_fprintf.o(i.nrf_fprintf_buffer_flush)
    nrf_fprintf_fmt                          0x000286e7   Thumb Code   474  nrf_fprintf_format.o(i.nrf_fprintf_fmt)
    nrf_log_backend_add                      0x00028a0d   Thumb Code    86  nrf_log_frontend.o(i.nrf_log_backend_add)
    nrf_log_backend_serial_put               0x00028a69   Thumb Code   200  nrf_log_backend_serial.o(i.nrf_log_backend_serial_put)
    nrf_log_backend_uart_init                0x00028b33   Thumb Code     6  nrf_log_backend_uart.o(i.nrf_log_backend_uart_init)
    nrf_log_color_id_get                     0x00028b7d   Thumb Code    42  nrf_log_frontend.o(i.nrf_log_color_id_get)
    nrf_log_default_backends_init            0x00028bad   Thumb Code    24  nrf_log_default_backends.o(i.nrf_log_default_backends_init)
    nrf_log_frontend_dequeue                 0x00028bc9   Thumb Code   528  nrf_log_frontend.o(i.nrf_log_frontend_dequeue)
    nrf_log_frontend_std_0                   0x00028dfd   Thumb Code     8  nrf_log_frontend.o(i.nrf_log_frontend_std_0)
    nrf_log_frontend_std_1                   0x00028e05   Thumb Code    14  nrf_log_frontend.o(i.nrf_log_frontend_std_1)
    nrf_log_frontend_std_2                   0x00028e13   Thumb Code    16  nrf_log_frontend.o(i.nrf_log_frontend_std_2)
    nrf_log_hexdump_entry_process            0x00028e25   Thumb Code   150  nrf_log_str_formatter.o(i.nrf_log_hexdump_entry_process)
    nrf_log_init                             0x00028ed5   Thumb Code    46  nrf_log_frontend.o(i.nrf_log_init)
    nrf_log_module_cnt_get                   0x00028f11   Thumb Code    10  nrf_log_frontend.o(i.nrf_log_module_cnt_get)
    nrf_log_module_name_get                  0x00028f25   Thumb Code    24  nrf_log_frontend.o(i.nrf_log_module_name_get)
    nrf_log_panic                            0x00028f41   Thumb Code    38  nrf_log_frontend.o(i.nrf_log_panic)
    nrf_log_std_entry_process                0x00028f6d   Thumb Code   182  nrf_log_str_formatter.o(i.nrf_log_std_entry_process)
    nrf_memobj_alloc                         0x00029023   Thumb Code    96  nrf_memobj.o(i.nrf_memobj_alloc)
    nrf_memobj_free                          0x00029083   Thumb Code    50  nrf_memobj.o(i.nrf_memobj_free)
    nrf_memobj_get                           0x000290b5   Thumb Code     8  nrf_memobj.o(i.nrf_memobj_get)
    nrf_memobj_pool_init                     0x000290bd   Thumb Code     4  nrf_memobj.o(i.nrf_memobj_pool_init)
    nrf_memobj_put                           0x000290c1   Thumb Code    30  nrf_memobj.o(i.nrf_memobj_put)
    nrf_memobj_read                          0x000290df   Thumb Code    16  nrf_memobj.o(i.nrf_memobj_read)
    nrf_memobj_write                         0x000290ef   Thumb Code    16  nrf_memobj.o(i.nrf_memobj_write)
    nrf_pwr_mgmt_init                        0x00029101   Thumb Code    28  nrf_pwr_mgmt.o(i.nrf_pwr_mgmt_init)
    nrf_pwr_mgmt_run                         0x00029129   Thumb Code    64  nrf_pwr_mgmt.o(i.nrf_pwr_mgmt_run)
    nrf_ringbuf_init                         0x0002916d   Thumb Code    28  nrf_ringbuf.o(i.nrf_ringbuf_init)
    nrf_sdh_ble_app_ram_start_get            0x00029195   Thumb Code    16  nrf_sdh_ble.o(i.nrf_sdh_ble_app_ram_start_get)
    nrf_sdh_ble_default_cfg_set              0x000291a9   Thumb Code   228  nrf_sdh_ble.o(i.nrf_sdh_ble_default_cfg_set)
    nrf_sdh_ble_enable                       0x000292a9   Thumb Code   116  nrf_sdh_ble.o(i.nrf_sdh_ble_enable)
    nrf_sdh_enable_request                   0x00029435   Thumb Code   102  nrf_sdh.o(i.nrf_sdh_enable_request)
    nrf_sdh_evts_poll                        0x000294a9   Thumb Code    32  nrf_sdh.o(i.nrf_sdh_evts_poll)
    nrf_sdh_is_enabled                       0x000294cd   Thumb Code     6  nrf_sdh.o(i.nrf_sdh_is_enabled)
    nrf_section_iter_init                    0x00029515   Thumb Code    10  nrf_section_iter.o(i.nrf_section_iter_init)
    nrf_section_iter_next                    0x00029543   Thumb Code    32  nrf_section_iter.o(i.nrf_section_iter_next)
    nrf_sortlist_add                         0x00029563   Thumb Code    34  nrf_sortlist.o(i.nrf_sortlist_add)
    nrf_sortlist_peek                        0x00029585   Thumb Code     6  nrf_sortlist.o(i.nrf_sortlist_peek)
    nrf_sortlist_pop                         0x0002958b   Thumb Code    14  nrf_sortlist.o(i.nrf_sortlist_pop)
    nrf_sortlist_remove                      0x00029599   Thumb Code    30  nrf_sortlist.o(i.nrf_sortlist_remove)
    nrf_strerror_find                        0x000295b9   Thumb Code    52  nrf_strerror.o(i.nrf_strerror_find)
    nrf_strerror_get                         0x000295f1   Thumb Code    14  nrf_strerror.o(i.nrf_strerror_get)
    nrfx_clock_enable                        0x0002963d   Thumb Code    34  nrfx_clock.o(i.nrfx_clock_enable)
    nrfx_clock_init                          0x00029669   Thumb Code    26  nrfx_clock.o(i.nrfx_clock_init)
    nrfx_clock_lfclk_stop                    0x00029689   Thumb Code    20  nrfx_clock.o(i.nrfx_clock_lfclk_stop)
    nrfx_gpiote_in_event_enable              0x000296b5   Thumb Code   156  nrfx_gpiote.o(i.nrfx_gpiote_in_event_enable)
    nrfx_gpiote_in_init                      0x00029759   Thumb Code   194  nrfx_gpiote.o(i.nrfx_gpiote_in_init)
    nrfx_gpiote_init                         0x00029829   Thumb Code    94  nrfx_gpiote.o(i.nrfx_gpiote_init)
    nrfx_prs_acquire                         0x000298a5   Thumb Code    58  nrfx_prs.o(i.nrfx_prs_acquire)
    nrfx_prs_release                         0x000298df   Thumb Code    18  nrfx_prs.o(i.nrfx_prs_release)
    nrfx_uart_0_irq_handler                  0x000298f1   Thumb Code     8  nrfx_uart.o(i.nrfx_uart_0_irq_handler)
    nrfx_uart_init                           0x00029901   Thumb Code   196  nrfx_uart.o(i.nrfx_uart_init)
    nrfx_uart_tx                             0x000299d1   Thumb Code   162  nrfx_uart.o(i.nrfx_uart_tx)
    nrfx_uart_tx_in_progress                 0x00029a79   Thumb Code    26  nrfx_uart.o(i.nrfx_uart_tx_in_progress)
    nrfx_uart_uninit                         0x00029a99   Thumb Code   170  nrfx_uart.o(i.nrfx_uart_uninit)
    nrfx_uarte_0_irq_handler                 0x00029b4d   Thumb Code     8  nrfx_uarte.o(i.nrfx_uarte_0_irq_handler)
    nrfx_uarte_init                          0x00029b5d   Thumb Code   100  nrfx_uarte.o(i.nrfx_uarte_init)
    nrfx_uarte_tx                            0x00029bc9   Thumb Code   166  nrfx_uarte.o(i.nrfx_uarte_tx)
    nrfx_uarte_tx_in_progress                0x00029c75   Thumb Code    22  nrfx_uarte.o(i.nrfx_uarte_tx_in_progress)
    nrfx_uarte_uninit                        0x00029c91   Thumb Code   214  nrfx_uarte.o(i.nrfx_uarte_uninit)
    out1_interrupt_init                      0x00029ee1   Thumb Code    44  main.o(i.out1_interrupt_init)
    out2_interrupt_init                      0x00029f11   Thumb Code    44  main.o(i.out2_interrupt_init)
    task_chuyendong                          0x0002a4ad   Thumb Code    50  main.o(i.task_chuyendong)
    task_tu                                  0x0002a4e9   Thumb Code    30  main.o(i.task_tu)
    tu_interrupt_init                        0x0002a619   Thumb Code    44  main.o(i.tu_interrupt_init)
    nrf_log_backend_uart_api                 0x0002ad58   Data          12  nrf_log_backend_uart.o(.constdata)
    m_ram_start                              0x0002ae08   Data           4  nrf_sdh_ble.o(.constdata)
    __ctype_table                            0x0002ae34   Data         129  ctype_o.o(.constdata)
    Region$$Table$$Base                      0x0002b5e0   Number         0  anon$$obj.o(Region$$Table)
    Region$$Table$$Limit                     0x0002b600   Number         0  anon$$obj.o(Region$$Table)
    log_const_data$$Base                     0x0002b610   Number         0  nrf_ble_gatt.o(log_const_data)
    m_nrf_log_nrf_ble_gatt_logs_data_const   0x0002b610   Data           8  nrf_ble_gatt.o(log_const_data)
    m_nrf_log_clock_logs_data_const          0x0002b618   Data           8  nrf_drv_clock.o(log_const_data)
    m_nrf_log_CLOCK_logs_data_const          0x0002b620   Data           8  nrfx_clock.o(log_const_data)
    m_nrf_log_GPIOTE_logs_data_const         0x0002b628   Data           8  nrfx_gpiote.o(log_const_data)
    m_nrf_log_PRS_logs_data_const            0x0002b630   Data           8  nrfx_prs.o(log_const_data)
    m_nrf_log_UART_logs_data_const           0x0002b638   Data           8  nrfx_uart.o(log_const_data)
    m_nrf_log_UARTE_logs_data_const          0x0002b640   Data           8  nrfx_uarte.o(log_const_data)
    m_nrf_log_app_button_logs_data_const     0x0002b648   Data           8  app_button.o(log_const_data)
    m_nrf_log_app_timer_logs_data_const      0x0002b650   Data           8  app_timer2.o(log_const_data)
    m_nrf_log_pwr_mgmt_logs_data_const       0x0002b658   Data           8  nrf_pwr_mgmt.o(log_const_data)
    m_nrf_log_sortlist_logs_data_const       0x0002b660   Data           8  nrf_sortlist.o(log_const_data)
    m_nrf_log_app_logs_data_const            0x0002b668   Data           8  nrf_log_frontend.o(log_const_data)
    m_nrf_log_nrf_sdh_logs_data_const        0x0002b670   Data           8  nrf_sdh.o(log_const_data)
    m_nrf_log_nrf_sdh_ble_logs_data_const    0x0002b678   Data           8  nrf_sdh_ble.o(log_const_data)
    m_nrf_log_nrf_sdh_soc_logs_data_const    0x0002b680   Data           8  nrf_sdh_soc.o(log_const_data)
    log_const_data$$Limit                    0x0002b688   Number         0  nrf_sdh_soc.o(log_const_data)
    log_mempool                              0x0002b688   Data          20  nrf_log_frontend.o(nrf_balloc)
    sdh_ble_observers0$$Base                 0x0002b69c   Number         0  ble_conn_state.o(sdh_ble_observers0)
    sdh_ble_observers0$$Limit                0x0002b6a4   Number         0  ble_conn_state.o(sdh_ble_observers0)
    sdh_ble_observers1$$Base                 0x0002b6a4   Number         0  main.o(sdh_ble_observers1)
    sdh_ble_observers1$$Limit                0x0002b6b4   Number         0  ble_conn_params.o(sdh_ble_observers1)
    sdh_ble_observers2$$Base                 0x0002b6b4   Number         0  main.o(sdh_ble_observers2)
    sdh_ble_observers2$$Limit                0x0002b6bc   Number         0  main.o(sdh_ble_observers2)
    sdh_ble_observers3$$Base                 0x0002b6bc   Number         0  main.o(sdh_ble_observers3)
    sdh_ble_observers3$$Limit                0x0002b6c4   Number         0  main.o(sdh_ble_observers3)
    sdh_soc_observers0$$Base                 0x0002b6c4   Number         0  nrf_drv_clock.o(sdh_soc_observers0)
    sdh_soc_observers0$$Limit                0x0002b6cc   Number         0  nrf_drv_clock.o(sdh_soc_observers0)
    sdh_stack_observers0$$Base               0x0002b6cc   Number         0  nrf_sdh_ble.o(sdh_stack_observers0)
    sdh_stack_observers0$$Limit              0x0002b6dc   Number         0  nrf_sdh_soc.o(sdh_stack_observers0)
    sdh_state_observers0$$Base               0x0002b6dc   Number         0  nrf_drv_clock.o(sdh_state_observers0)
    sdh_state_observers0$$Limit              0x0002b6e4   Number         0  nrf_drv_clock.o(sdh_state_observers0)
    Image$$RW_IRAM1$$Base                    0x200022f0   Number         0  anon$$obj.o ABSOLUTE
    SystemCoreClock                          0x200022f0   Data           4  system_nrf52.o(.data)
    TU_FLAG                                  0x200022f5   Data           1  main.o(.data)
    OUT1_FLAG                                0x200022f6   Data           1  main.o(.data)
    OUT2_FLAG                                0x200022f7   Data           1  main.o(.data)
    tu_logic_level                           0x200022f8   Data           1  main.o(.data)
    out1_logic_level                         0x200022f9   Data           1  main.o(.data)
    out2_logic_level                         0x200022fa   Data           1  main.o(.data)
    nrf_drv_uart_use_easy_dma                0x20002318   Data           1  nrf_drv_uart.o(.data)
    m_uart                                   0x20002374   Data          20  nrf_log_backend_uart.o(.data)
    nrf_nvic_state                           0x2000264c   Data          12  app_util_platform.o(.bss)
    __initial_sp                             0x20004c20   Data           0  arm_startup_nrf52.o(STACK)



==============================================================================

Memory Map of the image

  Image Entry point : 0x00026201

  Load Region LR_IROM1 (Base: 0x00026000, Size: 0x000057d8, Max: 0x0005a000, ABSOLUTE)

    Execution Region ER_IROM1 (Exec base: 0x00026000, Load base: 0x00026000, Size: 0x000056e4, Max: 0x0005a000, ABSOLUTE)

    Exec Addr    Load Addr    Size         Type   Attr      Idx    E Section Name        Object

    0x00026000   0x00026000   0x00000200   Data   RO            3    RESET               arm_startup_nrf52.o
    0x00026200   0x00026200   0x00000000   Code   RO         4960  * .ARM.Collect$$$$00000000  mc_w.l(entry.o)
    0x00026200   0x00026200   0x00000004   Code   RO         5012    .ARM.Collect$$$$00000001  mc_w.l(entry2.o)
    0x00026204   0x00026204   0x00000004   Code   RO         5015    .ARM.Collect$$$$00000004  mc_w.l(entry5.o)
    0x00026208   0x00026208   0x00000000   Code   RO         5017    .ARM.Collect$$$$00000008  mc_w.l(entry7b.o)
    0x00026208   0x00026208   0x00000000   Code   RO         5019    .ARM.Collect$$$$0000000A  mc_w.l(entry8b.o)
    0x00026208   0x00026208   0x00000008   Code   RO         5020    .ARM.Collect$$$$0000000B  mc_w.l(entry9a.o)
    0x00026210   0x00026210   0x00000000   Code   RO         5022    .ARM.Collect$$$$0000000D  mc_w.l(entry10a.o)
    0x00026210   0x00026210   0x00000000   Code   RO         5024    .ARM.Collect$$$$0000000F  mc_w.l(entry11a.o)
    0x00026210   0x00026210   0x00000004   Code   RO         5013    .ARM.Collect$$$$00002712  mc_w.l(entry2.o)
    0x00026214   0x00026214   0x000000c8   Code   RO         3251    .emb_text           nrf_atfifo.o
    0x000262dc   0x000262dc   0x000000e2   Code   RO         3387    .emb_text           nrf_atomic.o
    0x000263be   0x000263be   0x00000002   PAD
    0x000263c0   0x000263c0   0x00000024   Code   RO            4    .text               arm_startup_nrf52.o
    0x000263e4   0x000263e4   0x00000008   Code   RO         4970    .text               mc_w.l(ctype_o.o)
    0x000263ec   0x000263ec   0x00000024   Code   RO         4998    .text               mc_w.l(memcpya.o)
    0x00026410   0x00026410   0x00000024   Code   RO         5000    .text               mc_w.l(memseta.o)
    0x00026434   0x00026434   0x0000000e   Code   RO         5002    .text               mc_w.l(strlen.o)
    0x00026442   0x00026442   0x00000002   PAD
    0x00026444   0x00026444   0x00000024   Code   RO         5028    .text               mc_w.l(init.o)
    0x00026468   0x00026468   0x00000164   Code   RO         1870    i.GPIOTE_IRQHandler  nrfx_gpiote.o
    0x000265cc   0x000265cc   0x00000058   Code   RO         1732    i.POWER_CLOCK_IRQHandler  nrfx_clock.o
    0x00026624   0x00026624   0x00000010   Code   RO         3040    i.RTC1_IRQHandler   drv_rtc.o
    0x00026634   0x00026634   0x00000004   Code   RO         4753    i.SWI2_EGU2_IRQHandler  nrf_sdh.o
    0x00026638   0x00026638   0x0000031c   Code   RO           14    i.SystemInit        system_nrf52.o
    0x00026954   0x00026954   0x0000000c   Code   RO         2139    i.UARTE0_UART0_IRQHandler  nrfx_prs.o
    0x00026960   0x00026960   0x0000000e   Code   RO         5032    i.__scatterload_copy  mc_w.l(handlers.o)
    0x0002696e   0x0002696e   0x00000002   Code   RO         5033    i.__scatterload_null  mc_w.l(handlers.o)
    0x00026970   0x00026970   0x0000000e   Code   RO         5034    i.__scatterload_zeroinit  mc_w.l(handlers.o)
    0x0002697e   0x0002697e   0x00000002   PAD
    0x00026980   0x00026980   0x00000024   Code   RO         4754    i.__sd_nvic_app_accessible_irq  nrf_sdh.o
    0x000269a4   0x000269a4   0x000000a4   Code   RO           93    i.advertising_init  main.o
    0x00026a48   0x00026a48   0x00000018   Code   RO           94    i.advertising_start  main.o
    0x00026a60   0x00026a60   0x00000084   Code   RO         2723    i.app_error_fault_handler  app_error_weak.o
    0x00026ae4   0x00026ae4   0x00000016   Code   RO         2663    i.app_error_handler_bare  app_error.o
    0x00026afa   0x00026afa   0x00000002   PAD
    0x00026afc   0x00026afc   0x0000000c   Code   RO         2831    i.app_timer_cnt_get  app_timer2.o
    0x00026b08   0x00026b08   0x00000016   Code   RO         2832    i.app_timer_create  app_timer2.o
    0x00026b1e   0x00026b1e   0x00000002   PAD
    0x00026b20   0x00026b20   0x0000005c   Code   RO         2833    i.app_timer_init    app_timer2.o
    0x00026b7c   0x00026b7c   0x00000030   Code   RO         2836    i.app_timer_start   app_timer2.o
    0x00026bac   0x00026bac   0x0000000c   Code   RO         2837    i.app_timer_stop    app_timer2.o
    0x00026bb8   0x00026bb8   0x00000048   Code   RO         2972    i.app_util_critical_region_enter  app_util_platform.o
    0x00026c00   0x00026c00   0x00000034   Code   RO         2973    i.app_util_critical_region_exit  app_util_platform.o
    0x00026c34   0x00026c34   0x00000088   Code   RO         2193    i.apply_config      nrfx_uart.o
    0x00026cbc   0x00026cbc   0x00000088   Code   RO         2381    i.apply_config      nrfx_uarte.o
    0x00026d44   0x00026d44   0x00000182   Code   RO          667    i.ble_advdata_encode  ble_advdata.o
    0x00026ec6   0x00026ec6   0x0000002e   Code   RO         1284    i.ble_cb_chuyendong_change  cambien_service.o
    0x00026ef4   0x00026ef4   0x00000100   Code   RO         1285    i.ble_cb_init       cambien_service.o
    0x00026ff4   0x00026ff4   0x00000002   Code   RO         1286    i.ble_cb_on_ble_evt  cambien_service.o
    0x00026ff6   0x00026ff6   0x0000002e   Code   RO         1287    i.ble_cb_tu_change  cambien_service.o
    0x00027024   0x00027024   0x00000068   Code   RO          801    i.ble_conn_params_init  ble_conn_params.o
    0x0002708c   0x0002708c   0x00000060   Code   RO          673    i.ble_device_addr_encode  ble_advdata.o
    0x000270ec   0x000270ec   0x000000cc   Code   RO           96    i.ble_evt_handler   main.o
    0x000271b8   0x000271b8   0x000000fc   Code   RO          803    i.ble_evt_handler   ble_conn_params.o
    0x000272b4   0x000272b4   0x00000118   Code   RO          922    i.ble_evt_handler   ble_conn_state.o
    0x000273cc   0x000273cc   0x00000008   Code   RO         1077    i.ble_srv_is_notification_enabled  ble_srv_common.o
    0x000273d4   0x000273d4   0x00000090   Code   RO         4153    i.buf_prealloc      nrf_log_frontend.o
    0x00027464   0x00027464   0x0000002e   Code   RO         3599    i.buffer_add        nrf_fprintf_format.o
    0x00027492   0x00027492   0x00000002   PAD
    0x00027494   0x00027494   0x00000014   Code   RO         4154    i.buffer_is_empty   nrf_log_frontend.o
    0x000274a8   0x000274a8   0x0000001c   Code   RO         1871    i.channel_free      nrfx_gpiote.o
    0x000274c4   0x000274c4   0x00000048   Code   RO         1872    i.channel_port_alloc  nrfx_gpiote.o
    0x0002750c   0x0002750c   0x00000010   Code   RO         1873    i.channel_port_get  nrfx_gpiote.o
    0x0002751c   0x0002751c   0x00000190   Code   RO         1079    i.characteristic_add  ble_srv_common.o
    0x000276ac   0x000276ac   0x0000001e   Code   RO         1288    i.check_error_ble   cambien_service.o
    0x000276ca   0x000276ca   0x00000002   PAD
    0x000276cc   0x000276cc   0x00000028   Code   RO         1383    i.clock_clk_started_notify  nrf_drv_clock.o
    0x000276f4   0x000276f4   0x0000001c   Code   RO         1384    i.clock_irq_handler  nrf_drv_clock.o
    0x00027710   0x00027710   0x00000018   Code   RO         2839    i.compare_func      app_timer2.o
    0x00027728   0x00027728   0x0000003e   Code   RO          923    i.conn_handle_list_get  ble_conn_state.o
    0x00027766   0x00027766   0x00000088   Code   RO          674    i.conn_int_encode   ble_advdata.o
    0x000277ee   0x000277ee   0x00000004   Code   RO           97    i.conn_params_error_handler  main.o
    0x000277f2   0x000277f2   0x00000002   PAD
    0x000277f4   0x000277f4   0x00000048   Code   RO          804    i.conn_params_negotiation  ble_conn_params.o
    0x0002783c   0x0002783c   0x000000c0   Code   RO         1137    i.data_length_update  nrf_ble_gatt.o
    0x000278fc   0x000278fc   0x00000014   Code   RO         4155    i.dropped_sat16_get  nrf_log_frontend.o
    0x00027910   0x00027910   0x00000014   Code   RO         3041    i.drv_rtc_compare_disable  drv_rtc.o
    0x00027924   0x00027924   0x0000000e   Code   RO         3043    i.drv_rtc_compare_pending  drv_rtc.o
    0x00027932   0x00027932   0x00000050   Code   RO         3044    i.drv_rtc_compare_set  drv_rtc.o
    0x00027982   0x00027982   0x00000008   Code   RO         3045    i.drv_rtc_counter_get  drv_rtc.o
    0x0002798a   0x0002798a   0x00000002   PAD
    0x0002798c   0x0002798c   0x000000d4   Code   RO         3046    i.drv_rtc_init      drv_rtc.o
    0x00027a60   0x00027a60   0x0000001a   Code   RO         3047    i.drv_rtc_irq_trigger  drv_rtc.o
    0x00027a7a   0x00027a7a   0x00000008   Code   RO         3049    i.drv_rtc_overflow_enable  drv_rtc.o
    0x00027a82   0x00027a82   0x00000008   Code   RO         3050    i.drv_rtc_overflow_pending  drv_rtc.o
    0x00027a8a   0x00027a8a   0x00000008   Code   RO         3051    i.drv_rtc_start     drv_rtc.o
    0x00027a92   0x00027a92   0x00000008   Code   RO         3052    i.drv_rtc_stop      drv_rtc.o
    0x00027a9a   0x00027a9a   0x000000de   Code   RO         3057    i.drv_rtc_windowed_compare_set  drv_rtc.o
    0x00027b78   0x00027b78   0x00000012   Code   RO         3058    i.evt_enable        drv_rtc.o
    0x00027b8a   0x00027b8a   0x00000014   Code   RO         3059    i.evt_pending       drv_rtc.o
    0x00027b9e   0x00027b9e   0x0000000a   Code   RO          924    i.flag_toggle       ble_conn_state.o
    0x00027ba8   0x00027ba8   0x00000034   Code   RO         2840    i.get_now           app_timer2.o
    0x00027bdc   0x00027bdc   0x00000050   Code   RO           98    i.in_out1_handler   main.o
    0x00027c2c   0x00027c2c   0x00000050   Code   RO           99    i.in_out2_handler   main.o
    0x00027c7c   0x00027c7c   0x0000006c   Code   RO          100    i.in_tu_handler     main.o
    0x00027ce8   0x00027ce8   0x00000014   Code   RO          805    i.instance_get      ble_conn_params.o
    0x00027cfc   0x00027cfc   0x000000a6   Code   RO         3600    i.int_print         nrf_fprintf_format.o
    0x00027da2   0x00027da2   0x00000016   Code   RO          101    i.interrupt_init    main.o
    0x00027db8   0x00027db8   0x00000084   Code   RO         2382    i.interrupts_enable  nrfx_uarte.o
    0x00027e3c   0x00027e3c   0x00000034   Code   RO         4156    i.invalid_packets_omit  nrf_log_frontend.o
    0x00027e70   0x00027e70   0x00000044   Code   RO          806    i.is_conn_params_ok  ble_conn_params.o
    0x00027eb4   0x00027eb4   0x00000014   Code   RO         1138    i.link_init         nrf_ble_gatt.o
    0x00027ec8   0x00027ec8   0x0000009c   Code   RO         4157    i.log_skip          nrf_log_frontend.o
    0x00027f64   0x00027f64   0x0000015c   Code   RO          102    i.main              main.o
    0x000280c0   0x000280c0   0x00000064   Code   RO          675    i.manuf_specific_data_encode  ble_advdata.o
    0x00028124   0x00028124   0x0000007e   Code   RO         3639    i.memobj_op         nrf_memobj.o
    0x000281a2   0x000281a2   0x00000002   PAD
    0x000281a4   0x000281a4   0x00000030   Code   RO         4158    i.module_idx_get    nrf_log_frontend.o
    0x000281d4   0x000281d4   0x000000a6   Code   RO          676    i.name_encode       ble_advdata.o
    0x0002827a   0x0002827a   0x00000026   Code   RO         3255    i.nrf_atfifo_init   nrf_atfifo.o
    0x000282a0   0x000282a0   0x00000016   Code   RO         3256    i.nrf_atfifo_item_alloc  nrf_atfifo.o
    0x000282b6   0x000282b6   0x00000016   Code   RO         3257    i.nrf_atfifo_item_free  nrf_atfifo.o
    0x000282cc   0x000282cc   0x00000016   Code   RO         3258    i.nrf_atfifo_item_get  nrf_atfifo.o
    0x000282e2   0x000282e2   0x00000016   Code   RO         3259    i.nrf_atfifo_item_put  nrf_atfifo.o
    0x000282f8   0x000282f8   0x00000016   Code   RO         3321    i.nrf_atflags_clear  nrf_atflags.o
    0x0002830e   0x0002830e   0x00000016   Code   RO         3326    i.nrf_atflags_get   nrf_atflags.o
    0x00028324   0x00028324   0x00000014   Code   RO         3328    i.nrf_atflags_set   nrf_atflags.o
    0x00028338   0x00028338   0x00000006   Code   RO         3389    i.nrf_atomic_flag_clear_fetch  nrf_atomic.o
    0x0002833e   0x0002833e   0x00000006   Code   RO         3390    i.nrf_atomic_flag_set  nrf_atomic.o
    0x00028344   0x00028344   0x0000000c   Code   RO         3392    i.nrf_atomic_u32_add  nrf_atomic.o
    0x00028350   0x00028350   0x0000000c   Code   RO         3393    i.nrf_atomic_u32_and  nrf_atomic.o
    0x0002835c   0x0002835c   0x0000000a   Code   RO         3396    i.nrf_atomic_u32_fetch_and  nrf_atomic.o
    0x00028366   0x00028366   0x0000000a   Code   RO         3398    i.nrf_atomic_u32_fetch_store  nrf_atomic.o
    0x00028370   0x00028370   0x0000000c   Code   RO         3402    i.nrf_atomic_u32_or  nrf_atomic.o
    0x0002837c   0x0002837c   0x0000000c   Code   RO         3404    i.nrf_atomic_u32_sub  nrf_atomic.o
    0x00028388   0x00028388   0x00000044   Code   RO         3523    i.nrf_balloc_alloc  nrf_balloc.o
    0x000283cc   0x000283cc   0x00000030   Code   RO         3524    i.nrf_balloc_free   nrf_balloc.o
    0x000283fc   0x000283fc   0x00000030   Code   RO         3525    i.nrf_balloc_init   nrf_balloc.o
    0x0002842c   0x0002842c   0x00000010   Code   RO         1874    i.nrf_bitmask_bit_is_set  nrfx_gpiote.o
    0x0002843c   0x0002843c   0x00000014   Code   RO         1875    i.nrf_bitmask_bit_set  nrfx_gpiote.o
    0x00028450   0x00028450   0x00000022   Code   RO         1144    i.nrf_ble_gatt_init  nrf_ble_gatt.o
    0x00028472   0x00028472   0x00000002   PAD
    0x00028474   0x00028474   0x00000150   Code   RO         1145    i.nrf_ble_gatt_on_ble_evt  nrf_ble_gatt.o
    0x000285c4   0x000285c4   0x0000000e   Code   RO         1733    i.nrf_clock_event_check  nrfx_clock.o
    0x000285d2   0x000285d2   0x00000010   Code   RO         1734    i.nrf_clock_event_clear  nrfx_clock.o
    0x000285e2   0x000285e2   0x00000002   PAD
    0x000285e4   0x000285e4   0x00000038   Code   RO         1391    i.nrf_drv_clock_init  nrf_drv_clock.o
    0x0002861c   0x0002861c   0x00000030   Code   RO         1395    i.nrf_drv_clock_lfclk_release  nrf_drv_clock.o
    0x0002864c   0x0002864c   0x00000068   Code   RO         1541    i.nrf_drv_uart_init  nrf_drv_uart.o
    0x000286b4   0x000286b4   0x0000001a   Code   RO         3560    i.nrf_fprintf       nrf_fprintf.o
    0x000286ce   0x000286ce   0x00000018   Code   RO         3561    i.nrf_fprintf_buffer_flush  nrf_fprintf.o
    0x000286e6   0x000286e6   0x000001da   Code   RO         3601    i.nrf_fprintf_fmt   nrf_fprintf_format.o
    0x000288c0   0x000288c0   0x00000024   Code   RO         1876    i.nrf_gpio_cfg      nrfx_gpiote.o
    0x000288e4   0x000288e4   0x00000024   Code   RO         2194    i.nrf_gpio_cfg      nrfx_uart.o
    0x00028908   0x00028908   0x00000024   Code   RO         2383    i.nrf_gpio_cfg      nrfx_uarte.o
    0x0002892c   0x0002892c   0x00000012   Code   RO         2195    i.nrf_gpio_cfg_default  nrfx_uart.o
    0x0002893e   0x0002893e   0x00000012   Code   RO         2384    i.nrf_gpio_cfg_default  nrfx_uarte.o
    0x00028950   0x00028950   0x00000012   Code   RO         2196    i.nrf_gpio_cfg_input  nrfx_uart.o
    0x00028962   0x00028962   0x00000012   Code   RO         2385    i.nrf_gpio_cfg_input  nrfx_uarte.o
    0x00028974   0x00028974   0x00000014   Code   RO         2197    i.nrf_gpio_cfg_output  nrfx_uart.o
    0x00028988   0x00028988   0x00000014   Code   RO         2386    i.nrf_gpio_cfg_output  nrfx_uarte.o
    0x0002899c   0x0002899c   0x00000022   Code   RO         1878    i.nrf_gpio_cfg_sense_set  nrfx_gpiote.o
    0x000289be   0x000289be   0x00000002   PAD
    0x000289c0   0x000289c0   0x00000028   Code   RO         1879    i.nrf_gpio_ports_read  nrfx_gpiote.o
    0x000289e8   0x000289e8   0x00000014   Code   RO         1880    i.nrf_gpiote_event_clear  nrfx_gpiote.o
    0x000289fc   0x000289fc   0x00000010   Code   RO         1881    i.nrf_gpiote_event_is_set  nrfx_gpiote.o
    0x00028a0c   0x00028a0c   0x0000005c   Code   RO         4159    i.nrf_log_backend_add  nrf_log_frontend.o
    0x00028a68   0x00028a68   0x000000c8   Code   RO         3998    i.nrf_log_backend_serial_put  nrf_log_backend_serial.o
    0x00028b30   0x00028b30   0x00000002   Code   RO         4038    i.nrf_log_backend_uart_flush  nrf_log_backend_uart.o
    0x00028b32   0x00028b32   0x00000006   Code   RO         4039    i.nrf_log_backend_uart_init  nrf_log_backend_uart.o
    0x00028b38   0x00028b38   0x0000002c   Code   RO         4040    i.nrf_log_backend_uart_panic_set  nrf_log_backend_uart.o
    0x00028b64   0x00028b64   0x00000018   Code   RO         4041    i.nrf_log_backend_uart_put  nrf_log_backend_uart.o
    0x00028b7c   0x00028b7c   0x00000030   Code   RO         4161    i.nrf_log_color_id_get  nrf_log_frontend.o
    0x00028bac   0x00028bac   0x0000001c   Code   RO         4117    i.nrf_log_default_backends_init  nrf_log_default_backends.o
    0x00028bc8   0x00028bc8   0x00000234   Code   RO         4162    i.nrf_log_frontend_dequeue  nrf_log_frontend.o
    0x00028dfc   0x00028dfc   0x00000008   Code   RO         4164    i.nrf_log_frontend_std_0  nrf_log_frontend.o
    0x00028e04   0x00028e04   0x0000000e   Code   RO         4165    i.nrf_log_frontend_std_1  nrf_log_frontend.o
    0x00028e12   0x00028e12   0x00000010   Code   RO         4166    i.nrf_log_frontend_std_2  nrf_log_frontend.o
    0x00028e22   0x00028e22   0x00000002   PAD
    0x00028e24   0x00028e24   0x000000b0   Code   RO         4339    i.nrf_log_hexdump_entry_process  nrf_log_str_formatter.o
    0x00028ed4   0x00028ed4   0x0000003c   Code   RO         4171    i.nrf_log_init      nrf_log_frontend.o
    0x00028f10   0x00028f10   0x00000014   Code   RO         4172    i.nrf_log_module_cnt_get  nrf_log_frontend.o
    0x00028f24   0x00028f24   0x0000001c   Code   RO         4175    i.nrf_log_module_name_get  nrf_log_frontend.o
    0x00028f40   0x00028f40   0x0000002c   Code   RO         4176    i.nrf_log_panic     nrf_log_frontend.o
    0x00028f6c   0x00028f6c   0x000000b6   Code   RO         4340    i.nrf_log_std_entry_process  nrf_log_str_formatter.o
    0x00029022   0x00029022   0x00000060   Code   RO         3640    i.nrf_memobj_alloc  nrf_memobj.o
    0x00029082   0x00029082   0x00000032   Code   RO         3641    i.nrf_memobj_free   nrf_memobj.o
    0x000290b4   0x000290b4   0x00000008   Code   RO         3642    i.nrf_memobj_get    nrf_memobj.o
    0x000290bc   0x000290bc   0x00000004   Code   RO         3643    i.nrf_memobj_pool_init  nrf_memobj.o
    0x000290c0   0x000290c0   0x0000001e   Code   RO         3644    i.nrf_memobj_put    nrf_memobj.o
    0x000290de   0x000290de   0x00000010   Code   RO         3645    i.nrf_memobj_read   nrf_memobj.o
    0x000290ee   0x000290ee   0x00000010   Code   RO         3646    i.nrf_memobj_write  nrf_memobj.o
    0x000290fe   0x000290fe   0x00000002   PAD
    0x00029100   0x00029100   0x00000028   Code   RO         3718    i.nrf_pwr_mgmt_init  nrf_pwr_mgmt.o
    0x00029128   0x00029128   0x00000044   Code   RO         3719    i.nrf_pwr_mgmt_run  nrf_pwr_mgmt.o
    0x0002916c   0x0002916c   0x0000001c   Code   RO         3798    i.nrf_ringbuf_init  nrf_ringbuf.o
    0x00029188   0x00029188   0x0000000c   Code   RO         3060    i.nrf_rtc_event_clear  drv_rtc.o
    0x00029194   0x00029194   0x00000014   Code   RO         4874    i.nrf_sdh_ble_app_ram_start_get  nrf_sdh_ble.o
    0x000291a8   0x000291a8   0x00000100   Code   RO         4875    i.nrf_sdh_ble_default_cfg_set  nrf_sdh_ble.o
    0x000292a8   0x000292a8   0x00000130   Code   RO         4876    i.nrf_sdh_ble_enable  nrf_sdh_ble.o
    0x000293d8   0x000293d8   0x0000005c   Code   RO         4877    i.nrf_sdh_ble_evts_poll  nrf_sdh_ble.o
    0x00029434   0x00029434   0x00000074   Code   RO         4756    i.nrf_sdh_enable_request  nrf_sdh.o
    0x000294a8   0x000294a8   0x00000024   Code   RO         4757    i.nrf_sdh_evts_poll  nrf_sdh.o
    0x000294cc   0x000294cc   0x0000000c   Code   RO         4758    i.nrf_sdh_is_enabled  nrf_sdh.o
    0x000294d8   0x000294d8   0x0000003c   Code   RO         4928    i.nrf_sdh_soc_evts_poll  nrf_sdh_soc.o
    0x00029514   0x00029514   0x0000000a   Code   RO         3856    i.nrf_section_iter_init  nrf_section_iter.o
    0x0002951e   0x0002951e   0x00000024   Code   RO         3857    i.nrf_section_iter_item_set  nrf_section_iter.o
    0x00029542   0x00029542   0x00000020   Code   RO         3858    i.nrf_section_iter_next  nrf_section_iter.o
    0x00029562   0x00029562   0x00000022   Code   RO         3891    i.nrf_sortlist_add  nrf_sortlist.o
    0x00029584   0x00029584   0x00000006   Code   RO         3893    i.nrf_sortlist_peek  nrf_sortlist.o
    0x0002958a   0x0002958a   0x0000000e   Code   RO         3894    i.nrf_sortlist_pop  nrf_sortlist.o
    0x00029598   0x00029598   0x0000001e   Code   RO         3895    i.nrf_sortlist_remove  nrf_sortlist.o
    0x000295b6   0x000295b6   0x00000002   PAD
    0x000295b8   0x000295b8   0x00000038   Code   RO         3947    i.nrf_strerror_find  nrf_strerror.o
    0x000295f0   0x000295f0   0x00000014   Code   RO         3948    i.nrf_strerror_get  nrf_strerror.o
    0x00029604   0x00029604   0x0000000a   Code   RO         2198    i.nrf_uart_event_check  nrfx_uart.o
    0x0002960e   0x0002960e   0x0000000c   Code   RO         2199    i.nrf_uart_event_clear  nrfx_uart.o
    0x0002961a   0x0002961a   0x0000000c   Code   RO         2200    i.nrf_uart_int_enable_check  nrfx_uart.o
    0x00029626   0x00029626   0x0000000a   Code   RO         2387    i.nrf_uarte_event_check  nrfx_uarte.o
    0x00029630   0x00029630   0x0000000c   Code   RO         2388    i.nrf_uarte_event_clear  nrfx_uarte.o
    0x0002963c   0x0002963c   0x0000002c   Code   RO         1739    i.nrfx_clock_enable  nrfx_clock.o
    0x00029668   0x00029668   0x00000020   Code   RO         1742    i.nrfx_clock_init   nrfx_clock.o
    0x00029688   0x00029688   0x0000001c   Code   RO         1745    i.nrfx_clock_lfclk_stop  nrfx_clock.o
    0x000296a4   0x000296a4   0x00000010   Code   RO         3061    i.nrfx_coredep_delay_us  drv_rtc.o
    0x000296b4   0x000296b4   0x000000a4   Code   RO         1886    i.nrfx_gpiote_in_event_enable  nrfx_gpiote.o
    0x00029758   0x00029758   0x000000d0   Code   RO         1887    i.nrfx_gpiote_in_init  nrfx_gpiote.o
    0x00029828   0x00029828   0x0000006c   Code   RO         1890    i.nrfx_gpiote_init  nrfx_gpiote.o
    0x00029894   0x00029894   0x00000010   Code   RO         2389    i.nrfx_is_in_ram    nrfx_uarte.o
    0x000298a4   0x000298a4   0x0000003a   Code   RO         2140    i.nrfx_prs_acquire  nrfx_prs.o
    0x000298de   0x000298de   0x00000012   Code   RO         2141    i.nrfx_prs_release  nrfx_prs.o
    0x000298f0   0x000298f0   0x00000010   Code   RO         2201    i.nrfx_uart_0_irq_handler  nrfx_uart.o
    0x00029900   0x00029900   0x000000d0   Code   RO         2203    i.nrfx_uart_init    nrfx_uart.o
    0x000299d0   0x000299d0   0x000000a8   Code   RO         2209    i.nrfx_uart_tx      nrfx_uart.o
    0x00029a78   0x00029a78   0x00000020   Code   RO         2211    i.nrfx_uart_tx_in_progress  nrfx_uart.o
    0x00029a98   0x00029a98   0x000000b4   Code   RO         2212    i.nrfx_uart_uninit  nrfx_uart.o
    0x00029b4c   0x00029b4c   0x00000010   Code   RO         2390    i.nrfx_uarte_0_irq_handler  nrfx_uarte.o
    0x00029b5c   0x00029b5c   0x0000006c   Code   RO         2392    i.nrfx_uarte_init   nrfx_uarte.o
    0x00029bc8   0x00029bc8   0x000000ac   Code   RO         2396    i.nrfx_uarte_tx     nrfx_uarte.o
    0x00029c74   0x00029c74   0x0000001c   Code   RO         2398    i.nrfx_uarte_tx_in_progress  nrfx_uarte.o
    0x00029c90   0x00029c90   0x000000e0   Code   RO         2399    i.nrfx_uarte_uninit  nrfx_uarte.o
    0x00029d70   0x00029d70   0x0000001c   Code   RO          103    i.on_conn_params_evt  main.o
    0x00029d8c   0x00029d8c   0x000000a8   Code   RO         1146    i.on_connected_evt  nrf_ble_gatt.o
    0x00029e34   0x00029e34   0x000000ac   Code   RO         1147    i.on_exchange_mtu_request_evt  nrf_ble_gatt.o
    0x00029ee0   0x00029ee0   0x00000030   Code   RO          104    i.out1_interrupt_init  main.o
    0x00029f10   0x00029f10   0x00000030   Code   RO          105    i.out2_interrupt_init  main.o
    0x00029f40   0x00029f40   0x00000018   Code   RO         1907    i.pin_in_use_by_port  nrfx_gpiote.o
    0x00029f58   0x00029f58   0x00000018   Code   RO         1908    i.pin_in_use_by_te  nrfx_gpiote.o
    0x00029f70   0x00029f70   0x0000003c   Code   RO         4342    i.postfix_process   nrf_log_str_formatter.o
    0x00029fac   0x00029fac   0x00000098   Code   RO         4343    i.prefix_process    nrf_log_str_formatter.o
    0x0002a044   0x0002a044   0x00000018   Code   RO         2142    i.prs_box_get       nrfx_prs.o
    0x0002a05c   0x0002a05c   0x0000005c   Code   RO         2841    i.rtc_irq           app_timer2.o
    0x0002a0b8   0x0002a0b8   0x00000064   Code   RO         2842    i.rtc_schedule      app_timer2.o
    0x0002a11c   0x0002a11c   0x00000074   Code   RO         2843    i.rtc_update        app_timer2.o
    0x0002a190   0x0002a190   0x00000032   Code   RO         2213    i.rx_byte           nrfx_uart.o
    0x0002a1c2   0x0002a1c2   0x00000016   Code   RO         2214    i.rx_done_event     nrfx_uart.o
    0x0002a1d8   0x0002a1d8   0x00000016   Code   RO         2400    i.rx_done_event     nrfx_uarte.o
    0x0002a1ee   0x0002a1ee   0x00000002   PAD
    0x0002a1f0   0x0002a1f0   0x00000050   Code   RO         1398    i.sd_state_evt_handler  nrf_drv_clock.o
    0x0002a240   0x0002a240   0x00000030   Code   RO         4763    i.sdh_request_observer_notify  nrf_sdh.o
    0x0002a270   0x0002a270   0x0000002c   Code   RO         4764    i.sdh_state_observer_notify  nrf_sdh.o
    0x0002a29c   0x0002a29c   0x00000010   Code   RO          807    i.send_error_evt    ble_conn_params.o
    0x0002a2ac   0x0002a2ac   0x00000040   Code   RO         4042    i.serial_tx         nrf_log_backend_uart.o
    0x0002a2ec   0x0002a2ec   0x00000088   Code   RO          677    i.service_data_encode  ble_advdata.o
    0x0002a374   0x0002a374   0x00000030   Code   RO         1081    i.set_security_req  ble_srv_common.o
    0x0002a3a4   0x0002a3a4   0x00000018   Code   RO         1399    i.soc_evt_handler   nrf_drv_clock.o
    0x0002a3bc   0x0002a3bc   0x00000058   Code   RO         4766    i.softdevices_evt_irq_enable  nrf_sdh.o
    0x0002a414   0x0002a414   0x0000000c   Code   RO         2844    i.sortlist_pop      app_timer2.o
    0x0002a420   0x0002a420   0x0000008c   Code   RO         4178    i.std_n             nrf_log_frontend.o
    0x0002a4ac   0x0002a4ac   0x0000003c   Code   RO          106    i.task_chuyendong   main.o
    0x0002a4e8   0x0002a4e8   0x00000028   Code   RO          107    i.task_tu           main.o
    0x0002a510   0x0002a510   0x00000058   Code   RO         2845    i.timer_expire      app_timer2.o
    0x0002a568   0x0002a568   0x00000078   Code   RO         2846    i.timer_req_process  app_timer2.o
    0x0002a5e0   0x0002a5e0   0x00000038   Code   RO         2847    i.timer_req_schedule  app_timer2.o
    0x0002a618   0x0002a618   0x00000030   Code   RO          108    i.tu_interrupt_init  main.o
    0x0002a648   0x0002a648   0x00000020   Code   RO         2216    i.tx_byte           nrfx_uart.o
    0x0002a668   0x0002a668   0x0000001a   Code   RO         2217    i.tx_done_event     nrfx_uart.o
    0x0002a682   0x0002a682   0x0000001a   Code   RO         2401    i.tx_done_event     nrfx_uarte.o
    0x0002a69c   0x0002a69c   0x00000030   Code   RO         1542    i.uart_evt_handler  nrf_drv_uart.o
    0x0002a6cc   0x0002a6cc   0x0000000c   Code   RO         4043    i.uart_evt_handler  nrf_log_backend_uart.o
    0x0002a6d8   0x0002a6d8   0x00000050   Code   RO         4044    i.uart_init         nrf_log_backend_uart.o
    0x0002a728   0x0002a728   0x0000012a   Code   RO         2218    i.uart_irq_handler  nrfx_uart.o
    0x0002a852   0x0002a852   0x00000002   PAD
    0x0002a854   0x0002a854   0x00000030   Code   RO         1543    i.uarte_evt_handler  nrf_drv_uart.o
    0x0002a884   0x0002a884   0x00000112   Code   RO         2402    i.uarte_irq_handler  nrfx_uarte.o
    0x0002a996   0x0002a996   0x0000000a   Code   RO          678    i.uint16_encode     ble_advdata.o
    0x0002a9a0   0x0002a9a0   0x000000b4   Code   RO         3602    i.unsigned_print    nrf_fprintf_format.o
    0x0002aa54   0x0002aa54   0x00000068   Code   RO          808    i.update_timeout_handler  ble_conn_params.o
    0x0002aabc   0x0002aabc   0x00000030   Code   RO          679    i.uuid_list_encode  ble_advdata.o
    0x0002aaec   0x0002aaec   0x0000009e   Code   RO          680    i.uuid_list_sized_encode  ble_advdata.o
    0x0002ab8a   0x0002ab8a   0x00000002   PAD
    0x0002ab8c   0x0002ab8c   0x00000004   Data   RO          112    .constdata          main.o
    0x0002ab90   0x0002ab90   0x00000016   Data   RO         1148    .constdata          nrf_ble_gatt.o
    0x0002aba6   0x0002aba6   0x00000002   PAD
    0x0002aba8   0x0002aba8   0x00000010   Data   RO         1289    .constdata          cambien_service.o
    0x0002abb8   0x0002abb8   0x00000004   Data   RO         1910    .constdata          nrfx_gpiote.o
    0x0002abbc   0x0002abbc   0x00000004   Data   RO         2221    .constdata          nrfx_uart.o
    0x0002abc0   0x0002abc0   0x00000004   Data   RO         2405    .constdata          nrfx_uarte.o
    0x0002abc4   0x0002abc4   0x00000014   Data   RO         2850    .constdata          app_timer2.o
    0x0002abd8   0x0002abd8   0x00000008   PAD
    0x0002abe0   0x0002abe0   0x00000006   Data   RO         3062    .constdata          drv_rtc.o
    0x0002abe6   0x0002abe6   0x00000010   Data   RO         3603    .constdata          nrf_fprintf_format.o
    0x0002abf6   0x0002abf6   0x00000002   PAD
    0x0002abf8   0x0002abf8   0x00000018   Data   RO         3723    .constdata          nrf_pwr_mgmt.o
    0x0002ac10   0x0002ac10   0x0000000c   Data   RO         3724    .constdata          nrf_pwr_mgmt.o
    0x0002ac1c   0x0002ac1c   0x0000013c   Data   RO         3949    .constdata          nrf_strerror.o
    0x0002ad58   0x0002ad58   0x0000000c   Data   RO         4046    .constdata          nrf_log_backend_uart.o
    0x0002ad64   0x0002ad64   0x00000020   Data   RO         4047    .constdata          nrf_log_backend_uart.o
    0x0002ad84   0x0002ad84   0x0000000c   Data   RO         4183    .constdata          nrf_log_frontend.o
    0x0002ad90   0x0002ad90   0x00000010   Data   RO         4767    .constdata          nrf_sdh.o
    0x0002ada0   0x0002ada0   0x00000028   Data   RO         4768    .constdata          nrf_sdh.o
    0x0002adc8   0x0002adc8   0x00000010   Data   RO         4769    .constdata          nrf_sdh.o
    0x0002add8   0x0002add8   0x00000010   Data   RO         4770    .constdata          nrf_sdh.o
    0x0002ade8   0x0002ade8   0x00000020   Data   RO         4878    .constdata          nrf_sdh_ble.o
    0x0002ae08   0x0002ae08   0x00000010   Data   RO         4879    .constdata          nrf_sdh_ble.o
    0x0002ae18   0x0002ae18   0x00000010   Data   RO         4929    .constdata          nrf_sdh_soc.o
    0x0002ae28   0x0002ae28   0x0000000c   Data   RO         4930    .constdata          nrf_sdh_soc.o
    0x0002ae34   0x0002ae34   0x00000081   Data   RO         4971    .constdata          mc_w.l(ctype_o.o)
    0x0002aeb5   0x0002aeb5   0x00000003   PAD
    0x0002aeb8   0x0002aeb8   0x00000004   Data   RO         4972    .constdata          mc_w.l(ctype_o.o)
    0x0002aebc   0x0002aebc   0x000000a2   Data   RO         1149    .conststring        nrf_ble_gatt.o
    0x0002af5e   0x0002af5e   0x00000002   PAD
    0x0002af60   0x0002af60   0x000003eb   Data   RO         3950    .conststring        nrf_strerror.o
    0x0002b34b   0x0002b34b   0x00000001   PAD
    0x0002b34c   0x0002b34c   0x00000066   Data   RO         4344    .conststring        nrf_log_str_formatter.o
    0x0002b3b2   0x0002b3b2   0x00000002   PAD
    0x0002b3b4   0x0002b3b4   0x00000188   Data   RO         4880    .conststring        nrf_sdh_ble.o
    0x0002b53c   0x0002b53c   0x0000000d   Data   RO         1150    .conststrlit        nrf_ble_gatt.o
    0x0002b549   0x0002b549   0x00000003   PAD
    0x0002b54c   0x0002b54c   0x00000006   Data   RO         1405    .conststrlit        nrf_drv_clock.o
    0x0002b552   0x0002b552   0x00000002   PAD
    0x0002b554   0x0002b554   0x00000006   Data   RO         1749    .conststrlit        nrfx_clock.o
    0x0002b55a   0x0002b55a   0x00000002   PAD
    0x0002b55c   0x0002b55c   0x00000007   Data   RO         1914    .conststrlit        nrfx_gpiote.o
    0x0002b563   0x0002b563   0x00000001   PAD
    0x0002b564   0x0002b564   0x00000004   Data   RO         2144    .conststrlit        nrfx_prs.o
    0x0002b568   0x0002b568   0x00000005   Data   RO         2224    .conststrlit        nrfx_uart.o
    0x0002b56d   0x0002b56d   0x00000003   PAD
    0x0002b570   0x0002b570   0x00000006   Data   RO         2408    .conststrlit        nrfx_uarte.o
    0x0002b576   0x0002b576   0x00000002   PAD
    0x0002b578   0x0002b578   0x0000000b   Data   RO         2555    .conststrlit        app_button.o
    0x0002b583   0x0002b583   0x00000001   PAD
    0x0002b584   0x0002b584   0x0000000a   Data   RO         2851    .conststrlit        app_timer2.o
    0x0002b58e   0x0002b58e   0x00000002   PAD
    0x0002b590   0x0002b590   0x00000009   Data   RO         3725    .conststrlit        nrf_pwr_mgmt.o
    0x0002b599   0x0002b599   0x00000003   PAD
    0x0002b59c   0x0002b59c   0x00000009   Data   RO         3896    .conststrlit        nrf_sortlist.o
    0x0002b5a5   0x0002b5a5   0x00000003   PAD
    0x0002b5a8   0x0002b5a8   0x00000011   Data   RO         4118    .conststrlit        nrf_log_default_backends.o
    0x0002b5b9   0x0002b5b9   0x00000003   PAD
    0x0002b5bc   0x0002b5bc   0x00000004   Data   RO         4184    .conststrlit        nrf_log_frontend.o
    0x0002b5c0   0x0002b5c0   0x00000008   Data   RO         4771    .conststrlit        nrf_sdh.o
    0x0002b5c8   0x0002b5c8   0x0000000c   Data   RO         4881    .conststrlit        nrf_sdh_ble.o
    0x0002b5d4   0x0002b5d4   0x0000000c   Data   RO         4931    .conststrlit        nrf_sdh_soc.o
    0x0002b5e0   0x0002b5e0   0x00000020   Data   RO         5030    Region$$Table       anon$$obj.o
    0x0002b600   0x0002b600   0x00000010   Data   RO         4120    log_backends        nrf_log_default_backends.o
    0x0002b610   0x0002b610   0x00000008   Data   RO         1151    log_const_data      nrf_ble_gatt.o
    0x0002b618   0x0002b618   0x00000008   Data   RO         1406    log_const_data      nrf_drv_clock.o
    0x0002b620   0x0002b620   0x00000008   Data   RO         1751    log_const_data      nrfx_clock.o
    0x0002b628   0x0002b628   0x00000008   Data   RO         1915    log_const_data      nrfx_gpiote.o
    0x0002b630   0x0002b630   0x00000008   Data   RO         2146    log_const_data      nrfx_prs.o
    0x0002b638   0x0002b638   0x00000008   Data   RO         2225    log_const_data      nrfx_uart.o
    0x0002b640   0x0002b640   0x00000008   Data   RO         2409    log_const_data      nrfx_uarte.o
    0x0002b648   0x0002b648   0x00000008   Data   RO         2557    log_const_data      app_button.o
    0x0002b650   0x0002b650   0x00000008   Data   RO         2854    log_const_data      app_timer2.o
    0x0002b658   0x0002b658   0x00000008   Data   RO         3727    log_const_data      nrf_pwr_mgmt.o
    0x0002b660   0x0002b660   0x00000008   Data   RO         3897    log_const_data      nrf_sortlist.o
    0x0002b668   0x0002b668   0x00000008   Data   RO         4187    log_const_data      nrf_log_frontend.o
    0x0002b670   0x0002b670   0x00000008   Data   RO         4773    log_const_data      nrf_sdh.o
    0x0002b678   0x0002b678   0x00000008   Data   RO         4883    log_const_data      nrf_sdh_ble.o
    0x0002b680   0x0002b680   0x00000008   Data   RO         4932    log_const_data      nrf_sdh_soc.o
    0x0002b688   0x0002b688   0x00000014   Data   RO         4188    nrf_balloc          nrf_log_frontend.o
    0x0002b69c   0x0002b69c   0x00000008   Data   RO          928    sdh_ble_observers0  ble_conn_state.o
    0x0002b6a4   0x0002b6a4   0x00000008   Data   RO          114    sdh_ble_observers1  main.o
    0x0002b6ac   0x0002b6ac   0x00000008   Data   RO          811    sdh_ble_observers1  ble_conn_params.o
    0x0002b6b4   0x0002b6b4   0x00000008   Data   RO          115    sdh_ble_observers2  main.o
    0x0002b6bc   0x0002b6bc   0x00000008   Data   RO          116    sdh_ble_observers3  main.o
    0x0002b6c4   0x0002b6c4   0x00000008   Data   RO         1407    sdh_soc_observers0  nrf_drv_clock.o
    0x0002b6cc   0x0002b6cc   0x00000008   Data   RO         4884    sdh_stack_observers0  nrf_sdh_ble.o
    0x0002b6d4   0x0002b6d4   0x00000008   Data   RO         4933    sdh_stack_observers0  nrf_sdh_soc.o
    0x0002b6dc   0x0002b6dc   0x00000008   Data   RO         1408    sdh_state_observers0  nrf_drv_clock.o


    Execution Region RW_IRAM1 (Exec base: 0x200022f0, Load base: 0x0002b6e4, Size: 0x00002930, Max: 0x0000dd10, ABSOLUTE)

    Exec Addr    Load Addr    Size         Type   Attr      Idx    E Section Name        Object

    0x200022f0   0x0002b6e4   0x00000004   Data   RW           15    .data               system_nrf52.o
    0x200022f4   0x0002b6e8   0x0000001c   Data   RW          113    .data               main.o
    0x20002310   0x0002b704   0x00000008   Data   RW          810    .data               ble_conn_params.o
    0x20002318   0x0002b70c   0x0000000c   Data   RW         1544    .data               nrf_drv_uart.o
    0x20002324   0x0002b718   0x00000008   Data   RW         1750    .data               nrfx_clock.o
    0x2000232c   0x0002b720   0x00000008   Data   RW         2145    .data               nrfx_prs.o
    0x20002334   0x0002b728   0x00000004   PAD
    0x20002338   0x0002b72c   0x00000020   Data   RW         2852    .data               app_timer2.o
    0x20002358   0x0002b74c   0x00000004   Data   RW         2853    .data               app_timer2.o
    0x2000235c   0x0002b750   0x0000000c   Data   RW         3063    .data               drv_rtc.o
    0x20002368   0x0002b75c   0x00000008   Data   RW         3726    .data               nrf_pwr_mgmt.o
    0x20002370   0x0002b764   0x00000018   Data   RW         4048    .data               nrf_log_backend_uart.o
    0x20002388   0x0002b77c   0x00000008   Data   RW         4119    .data               nrf_log_default_backends.o
    0x20002390   0x0002b784   0x00000008   Data   RW         4185    .data               nrf_log_frontend.o
    0x20002398   0x0002b78c   0x00000008   Data   RW         4186    .data               nrf_log_frontend.o
    0x200023a0   0x0002b794   0x00000040   Data   RW         4345    .data               nrf_log_str_formatter.o
    0x200023e0   0x0002b7d4   0x00000003   Data   RW         4772    .data               nrf_sdh.o
    0x200023e3   0x0002b7d7   0x00000001   Data   RW         4882    .data               nrf_sdh_ble.o
    0x200023e4        -       0x00000030   Zero   RW          109    .bss                main.o
    0x20002414        -       0x0000001f   Zero   RW          110    .bss                main.o
    0x20002433        -       0x0000001f   Zero   RW          111    .bss                main.o
    0x20002452   0x0002b7d8   0x00000006   PAD
    0x20002458        -       0x00000050   Zero   RW          809    .bss                ble_conn_params.o
    0x200024a8        -       0x0000007c   Zero   RW          927    .bss                ble_conn_state.o
    0x20002524        -       0x00000014   Zero   RW         1400    .bss                nrf_drv_clock.o
    0x20002538        -       0x0000005c   Zero   RW         1909    .bss                nrfx_gpiote.o
    0x20002594        -       0x0000002c   Zero   RW         2219    .bss                nrfx_uart.o
    0x200025c0        -       0x00000024   Zero   RW         2403    .bss                nrfx_uarte.o
    0x200025e4        -       0x00000010   Zero   RW         2848    .bss                app_timer2.o
    0x200025f4        -       0x00000058   Zero   RW         2849    .bss                app_timer2.o
    0x2000264c        -       0x0000000c   Zero   RW         2978    .bss                app_util_platform.o
    0x20002658        -       0x0000000c   Zero   RW         3722    .bss                nrf_pwr_mgmt.o
    0x20002664        -       0x00000040   Zero   RW         4045    .bss                nrf_log_backend_uart.o
    0x200026a4        -       0x000000c0   Zero   RW         4179    .bss                nrf_log_frontend.o
    0x20002764        -       0x00000080   Zero   RW         4180    .bss                nrf_log_frontend.o
    0x200027e4        -       0x00000018   Zero   RW         4181    .bss                nrf_log_frontend.o
    0x200027fc        -       0x00000424   Zero   RW         4182    .bss                nrf_log_frontend.o
    0x20002c20        -       0x00002000   Zero   RW            1    STACK               arm_startup_nrf52.o


==============================================================================

Image component sizes


      Code (inc. data)   RO Data    RW Data    ZI Data      Debug   Object Name

         0          0         19          0          0      35351   app_button.o
        22          0          0          0          0       2365   app_error.o
       132         46          0          0          0      12119   app_error_weak.o
       846         88         38         36        104      15833   app_timer2.o
       124         14          0          0         12       9458   app_util_platform.o
        36          8        512          0       8192        936   arm_startup_nrf52.o
      1236          0          0          0          0     100863   ble_advdata.o
       636         44          8          8         80      19515   ble_conn_params.o
       352          6          8          0        124       6049   ble_conn_state.o
       456          6          0          0          0       3195   ble_srv_common.o
         0          0          0          0          0       8208   boards.o
       380          4         16          0          0      55482   cambien_service.o
       696         76          6         12          0      45621   drv_rtc.o
      1306        244         28         28        110     153581   main.o
       326          0          0          0          0       5635   nrf_atfifo.o
        64          0          0          0          0       2788   nrf_atflags.o
       306          0          0          0          0       7591   nrf_atomic.o
       164          0          0          0          0       3456   nrf_balloc.o
       922        272        205          0          0      36659   nrf_ble_gatt.o
       276         34         30          0         20      41048   nrf_drv_clock.o
       200         26          0         12          0      17388   nrf_drv_uart.o
        50          0          0          0          0       3353   nrf_fprintf.o
       866          4         16          0          0       6334   nrf_fprintf_format.o
       200          0          0          0          0      11325   nrf_log_backend_serial.o
       232         44         44         24         64      20422   nrf_log_backend_uart.o
        28          4         33          8          0       3213   nrf_log_default_backends.o
      1474        114         44         16       1404      28802   nrf_log_frontend.o
       570        108        102         64          0       5396   nrf_log_str_formatter.o
       346          0          0          0          0       9175   nrf_memobj.o
       108         16         53          8         12      37598   nrf_pwr_mgmt.o
        28          0          0          0          0       2231   nrf_ringbuf.o
       384         46        104          3          0      38787   nrf_sdh.o
       672        230        468          1          0       5605   nrf_sdh_ble.o
        60          4         56          0          0       2336   nrf_sdh_soc.o
        78          0          0          0          0       2608   nrf_section_iter.o
        84          0         17          0          0       3849   nrf_sortlist.o
        76         10       1319          0          0       2567   nrf_strerror.o
       222         30         14          8          0      43010   nrfx_clock.o
      1182         86         19          0         92      57141   nrfx_gpiote.o
       112         16         12          8          0       4224   nrfx_prs.o
      1294         42         17          0         44      29189   nrfx_uart.o
      1268         42         18          0         36      24835   nrfx_uarte.o
       796         70          0          4          0      63290   system_nrf52.o

    ----------------------------------------------------------------------
     18644       1734       3280        244      10300     988431   Object Totals
         0          0         32          0          0          0   (incl. Generated)
        34          0         42          4          6          0   (incl. Padding)

    ----------------------------------------------------------------------

      Code (inc. data)   RO Data    RW Data    ZI Data      Debug   Library Member Name

         8          4        133          0          0         68   ctype_o.o
         0          0          0          0          0          0   entry.o
         0          0          0          0          0          0   entry10a.o
         0          0          0          0          0          0   entry11a.o
         8          4          0          0          0          0   entry2.o
         4          0          0          0          0          0   entry5.o
         0          0          0          0          0          0   entry7b.o
         0          0          0          0          0          0   entry8b.o
         8          4          0          0          0          0   entry9a.o
        30          0          0          0          0          0   handlers.o
        36          8          0          0          0         68   init.o
        36          0          0          0          0         68   memcpya.o
        36          0          0          0          0        108   memseta.o
        14          0          0          0          0         68   strlen.o

    ----------------------------------------------------------------------
       184         20        136          0          0        380   Library Totals
         4          0          3          0          0          0   (incl. Padding)

    ----------------------------------------------------------------------

      Code (inc. data)   RO Data    RW Data    ZI Data      Debug   Library Name

       180         20        133          0          0        380   mc_w.l

    ----------------------------------------------------------------------
       184         20        136          0          0        380   Library Totals

    ----------------------------------------------------------------------

==============================================================================


      Code (inc. data)   RO Data    RW Data    ZI Data      Debug   

     18828       1754       3416        244      10300     965263   Grand Totals
     18828       1754       3416        244      10300     965263   ELF Image Totals
     18828       1754       3416        244          0          0   ROM Totals

==============================================================================

    Total RO  Size (Code + RO Data)                22244 (  21.72kB)
    Total RW  Size (RW Data + ZI Data)             10544 (  10.30kB)
    Total ROM Size (Code + RO Data + RW Data)      22488 (  21.96kB)

==============================================================================

